[2026-08-05 02:52:34,772] [INFO] Training log file: D:\dialect-norm\logs\train_indicbart_d2.log
[2026-08-05 02:52:34,772] [INFO] ======================================================================
[2026-08-05 02:52:34,772] [INFO] INDICBART FINE-TUNING (OPTION B: 85/15 STRATIFIED SPLIT + 5-FOLD CV)
[2026-08-05 02:52:34,772] [INFO] ======================================================================
[2026-08-05 02:52:34,772] [INFO] Target Model            : ai4bharat/IndicBART
[2026-08-05 02:52:34,773] [INFO] Output Directory        : D:\dialect-norm\models\indicbart_d2
[2026-08-05 02:52:34,773] [INFO] Epochs per Fold         : 5
[2026-08-05 02:52:34,773] [INFO] Batch Size              : 16
[2026-08-05 02:52:34,773] [INFO] Gradient Accum Steps    : 2
[2026-08-05 02:52:34,773] [INFO] Effective Batch Size    : 32
[2026-08-05 02:52:34,773] [INFO] Learning Rate           : 5e-05
[2026-08-05 02:52:34,773] [INFO] Weight Decay            : 0.01
[2026-08-05 02:52:34,773] [INFO] Warmup Ratio            : 0.1
[2026-08-05 02:52:34,773] [INFO] Early Stopping Patience : 2
[2026-08-05 02:52:34,773] [INFO] Max Input / Target Len  : 128 / 128
[2026-08-05 02:52:34,773] [INFO] Random Seed             : 42
[2026-08-05 02:52:34,773] [INFO] ======================================================================
[2026-08-05 02:52:34,813] [INFO] Loaded 5,501 parallel samples from 1 CSV file(s).
[2026-08-05 02:52:34,820] [INFO] Total Dataset Size      : 5,501 pairs
[2026-08-05 02:52:34,820] [INFO] 85% Training Pool       : 4,675 pairs
[2026-08-05 02:52:34,820] [INFO] 15% Held-Out Test       : 826 pairs
[2026-08-05 02:52:34,822] [INFO]   Train Pool distribution: {'D2': 4675}
[2026-08-05 02:52:34,823] [INFO]   Test Set distribution: {'D2': 826}
[2026-08-05 02:52:34,823] [INFO] Downloading and caching base model 'ai4bharat/IndicBART' to D:\dialect-norm\models\indicbart_d2\base_model...
[2026-08-05 02:52:35,208] [INFO] HTTP Request: HEAD https://huggingface.co/ai4bharat/IndicBART/resolve/main/config.json "HTTP/1.1 307 Temporary Redirect"
[2026-08-05 02:52:35,227] [INFO] HTTP Request: HEAD https://huggingface.co/api/resolve-cache/models/ai4bharat/IndicBART/78466a0c0e29f9229f7005623ecd6bc4243c0ae0/config.json "HTTP/1.1 200 OK"
[2026-08-05 02:52:35,531] [INFO] HTTP Request: HEAD https://huggingface.co/ai4bharat/IndicBART/resolve/main/tokenizer_config.json "HTTP/1.1 307 Temporary Redirect"
[2026-08-05 02:52:35,549] [INFO] HTTP Request: HEAD https://huggingface.co/api/resolve-cache/models/ai4bharat/IndicBART/78466a0c0e29f9229f7005623ecd6bc4243c0ae0/tokenizer_config.json "HTTP/1.1 200 OK"
[2026-08-05 02:52:35,772] [INFO] HTTP Request: HEAD https://huggingface.co/ai4bharat/IndicBART/resolve/main/tokenizer_config.json "HTTP/1.1 307 Temporary Redirect"
[2026-08-05 02:52:35,791] [INFO] HTTP Request: HEAD https://huggingface.co/api/resolve-cache/models/ai4bharat/IndicBART/78466a0c0e29f9229f7005623ecd6bc4243c0ae0/tokenizer_config.json "HTTP/1.1 200 OK"
[2026-08-05 02:52:36,013] [INFO] HTTP Request: GET https://huggingface.co/api/models/ai4bharat/IndicBART/tree/main/additional_chat_templates?recursive=false&expand=false "HTTP/1.1 404 Not Found"
[2026-08-05 02:52:36,239] [INFO] HTTP Request: GET https://huggingface.co/api/models/ai4bharat/IndicBART/tree/main?recursive=true&expand=false "HTTP/1.1 200 OK"
[2026-08-05 02:52:36,756] [INFO] HTTP Request: HEAD https://huggingface.co/ai4bharat/IndicBART/resolve/main/config.json "HTTP/1.1 307 Temporary Redirect"
[2026-08-05 02:52:36,775] [INFO] HTTP Request: HEAD https://huggingface.co/api/resolve-cache/models/ai4bharat/IndicBART/78466a0c0e29f9229f7005623ecd6bc4243c0ae0/config.json "HTTP/1.1 200 OK"
[2026-08-05 02:52:37,004] [INFO] HTTP Request: HEAD https://huggingface.co/ai4bharat/IndicBART/resolve/main/model.safetensors "HTTP/1.1 404 Not Found"
[2026-08-05 02:52:37,224] [INFO] HTTP Request: GET https://huggingface.co/api/models/ai4bharat/IndicBART "HTTP/1.1 200 OK"
[2026-08-05 02:52:37,471] [INFO] HTTP Request: GET https://huggingface.co/api/models/ai4bharat/IndicBART/commits/main "HTTP/1.1 200 OK"
[2026-08-05 02:52:37,697] [INFO] HTTP Request: GET https://huggingface.co/api/models/ai4bharat/IndicBART/discussions?p=0 "HTTP/1.1 200 OK"
[2026-08-05 02:52:37,933] [INFO] HTTP Request: GET https://huggingface.co/api/models/ai4bharat/IndicBART/commits/refs%2Fpr%2F2 "HTTP/1.1 200 OK"
[2026-08-05 02:52:38,197] [INFO] HTTP Request: HEAD https://huggingface.co/ai4bharat/IndicBART/resolve/refs%2Fpr%2F2/model.safetensors.index.json "HTTP/1.1 404 Not Found"
[2026-08-05 02:52:38,206] [INFO] HTTP Request: HEAD https://huggingface.co/ai4bharat/IndicBART/resolve/main/generation_config.json "HTTP/1.1 404 Not Found"
[2026-08-05 02:52:38,424] [INFO] HTTP Request: HEAD https://huggingface.co/ai4bharat/IndicBART/resolve/refs%2Fpr%2F2/model.safetensors "HTTP/1.1 302 Found"
[2026-08-05 02:52:38,612] [INFO] HTTP Request: HEAD https://huggingface.co/ai4bharat/IndicBART/resolve/main/config.json "HTTP/1.1 307 Temporary Redirect"
[2026-08-05 02:52:38,630] [INFO] HTTP Request: HEAD https://huggingface.co/api/resolve-cache/models/ai4bharat/IndicBART/78466a0c0e29f9229f7005623ecd6bc4243c0ae0/config.json "HTTP/1.1 200 OK"
[2026-08-05 02:52:45,702] [INFO] 
======================================================================
[2026-08-05 02:52:45,702] [INFO] RUNNING CROSS-VALIDATION: FOLD 1/5
[2026-08-05 02:52:45,702] [INFO] ======================================================================
[2026-08-05 02:52:45,703] [INFO] Fold 1 Training Samples   : 3,740
[2026-08-05 02:52:45,703] [INFO] Fold 1 Validation Samples : 935
[2026-08-05 02:58:06,954] [INFO] Generation Length Check: Avg Pred Words = 52.8 | Avg Ref Words = 8.7
[2026-08-05 02:58:06,954] [INFO] [Sample 1] Pred: 'प्रकल्प आधारित उद्योजकता नवीन उद्योजकाला खूप काही शिकवते गुंतवणूक करणे सोपे आहे उद्योजकांना खूप काही शिकवतो. उद्योजकता नवीन गुंतवणूकदाराला खूप काही शिकायला शिकवतेच शिकवते प्रकल्प आधारित उद्योजकांसाठी खूप काही शिकवले जाते का?चे ज्ञान शिकवते उद्योजकांना खूप आवडते.च आहे. उद्योजकांसाठी प्रकल्प आधारित उद्योजकतेचे शिक्षण देणारे आहेत. त्यापेक्षा जास्त काही शिकवते' | Ref: 'प्रकल्प आधारित उद्योजकता नवीन उद्योजकाला खूप काही शिकवते'
[2026-08-05 02:58:06,954] [INFO] [Sample 2] Pred: 'एअरटेल किंवा जिओसाठी मी टॉप ॲप कसे करु शकतो? तुम्हाला काय करायचे आहे? तुमचे टॉप ॲप्स कसे वापरावेत? तुमची टॉप ॲपनी टॉप ॲपल आहे? एअरटेलसाठी मी टॉप-ॲप कसे करू शकतो? त्यापेक्षाही टॉप ॲपला टॉप ॲप्लीकेशन कसे वापरावे?. सपोरटसा टॉप ॲपेसाठी मी टॉप ऍप कसे वापरता येईल?. टॉप' | Ref: 'एअरटेल किंवा जिओसाठी मी टॉप ॲप कसे करू शकतो?'
[2026-08-05 02:58:06,955] [INFO] [Sample 3] Pred: 'जर्दाळु हाई एक फळ शे नहि ते झाड मायी फळ देसाचे आहे. तुम्हाला माहीत आहे की जर्दाळू हाई एक फळशे नहि ते झाड आहे. फळे मायी फळ आहे का? त्यापेक्षा जास्त फळ देसाचा झाड आहे का ?. ज्यांना फळाचे झाड आहे ते झाड मायीचे झाड आहेच आहे. सपोरटसाच फळ आहे. फळे मायेने फळ देस का?' | Ref: 'जर्दाळु एक फळ त्या झाडवर नाही, ते झाड फळ देते'
[2026-08-05 03:03:38,905] [INFO] Generation Length Check: Avg Pred Words = 31.6 | Avg Ref Words = 8.7
[2026-08-05 03:03:38,905] [INFO] [Sample 1] Pred: 'प्रकल्प आधारित उद्योजकता नवीन उद्योजकाला खूप काही शिकवते प्रकल्प आधारित उद्योजकांना खूप काही शिकायला मिळते. प्रकल्प आधारित उद्योजकांसाठी खूप काही शिकवतो. उद्योजकांसाठी नवीन उद्योजकांना खूप खूप काही शिकवले जाते.- प्रकल्प आधारित उद्योजकते. प्रकल्प आधारित उद्योजकासाठी नवीन उद्योजकांना चांगले वाटते' | Ref: 'प्रकल्प आधारित उद्योजकता नवीन उद्योजकाला खूप काही शिकवते'
[2026-08-05 03:03:38,906] [INFO] [Sample 2] Pred: 'एअरटेल किंवा जिओसाठी मी टॉप ॲप कसे करु शकतो? एअरटेल आणि जिओला टॉप ॲपलसाठी मी टॉप ऍप कसे करू शकतो?. एअरटेलसाठी मी टॉप-ॲप कसे वापरू शकतो?.?. तुम्ही टॉप ॲपला टॉप ॲप्ससाठी मी टॉप अॅप कसे वापरू शकतो का?' | Ref: 'एअरटेल किंवा जिओसाठी मी टॉप ॲप कसे करू शकतो?'
[2026-08-05 03:03:38,906] [INFO] [Sample 3] Pred: 'जर्दाळु हाई एक फळ आहे, ते झाड मायी फळ देस फळे आणि फळे मायी फळाचे झाड मायीचे झाड मायेने फळ देस काय ते झाड मायीला फळ देस?.' | Ref: 'जर्दाळु एक फळ त्या झाडवर नाही, ते झाड फळ देते'
[2026-08-05 03:07:33,632] [INFO] Generation Length Check: Avg Pred Words = 10.9 | Avg Ref Words = 8.7
[2026-08-05 03:07:33,633] [INFO] [Sample 1] Pred: 'प्रकल्प आधारित उद्योजकता नवीन उद्योजकाला खूप काही शिकवते' | Ref: 'प्रकल्प आधारित उद्योजकता नवीन उद्योजकाला खूप काही शिकवते'
[2026-08-05 03:07:33,633] [INFO] [Sample 2] Pred: 'एअरटेल किंवा जिओसाठी मी टॉप ॲप कसे करू शकतो?' | Ref: 'एअरटेल किंवा जिओसाठी मी टॉप ॲप कसे करू शकतो?'
[2026-08-05 03:07:33,633] [INFO] [Sample 3] Pred: 'जर्दाळु हाई एक फळ आहे, ते झाड मायी फळ देस.' | Ref: 'जर्दाळु एक फळ त्या झाडवर नाही, ते झाड फळ देते'
[2026-08-05 03:09:48,344] [INFO] Generation Length Check: Avg Pred Words = 8.8 | Avg Ref Words = 8.7
[2026-08-05 03:09:48,344] [INFO] [Sample 1] Pred: 'प्रकल्प आधारित उद्योजकता नवीन उद्योजकाला खूप काही शिकवते' | Ref: 'प्रकल्प आधारित उद्योजकता नवीन उद्योजकाला खूप काही शिकवते'
[2026-08-05 03:09:48,344] [INFO] [Sample 2] Pred: 'एअरटेल किंवा जिओसाठी मी टॉप ॲप कसे करू शकतो?' | Ref: 'एअरटेल किंवा जिओसाठी मी टॉप ॲप कसे करू शकतो?'
[2026-08-05 03:09:48,344] [INFO] [Sample 3] Pred: 'जर्दाळु हाई एक फळ आहे, ते झाड मायी फळ देस' | Ref: 'जर्दाळु एक फळ त्या झाडवर नाही, ते झाड फळ देते'
[2026-08-05 03:12:03,486] [INFO] Generation Length Check: Avg Pred Words = 8.8 | Avg Ref Words = 8.7
[2026-08-05 03:12:03,486] [INFO] [Sample 1] Pred: 'प्रकल्प आधारित उद्योजकता नवीन उद्योजकाला खूप काही शिकवते' | Ref: 'प्रकल्प आधारित उद्योजकता नवीन उद्योजकाला खूप काही शिकवते'
[2026-08-05 03:12:03,486] [INFO] [Sample 2] Pred: 'एअरटेल किंवा जिओसाठी मी टॉप ॲप कसे करू शकतो?' | Ref: 'एअरटेल किंवा जिओसाठी मी टॉप ॲप कसे करू शकतो?'
[2026-08-05 03:12:03,486] [INFO] [Sample 3] Pred: 'जर्दाळु हाई एक फळ आहे, ते झाड मायी फळ देस' | Ref: 'जर्दाळु एक फळ त्या झाडवर नाही, ते झाड फळ देते'
[2026-08-05 03:12:17,174] [INFO] Fold 1 Step-Averaged Training Loss: 3.8541
[2026-08-05 03:12:17,175] [INFO] Evaluating Fold 1 on CV Validation Split (935 samples)...
[2026-08-05 03:13:16,811] [INFO] Generation Length Check: Avg Pred Words = 8.8 | Avg Ref Words = 8.7
[2026-08-05 03:13:16,811] [INFO] [Sample 1] Pred: 'प्रकल्प आधारित उद्योजकता नवीन उद्योजकाला खूप काही शिकवते' | Ref: 'प्रकल्प आधारित उद्योजकता नवीन उद्योजकाला खूप काही शिकवते'
[2026-08-05 03:13:16,811] [INFO] [Sample 2] Pred: 'एअरटेल किंवा जिओसाठी मी टॉप ॲप कसे करू शकतो?' | Ref: 'एअरटेल किंवा जिओसाठी मी टॉप ॲप कसे करू शकतो?'
[2026-08-05 03:13:16,811] [INFO] [Sample 3] Pred: 'जर्दाळु हाई एक फळ आहे, ते झाड मायी फळ देस' | Ref: 'जर्दाळु एक फळ त्या झाडवर नाही, ते झाड फळ देते'
[2026-08-05 03:13:16,812] [INFO] Fold 1 Val Loss: 1.0759  Val BLEU: 61.65  Val chrF: 80.72
[2026-08-05 03:13:16,812] [INFO] Evaluating Fold 1 on Held-Out Test Set (826 samples)...
[2026-08-05 03:14:06,974] [INFO] Generation Length Check: Avg Pred Words = 8.9 | Avg Ref Words = 8.8
[2026-08-05 03:14:06,974] [INFO] [Sample 1] Pred: 'कांदा पिकावर कोणता रोग पडतो? तो कसा ओळखावा?' | Ref: 'कांदा पिकावर कोणता रोग पडतो? तो कसा ओळखावा?'
[2026-08-05 03:14:06,974] [INFO] [Sample 2] Pred: 'अनुवंशिक गुणांमध्ये बदल करता येतील' | Ref: 'अनुवंशिक गुण बदलता येते का?'
[2026-08-05 03:14:06,974] [INFO] [Sample 3] Pred: 'भारतामध्ये चहा आणि टक्केवारी पेक्षा जास्त चहाचा उपभोग भारतामध्ये किती प्रमाणात घेतला जातो?' | Ref: 'भारतामध्ये चहा तरीही, टक्केवारीपेक्षा जास्त चहाचा उपभोग भारतामध्येच घेतला जातो.'
[2026-08-05 03:14:06,975] [INFO] Fold 1 Test Loss: 1.0928  Test BLEU: 60.69  Test chrF: 80.38
[2026-08-05 03:14:09,984] [INFO] Fold 1 complete. GPU memory freed.
[2026-08-05 03:14:09,984] [INFO] 
======================================================================
[2026-08-05 03:14:09,984] [INFO] RUNNING CROSS-VALIDATION: FOLD 2/5
[2026-08-05 03:14:09,984] [INFO] ======================================================================
[2026-08-05 03:14:09,985] [INFO] Fold 2 Training Samples   : 3,740
[2026-08-05 03:14:09,985] [INFO] Fold 2 Validation Samples : 935
[2026-08-05 03:19:33,051] [INFO] Generation Length Check: Avg Pred Words = 50.6 | Avg Ref Words = 8.5
[2026-08-05 03:19:33,052] [INFO] [Sample 1] Pred: 'द्राक्ष तोडण्यासाठी कोणते यंत्र वापरावे? हे यंत्र उपलब्ध आहे का? तुम्हाला कोणते यंत्र उपलब्ध आहेत का? तुम्हाला द्राक्षे तोडण्यासाठी कोणता यंत्र वापरावे ? हे यंत्र उपलब्ध नाही का? द्राक्ष तोडण्यासाठी कोणत्या यंत्राचा वापर करावा? हे यंत्रचा वापर केला जातो का? हे यंत्र आहे का ? द्राक्ष तोडण्यासाठी कोणती यंत्र उपलब्ध आहे? द्राक्ष तोडण्यास कोणते यंत्रे वापरतात? हे यंत्र कसे? द्राक्ष तोडण्याकरीता द्राक्ष तोडण्यासाठी' | Ref: 'द्राक्ष तोडण्यासाठी कोणते यंत्र वापरावे? हे यंत्र उपलब्ध आहे का?'
[2026-08-05 03:19:33,052] [INFO] [Sample 2] Pred: 'सामान्य शेअर मालक ना जोडे कंपनीनी कोणतीच महत्वानी संपत्ती नही रास रास कोणत्या कंपनीची कोणतीच महत्वाची संपत्ती नाही रास रास रास रास आहे.मध्ये कोणतीच महत्वाकांक्षी संपत्ती नाही. संपत्तीचे शेअर्स शेअर मालकाला कोणतीच महत्वाने संपत्ती नही रासे कंपनीला कोणतीच महत्वानिशी संपत्ती नाही का रास रास रास नाही कोणतीच महत्वाना संपत्ती नाही त्यापेक्षा जास्त महत्वाची संपत्ती असते. त्यामुळं सामान्य' | Ref: 'सामान्य शेअर मालकांकडे कंपनीची कोणतीच संपत्ती नाही.'
[2026-08-05 03:19:33,054] [INFO] [Sample 3] Pred: 'तुम्हाला सांगा बरं रबर उत्पादनात भारत कितव्या नंबरवर आहे? तुमचे देश किती नंबरवर आहेत? तुम्हाला सांगा का?. रबर उत्पादनामध्ये भारत कितवे नंबर वर आहे?. त्यापेक्षाही अधिक उत्पादनात भारताचे स्थान आहे?. रबर उत्पादनात भारताने कितव्या क्रमांकावर आहे?. रबर उत्पादनात भारताचा नंबर आहे?चे उत्पादनात भारताचा क्रमांक लागतो का?' | Ref: 'सांगा बरं रबर उत्पादनात भारत कितव्या क्रमांकावर आहे?'
[2026-08-05 03:25:04,694] [INFO] Generation Length Check: Avg Pred Words = 32.3 | Avg Ref Words = 8.5
[2026-08-05 03:25:04,694] [INFO] [Sample 1] Pred: 'द्राक्ष तोडण्यासाठी कोणते यंत्र वापरावे? हे यंत्र उपलब्ध आहे का? द्राक्ष तोडण्यासाठी कोणत्या यंत्राचा वापर केला जातो का? द्राक्षे तोडण्यासाठी कोणता यंत्र उपलब्ध आहे? द्राक्ष तोडण्यासाठी काय करावे?- द्राक्ष तोडण्यासाठी कोणती यंत्र उपलब्ध आहे, हे यंत्र उपलब्ध नाही का?.? द्राक्ष तोडण्यासाठी किती यंत्र उपलब्ध आहेत का?' | Ref: 'द्राक्ष तोडण्यासाठी कोणते यंत्र वापरावे? हे यंत्र उपलब्ध आहे का?'
[2026-08-05 03:25:04,695] [INFO] [Sample 2] Pred: 'सामान्य शेअर मालकांना कोणतीच महत्वानी संपत्ती नाही रास रास? संपत्तीचे मालक कोणता शेअर मालकाला कोणतीच महत्वाची संपत्ती नाही का?.?.' | Ref: 'सामान्य शेअर मालकांकडे कंपनीची कोणतीच संपत्ती नाही.'
[2026-08-05 03:25:04,695] [INFO] [Sample 3] Pred: 'तुम्हाला सांगा बरं रबर उत्पादनात भारत कितव्या नंबरवर आहे? रबर उत्पादनात भारताचा नंबर लागतो का?. रबर उत्पादनामध्ये भारताचा क्रमांक लागतो का भारताचा नंबर लागतो?. रबर उत्पादनात भारतात किती नंबर लागतो? रबर उत्पादनात भारताने कितव्या क्रमांकावर आहे?' | Ref: 'सांगा बरं रबर उत्पादनात भारत कितव्या क्रमांकावर आहे?'
[2026-08-05 03:29:04,609] [INFO] Generation Length Check: Avg Pred Words = 10.8 | Avg Ref Words = 8.5
[2026-08-05 03:29:04,609] [INFO] [Sample 1] Pred: 'द्राक्ष तोडण्यासाठी कोणते यंत्र वापरावे? हे यंत्र उपलब्ध आहे का?' | Ref: 'द्राक्ष तोडण्यासाठी कोणते यंत्र वापरावे? हे यंत्र उपलब्ध आहे का?'
[2026-08-05 03:29:04,610] [INFO] [Sample 2] Pred: 'सामान्य शेअर मालकाला कोणतीच महत्वानी संपत्ती नाही रास' | Ref: 'सामान्य शेअर मालकांकडे कंपनीची कोणतीच संपत्ती नाही.'
[2026-08-05 03:29:04,610] [INFO] [Sample 3] Pred: 'तुम्हाला सांगा बरं रबर उत्पादनात भारत कितव्या नंबरवर आहे?' | Ref: 'सांगा बरं रबर उत्पादनात भारत कितव्या क्रमांकावर आहे?'
[2026-08-05 03:31:17,582] [INFO] Generation Length Check: Avg Pred Words = 8.5 | Avg Ref Words = 8.5
[2026-08-05 03:31:17,583] [INFO] [Sample 1] Pred: 'द्राक्ष तोडण्यासाठी कोणते यंत्र वापरावे? हे यंत्र उपलब्ध आहे का?' | Ref: 'द्राक्ष तोडण्यासाठी कोणते यंत्र वापरावे? हे यंत्र उपलब्ध आहे का?'
[2026-08-05 03:31:17,583] [INFO] [Sample 2] Pred: 'सामान्य शेअर मालकाला कंपनीची कोणतीच महत्वाची संपत्ती नाही रास' | Ref: 'सामान्य शेअर मालकांकडे कंपनीची कोणतीच संपत्ती नाही.'
[2026-08-05 03:31:17,583] [INFO] [Sample 3] Pred: 'तुम्हाला सांगा बरं रबर उत्पादनात भारत कितव्या नंबरवर आहे?' | Ref: 'सांगा बरं रबर उत्पादनात भारत कितव्या क्रमांकावर आहे?'
[2026-08-05 03:33:33,568] [INFO] Generation Length Check: Avg Pred Words = 8.5 | Avg Ref Words = 8.5
[2026-08-05 03:33:33,568] [INFO] [Sample 1] Pred: 'द्राक्ष तोडण्यासाठी कोणते यंत्र वापरावे? हे यंत्र उपलब्ध आहे का?' | Ref: 'द्राक्ष तोडण्यासाठी कोणते यंत्र वापरावे? हे यंत्र उपलब्ध आहे का?'
[2026-08-05 03:33:33,568] [INFO] [Sample 2] Pred: 'सामान्य शेअर मालकाला कंपनीची कोणतीच महत्वाची संपत्ती नाही रास' | Ref: 'सामान्य शेअर मालकांकडे कंपनीची कोणतीच संपत्ती नाही.'
[2026-08-05 03:33:33,568] [INFO] [Sample 3] Pred: 'तुम्हाला सांगा बरं रबर उत्पादनात भारत कितव्या नंबरवर आहे?' | Ref: 'सांगा बरं रबर उत्पादनात भारत कितव्या क्रमांकावर आहे?'
[2026-08-05 03:33:47,379] [INFO] Fold 2 Step-Averaged Training Loss: 3.8372
[2026-08-05 03:33:47,380] [INFO] Evaluating Fold 2 on CV Validation Split (935 samples)...
[2026-08-05 03:34:45,251] [INFO] Generation Length Check: Avg Pred Words = 8.5 | Avg Ref Words = 8.5
[2026-08-05 03:34:45,252] [INFO] [Sample 1] Pred: 'द्राक्ष तोडण्यासाठी कोणते यंत्र वापरावे? हे यंत्र उपलब्ध आहे का?' | Ref: 'द्राक्ष तोडण्यासाठी कोणते यंत्र वापरावे? हे यंत्र उपलब्ध आहे का?'
[2026-08-05 03:34:45,252] [INFO] [Sample 2] Pred: 'सामान्य शेअर मालकाला कंपनीची कोणतीच महत्वाची संपत्ती नाही रास' | Ref: 'सामान्य शेअर मालकांकडे कंपनीची कोणतीच संपत्ती नाही.'
[2026-08-05 03:34:45,252] [INFO] [Sample 3] Pred: 'तुम्हाला सांगा बरं रबर उत्पादनात भारत कितव्या नंबरवर आहे?' | Ref: 'सांगा बरं रबर उत्पादनात भारत कितव्या क्रमांकावर आहे?'
[2026-08-05 03:34:45,253] [INFO] Fold 2 Val Loss: 1.0937  Val BLEU: 61.27  Val chrF: 80.92
[2026-08-05 03:34:45,253] [INFO] Evaluating Fold 2 on Held-Out Test Set (826 samples)...
[2026-08-05 03:35:35,074] [INFO] Generation Length Check: Avg Pred Words = 9.0 | Avg Ref Words = 8.8
[2026-08-05 03:35:35,074] [INFO] [Sample 1] Pred: 'कांदा पिकावर कोणता रोग पडतो? तो कसा ओळखावा?' | Ref: 'कांदा पिकावर कोणता रोग पडतो? तो कसा ओळखावा?'
[2026-08-05 03:35:35,074] [INFO] [Sample 2] Pred: 'अनुवंशिक गुणांमध्ये बदल करता येतात' | Ref: 'अनुवंशिक गुण बदलता येते का?'
[2026-08-05 03:35:35,074] [INFO] [Sample 3] Pred: 'भारतामध्ये चहा आणि टक्केवारी पेक्षा जास्त चहाचा उपभोग भारतामध्ये किती प्रमाणात घेतला जातो?' | Ref: 'भारतामध्ये चहा तरीही, टक्केवारीपेक्षा जास्त चहाचा उपभोग भारतामध्येच घेतला जातो.'
[2026-08-05 03:35:35,075] [INFO] Fold 2 Test Loss: 1.0943  Test BLEU: 60.67  Test chrF: 80.49
[2026-08-05 03:35:38,133] [INFO] Fold 2 complete. GPU memory freed.
[2026-08-05 03:35:38,133] [INFO] 
======================================================================
[2026-08-05 03:35:38,133] [INFO] RUNNING CROSS-VALIDATION: FOLD 3/5
[2026-08-05 03:35:38,133] [INFO] ======================================================================
[2026-08-05 03:35:38,134] [INFO] Fold 3 Training Samples   : 3,740
[2026-08-05 03:35:38,134] [INFO] Fold 3 Validation Samples : 935
[2026-08-05 03:41:02,106] [INFO] Generation Length Check: Avg Pred Words = 49.8 | Avg Ref Words = 8.7
[2026-08-05 03:41:02,106] [INFO] [Sample 1] Pred: 'उन्हाळ्यामध्ये टरबूज पाण्याची गरज भागवते उन्हाळ्यात टरबूज पाणी पिण्याचे पाणी पिण्याची गरज भागवते पाणी पिण्यासाठी पाणी पिण्यासाठी पाण्याची गरज भागवतात बेसिगॆच्या दिवसात टरबूजची गरज भागवते. सपोरटसज पाण्याची गरज भागातून पाणी पिण्यासाठीचे पाणी पिण्यासाठी' | Ref: 'उन्हाळ्यामध्ये टरबूजांना पाण्याची गरज भागते'
[2026-08-05 03:41:02,107] [INFO] [Sample 2] Pred: 'मत्स्यपालन अधिवास प्रणाली, सांडपाणी आणि मासे कचरा निर्माण करता सांडपाणी आणि सांडपाणी कचरा निर्माण करता येते का कचरा निर्माण करता येईल का?. सांडपाणी आणि कचरा निर्माण करता येतो का?. सांडपाणी आणि मासळी कचरा निर्माण करता येत नाही.च कचरा निर्माण करता येऊ शकते सांडपाणी, सांडपाण्याचे कचरा निर्माण करता येतील का?.' | Ref: 'मत्स्यपालन अधिवास प्रणाली, सांडपाणी आणि मासे कचरा निर्माण करते'
[2026-08-05 03:41:02,107] [INFO] [Sample 3] Pred: 'ग्रामीण ईकास मंत्रालय ग्रामीण भारतना सामाजिक आर्थिक ईकासवर काम करसवर काम करत आहे. भारतातील सामाजिक आर्थिक ईकेसवर काम करणाऱ्या व्यक्तींना सामाजिक आर्थिक ईकांवर काम करसमध्ये काम करसचे काम करसवते. ग्रामीण ईकेस मंत्रालय ग्रामीण भारतामध्ये काम करसवलतेचे काम करत आहेच असते. सपोरटस मंत्रालय ग्रामीण भारताचे सामाजिक आर्थिक विकासावर काम करसवेकरांचे काम करसवाल्यांवर काम करसाचे काम करसावर काम करत आहेत.' | Ref: 'ग्रामीण मंत्रालय ग्रामीण भारताच्या सामाजिक आर्थिक क्षेत्रावर काम करते.'
[2026-08-05 03:46:52,814] [INFO] Generation Length Check: Avg Pred Words = 30.2 | Avg Ref Words = 8.7
[2026-08-05 03:46:52,814] [INFO] [Sample 1] Pred: 'उन्हाळ्यामध्ये टरबूज पाण्याची गरज भागवते उन्हाळ्यात टरबूज पाणी पिण्याचे पाणी पिण्यासाठी पाण्याची गरज भागवतो.- उन्हाळ्यात टरबूजे पाण्याची गरज भागवण्यासाठी टरबूज पाण्याने पाणी पिण्याची गरज भागवते.' | Ref: 'उन्हाळ्यामध्ये टरबूजांना पाण्याची गरज भागते'
[2026-08-05 03:46:52,814] [INFO] [Sample 2] Pred: 'मत्स्यपालन अधिवास प्रणाली, सांडपाणी आणि मासे कचरा निर्माण करता सांडपाणी आणि मासळी कचरा निर्माण करता येईल का?. सांडपाणी, सांडपाण्यावर कचरा निर्माण करता येतो. सांडपाणी आणि कचरा निर्माण करता येते.' | Ref: 'मत्स्यपालन अधिवास प्रणाली, सांडपाणी आणि मासे कचरा निर्माण करते'
[2026-08-05 03:46:52,815] [INFO] [Sample 3] Pred: 'ग्रामीण ईकास मंत्रालय ग्रामीण भारतना सामाजिक आर्थिक ईकासवर काम करस आहे. ग्रामीण विकास मंत्रालय ग्रामीण भारताचे सामाजिक आर्थिक आर्थिक विकास मंत्रालय ग्रामीण विकासावर काम करसवर काम करत आहे. ग्रामीण विकास मंत्रालयाचे सामाजिक आर्थिक ईकेस मंत्रालय ग्रामीण भारतामध्ये सामाजिक आर्थिक ईकांवर काम करसते.? ग्रामीण भारतातील सामाजिक आर्थिक विकासावर काम केले जाते.?' | Ref: 'ग्रामीण मंत्रालय ग्रामीण भारताच्या सामाजिक आर्थिक क्षेत्रावर काम करते.'
[2026-08-05 03:50:45,927] [INFO] Generation Length Check: Avg Pred Words = 10.5 | Avg Ref Words = 8.7
[2026-08-05 03:50:45,927] [INFO] [Sample 1] Pred: 'उन्हाळ्यामध्ये टरबूज पाण्याची गरज भागवते' | Ref: 'उन्हाळ्यामध्ये टरबूजांना पाण्याची गरज भागते'
[2026-08-05 03:50:45,927] [INFO] [Sample 2] Pred: 'मत्स्यपालन अधिवास प्रणाली, सांडपाणी आणि मासे कचरा निर्माण करता' | Ref: 'मत्स्यपालन अधिवास प्रणाली, सांडपाणी आणि मासे कचरा निर्माण करते'
[2026-08-05 03:50:45,927] [INFO] [Sample 3] Pred: 'ग्रामीण ईकास मंत्रालय ग्रामीण भारतना सामाजिक आर्थिक ईकासवर काम करत आहे. सामाजिक आर्थिक विकासावर काम केले जाते.' | Ref: 'ग्रामीण मंत्रालय ग्रामीण भारताच्या सामाजिक आर्थिक क्षेत्रावर काम करते.'
[2026-08-05 03:53:02,601] [INFO] Generation Length Check: Avg Pred Words = 8.7 | Avg Ref Words = 8.7
[2026-08-05 03:53:02,601] [INFO] [Sample 1] Pred: 'उन्हाळ्यामध्ये टरबूज पाण्याची गरज भागवते' | Ref: 'उन्हाळ्यामध्ये टरबूजांना पाण्याची गरज भागते'
[2026-08-05 03:53:02,601] [INFO] [Sample 2] Pred: 'मत्स्यपालन अधिवास प्रणाली, सांडपाणी आणि मासे कचरा निर्माण करता' | Ref: 'मत्स्यपालन अधिवास प्रणाली, सांडपाणी आणि मासे कचरा निर्माण करते'
[2026-08-05 03:53:02,602] [INFO] [Sample 3] Pred: 'ग्रामीण ईकास मंत्रालय ग्रामीण भारतना सामाजिक आर्थिक ईकासवर काम करत आहे' | Ref: 'ग्रामीण मंत्रालय ग्रामीण भारताच्या सामाजिक आर्थिक क्षेत्रावर काम करते.'
[2026-08-05 03:55:18,473] [INFO] Generation Length Check: Avg Pred Words = 8.7 | Avg Ref Words = 8.7
[2026-08-05 03:55:18,473] [INFO] [Sample 1] Pred: 'उन्हाळ्यामध्ये टरबूज पाण्याची गरज भागवते' | Ref: 'उन्हाळ्यामध्ये टरबूजांना पाण्याची गरज भागते'
[2026-08-05 03:55:18,473] [INFO] [Sample 2] Pred: 'मत्स्यपालन अधिवास प्रणाली, सांडपाणी आणि मासे कचरा निर्माण करता' | Ref: 'मत्स्यपालन अधिवास प्रणाली, सांडपाणी आणि मासे कचरा निर्माण करते'
[2026-08-05 03:55:18,473] [INFO] [Sample 3] Pred: 'ग्रामीण ईकास मंत्रालय ग्रामीण भारतना सामाजिक आर्थिक ईकासवर काम करते' | Ref: 'ग्रामीण मंत्रालय ग्रामीण भारताच्या सामाजिक आर्थिक क्षेत्रावर काम करते.'
[2026-08-05 03:55:32,261] [INFO] Fold 3 Step-Averaged Training Loss: 3.8138
[2026-08-05 03:55:32,261] [INFO] Evaluating Fold 3 on CV Validation Split (935 samples)...
[2026-08-05 03:56:32,160] [INFO] Generation Length Check: Avg Pred Words = 8.7 | Avg Ref Words = 8.7
[2026-08-05 03:56:32,160] [INFO] [Sample 1] Pred: 'उन्हाळ्यामध्ये टरबूज पाण्याची गरज भागवते' | Ref: 'उन्हाळ्यामध्ये टरबूजांना पाण्याची गरज भागते'
[2026-08-05 03:56:32,160] [INFO] [Sample 2] Pred: 'मत्स्यपालन अधिवास प्रणाली, सांडपाणी आणि मासे कचरा निर्माण करता' | Ref: 'मत्स्यपालन अधिवास प्रणाली, सांडपाणी आणि मासे कचरा निर्माण करते'
[2026-08-05 03:56:32,160] [INFO] [Sample 3] Pred: 'ग्रामीण ईकास मंत्रालय ग्रामीण भारतना सामाजिक आर्थिक ईकासवर काम करते' | Ref: 'ग्रामीण मंत्रालय ग्रामीण भारताच्या सामाजिक आर्थिक क्षेत्रावर काम करते.'
[2026-08-05 03:56:32,161] [INFO] Fold 3 Val Loss: 1.1233  Val BLEU: 58.59  Val chrF: 79.24
[2026-08-05 03:56:32,161] [INFO] Evaluating Fold 3 on Held-Out Test Set (826 samples)...
[2026-08-05 03:57:22,036] [INFO] Generation Length Check: Avg Pred Words = 8.9 | Avg Ref Words = 8.8
[2026-08-05 03:57:22,036] [INFO] [Sample 1] Pred: 'कांदा पिकावर कोणता रोग पडतो? तो कसा ओळखावा?' | Ref: 'कांदा पिकावर कोणता रोग पडतो? तो कसा ओळखावा?'
[2026-08-05 03:57:22,036] [INFO] [Sample 2] Pred: 'अनुवंशिक गुणांमध्ये बदल करता येतील' | Ref: 'अनुवंशिक गुण बदलता येते का?'
[2026-08-05 03:57:22,036] [INFO] [Sample 3] Pred: 'भारतामध्ये चहा आणि टक्केवारी पेक्षा जास्त चहाचा उपभोग भारतामध्ये किती प्रमाणात घेतला जातो?' | Ref: 'भारतामध्ये चहा तरीही, टक्केवारीपेक्षा जास्त चहाचा उपभोग भारतामध्येच घेतला जातो.'
[2026-08-05 03:57:22,037] [INFO] Fold 3 Test Loss: 1.0913  Test BLEU: 60.42  Test chrF: 80.20
[2026-08-05 03:57:25,074] [INFO] Fold 3 complete. GPU memory freed.
[2026-08-05 03:57:25,074] [INFO] 
======================================================================
[2026-08-05 03:57:25,074] [INFO] RUNNING CROSS-VALIDATION: FOLD 4/5
[2026-08-05 03:57:25,074] [INFO] ======================================================================
[2026-08-05 03:57:25,074] [INFO] Fold 4 Training Samples   : 3,740
[2026-08-05 03:57:25,074] [INFO] Fold 4 Validation Samples : 935
[2026-08-05 04:02:46,764] [INFO] Generation Length Check: Avg Pred Words = 50.7 | Avg Ref Words = 8.7
[2026-08-05 04:02:46,764] [INFO] [Sample 1] Pred: 'रेशीमना किडानी शेती हायी नगदनं पीक शे शे शे शे आहे. शेतीमध्ये पीक शेणाचे पीक शेणचे पीक शेणखत शेतीसाठी पीक शेणाचा पीक शेणाच्या किडानी पीक शेणची शेती करतात शेती हायेकडचं पीक शेणाचं पीक शेणच्या किडानी पिकवते. शेतीसाठी पीकशेतीचे पीक शेंगदाणे शेतीसाठी पीकं पीक शेण्याचे पीक शेण-शेतीने पीक' | Ref: 'रेशीमना किडानी शेती आहे, नगदानं पीक आहे.'
[2026-08-05 04:02:46,764] [INFO] [Sample 2] Pred: 'द्राक्ष पिकाच्या फलधारणेसाठी कोणता हंगाम योग्य असतो? कोणत्या हंगामाचा फलधारणा योग्य आहे?. त्यापेक्षा जास्त हंगाम योग्य असते? द्राक्ष पिकाचे फलधारणेचा हंगाम योग्य असतो का?. सपोरटस पिकासाठी कोणते हंगाम योग्य असतात? द्राक्ष पिकांच्या फलधारणाकरिता कोणता हंगाम उपयुक्त असतो? द्राक्ष पिकासाठी कोणता हंगाम उत्तम असतो?.' | Ref: 'द्राक्ष पिकाच्या फलधारणेसाठी कोणता हंगाम योग्य असतो?'
[2026-08-05 04:02:46,765] [INFO] [Sample 3] Pred: 'वाढता पिकसमा खते , किटकनाशके , बुरशीनाशके , तणनाशके, तणनाशकसना वापर करता श्रम आणि भांडवल लागसल्यास भांडवल लागसही लागते. त्यापेक्षा जास्त श्रम आणि भांडवल लागत नाही. कोणत्याच पिकास श्रम आणि भांडवलाचा वापर करता श्रमाची भांडवल लागस भांडवल लागस नाही. शेतीसाठी पिकसमा पिकसमा पिकांना श्रम आणि भांडवल लागतो. भांडवल लागसावर भांडवल लागसतो.' | Ref: 'वाढत्या पिकसमा खते, कीटकनाशके वापरण्यासाठी श्रम आणि भांडवल लागते.'
[2026-08-05 04:08:15,756] [INFO] Generation Length Check: Avg Pred Words = 27.4 | Avg Ref Words = 8.7
[2026-08-05 04:08:15,756] [INFO] [Sample 1] Pred: 'रेशीमना किडानी शेती हायी नगदनं पीक शे शेतीचे पीक चांगले आहे. शेतीसाठी शेतीचे पीक पीक चांगले आहे का?.?' | Ref: 'रेशीमना किडानी शेती आहे, नगदानं पीक आहे.'
[2026-08-05 04:08:15,756] [INFO] [Sample 2] Pred: 'द्राक्ष पिकाच्या फलधारणेसाठी कोणता हंगाम योग्य असतो? द्राक्ष पिकासाठी कोणते हंगाम योग्य असतो का?. द्राक्ष पिकाच्या फळधारणेसाठी कोणत्या हंगाम योग्य असतात?.' | Ref: 'द्राक्ष पिकाच्या फलधारणेसाठी कोणता हंगाम योग्य असतो?'
[2026-08-05 04:08:15,756] [INFO] [Sample 3] Pred: 'वाढता पिकसमा खते, किटकनाशके, बुरशीनाशके, तणनाशके, किटक-नाशके आणि तणनाशके वापर करता श्रम आणि भांडवल लागण्याची गरज आहे. शेतीसाठी श्रम आणि भांडवल लागत नाही. शेतीला श्रम आणि भांडवलाचा वापर करता श्रमाची भांडवल लागण्यासाठी श्रम आणि भांडवल लागते.' | Ref: 'वाढत्या पिकसमा खते, कीटकनाशके वापरण्यासाठी श्रम आणि भांडवल लागते.'
[2026-08-05 04:11:38,506] [INFO] Generation Length Check: Avg Pred Words = 9.9 | Avg Ref Words = 8.7
[2026-08-05 04:11:38,506] [INFO] [Sample 1] Pred: 'रेशीमना किडानी शेती नगदी नगदनं पीक आहे' | Ref: 'रेशीमना किडानी शेती आहे, नगदानं पीक आहे.'
[2026-08-05 04:11:38,506] [INFO] [Sample 2] Pred: 'द्राक्ष पिकाच्या फलधारणेसाठी कोणता हंगाम योग्य असतो?' | Ref: 'द्राक्ष पिकाच्या फलधारणेसाठी कोणता हंगाम योग्य असतो?'
[2026-08-05 04:11:38,506] [INFO] [Sample 3] Pred: 'वाढता पिकसमा खते, किटकनाशके, बुरशीनाशके, तणनाशके वापर करता श्रम आणि भांडवल लागायचे.' | Ref: 'वाढत्या पिकसमा खते, कीटकनाशके वापरण्यासाठी श्रम आणि भांडवल लागते.'
[2026-08-05 04:13:54,971] [INFO] Generation Length Check: Avg Pred Words = 8.8 | Avg Ref Words = 8.7
[2026-08-05 04:13:54,971] [INFO] [Sample 1] Pred: 'रेशीमना किडानी शेती नगदनं पीक आहे' | Ref: 'रेशीमना किडानी शेती आहे, नगदानं पीक आहे.'
[2026-08-05 04:13:54,971] [INFO] [Sample 2] Pred: 'द्राक्ष पिकाच्या फलधारणेसाठी कोणता हंगाम योग्य असतो?' | Ref: 'द्राक्ष पिकाच्या फलधारणेसाठी कोणता हंगाम योग्य असतो?'
[2026-08-05 04:13:54,971] [INFO] [Sample 3] Pred: 'वाढता पिकसमा खते, किटकनाशके, बुरशीनाशके, तणनाशके वापर करता श्रम आणि भांडवल लागायचे.' | Ref: 'वाढत्या पिकसमा खते, कीटकनाशके वापरण्यासाठी श्रम आणि भांडवल लागते.'
[2026-08-05 04:16:09,247] [INFO] Generation Length Check: Avg Pred Words = 8.8 | Avg Ref Words = 8.7
[2026-08-05 04:16:09,247] [INFO] [Sample 1] Pred: 'रेशीमना किडानी शेती नगदनं पीक आहे' | Ref: 'रेशीमना किडानी शेती आहे, नगदानं पीक आहे.'
[2026-08-05 04:16:09,247] [INFO] [Sample 2] Pred: 'द्राक्ष पिकाच्या फलधारणेसाठी कोणता हंगाम योग्य असतो?' | Ref: 'द्राक्ष पिकाच्या फलधारणेसाठी कोणता हंगाम योग्य असतो?'
[2026-08-05 04:16:09,247] [INFO] [Sample 3] Pred: 'वाढता पिकसमा खते, किटकनाशके, बुरशीनाशके, तणनाशके वापर करता श्रम आणि भांडवल लागायचे.' | Ref: 'वाढत्या पिकसमा खते, कीटकनाशके वापरण्यासाठी श्रम आणि भांडवल लागते.'
[2026-08-05 04:16:24,019] [INFO] Fold 4 Step-Averaged Training Loss: 3.8206
[2026-08-05 04:16:24,019] [INFO] Evaluating Fold 4 on CV Validation Split (935 samples)...
[2026-08-05 04:17:22,337] [INFO] Generation Length Check: Avg Pred Words = 8.8 | Avg Ref Words = 8.7
[2026-08-05 04:17:22,337] [INFO] [Sample 1] Pred: 'रेशीमना किडानी शेती नगदनं पीक आहे' | Ref: 'रेशीमना किडानी शेती आहे, नगदानं पीक आहे.'
[2026-08-05 04:17:22,338] [INFO] [Sample 2] Pred: 'द्राक्ष पिकाच्या फलधारणेसाठी कोणता हंगाम योग्य असतो?' | Ref: 'द्राक्ष पिकाच्या फलधारणेसाठी कोणता हंगाम योग्य असतो?'
[2026-08-05 04:17:22,338] [INFO] [Sample 3] Pred: 'वाढता पिकसमा खते, किटकनाशके, बुरशीनाशके, तणनाशके वापर करता श्रम आणि भांडवल लागायचे.' | Ref: 'वाढत्या पिकसमा खते, कीटकनाशके वापरण्यासाठी श्रम आणि भांडवल लागते.'
[2026-08-05 04:17:22,339] [INFO] Fold 4 Val Loss: 1.1419  Val BLEU: 59.70  Val chrF: 79.74
[2026-08-05 04:17:22,339] [INFO] Evaluating Fold 4 on Held-Out Test Set (826 samples)...
[2026-08-05 04:18:12,645] [INFO] Generation Length Check: Avg Pred Words = 8.8 | Avg Ref Words = 8.8
[2026-08-05 04:18:12,646] [INFO] [Sample 1] Pred: 'कांदा पिकावर कोणता रोग पडतो? तो कसा ओळखावा?' | Ref: 'कांदा पिकावर कोणता रोग पडतो? तो कसा ओळखावा?'
[2026-08-05 04:18:12,646] [INFO] [Sample 2] Pred: 'अनुवंशिक गुणांमध्ये बदल करता येतील' | Ref: 'अनुवंशिक गुण बदलता येते का?'
[2026-08-05 04:18:12,646] [INFO] [Sample 3] Pred: 'भारतामध्ये चहा आणि टक्केवारी पेक्षा जास्त चहाचा उपभोग भारतामध्ये किती प्रमाणात घेतला जातो?' | Ref: 'भारतामध्ये चहा तरीही, टक्केवारीपेक्षा जास्त चहाचा उपभोग भारतामध्येच घेतला जातो.'
[2026-08-05 04:18:12,647] [INFO] Fold 4 Test Loss: 1.0925  Test BLEU: 60.62  Test chrF: 80.19
[2026-08-05 04:18:15,483] [INFO] Fold 4 complete. GPU memory freed.
[2026-08-05 04:18:15,484] [INFO] 
======================================================================
[2026-08-05 04:18:15,484] [INFO] RUNNING CROSS-VALIDATION: FOLD 5/5
[2026-08-05 04:18:15,484] [INFO] ======================================================================
[2026-08-05 04:18:15,484] [INFO] Fold 5 Training Samples   : 3,740
[2026-08-05 04:18:15,484] [INFO] Fold 5 Validation Samples : 935
[2026-08-05 04:23:37,740] [INFO] Generation Length Check: Avg Pred Words = 52.6 | Avg Ref Words = 8.7
[2026-08-05 04:23:37,741] [INFO] [Sample 1] Pred: 'तुला ठाऊक आहे का सामान्य शेअरच्या किमतींमध्ये किती चढ उतार होतात तुम्हाला ठाऊक आहेत का सामान्य शेअरमध्ये किती चढ उतार होतील? त्यापेक्षा जास्त चढ उतार होतात का? तुमचे शेअरच्या किमतीत किती चढ चढ उतार होतात? तुम्हाला ठाउक आहेत का? ज्यांना सामान्य शेअरच्या किंमतींमध्ये किती चढ-उतार होतात? तुम्हाला ठावू शकतात का सामान्य शेअरची किंमत किती चढ उतार होते का? कुणाला ठाऊक असते का? तुम्हाला? तुम्हाला माहीत आहे का? तुम्हाला माहित नाही का? तुम्हाला ठा' | Ref: 'तुम्हाला सामान्य शेअरच्या किमतींमध्ये किती चढउतार होतात हे माहीत आहे का?'
[2026-08-05 04:23:37,741] [INFO] [Sample 2] Pred: 'ठिबक सिंचन आणि पाणी स्प्रिंकलर केंद्रे धुरी सिंचनातर्गत येतात त्यामुळं पाणी स्प्रिंकलर्स केंद्रे धुरीचे धुरी सिंचनातील धुरी सिंचनाअंतर्गत येतात. धुरी सिंचनाचे केंद्रे धुरीच्या सिंचनासाठी धुरी सिंचनामध्ये येतात धुरी सिंचनाच्या केंद्रे धुरीची धुरी सिंचनातून येतातच्या केंद्रे धुरीला सिंचनातर्गत येत नाहीतचे सिंचनातर्गत येते. त्यापेक्षाही पाणी' | Ref: 'ठिबक सिंचन आणि पाणी स्प्रिंकलर केंद्रे धुरी सिंचनातर्गत येतात'
[2026-08-05 04:23:37,743] [INFO] [Sample 3] Pred: 'एक लाखाच्या ठेवीवर तीन महिन्यांनी किती पैसे मिळतील? तुम्हाला किती पैसे मिळतील ? त्यापेक्षा जास्त पैसे मिळतील. तुमचे ठेवीवर तीन महिने किती पैसे मिळतील, तीन महिन्यांत किती पैसे मिळतील का? सपोरटसा तीन महिन्यांच्या ठेवीवर तीन महिन्याच्या ठेवीवर दोन महिन्यांनी किती रुपये मिळतील?च मिळतील?. एक लाखाचे ठेवीवर तीन महिन्यात किती पैसे मिळतात?चे पैसे मिळतील?' | Ref: 'एका लाखाच्या ठेवीवर तीन महिन्यांनी किती पैसे मिळतील?'
[2026-08-05 04:29:05,912] [INFO] Generation Length Check: Avg Pred Words = 27.2 | Avg Ref Words = 8.7
[2026-08-05 04:29:05,912] [INFO] [Sample 1] Pred: 'तुला ठाऊक आहे का सामान्य शेअरच्या किमतींमध्ये किती चढ उतार होतात सामान्य शेअरच्या किंमतींमध्ये किती चढ- उतार होतात का सामान्य शेअरचे किमतींमध्ये किती उतार होतात का?च शेअरच्या किमतीत किती चढ उतार होते' | Ref: 'तुम्हाला सामान्य शेअरच्या किमतींमध्ये किती चढउतार होतात हे माहीत आहे का?'
[2026-08-05 04:29:05,913] [INFO] [Sample 2] Pred: 'ठिबक सिंचन आणि पाणी स्प्रिंकलर केंद्रे धुरी सिंचनातर्गत येतात धुरी सिंचनाचे केंद्रे धुरीचे केंद्रे धुरा सिंचनातर्गत येते.?.ने धुरी सिंचनातील धुरी सिंचनामध्ये धुरी सिंचनासाठी धुरी सिंचनातून येतात' | Ref: 'ठिबक सिंचन आणि पाणी स्प्रिंकलर केंद्रे धुरी सिंचनातर्गत येतात'
[2026-08-05 04:29:05,913] [INFO] [Sample 3] Pred: 'एक लाखाच्या ठेवीवर तीन महिन्यांनी किती पैसे मिळतील? तीन महिन्यांच्या ठेवीवर तीन महिन्यात किती पैसे मिळतील का? एक लाखाचे ठेवीवर तीन महिने किती पैसे मिळतील.' | Ref: 'एका लाखाच्या ठेवीवर तीन महिन्यांनी किती पैसे मिळतील?'
[2026-08-05 04:32:52,635] [INFO] Generation Length Check: Avg Pred Words = 10.5 | Avg Ref Words = 8.7
[2026-08-05 04:32:52,635] [INFO] [Sample 1] Pred: 'तुला ठाऊक आहे का सामान्य शेअरच्या किमतींमध्ये किती चढ उतार होतात' | Ref: 'तुम्हाला सामान्य शेअरच्या किमतींमध्ये किती चढउतार होतात हे माहीत आहे का?'
[2026-08-05 04:32:52,635] [INFO] [Sample 2] Pred: 'ठिबक सिंचन आणि पाणी स्प्रिंकलर केंद्रे धुरी सिंचनातर्गत येतात' | Ref: 'ठिबक सिंचन आणि पाणी स्प्रिंकलर केंद्रे धुरी सिंचनातर्गत येतात'
[2026-08-05 04:32:52,635] [INFO] [Sample 3] Pred: 'एक लाखाच्या ठेवीवर तीन महिन्यांनी किती पैसे मिळतील?' | Ref: 'एका लाखाच्या ठेवीवर तीन महिन्यांनी किती पैसे मिळतील?'
[2026-08-05 04:35:07,620] [INFO] Generation Length Check: Avg Pred Words = 8.9 | Avg Ref Words = 8.7
[2026-08-05 04:35:07,620] [INFO] [Sample 1] Pred: 'तुला ठाऊक आहे का सामान्य शेअरच्या किमतींमध्ये किती चढ उतार होतात' | Ref: 'तुम्हाला सामान्य शेअरच्या किमतींमध्ये किती चढउतार होतात हे माहीत आहे का?'
[2026-08-05 04:35:07,620] [INFO] [Sample 2] Pred: 'ठिबक सिंचन आणि पाणी स्प्रिंकलर केंद्रे धुरी सिंचनातर्गत येतात' | Ref: 'ठिबक सिंचन आणि पाणी स्प्रिंकलर केंद्रे धुरी सिंचनातर्गत येतात'
[2026-08-05 04:35:07,620] [INFO] [Sample 3] Pred: 'एक लाखाच्या ठेवीवर तीन महिन्यांनी किती पैसे मिळतील?' | Ref: 'एका लाखाच्या ठेवीवर तीन महिन्यांनी किती पैसे मिळतील?'
[2026-08-05 04:37:21,916] [INFO] Generation Length Check: Avg Pred Words = 8.9 | Avg Ref Words = 8.7
[2026-08-05 04:37:21,916] [INFO] [Sample 1] Pred: 'तुला ठाऊक आहे का सामान्य शेअरच्या किमतींमध्ये किती चढ उतार होतात' | Ref: 'तुम्हाला सामान्य शेअरच्या किमतींमध्ये किती चढउतार होतात हे माहीत आहे का?'
[2026-08-05 04:37:21,916] [INFO] [Sample 2] Pred: 'ठिबक सिंचन आणि पाणी स्प्रिंकलर केंद्रे धुरी सिंचनातर्गत येतात' | Ref: 'ठिबक सिंचन आणि पाणी स्प्रिंकलर केंद्रे धुरी सिंचनातर्गत येतात'
[2026-08-05 04:37:21,916] [INFO] [Sample 3] Pred: 'एक लाखाच्या ठेवीवर तीन महिन्यांनी किती पैसे मिळतील?' | Ref: 'एका लाखाच्या ठेवीवर तीन महिन्यांनी किती पैसे मिळतील?'
[2026-08-05 04:37:38,028] [INFO] Fold 5 Step-Averaged Training Loss: 3.8206
[2026-08-05 04:37:38,028] [INFO] Evaluating Fold 5 on CV Validation Split (935 samples)...
[2026-08-05 04:38:35,303] [INFO] Generation Length Check: Avg Pred Words = 8.9 | Avg Ref Words = 8.7
[2026-08-05 04:38:35,303] [INFO] [Sample 1] Pred: 'तुला ठाऊक आहे का सामान्य शेअरच्या किमतींमध्ये किती चढ उतार होतात' | Ref: 'तुम्हाला सामान्य शेअरच्या किमतींमध्ये किती चढउतार होतात हे माहीत आहे का?'
[2026-08-05 04:38:35,303] [INFO] [Sample 2] Pred: 'ठिबक सिंचन आणि पाणी स्प्रिंकलर केंद्रे धुरी सिंचनातर्गत येतात' | Ref: 'ठिबक सिंचन आणि पाणी स्प्रिंकलर केंद्रे धुरी सिंचनातर्गत येतात'
[2026-08-05 04:38:35,303] [INFO] [Sample 3] Pred: 'एक लाखाच्या ठेवीवर तीन महिन्यांनी किती पैसे मिळतील?' | Ref: 'एका लाखाच्या ठेवीवर तीन महिन्यांनी किती पैसे मिळतील?'
[2026-08-05 04:38:35,304] [INFO] Fold 5 Val Loss: 1.1336  Val BLEU: 58.12  Val chrF: 79.12
[2026-08-05 04:38:35,304] [INFO] Evaluating Fold 5 on Held-Out Test Set (826 samples)...
[2026-08-05 04:39:25,671] [INFO] Generation Length Check: Avg Pred Words = 8.9 | Avg Ref Words = 8.8
[2026-08-05 04:39:25,671] [INFO] [Sample 1] Pred: 'कांदा पिकावर कोणता रोग पडतो? तो कसा ओळखावा?' | Ref: 'कांदा पिकावर कोणता रोग पडतो? तो कसा ओळखावा?'
[2026-08-05 04:39:25,671] [INFO] [Sample 2] Pred: 'अनुवंशिक गुणांमध्ये बदल करता येतील' | Ref: 'अनुवंशिक गुण बदलता येते का?'
[2026-08-05 04:39:25,671] [INFO] [Sample 3] Pred: 'भारतामध्ये चहा आणि टक्केवारी पेक्षा जास्त चहाचा उपभोग भारतामध्ये किती प्रमाणात घेतला जातो?' | Ref: 'भारतामध्ये चहा तरीही, टक्केवारीपेक्षा जास्त चहाचा उपभोग भारतामध्येच घेतला जातो.'
[2026-08-05 04:39:25,672] [INFO] Fold 5 Test Loss: 1.0915  Test BLEU: 60.50  Test chrF: 80.26
[2026-08-05 04:39:28,588] [INFO] Fold 5 complete. GPU memory freed.
[2026-08-05 04:39:28,594] [INFO] 
======================================================================
[2026-08-05 04:39:28,594] [INFO] 3-FOLD CROSS VALIDATION & TEST EVALUATION COMPLETED!
[2026-08-05 04:39:28,594] [INFO] ======================================================================
[2026-08-05 04:39:28,594] [INFO] Avg Val  Loss: 1.1137  |  BLEU: 59.87  |  chrF: 79.95
[2026-08-05 04:39:28,594] [INFO] Avg Test Loss: 1.0925  |  BLEU: 60.58  |  chrF: 80.30
[2026-08-05 04:39:28,594] [INFO] CV Summary saved to: D:\dialect-norm\models\indicbart_d2\cv_summary.json
[2026-08-05 04:39:28,595] [INFO] CV Summary saved to: D:\dialect-norm\models\indicbart_d2\cv_summary.yaml
[2026-08-05 04:39:28,595] [INFO] ======================================================================
[2026-08-05 04:39:28,696] [INFO] --- [SUCCESS] D2 Ahirani 16k completed in 106.90 minutes ---
[2026-08-05 04:39:28,696] [INFO] 
================================================================================
[2026-08-05 04:39:28,696] [INFO] STARTING IndicBART 16k VARIANT: D4 Varhadi 16k
[2026-08-05 04:39:28,696] [INFO] ================================================================================
