[2026-08-02 22:16:32,063] [INFO] Training log file: D:\dialect-norm\logs\train_indicbart_d2_32k.log
[2026-08-02 22:16:32,063] [INFO] ======================================================================
[2026-08-02 22:16:32,063] [INFO] INDICBART FINE-TUNING (OPTION B: 85/15 STRATIFIED SPLIT + 5-FOLD CV)
[2026-08-02 22:16:32,063] [INFO] ======================================================================
[2026-08-02 22:16:32,063] [INFO] Target Model            : ai4bharat/IndicBART
[2026-08-02 22:16:32,063] [INFO] Output Directory        : D:\dialect-norm\models\indicbart_d2_32k
[2026-08-02 22:16:32,064] [INFO] Epochs per Fold         : 5
[2026-08-02 22:16:32,064] [INFO] Batch Size              : 16
[2026-08-02 22:16:32,068] [INFO] Gradient Accum Steps    : 2
[2026-08-02 22:16:32,068] [INFO] Effective Batch Size    : 32
[2026-08-02 22:16:32,068] [INFO] Learning Rate           : 5e-05
[2026-08-02 22:16:32,068] [INFO] Weight Decay            : 0.01
[2026-08-02 22:16:32,068] [INFO] Warmup Ratio            : 0.1
[2026-08-02 22:16:32,068] [INFO] Early Stopping Patience : 2
[2026-08-02 22:16:32,068] [INFO] Max Input / Target Len  : 128 / 128
[2026-08-02 22:16:32,068] [INFO] Random Seed             : 42
[2026-08-02 22:16:32,068] [INFO] ======================================================================
[2026-08-02 22:16:33,023] [INFO] Loaded 11,035 parallel samples from 2 CSV file(s).
[2026-08-02 22:16:33,036] [INFO] Total Dataset Size      : 11,035 pairs
[2026-08-02 22:16:33,036] [INFO] 85% Training Pool       : 9,379 pairs
[2026-08-02 22:16:33,036] [INFO] 15% Held-Out Test       : 1,656 pairs
[2026-08-02 22:16:33,041] [INFO]   Train Pool distribution: {'D2': 9379}
[2026-08-02 22:16:33,042] [INFO]   Test Set distribution: {'D2': 1656}
[2026-08-02 22:16:33,042] [INFO] Downloading and caching base model 'ai4bharat/IndicBART' to D:\dialect-norm\models\indicbart_d2_32k\base_model...
[2026-08-02 22:16:33,465] [INFO] HTTP Request: HEAD https://huggingface.co/ai4bharat/IndicBART/resolve/main/config.json "HTTP/1.1 307 Temporary Redirect"
[2026-08-02 22:16:33,492] [INFO] HTTP Request: HEAD https://huggingface.co/api/resolve-cache/models/ai4bharat/IndicBART/78466a0c0e29f9229f7005623ecd6bc4243c0ae0/config.json "HTTP/1.1 200 OK"
[2026-08-02 22:16:33,752] [INFO] HTTP Request: HEAD https://huggingface.co/ai4bharat/IndicBART/resolve/main/tokenizer_config.json "HTTP/1.1 307 Temporary Redirect"
[2026-08-02 22:16:33,778] [INFO] HTTP Request: HEAD https://huggingface.co/api/resolve-cache/models/ai4bharat/IndicBART/78466a0c0e29f9229f7005623ecd6bc4243c0ae0/tokenizer_config.json "HTTP/1.1 200 OK"
[2026-08-02 22:16:34,037] [INFO] HTTP Request: HEAD https://huggingface.co/ai4bharat/IndicBART/resolve/main/tokenizer_config.json "HTTP/1.1 307 Temporary Redirect"
[2026-08-02 22:16:34,063] [INFO] HTTP Request: HEAD https://huggingface.co/api/resolve-cache/models/ai4bharat/IndicBART/78466a0c0e29f9229f7005623ecd6bc4243c0ae0/tokenizer_config.json "HTTP/1.1 200 OK"
[2026-08-02 22:16:34,294] [INFO] HTTP Request: GET https://huggingface.co/api/models/ai4bharat/IndicBART/tree/main/additional_chat_templates?recursive=false&expand=false "HTTP/1.1 404 Not Found"
[2026-08-02 22:16:34,522] [INFO] HTTP Request: GET https://huggingface.co/api/models/ai4bharat/IndicBART/tree/main?recursive=true&expand=false "HTTP/1.1 200 OK"
[2026-08-02 22:16:35,058] [INFO] HTTP Request: HEAD https://huggingface.co/ai4bharat/IndicBART/resolve/main/config.json "HTTP/1.1 307 Temporary Redirect"
[2026-08-02 22:16:35,086] [INFO] HTTP Request: HEAD https://huggingface.co/api/resolve-cache/models/ai4bharat/IndicBART/78466a0c0e29f9229f7005623ecd6bc4243c0ae0/config.json "HTTP/1.1 200 OK"
[2026-08-02 22:16:35,342] [INFO] HTTP Request: HEAD https://huggingface.co/ai4bharat/IndicBART/resolve/main/model.safetensors "HTTP/1.1 404 Not Found"
[2026-08-02 22:16:35,571] [INFO] HTTP Request: GET https://huggingface.co/api/models/ai4bharat/IndicBART "HTTP/1.1 200 OK"
[2026-08-02 22:16:35,827] [INFO] HTTP Request: GET https://huggingface.co/api/models/ai4bharat/IndicBART/commits/main "HTTP/1.1 200 OK"
[2026-08-02 22:16:36,065] [INFO] HTTP Request: GET https://huggingface.co/api/models/ai4bharat/IndicBART/discussions?p=0 "HTTP/1.1 200 OK"
[2026-08-02 22:16:36,308] [INFO] HTTP Request: GET https://huggingface.co/api/models/ai4bharat/IndicBART/commits/refs%2Fpr%2F2 "HTTP/1.1 200 OK"
[2026-08-02 22:16:36,537] [INFO] HTTP Request: HEAD https://huggingface.co/ai4bharat/IndicBART/resolve/refs%2Fpr%2F2/model.safetensors.index.json "HTTP/1.1 404 Not Found"
[2026-08-02 22:16:36,634] [INFO] HTTP Request: HEAD https://huggingface.co/ai4bharat/IndicBART/resolve/main/generation_config.json "HTTP/1.1 404 Not Found"
[2026-08-02 22:16:36,772] [INFO] HTTP Request: HEAD https://huggingface.co/ai4bharat/IndicBART/resolve/refs%2Fpr%2F2/model.safetensors "HTTP/1.1 302 Found"
[2026-08-02 22:16:36,862] [INFO] HTTP Request: HEAD https://huggingface.co/ai4bharat/IndicBART/resolve/main/config.json "HTTP/1.1 307 Temporary Redirect"
[2026-08-02 22:16:36,888] [INFO] HTTP Request: HEAD https://huggingface.co/api/resolve-cache/models/ai4bharat/IndicBART/78466a0c0e29f9229f7005623ecd6bc4243c0ae0/config.json "HTTP/1.1 200 OK"
[2026-08-02 22:16:44,581] [INFO] 
======================================================================
[2026-08-02 22:16:44,581] [INFO] RUNNING CROSS-VALIDATION: FOLD 1/5
[2026-08-02 22:16:44,581] [INFO] ======================================================================
[2026-08-02 22:16:44,581] [INFO] Fold 1 Training Samples   : 7,504
[2026-08-02 22:16:44,581] [INFO] Fold 1 Validation Samples : 1,875
[2026-08-02 22:28:28,259] [INFO] Generation Length Check: Avg Pred Words = 39.9 | Avg Ref Words = 8.7
[2026-08-02 22:28:28,259] [INFO] [Sample 1] Pred: 'दौडका या लांब आणि बारीक दंडगोलाकार राहत आहेत दौडा या लांब आणि लहान दंडगोलाकार आहे दौडका या मोठ्या दंडगोलाकार असतात का?. दौडका या लांबीच्या आकाराचे असते. दौडका अनेक वेळा दंडगोलाकार असते. दौडकांची दौडका या लहान-मोठ्या आकाराचे असतात. दौडके या लांब आणि लांब दंडगोलाकार राहतात' | Ref: 'दौडका हे लांब आणि बारीक दंडगोलाकार आहे'
[2026-08-02 22:28:28,259] [INFO] [Sample 2] Pred: 'कुठलीही वस्तू तारण न ठेवता मला कर्ज मिळू शकते का? मला कर्ज मिळत नाही का? मला कर्ज मिळू शकतात का? मला कर्ज मिळू शकतो का? मला कर्ज मिळेल का? मला कर्ज मिळते का? मला कर्ज मिळू शकतील का?चे कर्ज मिळू शकते?. मला कर्ज मिळू शकेल का?' | Ref: 'कोणतीही वस्तू तारण न ठेवता मला कर्ज मिळू शकते का?'
[2026-08-02 22:28:28,259] [INFO] [Sample 3] Pred: 'ओमपरकास पैसास बदलामा बीडी लेवाले गेले आहे. बीडीसाठी बीडीचा बदला घेतला गेला आहे. बीडीचे बीडीचे बदलाने बीडीचे पैसे दिले गेले आहेत. ओमपरकाला पैसास पैसासना बदलात बीडी घ्यावयाचे असते.ा बीडी लेवावी लागेल. ओमपरकास पैसेसना बदलामा बीडीने बीडी लेवाली गेली आहे.' | Ref: 'ओमपरकास पैसे बदलणे लागेले आहे'
[2026-08-02 22:32:37,370] [INFO] Generation Length Check: Avg Pred Words = 6.6 | Avg Ref Words = 8.7
[2026-08-02 22:32:37,371] [INFO] [Sample 1] Pred: 'दौडका या लांब आणि बारीक दंडगोलाकार राहत आहेत' | Ref: 'दौडका हे लांब आणि बारीक दंडगोलाकार आहे'
[2026-08-02 22:32:37,371] [INFO] [Sample 2] Pred: 'कुठलीही वस्तू तारण न ठेवता मला कर्ज मिळू शकते का?' | Ref: 'कोणतीही वस्तू तारण न ठेवता मला कर्ज मिळू शकते का?'
[2026-08-02 22:32:37,371] [INFO] [Sample 3] Pred: '' | Ref: 'ओमपरकास पैसे बदलणे लागेले आहे'
[2026-08-02 22:36:53,931] [INFO] Generation Length Check: Avg Pred Words = 5.6 | Avg Ref Words = 8.7
[2026-08-02 22:36:53,931] [INFO] [Sample 1] Pred: 'दौडका या लांब आणि बारीक दंडगोलाकार राहतात' | Ref: 'दौडका हे लांब आणि बारीक दंडगोलाकार आहे'
[2026-08-02 22:36:53,931] [INFO] [Sample 2] Pred: 'कुठलीही वस्तू तारण न ठेवता मला कर्ज मिळू शकते का?' | Ref: 'कोणतीही वस्तू तारण न ठेवता मला कर्ज मिळू शकते का?'
[2026-08-02 22:36:53,931] [INFO] [Sample 3] Pred: '' | Ref: 'ओमपरकास पैसे बदलणे लागेले आहे'
[2026-08-02 22:41:07,640] [INFO] Generation Length Check: Avg Pred Words = 5.6 | Avg Ref Words = 8.7
[2026-08-02 22:41:07,640] [INFO] [Sample 1] Pred: 'दौडका या लांब आणि बारीक दंडगोलाकार राहतात' | Ref: 'दौडका हे लांब आणि बारीक दंडगोलाकार आहे'
[2026-08-02 22:41:07,640] [INFO] [Sample 2] Pred: 'कुठलीही वस्तू तारण न ठेवता मला कर्ज मिळू शकते का?' | Ref: 'कोणतीही वस्तू तारण न ठेवता मला कर्ज मिळू शकते का?'
[2026-08-02 22:41:07,640] [INFO] [Sample 3] Pred: '' | Ref: 'ओमपरकास पैसे बदलणे लागेले आहे'
[2026-08-02 22:45:22,406] [INFO] Generation Length Check: Avg Pred Words = 5.5 | Avg Ref Words = 8.7
[2026-08-02 22:45:22,406] [INFO] [Sample 1] Pred: 'दौडका या लांब आणि बारीक दंडगोलाकार राहतात' | Ref: 'दौडका हे लांब आणि बारीक दंडगोलाकार आहे'
[2026-08-02 22:45:22,406] [INFO] [Sample 2] Pred: 'कुठलीही वस्तू तारण न ठेवता मला कर्ज मिळू शकते का?' | Ref: 'कोणतीही वस्तू तारण न ठेवता मला कर्ज मिळू शकते का?'
[2026-08-02 22:45:22,406] [INFO] [Sample 3] Pred: '' | Ref: 'ओमपरकास पैसे बदलणे लागेले आहे'
[2026-08-02 22:45:35,480] [INFO] Fold 1 Step-Averaged Training Loss: 2.8457
[2026-08-02 22:45:35,481] [INFO] Evaluating Fold 1 on CV Validation Split (1,875 samples)...
[2026-08-02 22:47:29,822] [INFO] Generation Length Check: Avg Pred Words = 5.5 | Avg Ref Words = 8.7
[2026-08-02 22:47:29,822] [INFO] [Sample 1] Pred: 'दौडका या लांब आणि बारीक दंडगोलाकार राहतात' | Ref: 'दौडका हे लांब आणि बारीक दंडगोलाकार आहे'
[2026-08-02 22:47:29,822] [INFO] [Sample 2] Pred: 'कुठलीही वस्तू तारण न ठेवता मला कर्ज मिळू शकते का?' | Ref: 'कोणतीही वस्तू तारण न ठेवता मला कर्ज मिळू शकते का?'
[2026-08-02 22:47:29,822] [INFO] [Sample 3] Pred: '' | Ref: 'ओमपरकास पैसे बदलणे लागेले आहे'
[2026-08-02 22:47:29,824] [INFO] Fold 1 Val Loss: 0.8156  Val BLEU: 42.02  Val chrF: 63.03
[2026-08-02 22:47:29,824] [INFO] Evaluating Fold 1 on Held-Out Test Set (1,656 samples)...
[2026-08-02 22:49:11,403] [INFO] Generation Length Check: Avg Pred Words = 5.5 | Avg Ref Words = 8.8
[2026-08-02 22:49:11,403] [INFO] [Sample 1] Pred: 'कृषी कर्ज मिळविण्यासाठी मी पात्र असल्याचे मला कसे समजेल?' | Ref: 'कृषी कर्ज मिळविण्यासाठी मी पात्र आहे हे मला कसे समजेल?'
[2026-08-02 22:49:11,403] [INFO] [Sample 2] Pred: 'पीक रोटेशन केल्याने फायदा होतो का? त्याने जमिनीची धूप होणार नाही ना?' | Ref: 'पीक रोटेशन केल्याने फायदा होतो का ? त्याने जमिनीची धूप होणार नाही ना ?'
[2026-08-02 22:49:11,403] [INFO] [Sample 3] Pred: '' | Ref: 'माझे खाते खात असल्यास ते काय करतो आहे? तेव्हा पैसे गनज कसे पाठवण?'
[2026-08-02 22:49:11,405] [INFO] Fold 1 Test Loss: 0.8419  Test BLEU: 39.75  Test chrF: 61.52
[2026-08-02 22:49:14,385] [INFO] Fold 1 complete. GPU memory freed.
[2026-08-02 22:49:14,385] [INFO] 
======================================================================
[2026-08-02 22:49:14,385] [INFO] RUNNING CROSS-VALIDATION: FOLD 2/5
[2026-08-02 22:49:14,385] [INFO] ======================================================================
[2026-08-02 22:49:14,386] [INFO] Fold 2 Training Samples   : 7,504
[2026-08-02 22:49:14,386] [INFO] Fold 2 Validation Samples : 1,875
[2026-08-02 23:00:57,350] [INFO] Generation Length Check: Avg Pred Words = 38.4 | Avg Ref Words = 8.8
[2026-08-02 23:00:57,350] [INFO] [Sample 1] Pred: 'बारमाही पीक सालेसाल पिकाडनं नै पडते पिकाडने पिकाला पिकाला पिकाच्या पिकाला पिकाडांनी नै पडायचे असेल तर पिकाडचं नै पडते.' | Ref: 'बारमाही पीक सालेसाल पिकाडणे होतात'
[2026-08-02 23:00:57,350] [INFO] [Sample 2] Pred: 'गावाला जाणार् या बसला काय वेळेत गनज बसस्थानी भेट मिळेल? कुठे कुठे बसस्थानकात बसस्थानकांवर बसस्थानकावर जाणार् या बसस्थानकातून जावे लागेल? कुठे जायचे आहे? कुठे कुठे जायचे असेल तर वेळेत गनज बसेस बसस्थानकातील बसस्थानकाला जाणार् या बसेस?. कुठे जायचे? कुठे जायचे असल्यास' | Ref: 'गावाला जाणार् या बसला काय वेळेत बहुतेक बसस्थानी मिळते?'
[2026-08-02 23:00:57,350] [INFO] [Sample 3] Pred: 'आय.एफ.एस.सी कोडमध्ये पाचवं अक्षर झीरो भविष्यातील उपयोगी येईल का? पाचवं अक्षर अनेक वेळा भविष्यातील आय.एफ-एस.एस.ए.सी कोडचे पाचवं अक्षर हे भविष्यातील भविष्यातील भविष्यामध्ये उपयोगी येईल का, भविष्यातील भविष्यासाठी उपयोगी येईल का तुला भविष्यातील भविष्यात उपयोगी येईल?' | Ref: 'आय.एफ.एस.सी कोडचे पाचवे अक्षर झीरो भविष्यात उपयोगी आहे'
[2026-08-02 23:05:17,651] [INFO] Generation Length Check: Avg Pred Words = 6.9 | Avg Ref Words = 8.8
[2026-08-02 23:05:17,651] [INFO] [Sample 1] Pred: 'बारमाही पीक सालेसाल पिकाडनं नै पडते.' | Ref: 'बारमाही पीक सालेसाल पिकाडणे होतात'
[2026-08-02 23:05:17,652] [INFO] [Sample 2] Pred: 'गावाला जाणार् या बसला काय वेळेत बसस्थानी मिळेल?' | Ref: 'गावाला जाणार् या बसला काय वेळेत बहुतेक बसस्थानी मिळते?'
[2026-08-02 23:05:17,652] [INFO] [Sample 3] Pred: '' | Ref: 'आय.एफ.एस.सी कोडचे पाचवे अक्षर झीरो भविष्यात उपयोगी आहे'
[2026-08-02 23:09:29,250] [INFO] Generation Length Check: Avg Pred Words = 5.7 | Avg Ref Words = 8.8
[2026-08-02 23:09:29,250] [INFO] [Sample 1] Pred: 'बारमाही पीक सालेसाल पिकाडनं नै पडते.' | Ref: 'बारमाही पीक सालेसाल पिकाडणे होतात'
[2026-08-02 23:09:29,250] [INFO] [Sample 2] Pred: '' | Ref: 'गावाला जाणार् या बसला काय वेळेत बहुतेक बसस्थानी मिळते?'
[2026-08-02 23:09:29,250] [INFO] [Sample 3] Pred: '' | Ref: 'आय.एफ.एस.सी कोडचे पाचवे अक्षर झीरो भविष्यात उपयोगी आहे'
[2026-08-02 23:13:46,498] [INFO] Generation Length Check: Avg Pred Words = 5.7 | Avg Ref Words = 8.8
[2026-08-02 23:13:46,499] [INFO] [Sample 1] Pred: 'बारमाही पीक सालेसाल पिकाडनं नै पडते' | Ref: 'बारमाही पीक सालेसाल पिकाडणे होतात'
[2026-08-02 23:13:46,499] [INFO] [Sample 2] Pred: '' | Ref: 'गावाला जाणार् या बसला काय वेळेत बहुतेक बसस्थानी मिळते?'
[2026-08-02 23:13:46,499] [INFO] [Sample 3] Pred: '' | Ref: 'आय.एफ.एस.सी कोडचे पाचवे अक्षर झीरो भविष्यात उपयोगी आहे'
[2026-08-02 23:18:08,594] [INFO] Generation Length Check: Avg Pred Words = 5.7 | Avg Ref Words = 8.8
[2026-08-02 23:18:08,594] [INFO] [Sample 1] Pred: 'बारमाही पीक सालेसाल पिकाडनं नै पडते.' | Ref: 'बारमाही पीक सालेसाल पिकाडणे होतात'
[2026-08-02 23:18:08,594] [INFO] [Sample 2] Pred: '' | Ref: 'गावाला जाणार् या बसला काय वेळेत बहुतेक बसस्थानी मिळते?'
[2026-08-02 23:18:08,594] [INFO] [Sample 3] Pred: '' | Ref: 'आय.एफ.एस.सी कोडचे पाचवे अक्षर झीरो भविष्यात उपयोगी आहे'
[2026-08-02 23:18:21,927] [INFO] Fold 2 Step-Averaged Training Loss: 2.8527
[2026-08-02 23:18:21,927] [INFO] Evaluating Fold 2 on CV Validation Split (1,875 samples)...
[2026-08-02 23:20:11,246] [INFO] Generation Length Check: Avg Pred Words = 5.7 | Avg Ref Words = 8.8
[2026-08-02 23:20:11,246] [INFO] [Sample 1] Pred: 'बारमाही पीक सालेसाल पिकाडनं नै पडते.' | Ref: 'बारमाही पीक सालेसाल पिकाडणे होतात'
[2026-08-02 23:20:11,246] [INFO] [Sample 2] Pred: '' | Ref: 'गावाला जाणार् या बसला काय वेळेत बहुतेक बसस्थानी मिळते?'
[2026-08-02 23:20:11,246] [INFO] [Sample 3] Pred: '' | Ref: 'आय.एफ.एस.सी कोडचे पाचवे अक्षर झीरो भविष्यात उपयोगी आहे'
[2026-08-02 23:20:11,247] [INFO] Fold 2 Val Loss: 0.8147  Val BLEU: 42.96  Val chrF: 63.56
[2026-08-02 23:20:11,248] [INFO] Evaluating Fold 2 on Held-Out Test Set (1,656 samples)...
[2026-08-02 23:21:46,192] [INFO] Generation Length Check: Avg Pred Words = 5.6 | Avg Ref Words = 8.8
[2026-08-02 23:21:46,192] [INFO] [Sample 1] Pred: 'कृषी कर्ज मिळविण्यासाठी मी पात्र असल्याचे मला कसे समजेल?' | Ref: 'कृषी कर्ज मिळविण्यासाठी मी पात्र आहे हे मला कसे समजेल?'
[2026-08-02 23:21:46,192] [INFO] [Sample 2] Pred: 'पीक रोटेशन केल्याने फायदा होतो का? त्याने जमिनीची धूप होणार नाही ना?' | Ref: 'पीक रोटेशन केल्याने फायदा होतो का ? त्याने जमिनीची धूप होणार नाही ना ?'
[2026-08-02 23:21:46,192] [INFO] [Sample 3] Pred: '' | Ref: 'माझे खाते खात असल्यास ते काय करतो आहे? तेव्हा पैसे गनज कसे पाठवण?'
[2026-08-02 23:21:46,194] [INFO] Fold 2 Test Loss: 0.8433  Test BLEU: 40.74  Test chrF: 62.38
[2026-08-02 23:21:49,161] [INFO] Fold 2 complete. GPU memory freed.
[2026-08-02 23:21:49,161] [INFO] 
======================================================================
[2026-08-02 23:21:49,162] [INFO] RUNNING CROSS-VALIDATION: FOLD 3/5
[2026-08-02 23:21:49,162] [INFO] ======================================================================
[2026-08-02 23:21:49,162] [INFO] Fold 3 Training Samples   : 7,504
[2026-08-02 23:21:49,162] [INFO] Fold 3 Validation Samples : 1,875
[2026-08-02 23:33:12,986] [INFO] Generation Length Check: Avg Pred Words = 35.3 | Avg Ref Words = 8.6
[2026-08-02 23:33:12,986] [INFO] [Sample 1] Pred: 'मासा पकडा ना येवसाय दिवस मा भी चाली रायना अनेक दिवसांमधे अनेक दिवसांमध्ये अनेक दिवसांनी चाली रायना चाली रायते दिवसांमध्ये चाली रायने चाली रायते.' | Ref: 'मासा पकडा, दिवस चालले.'
[2026-08-02 23:33:12,986] [INFO] [Sample 2] Pred: 'स्टॉकहोल्डर्सचे कमाई ना त्या हिस्साना हकदार बनावत आहेत स्टॉकहोल्डर्सले कंपनीना कमाईचे शेअरहोल्डर्सने कंपनीचे कमाईचे अधिकार आणि स्टॉकहोल्डर्सला कंपनीला हकदार बनवतो आहे का?चे शेअरहोल्डरांना कंपनीचे पैसे दिले जातात.' | Ref: 'स्टॉकहोल्डर्स कंपनीच्या कमाईचे त्या हिस्साना हक्कदार बनवतात'
[2026-08-02 23:33:12,986] [INFO] [Sample 3] Pred: 'आधार कार्ड ने के.वाय.सी अपडेट केल जाऊ शकत आधार कार्डने के.वाय-सी अपडेट केले जाऊ शकत नाही. आधार कार्डने आधार कार्डने युआयडी अपडेट केल्यावर के.वाय, आधार कार्डने मोबाईल नंबर अपडेट केल जात आहे.?.' | Ref: 'आधार कार्डने के.वाय.सी अपडेट होऊ शकते का?'
[2026-08-02 23:37:31,205] [INFO] Generation Length Check: Avg Pred Words = 6.7 | Avg Ref Words = 8.6
[2026-08-02 23:37:31,206] [INFO] [Sample 1] Pred: '' | Ref: 'मासा पकडा, दिवस चालले.'
[2026-08-02 23:37:31,206] [INFO] [Sample 2] Pred: '' | Ref: 'स्टॉकहोल्डर्स कंपनीच्या कमाईचे त्या हिस्साना हक्कदार बनवतात'
[2026-08-02 23:37:31,206] [INFO] [Sample 3] Pred: 'आधार कार्डने के.वाय.सी अपडेट केल जाऊ शकत' | Ref: 'आधार कार्डने के.वाय.सी अपडेट होऊ शकते का?'
[2026-08-02 23:41:47,195] [INFO] Generation Length Check: Avg Pred Words = 5.6 | Avg Ref Words = 8.6
[2026-08-02 23:41:47,195] [INFO] [Sample 1] Pred: '' | Ref: 'मासा पकडा, दिवस चालले.'
[2026-08-02 23:41:47,195] [INFO] [Sample 2] Pred: '' | Ref: 'स्टॉकहोल्डर्स कंपनीच्या कमाईचे त्या हिस्साना हक्कदार बनवतात'
[2026-08-02 23:41:47,196] [INFO] [Sample 3] Pred: '' | Ref: 'आधार कार्डने के.वाय.सी अपडेट होऊ शकते का?'
[2026-08-02 23:45:56,516] [INFO] Generation Length Check: Avg Pred Words = 5.7 | Avg Ref Words = 8.6
[2026-08-02 23:45:56,516] [INFO] [Sample 1] Pred: '' | Ref: 'मासा पकडा, दिवस चालले.'
[2026-08-02 23:45:56,516] [INFO] [Sample 2] Pred: '' | Ref: 'स्टॉकहोल्डर्स कंपनीच्या कमाईचे त्या हिस्साना हक्कदार बनवतात'
[2026-08-02 23:45:56,516] [INFO] [Sample 3] Pred: '' | Ref: 'आधार कार्डने के.वाय.सी अपडेट होऊ शकते का?'
[2026-08-02 23:50:11,797] [INFO] Generation Length Check: Avg Pred Words = 5.7 | Avg Ref Words = 8.6
[2026-08-02 23:50:11,798] [INFO] [Sample 1] Pred: '' | Ref: 'मासा पकडा, दिवस चालले.'
[2026-08-02 23:50:11,798] [INFO] [Sample 2] Pred: '' | Ref: 'स्टॉकहोल्डर्स कंपनीच्या कमाईचे त्या हिस्साना हक्कदार बनवतात'
[2026-08-02 23:50:11,798] [INFO] [Sample 3] Pred: '' | Ref: 'आधार कार्डने के.वाय.सी अपडेट होऊ शकते का?'
[2026-08-02 23:50:23,869] [INFO] Fold 3 Step-Averaged Training Loss: 2.8481
[2026-08-02 23:50:23,869] [INFO] Evaluating Fold 3 on CV Validation Split (1,875 samples)...
[2026-08-02 23:52:09,950] [INFO] Generation Length Check: Avg Pred Words = 5.7 | Avg Ref Words = 8.6
[2026-08-02 23:52:09,950] [INFO] [Sample 1] Pred: '' | Ref: 'मासा पकडा, दिवस चालले.'
[2026-08-02 23:52:09,950] [INFO] [Sample 2] Pred: '' | Ref: 'स्टॉकहोल्डर्स कंपनीच्या कमाईचे त्या हिस्साना हक्कदार बनवतात'
[2026-08-02 23:52:09,950] [INFO] [Sample 3] Pred: '' | Ref: 'आधार कार्डने के.वाय.सी अपडेट होऊ शकते का?'
[2026-08-02 23:52:09,952] [INFO] Fold 3 Val Loss: 0.8088  Val BLEU: 42.95  Val chrF: 64.27
[2026-08-02 23:52:09,952] [INFO] Evaluating Fold 3 on Held-Out Test Set (1,656 samples)...
[2026-08-02 23:53:44,430] [INFO] Generation Length Check: Avg Pred Words = 5.6 | Avg Ref Words = 8.8
[2026-08-02 23:53:44,430] [INFO] [Sample 1] Pred: 'कृषी कर्ज मिळविण्यासाठी मी पात्र असल्याचे मला कसे समजेल?' | Ref: 'कृषी कर्ज मिळविण्यासाठी मी पात्र आहे हे मला कसे समजेल?'
[2026-08-02 23:53:44,430] [INFO] [Sample 2] Pred: 'पीक रोटेशन केल्याने फायदा होतो का? त्याने जमिनीची धूप होणार नाही ना?' | Ref: 'पीक रोटेशन केल्याने फायदा होतो का ? त्याने जमिनीची धूप होणार नाही ना ?'
[2026-08-02 23:53:44,430] [INFO] [Sample 3] Pred: '' | Ref: 'माझे खाते खात असल्यास ते काय करतो आहे? तेव्हा पैसे गनज कसे पाठवण?'
[2026-08-02 23:53:44,432] [INFO] Fold 3 Test Loss: 0.8419  Test BLEU: 40.64  Test chrF: 62.28
[2026-08-02 23:53:47,472] [INFO] Fold 3 complete. GPU memory freed.
[2026-08-02 23:53:47,472] [INFO] 
======================================================================
[2026-08-02 23:53:47,472] [INFO] RUNNING CROSS-VALIDATION: FOLD 4/5
[2026-08-02 23:53:47,472] [INFO] ======================================================================
[2026-08-02 23:53:47,472] [INFO] Fold 4 Training Samples   : 7,504
[2026-08-02 23:53:47,472] [INFO] Fold 4 Validation Samples : 1,875
[2026-08-03 00:04:42,612] [INFO] Generation Length Check: Avg Pred Words = 36.1 | Avg Ref Words = 8.7
[2026-08-03 00:04:42,612] [INFO] [Sample 1] Pred: 'काही तज्ञ आर्थिक संस्थांच्या जिनसीकरणाकडे कल देतात काही तज्ञ आर्थिक संस्थांच्या जिनसीकरणाचा कल देतात आर्थिक संस्थांच्या जिच्या जिनसीकरणासाठी कल देतात काही तज्ञ आर्थिक संस्थेत जिनसीकरणाला कल देतात काही तज्ञ आर्थिक कंपन्यांच्या जिनसांची जिनसीकरणातून जिनसीकरणाची कल देतातचे जिनसीकरणाचे कल देतात काही तज्ञ आर्थिक क्षेत्रात जिनसीकरणाच्या जिनसीकरणात कल देतात' | Ref: 'काही तज्ञ आर्थिक संस्थांच्या जिनसीकरणाकडे कल देतात'
[2026-08-03 00:04:42,612] [INFO] [Sample 2] Pred: 'ग्रामपंचायतमध्ये पानीचा वितरण कार्य आहे, काय काय शिकाया करायचे आहे? पाणी वितरण कार्य कसे शिकावे लागेल, काय काय शिकवायचे आहे? किती शिकायचे आहे, काय शिकाया करस?.?स काय काय शिकायचे आहे का शिकाया कराव्या लागतील? कुठे शिकायचे आहे' | Ref: 'ग्रामपंचायतीत पानीचा वितरण कार्य सुरू आहे, काय काय शिकाया कराव्या?'
[2026-08-03 00:04:42,612] [INFO] [Sample 3] Pred: 'वाणिज्यशाश्राच्या विद्यार्थ्यांना मनी मार्केटबद्दल चांगले शिकवले जाते वाणिज्यशाश्राचे विद्यार्थ्यांना मनी मार्केटमध्ये मनी मार्केटमध्ये चांगले शिक्षण दिले जाते? वाणिज्यशाश्राचा विद्यार्थ्यांना मनी मार्केटविषयी चांगले शिकवले जात आहे?. मनी मार्केटबद्दलचे विद्यार्थ्यांना मनी मार्केटबाबत चांगले शिकवले जातात. विद्यार्थ्यांना मनी मार्केटच्या विद्यार्थ्यांना मनी मार्केटचा अभ्यास केला जातो.' | Ref: 'वाणिज्यशास्त्राच्या विद्यार्थ्यांना मनी मार्केटबद्दल चांगले शिकवले जाते'
[2026-08-03 00:09:03,424] [INFO] Generation Length Check: Avg Pred Words = 7.1 | Avg Ref Words = 8.7
[2026-08-03 00:09:03,424] [INFO] [Sample 1] Pred: 'काही तज्ञ आर्थिक संस्थांच्या जिनसीकरणाकडे कल देतात' | Ref: 'काही तज्ञ आर्थिक संस्थांच्या जिनसीकरणाकडे कल देतात'
[2026-08-03 00:09:03,424] [INFO] [Sample 2] Pred: '' | Ref: 'ग्रामपंचायतीत पानीचा वितरण कार्य सुरू आहे, काय काय शिकाया कराव्या?'
[2026-08-03 00:09:03,424] [INFO] [Sample 3] Pred: 'वाणिज्यशाश्राच्या विद्यार्थ्यांना मनी मार्केटबद्दल चांगले शिकवले जाते' | Ref: 'वाणिज्यशास्त्राच्या विद्यार्थ्यांना मनी मार्केटबद्दल चांगले शिकवले जाते'
[2026-08-03 00:13:19,538] [INFO] Generation Length Check: Avg Pred Words = 5.8 | Avg Ref Words = 8.7
[2026-08-03 00:13:19,538] [INFO] [Sample 1] Pred: 'काही तज्ञ आर्थिक संस्थांच्या जिनसीकरणाकडे कल देतात' | Ref: 'काही तज्ञ आर्थिक संस्थांच्या जिनसीकरणाकडे कल देतात'
[2026-08-03 00:13:19,538] [INFO] [Sample 2] Pred: '' | Ref: 'ग्रामपंचायतीत पानीचा वितरण कार्य सुरू आहे, काय काय शिकाया कराव्या?'
[2026-08-03 00:13:19,538] [INFO] [Sample 3] Pred: 'वाणिज्यशाश्राच्या विद्यार्थ्यांना मनी मार्केटबद्दल चांगले शिकवले जाते' | Ref: 'वाणिज्यशास्त्राच्या विद्यार्थ्यांना मनी मार्केटबद्दल चांगले शिकवले जाते'
[2026-08-03 00:17:34,994] [INFO] Generation Length Check: Avg Pred Words = 5.8 | Avg Ref Words = 8.7
[2026-08-03 00:17:34,995] [INFO] [Sample 1] Pred: 'काही तज्ञ आर्थिक संस्थांच्या जिनसीकरणाकडे कल देतात' | Ref: 'काही तज्ञ आर्थिक संस्थांच्या जिनसीकरणाकडे कल देतात'
[2026-08-03 00:17:34,995] [INFO] [Sample 2] Pred: '' | Ref: 'ग्रामपंचायतीत पानीचा वितरण कार्य सुरू आहे, काय काय शिकाया कराव्या?'
[2026-08-03 00:17:34,995] [INFO] [Sample 3] Pred: 'वाणिज्यशाश्राच्या विद्यार्थ्यांना मनी मार्केटबद्दल चांगले शिकवले जाते' | Ref: 'वाणिज्यशास्त्राच्या विद्यार्थ्यांना मनी मार्केटबद्दल चांगले शिकवले जाते'
[2026-08-03 00:21:44,074] [INFO] Generation Length Check: Avg Pred Words = 5.8 | Avg Ref Words = 8.7
[2026-08-03 00:21:44,074] [INFO] [Sample 1] Pred: 'काही तज्ञ आर्थिक संस्थांच्या जिनसीकरणाकडे कल देतात' | Ref: 'काही तज्ञ आर्थिक संस्थांच्या जिनसीकरणाकडे कल देतात'
[2026-08-03 00:21:44,074] [INFO] [Sample 2] Pred: '' | Ref: 'ग्रामपंचायतीत पानीचा वितरण कार्य सुरू आहे, काय काय शिकाया कराव्या?'
[2026-08-03 00:21:44,075] [INFO] [Sample 3] Pred: 'वाणिज्यशाश्राच्या विद्यार्थ्यांना मनी मार्केटबद्दल चांगले शिकवले जाते' | Ref: 'वाणिज्यशास्त्राच्या विद्यार्थ्यांना मनी मार्केटबद्दल चांगले शिकवले जाते'
[2026-08-03 00:21:56,094] [INFO] Fold 4 Step-Averaged Training Loss: 2.8594
[2026-08-03 00:21:56,094] [INFO] Evaluating Fold 4 on CV Validation Split (1,875 samples)...
[2026-08-03 00:23:43,820] [INFO] Generation Length Check: Avg Pred Words = 5.8 | Avg Ref Words = 8.7
[2026-08-03 00:23:43,820] [INFO] [Sample 1] Pred: 'काही तज्ञ आर्थिक संस्थांच्या जिनसीकरणाकडे कल देतात' | Ref: 'काही तज्ञ आर्थिक संस्थांच्या जिनसीकरणाकडे कल देतात'
[2026-08-03 00:23:43,820] [INFO] [Sample 2] Pred: '' | Ref: 'ग्रामपंचायतीत पानीचा वितरण कार्य सुरू आहे, काय काय शिकाया कराव्या?'
[2026-08-03 00:23:43,820] [INFO] [Sample 3] Pred: 'वाणिज्यशाश्राच्या विद्यार्थ्यांना मनी मार्केटबद्दल चांगले शिकवले जाते' | Ref: 'वाणिज्यशास्त्राच्या विद्यार्थ्यांना मनी मार्केटबद्दल चांगले शिकवले जाते'
[2026-08-03 00:23:43,821] [INFO] Fold 4 Val Loss: 0.7989  Val BLEU: 44.15  Val chrF: 64.60
[2026-08-03 00:23:43,821] [INFO] Evaluating Fold 4 on Held-Out Test Set (1,656 samples)...
[2026-08-03 00:25:18,502] [INFO] Generation Length Check: Avg Pred Words = 5.6 | Avg Ref Words = 8.8
[2026-08-03 00:25:18,502] [INFO] [Sample 1] Pred: 'कृषी कर्ज मिळविण्यासाठी मी पात्र असल्याचे मला कसे समजेल?' | Ref: 'कृषी कर्ज मिळविण्यासाठी मी पात्र आहे हे मला कसे समजेल?'
[2026-08-03 00:25:18,502] [INFO] [Sample 2] Pred: 'पीक रोटेशन केल्याने फायदा होतो का? त्याने जमिनीची धूप होणार नाही ना?' | Ref: 'पीक रोटेशन केल्याने फायदा होतो का ? त्याने जमिनीची धूप होणार नाही ना ?'
[2026-08-03 00:25:18,502] [INFO] [Sample 3] Pred: '' | Ref: 'माझे खाते खात असल्यास ते काय करतो आहे? तेव्हा पैसे गनज कसे पाठवण?'
[2026-08-03 00:25:18,504] [INFO] Fold 4 Test Loss: 0.8420  Test BLEU: 40.81  Test chrF: 62.50
[2026-08-03 00:25:21,483] [INFO] Fold 4 complete. GPU memory freed.
[2026-08-03 00:25:21,483] [INFO] 
======================================================================
[2026-08-03 00:25:21,483] [INFO] RUNNING CROSS-VALIDATION: FOLD 5/5
[2026-08-03 00:25:21,483] [INFO] ======================================================================
[2026-08-03 00:25:21,484] [INFO] Fold 5 Training Samples   : 7,500
[2026-08-03 00:25:21,484] [INFO] Fold 5 Validation Samples : 1,879
[2026-08-03 00:36:47,921] [INFO] Generation Length Check: Avg Pred Words = 37.8 | Avg Ref Words = 8.8
[2026-08-03 00:36:47,921] [INFO] [Sample 1] Pred: 'मला कोणत्या बँकेत नेटबँकिंग करायचे आहे? कोणत्या बँकेत इंटरनेटबँकिंग केले आहे? मला कोणत्या बँकेतून नेटबँकींगमध्ये नेटबँकर्सचा वापर करावा लागेल? कुठे कुठे कुठे जावे लागेल?' | Ref: 'मला कोणत्या बँकेत नेटबँकिंग करावी?'
[2026-08-03 00:36:47,921] [INFO] [Sample 2] Pred: 'शेतासाठी किती कोटी पावसाची गरज असते? किती कोटी पावसाची आवश्यकता असते? किती कोटी पावसासाठी किती कोटी पावसाची मागणी असते? किती कोटी पावसाची आवश् यांपेक्षा जास्त पाऊस पडतो?' | Ref: 'शेतासाठी किती पावसाची गरज असते?'
[2026-08-03 00:36:47,921] [INFO] [Sample 3] Pred: 'आमचे मित्राला काय क्रेडिट कार्ड लागेल? आमचे मित्राला किती क्रेडिट कार्ड लागेल का क्रेडिट कार्ड लागेल. आमचे मित्राला कसे क्रेडिट कार्ड लागते? आमचे मित्राला कुठे क्रेडिट कार्ड लागेल तुला काय क्रेडिट कार्ड लागतील?चे क्रेडिट कार्ड मिळेल?च क्रेडिट कार्ड लागते.' | Ref: 'आमच्या मित्राला क्रेडिट कार्ड लागत आहे का?'
[2026-08-03 00:41:06,074] [INFO] Generation Length Check: Avg Pred Words = 6.7 | Avg Ref Words = 8.8
[2026-08-03 00:41:06,075] [INFO] [Sample 1] Pred: 'मला कोणत्या बँकेत नेटबँकिंग करायचे आहे?' | Ref: 'मला कोणत्या बँकेत नेटबँकिंग करावी?'
[2026-08-03 00:41:06,075] [INFO] [Sample 2] Pred: 'शेतासाठी किती कोटी पावसाची गरज असते?' | Ref: 'शेतासाठी किती पावसाची गरज असते?'
[2026-08-03 00:41:06,075] [INFO] [Sample 3] Pred: 'आमचे मित्राला काय क्रेडिट कार्ड लागेल?' | Ref: 'आमच्या मित्राला क्रेडिट कार्ड लागत आहे का?'
[2026-08-03 00:45:26,206] [INFO] Generation Length Check: Avg Pred Words = 5.8 | Avg Ref Words = 8.8
[2026-08-03 00:45:26,206] [INFO] [Sample 1] Pred: 'मला कोणत्या बँकेत नेटबँकिंग करायचे आहे?' | Ref: 'मला कोणत्या बँकेत नेटबँकिंग करावी?'
[2026-08-03 00:45:26,206] [INFO] [Sample 2] Pred: 'शेतासाठी किती कोटी पावसाची गरज असते?' | Ref: 'शेतासाठी किती पावसाची गरज असते?'
[2026-08-03 00:45:26,206] [INFO] [Sample 3] Pred: 'आमचे मित्राला काय क्रेडिट कार्ड लागेल?' | Ref: 'आमच्या मित्राला क्रेडिट कार्ड लागत आहे का?'
[2026-08-03 00:49:43,647] [INFO] Generation Length Check: Avg Pred Words = 5.6 | Avg Ref Words = 8.8
[2026-08-03 00:49:43,647] [INFO] [Sample 1] Pred: 'मला कोणत्या बँकेत नेटबँकिंग करायचे आहे?' | Ref: 'मला कोणत्या बँकेत नेटबँकिंग करावी?'
[2026-08-03 00:49:43,648] [INFO] [Sample 2] Pred: 'शेतासाठी किती कोटी पावसाची गरज असते?' | Ref: 'शेतासाठी किती पावसाची गरज असते?'
[2026-08-03 00:49:43,648] [INFO] [Sample 3] Pred: 'आमचे मित्राला काय क्रेडिट कार्ड लागेल?' | Ref: 'आमच्या मित्राला क्रेडिट कार्ड लागत आहे का?'
[2026-08-03 00:54:01,346] [INFO] Generation Length Check: Avg Pred Words = 5.7 | Avg Ref Words = 8.8
[2026-08-03 00:54:01,346] [INFO] [Sample 1] Pred: 'मला कोणत्या बँकेत नेटबँकिंग करायचे आहे?' | Ref: 'मला कोणत्या बँकेत नेटबँकिंग करावी?'
[2026-08-03 00:54:01,346] [INFO] [Sample 2] Pred: 'शेतासाठी किती कोटी पावसाची गरज असते?' | Ref: 'शेतासाठी किती पावसाची गरज असते?'
[2026-08-03 00:54:01,346] [INFO] [Sample 3] Pred: 'आमचे मित्राला काय क्रेडिट कार्ड लागेल?' | Ref: 'आमच्या मित्राला क्रेडिट कार्ड लागत आहे का?'
[2026-08-03 00:54:13,337] [INFO] Fold 5 Step-Averaged Training Loss: 2.8500
[2026-08-03 00:54:13,337] [INFO] Evaluating Fold 5 on CV Validation Split (1,879 samples)...
[2026-08-03 00:56:02,082] [INFO] Generation Length Check: Avg Pred Words = 5.7 | Avg Ref Words = 8.8
[2026-08-03 00:56:02,083] [INFO] [Sample 1] Pred: 'मला कोणत्या बँकेत नेटबँकिंग करायचे आहे?' | Ref: 'मला कोणत्या बँकेत नेटबँकिंग करावी?'
[2026-08-03 00:56:02,083] [INFO] [Sample 2] Pred: 'शेतासाठी किती कोटी पावसाची गरज असते?' | Ref: 'शेतासाठी किती पावसाची गरज असते?'
[2026-08-03 00:56:02,083] [INFO] [Sample 3] Pred: 'आमचे मित्राला काय क्रेडिट कार्ड लागेल?' | Ref: 'आमच्या मित्राला क्रेडिट कार्ड लागत आहे का?'
[2026-08-03 00:56:02,084] [INFO] Fold 5 Val Loss: 0.8032  Val BLEU: 42.75  Val chrF: 63.66
[2026-08-03 00:56:02,085] [INFO] Evaluating Fold 5 on Held-Out Test Set (1,656 samples)...
[2026-08-03 00:57:36,593] [INFO] Generation Length Check: Avg Pred Words = 5.6 | Avg Ref Words = 8.8
[2026-08-03 00:57:36,593] [INFO] [Sample 1] Pred: 'कृषी कर्ज मिळविण्यासाठी मी पात्र असल्याचे मला कसे समजेल?' | Ref: 'कृषी कर्ज मिळविण्यासाठी मी पात्र आहे हे मला कसे समजेल?'
[2026-08-03 00:57:36,593] [INFO] [Sample 2] Pred: 'पीक रोटेशन केल्याने फायदा होतो का? त्याने जमिनीची धूप होणार नाही ना?' | Ref: 'पीक रोटेशन केल्याने फायदा होतो का ? त्याने जमिनीची धूप होणार नाही ना ?'
[2026-08-03 00:57:36,594] [INFO] [Sample 3] Pred: '' | Ref: 'माझे खाते खात असल्यास ते काय करतो आहे? तेव्हा पैसे गनज कसे पाठवण?'
[2026-08-03 00:57:36,595] [INFO] Fold 5 Test Loss: 0.8423  Test BLEU: 40.61  Test chrF: 62.36
[2026-08-03 00:57:39,533] [INFO] Fold 5 complete. GPU memory freed.
[2026-08-03 00:57:39,543] [INFO] 
======================================================================
[2026-08-03 00:57:39,543] [INFO] 3-FOLD CROSS VALIDATION & TEST EVALUATION COMPLETED!
[2026-08-03 00:57:39,544] [INFO] ======================================================================
[2026-08-03 00:57:39,544] [INFO] Avg Val  Loss: 0.8082  |  BLEU: 42.97  |  chrF: 63.82
[2026-08-03 00:57:39,544] [INFO] Avg Test Loss: 0.8423  |  BLEU: 40.51  |  chrF: 62.21
[2026-08-03 00:57:39,544] [INFO] CV Summary saved to: D:\dialect-norm\models\indicbart_d2_32k\cv_summary.json
[2026-08-03 00:57:39,544] [INFO] CV Summary saved to: D:\dialect-norm\models\indicbart_d2_32k\cv_summary.yaml
[2026-08-03 00:57:39,544] [INFO] ======================================================================
[2026-08-03 00:57:39,646] [INFO] SUCCESS: Completed variant D2 (Ahirani 32k - 11,035 pairs)
[2026-08-03 00:57:39,646] [INFO] 
################################################################################
[2026-08-03 00:57:39,646] [INFO] VARIANT 3/4: Running training for D4 (Varhadi 32k - 10,155 pairs)
[2026-08-03 00:57:39,646] [INFO] ################################################################################

