[2026-08-06 05:19:36,838] [INFO] Training log file: D:\dialect-norm\logs\train_indicbart_raw_unverified_32k.log
[2026-08-06 05:19:36,838] [INFO] ======================================================================
[2026-08-06 05:19:36,838] [INFO] INDICBART FINE-TUNING (OPTION B: 85/15 STRATIFIED SPLIT + 5-FOLD CV)
[2026-08-06 05:19:36,838] [INFO] ======================================================================
[2026-08-06 05:19:36,838] [INFO] Target Model            : ai4bharat/IndicBART
[2026-08-06 05:19:36,839] [INFO] Output Directory        : D:\dialect-norm\models\indicbart_raw_unverified_32k
[2026-08-06 05:19:36,839] [INFO] Epochs per Fold         : 5
[2026-08-06 05:19:36,839] [INFO] Batch Size              : 16
[2026-08-06 05:19:36,839] [INFO] Gradient Accum Steps    : 2
[2026-08-06 05:19:36,839] [INFO] Effective Batch Size    : 32
[2026-08-06 05:19:36,839] [INFO] Learning Rate           : 5e-05
[2026-08-06 05:19:36,839] [INFO] Weight Decay            : 0.01
[2026-08-06 05:19:36,839] [INFO] Warmup Ratio            : 0.1
[2026-08-06 05:19:36,839] [INFO] Early Stopping Patience : 2
[2026-08-06 05:19:36,839] [INFO] Max Input / Target Len  : 128 / 128
[2026-08-06 05:19:36,839] [INFO] Random Seed             : 42
[2026-08-06 05:19:36,839] [INFO] ======================================================================
[2026-08-06 05:19:37,207] [INFO] Loaded 19,914 parallel samples from 1 CSV file(s).
[2026-08-06 05:19:37,228] [INFO] Total Dataset Size      : 19,914 pairs
[2026-08-06 05:19:37,228] [INFO] 85% Training Pool       : 16,925 pairs
[2026-08-06 05:19:37,229] [INFO] 15% Held-Out Test       : 2,989 pairs
[2026-08-06 05:19:37,237] [INFO]   Train Pool distribution: {'D1': 5921, 'D2': 5947, 'D4': 5057}
[2026-08-06 05:19:37,239] [INFO]   Test Set distribution: {'D2': 1050, 'D1': 1046, 'D4': 893}
[2026-08-06 05:19:39,756] [INFO] HTTP Request: GET https://huggingface.co/api/agent-harnesses "HTTP/1.1 200 OK"
[2026-08-06 05:19:41,948] [INFO] 
======================================================================
[2026-08-06 05:19:41,949] [INFO] RUNNING CROSS-VALIDATION: FOLD 1/5
[2026-08-06 05:19:41,949] [INFO] ======================================================================
[2026-08-06 05:19:41,949] [INFO] Fold 1 Training Samples   : 13,540
[2026-08-06 05:19:41,949] [INFO] Fold 1 Validation Samples : 3,385
[2026-08-06 05:27:21,333] [INFO] Generation Length Check: Avg Pred Words = 7.9 | Avg Ref Words = 8.7
[2026-08-06 05:27:21,333] [INFO] [Sample 1] Pred: 'मी जमीन आरोग्य कार्ड योजनेअंतर्गत माझ्या शेताची तपासणी केली आहे' | Ref: 'मी जमीन आरोग्य कार्ड योजनेअंतर्गत माझ्या शेताची तपासणी केली आहे.'
[2026-08-06 05:27:21,377] [INFO] [Sample 2] Pred: 'कमर्शियल बँकेद्वारे व्यक्तिगत कर्ज, व्यवसायिक कर्ज, तारण कर्ज, दिला जातो.' | Ref: 'कमर्शियल बँकेद्वारे व्यक्तिगत कर्ज, व्यावसायिक कर्ज, तारण कर्ज दिले जाते.'
[2026-08-06 05:27:21,378] [INFO] [Sample 3] Pred: 'कृषी उपकरणे विकत घेण्यासाठी अनेक प्रकारचे ऍप्स आहेत जसे जलवायु ॲप , मशीनरीगाईड इत्यादी' | Ref: 'कृषी उपकरणे विकत घेण्यासाठी अनेक प्रकारचे ॲप्स आहेत जसे हवामान ॲप, मशीनरीगाइड इत्यादी'
[2026-08-06 05:35:07,286] [INFO] Generation Length Check: Avg Pred Words = 5.7 | Avg Ref Words = 8.7
[2026-08-06 05:35:07,286] [INFO] [Sample 1] Pred: 'मी जमीन आरोग्य कार्ड योजनेअंतर्गत माझ्या शेताची तपासणी केली आहे' | Ref: 'मी जमीन आरोग्य कार्ड योजनेअंतर्गत माझ्या शेताची तपासणी केली आहे.'
[2026-08-06 05:35:07,288] [INFO] [Sample 2] Pred: 'कमर्शियल बँकेद्वारे व्यक्तिगत कर्ज, व्यवसायिक कर्ज, तारण कर्ज, दिला जातो.' | Ref: 'कमर्शियल बँकेद्वारे व्यक्तिगत कर्ज, व्यावसायिक कर्ज, तारण कर्ज दिले जाते.'
[2026-08-06 05:35:07,290] [INFO] [Sample 3] Pred: 'कृषी उपकरणे विकत घेण्यासाठी अनेक प्रकारचे ऍप्स आहेत जसे जलवायु ॲप, मशीनरीगाईड इत्यादी' | Ref: 'कृषी उपकरणे विकत घेण्यासाठी अनेक प्रकारचे ॲप्स आहेत जसे हवामान ॲप, मशीनरीगाइड इत्यादी'
[2026-08-06 05:42:37,446] [INFO] Generation Length Check: Avg Pred Words = 5.7 | Avg Ref Words = 8.7
[2026-08-06 05:42:37,446] [INFO] [Sample 1] Pred: 'मी जमीन आरोग्य कार्ड योजनेअंतर्गत माझ्या शेताची तपासणी केली आहे' | Ref: 'मी जमीन आरोग्य कार्ड योजनेअंतर्गत माझ्या शेताची तपासणी केली आहे.'
[2026-08-06 05:42:37,449] [INFO] [Sample 2] Pred: 'कमर्शियल बँकेद्वारे व्यक्तिगत कर्ज, व्यवसायिक कर्ज, तारण कर्ज, दिला जातो.' | Ref: 'कमर्शियल बँकेद्वारे व्यक्तिगत कर्ज, व्यावसायिक कर्ज, तारण कर्ज दिले जाते.'
[2026-08-06 05:42:37,450] [INFO] [Sample 3] Pred: 'कृषी उपकरणे विकत घेण्यासाठी अनेक प्रकारचे ऍप्स आहेत जसे जलवायु ॲप, मशीनरीगाईड इत्यादी' | Ref: 'कृषी उपकरणे विकत घेण्यासाठी अनेक प्रकारचे ॲप्स आहेत जसे हवामान ॲप, मशीनरीगाइड इत्यादी'
[2026-08-06 05:50:04,197] [INFO] Generation Length Check: Avg Pred Words = 5.8 | Avg Ref Words = 8.7
[2026-08-06 05:50:04,197] [INFO] [Sample 1] Pred: 'मी जमीन आरोग्य कार्ड योजनेअंतर्गत माझ्या शेताची तपासणी केली आहे' | Ref: 'मी जमीन आरोग्य कार्ड योजनेअंतर्गत माझ्या शेताची तपासणी केली आहे.'
[2026-08-06 05:50:04,200] [INFO] [Sample 2] Pred: 'कमर्शियल बँकेद्वारे व्यक्तिगत कर्ज, व्यवसायिक कर्ज, तारण कर्ज, दिला जातो.' | Ref: 'कमर्शियल बँकेद्वारे व्यक्तिगत कर्ज, व्यावसायिक कर्ज, तारण कर्ज दिले जाते.'
[2026-08-06 05:50:04,201] [INFO] [Sample 3] Pred: 'कृषी उपकरणे विकत घेण्यासाठी अनेक प्रकारचे ऍप्स आहेत जसे जलवायु ॲप, मशीनरीगाईड इत्यादी' | Ref: 'कृषी उपकरणे विकत घेण्यासाठी अनेक प्रकारचे ॲप्स आहेत जसे हवामान ॲप, मशीनरीगाइड इत्यादी'
[2026-08-06 05:57:35,965] [INFO] Generation Length Check: Avg Pred Words = 5.8 | Avg Ref Words = 8.7
[2026-08-06 05:57:35,965] [INFO] [Sample 1] Pred: 'मी जमीन आरोग्य कार्ड योजनेअंतर्गत माझ्या शेताची तपासणी केली आहे' | Ref: 'मी जमीन आरोग्य कार्ड योजनेअंतर्गत माझ्या शेताची तपासणी केली आहे.'
[2026-08-06 05:57:35,967] [INFO] [Sample 2] Pred: 'कमर्शियल बँकेद्वारे व्यक्तिगत कर्ज, व्यवसायिक कर्ज, तारण कर्ज दिला जातो.' | Ref: 'कमर्शियल बँकेद्वारे व्यक्तिगत कर्ज, व्यावसायिक कर्ज, तारण कर्ज दिले जाते.'
[2026-08-06 05:57:35,969] [INFO] [Sample 3] Pred: 'कृषी उपकरणे विकत घेण्यासाठी अनेक प्रकारचे ऍप्स आहेत जसे जलवायु ॲप, मशीनरीगाईड इत्यादी' | Ref: 'कृषी उपकरणे विकत घेण्यासाठी अनेक प्रकारचे ॲप्स आहेत जसे हवामान ॲप, मशीनरीगाइड इत्यादी'
[2026-08-06 05:57:49,816] [INFO] Fold 1 Step-Averaged Training Loss: 2.2530
[2026-08-06 05:57:49,817] [INFO] Evaluating Fold 1 on CV Validation Split (3,385 samples)...
[2026-08-06 06:01:07,483] [INFO] Generation Length Check: Avg Pred Words = 5.8 | Avg Ref Words = 8.7
[2026-08-06 06:01:07,483] [INFO] [Sample 1] Pred: 'मी जमीन आरोग्य कार्ड योजनेअंतर्गत माझ्या शेताची तपासणी केली आहे' | Ref: 'मी जमीन आरोग्य कार्ड योजनेअंतर्गत माझ्या शेताची तपासणी केली आहे.'
[2026-08-06 06:01:07,485] [INFO] [Sample 2] Pred: 'कमर्शियल बँकेद्वारे व्यक्तिगत कर्ज, व्यवसायिक कर्ज, तारण कर्ज दिला जातो.' | Ref: 'कमर्शियल बँकेद्वारे व्यक्तिगत कर्ज, व्यावसायिक कर्ज, तारण कर्ज दिले जाते.'
[2026-08-06 06:01:07,487] [INFO] [Sample 3] Pred: 'कृषी उपकरणे विकत घेण्यासाठी अनेक प्रकारचे ऍप्स आहेत जसे जलवायु ॲप, मशीनरीगाईड इत्यादी' | Ref: 'कृषी उपकरणे विकत घेण्यासाठी अनेक प्रकारचे ॲप्स आहेत जसे हवामान ॲप, मशीनरीगाइड इत्यादी'
[2026-08-06 06:01:07,493] [INFO] Fold 1 Val Loss: 0.7244  Val BLEU: 44.60  Val chrF: 65.98
[2026-08-06 06:01:07,493] [INFO] Evaluating Fold 1 on Held-Out Test Set (2,989 samples)...
[2026-08-06 06:04:04,810] [INFO] Generation Length Check: Avg Pred Words = 5.8 | Avg Ref Words = 8.8
[2026-08-06 06:04:04,810] [INFO] [Sample 1] Pred: '' | Ref: 'शेतकऱ्यांना पेरणीसाठी कर्जरुपी आवश्यक भांडवल मिळते का?'
[2026-08-06 06:04:04,812] [INFO] [Sample 2] Pred: '' | Ref: 'वित्तीय योजनेत स्टॅन्ड अप इंडिया योजना, प्रधान मंत्री मुद्रा योजना, प्रधान मंत्री सुरक्षा विमा योजना होती.'
[2026-08-06 06:04:04,814] [INFO] [Sample 3] Pred: '' | Ref: 'जिरे हा जिरे सायमिनम या वनस्पतीपासून मिळणारा मसाला आहे'
[2026-08-06 06:04:04,818] [INFO] Fold 1 Test Loss: 0.7272  Test BLEU: 43.15  Test chrF: 64.62
[2026-08-06 06:04:04,820] [INFO] Running per-dialect test evaluation breakdown...
[2026-08-06 06:05:05,635] [INFO] Generation Length Check: Avg Pred Words = 4.8 | Avg Ref Words = 8.9
[2026-08-06 06:05:05,635] [INFO] [Sample 1] Pred: '' | Ref: 'वित्तीय योजनेत स्टॅन्ड अप इंडिया योजना, प्रधान मंत्री मुद्रा योजना, प्रधान मंत्री सुरक्षा विमा योजना होती.'
[2026-08-06 06:05:05,636] [INFO] [Sample 2] Pred: 'अंजीर फायकस कॅरीकाचा खाण्याचा फळ हा' | Ref: 'हे अंजीर फायकसचे खाण्याचा फळ आहे.'
[2026-08-06 06:05:05,638] [INFO] [Sample 3] Pred: '' | Ref: 'सरकार चालू खर्चासाठी तसेच मोठ्या भांडवली प्रकल्पांसाठी कर्ज जारी करते'
[2026-08-06 06:05:05,641] [INFO]   [D1] Test Samples: 1,046 | Loss: 0.8074 | BLEU: 24.44 | chrF: 51.68
[2026-08-06 06:06:09,216] [INFO] Generation Length Check: Avg Pred Words = 5.4 | Avg Ref Words = 8.9
[2026-08-06 06:06:09,216] [INFO] [Sample 1] Pred: '' | Ref: 'शेतकऱ्यांना पेरणीसाठी कर्जरुपी आवश्यक भांडवल मिळते का?'
[2026-08-06 06:06:09,218] [INFO] [Sample 2] Pred: '' | Ref: 'जिरे हा जिरे सायमिनम या वनस्पतीपासून मिळणारा मसाला आहे'
[2026-08-06 06:06:09,220] [INFO] [Sample 3] Pred: 'इंडिया स्टॉक मार्केट अपडेट्समध्ये सर्व नवीन स्टॉक मार्केट बातम्या येतात' | Ref: 'इंडिया स्टॉक मार्केट अपडेट्समध्ये सर्व नवीन स्टॉक मार्केट बातम्या येतात'
[2026-08-06 06:06:09,222] [INFO]   [D2] Test Samples: 1,050 | Loss: 0.8800 | BLEU: 39.83 | chrF: 60.50
[2026-08-06 06:06:59,018] [INFO] Generation Length Check: Avg Pred Words = 7.4 | Avg Ref Words = 8.6
[2026-08-06 06:06:59,018] [INFO] [Sample 1] Pred: '' | Ref: 'प्रसो बाजरी हे उष्ण हवामानाचे पीक आहे'
[2026-08-06 06:06:59,020] [INFO] [Sample 2] Pred: 'फवारणीचा वापर शेतात खत आणि कीटकनाशके फवारणीसाठी केला जातो' | Ref: 'फवारणीचा वापर शेतात खत आणि कीटकनाशके फवारणीसाठी केला जातो'
[2026-08-06 06:06:59,022] [INFO] [Sample 3] Pred: 'कोकून रेशीम किड्याने प्युपा म्हणून त्याच्या विकासाचे रक्षण करण्यासाठी बनवले आहे' | Ref: 'कोकून रेशीम किड्याने प्युपा म्हणून त्याच्या विकासाचे रक्षण करण्यासाठी बनवले आहे'
[2026-08-06 06:06:59,024] [INFO]   [D4] Test Samples: 893 | Loss: 0.4533 | BLEU: 69.98 | chrF: 83.92
[2026-08-06 06:07:02,778] [INFO] Fold 1 complete. GPU memory freed.
[2026-08-06 06:07:02,778] [INFO] 
======================================================================
[2026-08-06 06:07:02,778] [INFO] RUNNING CROSS-VALIDATION: FOLD 2/5
[2026-08-06 06:07:02,778] [INFO] ======================================================================
[2026-08-06 06:07:02,779] [INFO] Fold 2 Training Samples   : 13,540
[2026-08-06 06:07:02,779] [INFO] Fold 2 Validation Samples : 3,385
[2026-08-06 06:14:16,931] [INFO] Generation Length Check: Avg Pred Words = 8.0 | Avg Ref Words = 8.8
[2026-08-06 06:14:16,931] [INFO] [Sample 1] Pred: 'सुपरमार्केटमध्ये येगयेगळ्या प्रकारचे आणि पिऊचे पदार्थ आणि घरगुती उत्पादन असतत.' | Ref: 'सुपरमार्केटमध्ये वेगवेगळ्या प्रकारचे खाऊचे आणि पिऊचे पदार्थ आणि घरगुती उत्पादने असतात.'
[2026-08-06 06:14:16,933] [INFO] [Sample 2] Pred: 'सोयाबीनची साठवण कशी करावी?' | Ref: 'सोयाबीनची साठवण कशी करावी?'
[2026-08-06 06:14:16,935] [INFO] [Sample 3] Pred: 'विश्लेषक आणि बाजार द्वारा वापसीची निश्चित जोखीम मोफत दर मानले जाते' | Ref: 'विश्लेषक आणि बाजार द्वारा वापसीची निश्चित जोखीम मोफत दर मानले जाते'
[2026-08-06 06:21:41,298] [INFO] Generation Length Check: Avg Pred Words = 5.8 | Avg Ref Words = 8.8
[2026-08-06 06:21:41,298] [INFO] [Sample 1] Pred: '' | Ref: 'सुपरमार्केटमध्ये वेगवेगळ्या प्रकारचे खाऊचे आणि पिऊचे पदार्थ आणि घरगुती उत्पादने असतात.'
[2026-08-06 06:21:41,300] [INFO] [Sample 2] Pred: 'सोयाबीनची साठवण कशी करावी?' | Ref: 'सोयाबीनची साठवण कशी करावी?'
[2026-08-06 06:21:41,302] [INFO] [Sample 3] Pred: 'विश्लेषक आणि बाजार द्वारा वापसीची निश्चित जोखीम मोफत दर मानले जाते' | Ref: 'विश्लेषक आणि बाजार द्वारा वापसीची निश्चित जोखीम मोफत दर मानले जाते'
[2026-08-06 06:29:05,956] [INFO] Generation Length Check: Avg Pred Words = 5.7 | Avg Ref Words = 8.8
[2026-08-06 06:29:05,956] [INFO] [Sample 1] Pred: '' | Ref: 'सुपरमार्केटमध्ये वेगवेगळ्या प्रकारचे खाऊचे आणि पिऊचे पदार्थ आणि घरगुती उत्पादने असतात.'
[2026-08-06 06:29:05,958] [INFO] [Sample 2] Pred: 'सोयाबीनची साठवण कशी करावी?' | Ref: 'सोयाबीनची साठवण कशी करावी?'
[2026-08-06 06:29:05,960] [INFO] [Sample 3] Pred: 'विश्लेषक आणि बाजार द्वारा वापसीची निश्चित जोखीम मोफत दर मानले जाते' | Ref: 'विश्लेषक आणि बाजार द्वारा वापसीची निश्चित जोखीम मोफत दर मानले जाते'
[2026-08-06 06:36:30,030] [INFO] Generation Length Check: Avg Pred Words = 5.9 | Avg Ref Words = 8.8
[2026-08-06 06:36:30,030] [INFO] [Sample 1] Pred: '' | Ref: 'सुपरमार्केटमध्ये वेगवेगळ्या प्रकारचे खाऊचे आणि पिऊचे पदार्थ आणि घरगुती उत्पादने असतात.'
[2026-08-06 06:36:30,032] [INFO] [Sample 2] Pred: 'सोयाबीनची साठवण कशी करावी?' | Ref: 'सोयाबीनची साठवण कशी करावी?'
[2026-08-06 06:36:30,034] [INFO] [Sample 3] Pred: 'विश्लेषक आणि बाजार द्वारा वापसीची निश्चित जोखीम मोफत दर मानले जाते' | Ref: 'विश्लेषक आणि बाजार द्वारा वापसीची निश्चित जोखीम मोफत दर मानले जाते'
[2026-08-06 06:43:50,944] [INFO] Generation Length Check: Avg Pred Words = 5.9 | Avg Ref Words = 8.8
[2026-08-06 06:43:50,944] [INFO] [Sample 1] Pred: '' | Ref: 'सुपरमार्केटमध्ये वेगवेगळ्या प्रकारचे खाऊचे आणि पिऊचे पदार्थ आणि घरगुती उत्पादने असतात.'
[2026-08-06 06:43:50,946] [INFO] [Sample 2] Pred: 'सोयाबीनची साठवण कशी करावी?' | Ref: 'सोयाबीनची साठवण कशी करावी?'
[2026-08-06 06:43:50,948] [INFO] [Sample 3] Pred: 'विश्लेषक आणि बाजार द्वारा वापसीची निश्चित जोखीम मोफत दर मानले जाते' | Ref: 'विश्लेषक आणि बाजार द्वारा वापसीची निश्चित जोखीम मोफत दर मानले जाते'
[2026-08-06 06:44:06,936] [INFO] Fold 2 Step-Averaged Training Loss: 2.2614
[2026-08-06 06:44:06,936] [INFO] Evaluating Fold 2 on CV Validation Split (3,385 samples)...
[2026-08-06 06:47:22,703] [INFO] Generation Length Check: Avg Pred Words = 5.9 | Avg Ref Words = 8.8
[2026-08-06 06:47:22,703] [INFO] [Sample 1] Pred: '' | Ref: 'सुपरमार्केटमध्ये वेगवेगळ्या प्रकारचे खाऊचे आणि पिऊचे पदार्थ आणि घरगुती उत्पादने असतात.'
[2026-08-06 06:47:22,705] [INFO] [Sample 2] Pred: 'सोयाबीनची साठवण कशी करावी?' | Ref: 'सोयाबीनची साठवण कशी करावी?'
[2026-08-06 06:47:22,707] [INFO] [Sample 3] Pred: 'विश्लेषक आणि बाजार द्वारा वापसीची निश्चित जोखीम मोफत दर मानले जाते' | Ref: 'विश्लेषक आणि बाजार द्वारा वापसीची निश्चित जोखीम मोफत दर मानले जाते'
[2026-08-06 06:47:22,710] [INFO] Fold 2 Val Loss: 0.7088  Val BLEU: 45.03  Val chrF: 65.79
[2026-08-06 06:47:22,711] [INFO] Evaluating Fold 2 on Held-Out Test Set (2,989 samples)...
[2026-08-06 06:50:19,282] [INFO] Generation Length Check: Avg Pred Words = 5.8 | Avg Ref Words = 8.8
[2026-08-06 06:50:19,282] [INFO] [Sample 1] Pred: '' | Ref: 'शेतकऱ्यांना पेरणीसाठी कर्जरुपी आवश्यक भांडवल मिळते का?'
[2026-08-06 06:50:19,284] [INFO] [Sample 2] Pred: '' | Ref: 'वित्तीय योजनेत स्टॅन्ड अप इंडिया योजना, प्रधान मंत्री मुद्रा योजना, प्रधान मंत्री सुरक्षा विमा योजना होती.'
[2026-08-06 06:50:19,286] [INFO] [Sample 3] Pred: '' | Ref: 'जिरे हा जिरे सायमिनम या वनस्पतीपासून मिळणारा मसाला आहे'
[2026-08-06 06:50:19,289] [INFO] Fold 2 Test Loss: 0.7259  Test BLEU: 43.08  Test chrF: 64.50
[2026-08-06 06:50:19,291] [INFO] Running per-dialect test evaluation breakdown...
[2026-08-06 06:51:20,620] [INFO] Generation Length Check: Avg Pred Words = 4.9 | Avg Ref Words = 8.9
[2026-08-06 06:51:20,620] [INFO] [Sample 1] Pred: '' | Ref: 'वित्तीय योजनेत स्टॅन्ड अप इंडिया योजना, प्रधान मंत्री मुद्रा योजना, प्रधान मंत्री सुरक्षा विमा योजना होती.'
[2026-08-06 06:51:20,622] [INFO] [Sample 2] Pred: 'अंजीर फायकस कॅरीकाचा खाण्याचा फळ हा' | Ref: 'हे अंजीर फायकसचे खाण्याचा फळ आहे.'
[2026-08-06 06:51:20,624] [INFO] [Sample 3] Pred: '' | Ref: 'सरकार चालू खर्चासाठी तसेच मोठ्या भांडवली प्रकल्पांसाठी कर्ज जारी करते'
[2026-08-06 06:51:20,626] [INFO]   [D1] Test Samples: 1,046 | Loss: 0.8058 | BLEU: 24.74 | chrF: 51.79
[2026-08-06 06:52:24,262] [INFO] Generation Length Check: Avg Pred Words = 5.4 | Avg Ref Words = 8.9
[2026-08-06 06:52:24,262] [INFO] [Sample 1] Pred: '' | Ref: 'शेतकऱ्यांना पेरणीसाठी कर्जरुपी आवश्यक भांडवल मिळते का?'
[2026-08-06 06:52:24,264] [INFO] [Sample 2] Pred: '' | Ref: 'जिरे हा जिरे सायमिनम या वनस्पतीपासून मिळणारा मसाला आहे'
[2026-08-06 06:52:24,265] [INFO] [Sample 3] Pred: 'इंडिया स्टॉक मार्केट अपडेट्समध्ये सर्व नवनवीन स्टॉक मार्केट बातम्या येतात' | Ref: 'इंडिया स्टॉक मार्केट अपडेट्समध्ये सर्व नवीन स्टॉक मार्केट बातम्या येतात'
[2026-08-06 06:52:24,268] [INFO]   [D2] Test Samples: 1,050 | Loss: 0.8798 | BLEU: 39.81 | chrF: 60.52
[2026-08-06 06:53:14,671] [INFO] Generation Length Check: Avg Pred Words = 7.3 | Avg Ref Words = 8.6
[2026-08-06 06:53:14,671] [INFO] [Sample 1] Pred: '' | Ref: 'प्रसो बाजरी हे उष्ण हवामानाचे पीक आहे'
[2026-08-06 06:53:14,673] [INFO] [Sample 2] Pred: 'फवारणीचा वापर शेतात खत आणि कीटकनाशके फवारणीसाठी केला जातो' | Ref: 'फवारणीचा वापर शेतात खत आणि कीटकनाशके फवारणीसाठी केला जातो'
[2026-08-06 06:53:14,674] [INFO] [Sample 3] Pred: 'कोकून रेशीम किड्याने प्युपा म्हणून त्याच्या विकासाचे रक्षण करण्यासाठी बनवले आहे' | Ref: 'कोकून रेशीम किड्याने प्युपा म्हणून त्याच्या विकासाचे रक्षण करण्यासाठी बनवले आहे'
[2026-08-06 06:53:14,677] [INFO]   [D4] Test Samples: 893 | Loss: 0.4512 | BLEU: 69.46 | chrF: 83.41
[2026-08-06 06:53:17,947] [INFO] Fold 2 complete. GPU memory freed.
[2026-08-06 06:53:17,947] [INFO] 
======================================================================
[2026-08-06 06:53:17,947] [INFO] RUNNING CROSS-VALIDATION: FOLD 3/5
[2026-08-06 06:53:17,948] [INFO] ======================================================================
[2026-08-06 06:53:17,948] [INFO] Fold 3 Training Samples   : 13,540
[2026-08-06 06:53:17,948] [INFO] Fold 3 Validation Samples : 3,385
[2026-08-06 07:00:39,689] [INFO] Generation Length Check: Avg Pred Words = 7.9 | Avg Ref Words = 8.8
[2026-08-06 07:00:39,689] [INFO] [Sample 1] Pred: 'मार्जिन हे सांपार्श्विक आहे एक वित्त साधन धारकाच्या प्रतिपक्षाचे पास जमा करणे' | Ref: 'मार्जिन हे सांपार्श्विक आहे एक वित्त साधन धारकाच्या प्रतिपक्षाचे पास जमा करणे'
[2026-08-06 07:00:39,691] [INFO] [Sample 2] Pred: 'खावाना तेलना घाना आनी मीलमा लोकेस्ले रोजगार मियस' | Ref: 'खाद्यपदार्थांना तेल आणि लोकांना रोजगार मिळतात का?'
[2026-08-06 07:00:39,694] [INFO] [Sample 3] Pred: 'कन्हेरी एक सर्वसाधारण सजावटीचं सदाहरित झाड आहे' | Ref: 'कन्हेरी एक सर्वसाधारण सजावटीचे सदाहरित झाड आहे'
[2026-08-06 07:08:06,341] [INFO] Generation Length Check: Avg Pred Words = 5.8 | Avg Ref Words = 8.8
[2026-08-06 07:08:06,341] [INFO] [Sample 1] Pred: 'हे सांपार्श्विक आहे एक वित्त साधन धारकाच्या प्रतिपक्षाचे पास जमा करणे' | Ref: 'मार्जिन हे सांपार्श्विक आहे एक वित्त साधन धारकाच्या प्रतिपक्षाचे पास जमा करणे'
[2026-08-06 07:08:06,344] [INFO] [Sample 2] Pred: '' | Ref: 'खाद्यपदार्थांना तेल आणि लोकांना रोजगार मिळतात का?'
[2026-08-06 07:08:06,346] [INFO] [Sample 3] Pred: 'कन्हेरी एक सर्वसाधारण सजावटीचे सदाहरित झाड आहे' | Ref: 'कन्हेरी एक सर्वसाधारण सजावटीचे सदाहरित झाड आहे'
[2026-08-06 07:15:30,748] [INFO] Generation Length Check: Avg Pred Words = 5.7 | Avg Ref Words = 8.8
[2026-08-06 07:15:30,749] [INFO] [Sample 1] Pred: 'हे सांपार्श्विक आहे एक वित्त साधन धारकाच्या प्रतिपक्षाचे पास जमा करणे' | Ref: 'मार्जिन हे सांपार्श्विक आहे एक वित्त साधन धारकाच्या प्रतिपक्षाचे पास जमा करणे'
[2026-08-06 07:15:30,751] [INFO] [Sample 2] Pred: '' | Ref: 'खाद्यपदार्थांना तेल आणि लोकांना रोजगार मिळतात का?'
[2026-08-06 07:15:30,753] [INFO] [Sample 3] Pred: 'कन्हेरी एक सर्वसाधारण सजावटीचे सदाहरित झाड आहे' | Ref: 'कन्हेरी एक सर्वसाधारण सजावटीचे सदाहरित झाड आहे'
[2026-08-06 07:22:58,821] [INFO] Generation Length Check: Avg Pred Words = 5.9 | Avg Ref Words = 8.8
[2026-08-06 07:22:58,821] [INFO] [Sample 1] Pred: 'हे सांपार्श्विक आहे एक वित्त साधन धारकाच्या प्रतिपक्षाचे पास जमा करणे' | Ref: 'मार्जिन हे सांपार्श्विक आहे एक वित्त साधन धारकाच्या प्रतिपक्षाचे पास जमा करणे'
[2026-08-06 07:22:58,824] [INFO] [Sample 2] Pred: '' | Ref: 'खाद्यपदार्थांना तेल आणि लोकांना रोजगार मिळतात का?'
[2026-08-06 07:22:58,825] [INFO] [Sample 3] Pred: 'कन्हेरी एक सर्वसाधारण सजावटीचे सदाहरित झाड आहे' | Ref: 'कन्हेरी एक सर्वसाधारण सजावटीचे सदाहरित झाड आहे'
[2026-08-06 07:30:20,090] [INFO] Generation Length Check: Avg Pred Words = 5.8 | Avg Ref Words = 8.8
[2026-08-06 07:30:20,090] [INFO] [Sample 1] Pred: 'हे सांपार्श्विक आहे एक वित्त साधन धारकाच्या प्रतिपक्षाचे पास जमा करणे' | Ref: 'मार्जिन हे सांपार्श्विक आहे एक वित्त साधन धारकाच्या प्रतिपक्षाचे पास जमा करणे'
[2026-08-06 07:30:20,092] [INFO] [Sample 2] Pred: '' | Ref: 'खाद्यपदार्थांना तेल आणि लोकांना रोजगार मिळतात का?'
[2026-08-06 07:30:20,094] [INFO] [Sample 3] Pred: 'कन्हेरी एक सर्वसाधारण सजावटीचे सदाहरित झाड आहे' | Ref: 'कन्हेरी एक सर्वसाधारण सजावटीचे सदाहरित झाड आहे'
[2026-08-06 07:30:35,372] [INFO] Fold 3 Step-Averaged Training Loss: 2.2444
[2026-08-06 07:30:35,372] [INFO] Evaluating Fold 3 on CV Validation Split (3,385 samples)...
[2026-08-06 07:33:52,420] [INFO] Generation Length Check: Avg Pred Words = 5.8 | Avg Ref Words = 8.8
[2026-08-06 07:33:52,420] [INFO] [Sample 1] Pred: 'हे सांपार्श्विक आहे एक वित्त साधन धारकाच्या प्रतिपक्षाचे पास जमा करणे' | Ref: 'मार्जिन हे सांपार्श्विक आहे एक वित्त साधन धारकाच्या प्रतिपक्षाचे पास जमा करणे'
[2026-08-06 07:33:52,422] [INFO] [Sample 2] Pred: '' | Ref: 'खाद्यपदार्थांना तेल आणि लोकांना रोजगार मिळतात का?'
[2026-08-06 07:33:52,424] [INFO] [Sample 3] Pred: 'कन्हेरी एक सर्वसाधारण सजावटीचे सदाहरित झाड आहे' | Ref: 'कन्हेरी एक सर्वसाधारण सजावटीचे सदाहरित झाड आहे'
[2026-08-06 07:33:52,428] [INFO] Fold 3 Val Loss: 0.7423  Val BLEU: 43.70  Val chrF: 64.99
[2026-08-06 07:33:52,428] [INFO] Evaluating Fold 3 on Held-Out Test Set (2,989 samples)...
[2026-08-06 07:36:47,555] [INFO] Generation Length Check: Avg Pred Words = 5.8 | Avg Ref Words = 8.8
[2026-08-06 07:36:47,555] [INFO] [Sample 1] Pred: 'शेतकऱ्यांना पेरणीसाठी कर्जासाठी आवश्यक भांडवल मिळते का?' | Ref: 'शेतकऱ्यांना पेरणीसाठी कर्जरुपी आवश्यक भांडवल मिळते का?'
[2026-08-06 07:36:47,557] [INFO] [Sample 2] Pred: '' | Ref: 'वित्तीय योजनेत स्टॅन्ड अप इंडिया योजना, प्रधान मंत्री मुद्रा योजना, प्रधान मंत्री सुरक्षा विमा योजना होती.'
[2026-08-06 07:36:47,559] [INFO] [Sample 3] Pred: '' | Ref: 'जिरे हा जिरे सायमिनम या वनस्पतीपासून मिळणारा मसाला आहे'
[2026-08-06 07:36:47,563] [INFO] Fold 3 Test Loss: 0.7243  Test BLEU: 43.23  Test chrF: 64.64
[2026-08-06 07:36:47,566] [INFO] Running per-dialect test evaluation breakdown...
[2026-08-06 07:37:48,738] [INFO] Generation Length Check: Avg Pred Words = 4.9 | Avg Ref Words = 8.9
[2026-08-06 07:37:48,738] [INFO] [Sample 1] Pred: '' | Ref: 'वित्तीय योजनेत स्टॅन्ड अप इंडिया योजना, प्रधान मंत्री मुद्रा योजना, प्रधान मंत्री सुरक्षा विमा योजना होती.'
[2026-08-06 07:37:48,740] [INFO] [Sample 2] Pred: 'अंजीर फायकस कॅरीकाचा खाण्याचा फळ हा' | Ref: 'हे अंजीर फायकसचे खाण्याचा फळ आहे.'
[2026-08-06 07:37:48,742] [INFO] [Sample 3] Pred: '' | Ref: 'सरकार चालू खर्चासाठी तसेच मोठ्या भांडवली प्रकल्पांसाठी कर्ज जारी करते'
[2026-08-06 07:37:48,745] [INFO]   [D1] Test Samples: 1,046 | Loss: 0.8037 | BLEU: 24.81 | chrF: 51.92
[2026-08-06 07:38:52,272] [INFO] Generation Length Check: Avg Pred Words = 5.5 | Avg Ref Words = 8.9
[2026-08-06 07:38:52,272] [INFO] [Sample 1] Pred: 'शेतकऱ्यांना पेरणीसाठी कर्जासाठी आवश्यक भांडवल मिळते का?' | Ref: 'शेतकऱ्यांना पेरणीसाठी कर्जरुपी आवश्यक भांडवल मिळते का?'
[2026-08-06 07:38:52,274] [INFO] [Sample 2] Pred: '' | Ref: 'जिरे हा जिरे सायमिनम या वनस्पतीपासून मिळणारा मसाला आहे'
[2026-08-06 07:38:52,275] [INFO] [Sample 3] Pred: 'इंडिया स्टॉक मार्केट अपडेट्समध्ये सर्व नवनवीन स्टॉक मार्केट बातम्या येतात' | Ref: 'इंडिया स्टॉक मार्केट अपडेट्समध्ये सर्व नवीन स्टॉक मार्केट बातम्या येतात'
[2026-08-06 07:38:52,279] [INFO]   [D2] Test Samples: 1,050 | Loss: 0.8780 | BLEU: 40.23 | chrF: 60.84
[2026-08-06 07:39:42,265] [INFO] Generation Length Check: Avg Pred Words = 7.3 | Avg Ref Words = 8.6
[2026-08-06 07:39:42,265] [INFO] [Sample 1] Pred: '' | Ref: 'प्रसो बाजरी हे उष्ण हवामानाचे पीक आहे'
[2026-08-06 07:39:42,267] [INFO] [Sample 2] Pred: 'फवारणीचा वापर शेतात खत आणि कीटकनाशके फवारणीसाठी केला जातो' | Ref: 'फवारणीचा वापर शेतात खत आणि कीटकनाशके फवारणीसाठी केला जातो'
[2026-08-06 07:39:42,268] [INFO] [Sample 3] Pred: 'कोकून रेशीम किड्याने प्युपा म्हणून त्याच्या विकासाचे रक्षण करण्यासाठी बनवले आहे' | Ref: 'कोकून रेशीम किड्याने प्युपा म्हणून त्याच्या विकासाचे रक्षण करण्यासाठी बनवले आहे'
[2026-08-06 07:39:42,271] [INFO]   [D4] Test Samples: 893 | Loss: 0.4507 | BLEU: 69.39 | chrF: 83.35
[2026-08-06 07:39:45,296] [INFO] Fold 3 complete. GPU memory freed.
[2026-08-06 07:39:45,296] [INFO] 
======================================================================
[2026-08-06 07:39:45,297] [INFO] RUNNING CROSS-VALIDATION: FOLD 4/5
[2026-08-06 07:39:45,297] [INFO] ======================================================================
[2026-08-06 07:39:45,297] [INFO] Fold 4 Training Samples   : 13,540
[2026-08-06 07:39:45,297] [INFO] Fold 4 Validation Samples : 3,385
[2026-08-06 07:47:03,574] [INFO] Generation Length Check: Avg Pred Words = 7.7 | Avg Ref Words = 8.8
[2026-08-06 07:47:03,575] [INFO] [Sample 1] Pred: '' | Ref: 'कर्जाचा अर्ज भरण्यासाठी वेळेत कागद लागतील का?'
[2026-08-06 07:47:03,577] [INFO] [Sample 2] Pred: '' | Ref: 'रामकुमार निवृत्ती घेईल, तरी त्यासले त्याला पेन्शन मिळेल.'
[2026-08-06 07:47:03,579] [INFO] [Sample 3] Pred: 'फेरोमेन सापळे टाकण्याचा खर्च किती आहे?' | Ref: 'फेरोमेन सापळे टाकण्याचा खर्च किती आहे?'
[2026-08-06 07:54:27,902] [INFO] Generation Length Check: Avg Pred Words = 5.7 | Avg Ref Words = 8.8
[2026-08-06 07:54:27,902] [INFO] [Sample 1] Pred: '' | Ref: 'कर्जाचा अर्ज भरण्यासाठी वेळेत कागद लागतील का?'
[2026-08-06 07:54:27,904] [INFO] [Sample 2] Pred: '' | Ref: 'रामकुमार निवृत्ती घेईल, तरी त्यासले त्याला पेन्शन मिळेल.'
[2026-08-06 07:54:27,907] [INFO] [Sample 3] Pred: 'फेरोमेन सापळे टाकण्याचा खर्च किती आहे?' | Ref: 'फेरोमेन सापळे टाकण्याचा खर्च किती आहे?'
[2026-08-06 08:01:55,673] [INFO] Generation Length Check: Avg Pred Words = 5.6 | Avg Ref Words = 8.8
[2026-08-06 08:01:55,673] [INFO] [Sample 1] Pred: '' | Ref: 'कर्जाचा अर्ज भरण्यासाठी वेळेत कागद लागतील का?'
[2026-08-06 08:01:55,675] [INFO] [Sample 2] Pred: '' | Ref: 'रामकुमार निवृत्ती घेईल, तरी त्यासले त्याला पेन्शन मिळेल.'
[2026-08-06 08:01:55,678] [INFO] [Sample 3] Pred: 'फेरोमेन सापळे टाकण्याचा खर्च किती आहे?' | Ref: 'फेरोमेन सापळे टाकण्याचा खर्च किती आहे?'
[2026-08-06 08:09:21,382] [INFO] Generation Length Check: Avg Pred Words = 5.8 | Avg Ref Words = 8.8
[2026-08-06 08:09:21,382] [INFO] [Sample 1] Pred: '' | Ref: 'कर्जाचा अर्ज भरण्यासाठी वेळेत कागद लागतील का?'
[2026-08-06 08:09:21,385] [INFO] [Sample 2] Pred: '' | Ref: 'रामकुमार निवृत्ती घेईल, तरी त्यासले त्याला पेन्शन मिळेल.'
[2026-08-06 08:09:21,388] [INFO] [Sample 3] Pred: 'फेरोमेन सापळे टाकण्याचा खर्च किती आहे?' | Ref: 'फेरोमेन सापळे टाकण्याचा खर्च किती आहे?'
[2026-08-06 08:16:48,157] [INFO] Generation Length Check: Avg Pred Words = 5.8 | Avg Ref Words = 8.8
[2026-08-06 08:16:48,157] [INFO] [Sample 1] Pred: '' | Ref: 'कर्जाचा अर्ज भरण्यासाठी वेळेत कागद लागतील का?'
[2026-08-06 08:16:48,159] [INFO] [Sample 2] Pred: '' | Ref: 'रामकुमार निवृत्ती घेईल, तरी त्यासले त्याला पेन्शन मिळेल.'
[2026-08-06 08:16:48,165] [INFO] [Sample 3] Pred: 'फेरोमेन सापळे टाकण्याचा खर्च किती आहे?' | Ref: 'फेरोमेन सापळे टाकण्याचा खर्च किती आहे?'
[2026-08-06 08:17:01,552] [INFO] Fold 4 Step-Averaged Training Loss: 2.2565
[2026-08-06 08:17:01,552] [INFO] Evaluating Fold 4 on CV Validation Split (3,385 samples)...
[2026-08-06 08:20:20,501] [INFO] Generation Length Check: Avg Pred Words = 5.8 | Avg Ref Words = 8.8
[2026-08-06 08:20:20,501] [INFO] [Sample 1] Pred: '' | Ref: 'कर्जाचा अर्ज भरण्यासाठी वेळेत कागद लागतील का?'
[2026-08-06 08:20:20,503] [INFO] [Sample 2] Pred: '' | Ref: 'रामकुमार निवृत्ती घेईल, तरी त्यासले त्याला पेन्शन मिळेल.'
[2026-08-06 08:20:20,505] [INFO] [Sample 3] Pred: 'फेरोमेन सापळे टाकण्याचा खर्च किती आहे?' | Ref: 'फेरोमेन सापळे टाकण्याचा खर्च किती आहे?'
[2026-08-06 08:20:20,509] [INFO] Fold 4 Val Loss: 0.7214  Val BLEU: 43.16  Val chrF: 64.98
[2026-08-06 08:20:20,509] [INFO] Evaluating Fold 4 on Held-Out Test Set (2,989 samples)...
[2026-08-06 08:23:14,899] [INFO] Generation Length Check: Avg Pred Words = 5.8 | Avg Ref Words = 8.8
[2026-08-06 08:23:14,899] [INFO] [Sample 1] Pred: '' | Ref: 'शेतकऱ्यांना पेरणीसाठी कर्जरुपी आवश्यक भांडवल मिळते का?'
[2026-08-06 08:23:14,901] [INFO] [Sample 2] Pred: '' | Ref: 'वित्तीय योजनेत स्टॅन्ड अप इंडिया योजना, प्रधान मंत्री मुद्रा योजना, प्रधान मंत्री सुरक्षा विमा योजना होती.'
[2026-08-06 08:23:14,903] [INFO] [Sample 3] Pred: '' | Ref: 'जिरे हा जिरे सायमिनम या वनस्पतीपासून मिळणारा मसाला आहे'
[2026-08-06 08:23:14,908] [INFO] Fold 4 Test Loss: 0.7255  Test BLEU: 42.59  Test chrF: 64.19
[2026-08-06 08:23:14,910] [INFO] Running per-dialect test evaluation breakdown...
[2026-08-06 08:24:16,287] [INFO] Generation Length Check: Avg Pred Words = 4.8 | Avg Ref Words = 8.9
[2026-08-06 08:24:16,287] [INFO] [Sample 1] Pred: '' | Ref: 'वित्तीय योजनेत स्टॅन्ड अप इंडिया योजना, प्रधान मंत्री मुद्रा योजना, प्रधान मंत्री सुरक्षा विमा योजना होती.'
[2026-08-06 08:24:16,289] [INFO] [Sample 2] Pred: 'अंजीर फायकस कॅरीकाचा खाण्याचा फळ हा' | Ref: 'हे अंजीर फायकसचे खाण्याचा फळ आहे.'
[2026-08-06 08:24:16,291] [INFO] [Sample 3] Pred: '' | Ref: 'सरकार चालू खर्चासाठी तसेच मोठ्या भांडवली प्रकल्पांसाठी कर्ज जारी करते'
[2026-08-06 08:24:16,295] [INFO]   [D1] Test Samples: 1,046 | Loss: 0.8060 | BLEU: 24.17 | chrF: 51.33
[2026-08-06 08:25:19,081] [INFO] Generation Length Check: Avg Pred Words = 5.4 | Avg Ref Words = 8.9
[2026-08-06 08:25:19,081] [INFO] [Sample 1] Pred: '' | Ref: 'शेतकऱ्यांना पेरणीसाठी कर्जरुपी आवश्यक भांडवल मिळते का?'
[2026-08-06 08:25:19,083] [INFO] [Sample 2] Pred: '' | Ref: 'जिरे हा जिरे सायमिनम या वनस्पतीपासून मिळणारा मसाला आहे'
[2026-08-06 08:25:19,085] [INFO] [Sample 3] Pred: 'इंडिया स्टॉक मार्केट अपडेट्समध्ये सर्व नवनवीन स्टॉक मार्केट बातम्या येतात' | Ref: 'इंडिया स्टॉक मार्केट अपडेट्समध्ये सर्व नवीन स्टॉक मार्केट बातम्या येतात'
[2026-08-06 08:25:19,089] [INFO]   [D2] Test Samples: 1,050 | Loss: 0.8778 | BLEU: 39.32 | chrF: 60.14
[2026-08-06 08:26:12,782] [INFO] Generation Length Check: Avg Pred Words = 7.3 | Avg Ref Words = 8.6
[2026-08-06 08:26:12,782] [INFO] [Sample 1] Pred: '' | Ref: 'प्रसो बाजरी हे उष्ण हवामानाचे पीक आहे'
[2026-08-06 08:26:12,784] [INFO] [Sample 2] Pred: 'फवारणीचा वापर शेतात खत आणि कीटकनाशके फवारणीसाठी केला जातो' | Ref: 'फवारणीचा वापर शेतात खत आणि कीटकनाशके फवारणीसाठी केला जातो'
[2026-08-06 08:26:12,785] [INFO] [Sample 3] Pred: 'कोकून रेशीम किड्याने प्युपा म्हणून त्याच्या विकासाचे रक्षण करण्यासाठी बनवले आहे' | Ref: 'कोकून रेशीम किड्याने प्युपा म्हणून त्याच्या विकासाचे रक्षण करण्यासाठी बनवले आहे'
[2026-08-06 08:26:12,789] [INFO]   [D4] Test Samples: 893 | Loss: 0.4522 | BLEU: 69.08 | chrF: 83.34
[2026-08-06 08:26:16,443] [INFO] Fold 4 complete. GPU memory freed.
[2026-08-06 08:26:16,444] [INFO] 
======================================================================
[2026-08-06 08:26:16,444] [INFO] RUNNING CROSS-VALIDATION: FOLD 5/5
[2026-08-06 08:26:16,444] [INFO] ======================================================================
[2026-08-06 08:26:16,444] [INFO] Fold 5 Training Samples   : 13,540
[2026-08-06 08:26:16,445] [INFO] Fold 5 Validation Samples : 3,385
[2026-08-06 08:33:35,965] [INFO] Generation Length Check: Avg Pred Words = 7.9 | Avg Ref Words = 8.8
[2026-08-06 08:33:35,965] [INFO] [Sample 1] Pred: 'युनिफाईड पेमेंट इंटरफेसचा उपेग तात्काय पैसा भराणा करता करत आहे' | Ref: 'युनिफाईड पेमेंट इंटरफेसचा उपयोग तात्काळ पैसे भरण्यासाठी करत आहे'
[2026-08-06 08:33:35,969] [INFO] [Sample 2] Pred: 'डेबिट कार्ड वापरण्यासाठी काही लिमिट आहे का?' | Ref: 'डेबिट कार्ड वापरण्यासाठी काही मर्यादा आहेत का?'
[2026-08-06 08:33:35,972] [INFO] [Sample 3] Pred: 'तुम्ही पेपल वर खाता तयार करून आंतरराष्ट्रीय पेमेंट मिळवू शकता' | Ref: 'तुम्ही पेपलवर खाते तयार करून आंतरराष्ट्रीय पेमेंट मिळवू शकता?'
[2026-08-06 08:41:03,882] [INFO] Generation Length Check: Avg Pred Words = 5.9 | Avg Ref Words = 8.8
[2026-08-06 08:41:03,882] [INFO] [Sample 1] Pred: '' | Ref: 'युनिफाईड पेमेंट इंटरफेसचा उपयोग तात्काळ पैसे भरण्यासाठी करत आहे'
[2026-08-06 08:41:03,885] [INFO] [Sample 2] Pred: 'डेबिट कार्ड वापरण्यासाठी काही लिमिट आहे का?' | Ref: 'डेबिट कार्ड वापरण्यासाठी काही मर्यादा आहेत का?'
[2026-08-06 08:41:03,889] [INFO] [Sample 3] Pred: 'तुम्ही पेपल वर खाता तयार करून आंतरराष्ट्रीय पेमेंट मिळवू शकता' | Ref: 'तुम्ही पेपलवर खाते तयार करून आंतरराष्ट्रीय पेमेंट मिळवू शकता?'
[2026-08-06 08:48:28,752] [INFO] Generation Length Check: Avg Pred Words = 5.8 | Avg Ref Words = 8.8
[2026-08-06 08:48:28,752] [INFO] [Sample 1] Pred: '' | Ref: 'युनिफाईड पेमेंट इंटरफेसचा उपयोग तात्काळ पैसे भरण्यासाठी करत आहे'
[2026-08-06 08:48:28,756] [INFO] [Sample 2] Pred: 'डेबिट कार्ड वापरण्यासाठी काही मर्यादा आहेत का?' | Ref: 'डेबिट कार्ड वापरण्यासाठी काही मर्यादा आहेत का?'
[2026-08-06 08:48:28,759] [INFO] [Sample 3] Pred: 'तुम्ही पेपलवर खाता तयार करून आंतरराष्ट्रीय पेमेंट मिळवू शकता' | Ref: 'तुम्ही पेपलवर खाते तयार करून आंतरराष्ट्रीय पेमेंट मिळवू शकता?'
[2026-08-06 08:55:57,006] [INFO] Generation Length Check: Avg Pred Words = 5.9 | Avg Ref Words = 8.8
[2026-08-06 08:55:57,007] [INFO] [Sample 1] Pred: '' | Ref: 'युनिफाईड पेमेंट इंटरफेसचा उपयोग तात्काळ पैसे भरण्यासाठी करत आहे'
[2026-08-06 08:55:57,010] [INFO] [Sample 2] Pred: 'डेबिट कार्ड वापरण्यासाठी काही मर्यादा आहेत का?' | Ref: 'डेबिट कार्ड वापरण्यासाठी काही मर्यादा आहेत का?'
[2026-08-06 08:55:57,014] [INFO] [Sample 3] Pred: 'तुम्ही पेपलवर खाता तयार करून आंतरराष्ट्रीय पेमेंट मिळवू शकता' | Ref: 'तुम्ही पेपलवर खाते तयार करून आंतरराष्ट्रीय पेमेंट मिळवू शकता?'
[2026-08-06 09:03:24,571] [INFO] Generation Length Check: Avg Pred Words = 5.9 | Avg Ref Words = 8.8
[2026-08-06 09:03:24,571] [INFO] [Sample 1] Pred: '' | Ref: 'युनिफाईड पेमेंट इंटरफेसचा उपयोग तात्काळ पैसे भरण्यासाठी करत आहे'
[2026-08-06 09:03:24,575] [INFO] [Sample 2] Pred: 'डेबिट कार्ड वापरण्यासाठी काही मर्यादा आहेत का?' | Ref: 'डेबिट कार्ड वापरण्यासाठी काही मर्यादा आहेत का?'
[2026-08-06 09:03:24,579] [INFO] [Sample 3] Pred: 'तुम्ही पेपलवर खाता तयार करून आंतरराष्ट्रीय पेमेंट मिळवू शकता' | Ref: 'तुम्ही पेपलवर खाते तयार करून आंतरराष्ट्रीय पेमेंट मिळवू शकता?'
[2026-08-06 09:03:41,213] [INFO] Fold 5 Step-Averaged Training Loss: 2.2539
[2026-08-06 09:03:41,213] [INFO] Evaluating Fold 5 on CV Validation Split (3,385 samples)...
[2026-08-06 09:06:59,693] [INFO] Generation Length Check: Avg Pred Words = 5.9 | Avg Ref Words = 8.8
[2026-08-06 09:06:59,693] [INFO] [Sample 1] Pred: '' | Ref: 'युनिफाईड पेमेंट इंटरफेसचा उपयोग तात्काळ पैसे भरण्यासाठी करत आहे'
[2026-08-06 09:06:59,696] [INFO] [Sample 2] Pred: 'डेबिट कार्ड वापरण्यासाठी काही मर्यादा आहेत का?' | Ref: 'डेबिट कार्ड वापरण्यासाठी काही मर्यादा आहेत का?'
[2026-08-06 09:06:59,697] [INFO] [Sample 3] Pred: 'तुम्ही पेपलवर खाता तयार करून आंतरराष्ट्रीय पेमेंट मिळवू शकता' | Ref: 'तुम्ही पेपलवर खाते तयार करून आंतरराष्ट्रीय पेमेंट मिळवू शकता?'
[2026-08-06 09:06:59,704] [INFO] Fold 5 Val Loss: 0.7255  Val BLEU: 44.70  Val chrF: 65.57
[2026-08-06 09:06:59,704] [INFO] Evaluating Fold 5 on Held-Out Test Set (2,989 samples)...
[2026-08-06 09:09:55,722] [INFO] Generation Length Check: Avg Pred Words = 5.8 | Avg Ref Words = 8.8
[2026-08-06 09:09:55,722] [INFO] [Sample 1] Pred: 'शेतकऱ्यांना पेरणीसाठी कर्जाचे आवश्यक भांडवल मिळते का?' | Ref: 'शेतकऱ्यांना पेरणीसाठी कर्जरुपी आवश्यक भांडवल मिळते का?'
[2026-08-06 09:09:55,724] [INFO] [Sample 2] Pred: '' | Ref: 'वित्तीय योजनेत स्टॅन्ड अप इंडिया योजना, प्रधान मंत्री मुद्रा योजना, प्रधान मंत्री सुरक्षा विमा योजना होती.'
[2026-08-06 09:09:55,727] [INFO] [Sample 3] Pred: 'जिरे सायमिनम या वनस्पतीपासून मिळणारा मसाला आहे' | Ref: 'जिरे हा जिरे सायमिनम या वनस्पतीपासून मिळणारा मसाला आहे'
[2026-08-06 09:09:55,732] [INFO] Fold 5 Test Loss: 0.7241  Test BLEU: 43.42  Test chrF: 64.73
[2026-08-06 09:09:55,734] [INFO] Running per-dialect test evaluation breakdown...
[2026-08-06 09:10:57,891] [INFO] Generation Length Check: Avg Pred Words = 4.8 | Avg Ref Words = 8.9
[2026-08-06 09:10:57,891] [INFO] [Sample 1] Pred: '' | Ref: 'वित्तीय योजनेत स्टॅन्ड अप इंडिया योजना, प्रधान मंत्री मुद्रा योजना, प्रधान मंत्री सुरक्षा विमा योजना होती.'
[2026-08-06 09:10:57,893] [INFO] [Sample 2] Pred: 'अंजीर फायकस कॅरीकाचा खाण्याचा फळ हा' | Ref: 'हे अंजीर फायकसचे खाण्याचा फळ आहे.'
[2026-08-06 09:10:57,896] [INFO] [Sample 3] Pred: '' | Ref: 'सरकार चालू खर्चासाठी तसेच मोठ्या भांडवली प्रकल्पांसाठी कर्ज जारी करते'
[2026-08-06 09:10:57,900] [INFO]   [D1] Test Samples: 1,046 | Loss: 0.8038 | BLEU: 24.62 | chrF: 51.71
[2026-08-06 09:12:01,754] [INFO] Generation Length Check: Avg Pred Words = 5.4 | Avg Ref Words = 8.9
[2026-08-06 09:12:01,754] [INFO] [Sample 1] Pred: 'शेतकऱ्यांना पेरणीसाठी कर्जाचे आवश्यक भांडवल मिळते का?' | Ref: 'शेतकऱ्यांना पेरणीसाठी कर्जरुपी आवश्यक भांडवल मिळते का?'
[2026-08-06 09:12:01,756] [INFO] [Sample 2] Pred: 'जिरे सायमिनम या वनस्पतीपासून मिळणारा मसाला आहे' | Ref: 'जिरे हा जिरे सायमिनम या वनस्पतीपासून मिळणारा मसाला आहे'
[2026-08-06 09:12:01,759] [INFO] [Sample 3] Pred: 'इंडिया स्टॉक मार्केट अपडेट्समध्ये सर्व नवनवीन स्टॉक मार्केट बातम्या येतात' | Ref: 'इंडिया स्टॉक मार्केट अपडेट्समध्ये सर्व नवीन स्टॉक मार्केट बातम्या येतात'
[2026-08-06 09:12:01,763] [INFO]   [D2] Test Samples: 1,050 | Loss: 0.8776 | BLEU: 40.01 | chrF: 60.56
[2026-08-06 09:12:52,129] [INFO] Generation Length Check: Avg Pred Words = 7.4 | Avg Ref Words = 8.6
[2026-08-06 09:12:52,129] [INFO] [Sample 1] Pred: '' | Ref: 'प्रसो बाजरी हे उष्ण हवामानाचे पीक आहे'
[2026-08-06 09:12:52,131] [INFO] [Sample 2] Pred: 'फवारणीचा वापर शेतात खत आणि कीटकनाशके फवारणीसाठी केला जातो' | Ref: 'फवारणीचा वापर शेतात खत आणि कीटकनाशके फवारणीसाठी केला जातो'
[2026-08-06 09:12:52,133] [INFO] [Sample 3] Pred: 'कोकून रेशीम किड्याने प्युपा म्हणून त्याच्या विकासाचे रक्षण करण्यासाठी बनवले आहे' | Ref: 'कोकून रेशीम किड्याने प्युपा म्हणून त्याच्या विकासाचे रक्षण करण्यासाठी बनवले आहे'
[2026-08-06 09:12:52,138] [INFO]   [D4] Test Samples: 893 | Loss: 0.4500 | BLEU: 70.35 | chrF: 84.13
[2026-08-06 09:12:56,478] [INFO] Fold 5 complete. GPU memory freed.
[2026-08-06 09:12:56,516] [INFO] 
======================================================================
[2026-08-06 09:12:56,516] [INFO] 3-FOLD CROSS VALIDATION & TEST EVALUATION COMPLETED!
[2026-08-06 09:12:56,516] [INFO] ======================================================================
[2026-08-06 09:12:56,516] [INFO] Avg Val  Loss: 0.7245  |  BLEU: 44.24  |  chrF: 65.46
[2026-08-06 09:12:56,516] [INFO] Avg Test Loss: 0.7254  |  BLEU: 43.09  |  chrF: 64.54
[2026-08-06 09:12:56,517] [INFO] CV Summary saved to: D:\dialect-norm\models\indicbart_raw_unverified_32k\cv_summary.json
[2026-08-06 09:12:56,517] [INFO] CV Summary saved to: D:\dialect-norm\models\indicbart_raw_unverified_32k\cv_summary.yaml
[2026-08-06 09:12:56,517] [INFO] ======================================================================
[2026-08-06 09:12:56,626] [INFO] [SUCCESS] IndicBART Raw Unverified Training Complete.
[2026-08-06 09:12:56,626] [INFO] 
>>> PHASE 2: Training mT5-Small on Raw Unverified Synthetic Data (19,914 parallel pairs)
[2026-08-06 09:12:56,769] [INFO] Loaded 19,914 parallel samples from 1 CSV file(s).
