[2026-08-03 18:19:30,745] [INFO] ======================================================================
[2026-08-03 18:19:30,745] [INFO] mT5 FINE-TUNING (OPTION B: 85/15 STRATIFIED SPLIT + 5-FOLD CV)
[2026-08-03 18:19:30,746] [INFO] ======================================================================
[2026-08-03 18:19:30,746] [INFO] Target Model            : google/mt5-small
[2026-08-03 18:19:30,746] [INFO] Output Directory        : D:\dialect-norm\models\mt5_combined_16k
[2026-08-03 18:19:30,746] [INFO] Log File                : D:\dialect-norm\logs\train_mt5_combined_16k.log
[2026-08-03 18:19:30,746] [INFO] Total Dataset Size      : 16,163 pairs
[2026-08-03 18:19:30,747] [INFO] ======================================================================
[2026-08-03 18:19:30,756] [INFO] 85% Training Pool: 13,739 pairs
[2026-08-03 18:19:30,756] [INFO] 15% Held-Out Test : 2,424 pairs
[2026-08-03 18:19:31,483] [INFO] HTTP Request: HEAD https://huggingface.co/google/mt5-small/resolve/main/config.json "HTTP/1.1 307 Temporary Redirect"
[2026-08-03 18:19:31,508] [INFO] HTTP Request: HEAD https://huggingface.co/api/resolve-cache/models/google/mt5-small/73fb5dbe4756edadc8fbe8c769b0a109493acf7a/config.json "HTTP/1.1 200 OK"
[2026-08-03 18:19:31,760] [INFO] HTTP Request: HEAD https://huggingface.co/google/mt5-small/resolve/main/tokenizer_config.json "HTTP/1.1 307 Temporary Redirect"
[2026-08-03 18:19:31,784] [INFO] HTTP Request: HEAD https://huggingface.co/api/resolve-cache/models/google/mt5-small/73fb5dbe4756edadc8fbe8c769b0a109493acf7a/tokenizer_config.json "HTTP/1.1 200 OK"
[2026-08-03 18:19:32,047] [INFO] HTTP Request: GET https://huggingface.co/api/models/google/mt5-small/tree/main/additional_chat_templates?recursive=false&expand=false "HTTP/1.1 404 Not Found"
[2026-08-03 18:19:32,277] [INFO] HTTP Request: GET https://huggingface.co/api/models/google/mt5-small/tree/main?recursive=true&expand=false "HTTP/1.1 200 OK"
[2026-08-03 18:19:33,806] [INFO] HTTP Request: GET https://huggingface.co/api/models/google/mt5-small "HTTP/1.1 200 OK"
[2026-08-03 18:19:33,808] [INFO] 
======================================================================
[2026-08-03 18:19:33,808] [INFO] RUNNING mT5 CROSS-VALIDATION: FOLD 1/5
[2026-08-03 18:19:33,809] [INFO] ======================================================================
[2026-08-03 18:19:34,046] [INFO] HTTP Request: HEAD https://huggingface.co/google/mt5-small/resolve/main/config.json "HTTP/1.1 307 Temporary Redirect"
[2026-08-03 18:19:34,072] [INFO] HTTP Request: HEAD https://huggingface.co/api/resolve-cache/models/google/mt5-small/73fb5dbe4756edadc8fbe8c769b0a109493acf7a/config.json "HTTP/1.1 200 OK"
[2026-08-03 18:19:34,401] [INFO] HTTP Request: HEAD https://huggingface.co/google/mt5-small/resolve/main/model.safetensors "HTTP/1.1 404 Not Found"
[2026-08-03 18:19:34,631] [INFO] HTTP Request: GET https://huggingface.co/api/models/google/mt5-small "HTTP/1.1 200 OK"
[2026-08-03 18:19:34,966] [INFO] HTTP Request: GET https://huggingface.co/api/models/google/mt5-small/commits/main "HTTP/1.1 200 OK"
[2026-08-03 18:19:35,235] [INFO] HTTP Request: GET https://huggingface.co/api/models/google/mt5-small/discussions?p=0 "HTTP/1.1 200 OK"
[2026-08-03 18:19:35,480] [INFO] HTTP Request: GET https://huggingface.co/api/models/google/mt5-small/commits/refs%2Fpr%2F15 "HTTP/1.1 200 OK"
[2026-08-03 18:19:35,711] [INFO] HTTP Request: HEAD https://huggingface.co/google/mt5-small/resolve/refs%2Fpr%2F15/model.safetensors.index.json "HTTP/1.1 404 Not Found"
[2026-08-03 18:19:35,961] [INFO] HTTP Request: HEAD https://huggingface.co/google/mt5-small/resolve/refs%2Fpr%2F15/model.safetensors "HTTP/1.1 302 Found"
[2026-08-03 18:19:35,981] [INFO] HTTP Request: HEAD https://huggingface.co/google/mt5-small/resolve/main/generation_config.json "HTTP/1.1 307 Temporary Redirect"
[2026-08-03 18:19:36,005] [INFO] HTTP Request: HEAD https://huggingface.co/api/resolve-cache/models/google/mt5-small/73fb5dbe4756edadc8fbe8c769b0a109493acf7a/generation_config.json "HTTP/1.1 200 OK"
[2026-08-03 18:26:01,117] [INFO] Generation Length Check: Avg Pred Words = 9.0 | Avg Ref Words = 8.8
[2026-08-03 18:26:01,117] [INFO] [Sample 1] Pred: 'रोज एक ते दोन चमचे मध खाऊक आहे' | Ref: 'रोज एक ते दोन चमचे मध खा'
[2026-08-03 18:26:01,117] [INFO] [Sample 2] Pred: 'एका गावरान कोंबडीची किंमत किती असते?' | Ref: 'एका गावातील कोंबडीची किंमत किती आहे?'
[2026-08-03 18:26:01,117] [INFO] [Sample 3] Pred: 'रामूच्या गावात येक एन.जी.ओ व्हिटॅमिन एसाठी गावकऱ्यांना पपई पिकवूक शिकवते' | Ref: 'रामूच्या गावात एक एन.जी.ओ गावकऱ्यांना व्हिटॅमिन ए साठी पपई पिकवण्याचे शिक्षण देते'
[2026-08-03 18:32:49,791] [INFO] Generation Length Check: Avg Pred Words = 8.9 | Avg Ref Words = 8.8
[2026-08-03 18:32:49,791] [INFO] [Sample 1] Pred: 'रोज एक ते दोन चमचे मध खाणे हवे.' | Ref: 'रोज एक ते दोन चमचे मध खा'
[2026-08-03 18:32:49,791] [INFO] [Sample 2] Pred: 'एका गावरान कोंबडीची किंमत किती असते?' | Ref: 'एका गावातील कोंबडीची किंमत किती आहे?'
[2026-08-03 18:32:49,791] [INFO] [Sample 3] Pred: 'रामूच्या गावात येक एन.जी.ओ व्हिटॅमिन एसाठी गावकऱ्यांना पपई पिकवण्यासाठी शिकवता' | Ref: 'रामूच्या गावात एक एन.जी.ओ गावकऱ्यांना व्हिटॅमिन ए साठी पपई पिकवण्याचे शिक्षण देते'
[2026-08-03 18:39:30,822] [INFO] Generation Length Check: Avg Pred Words = 8.9 | Avg Ref Words = 8.8
[2026-08-03 18:39:30,822] [INFO] [Sample 1] Pred: 'रोज एक ते दोन चमचे मध खाऊक आहे' | Ref: 'रोज एक ते दोन चमचे मध खा'
[2026-08-03 18:39:30,822] [INFO] [Sample 2] Pred: 'एका गावरान कोंबडीची किंमत किती असते?' | Ref: 'एका गावातील कोंबडीची किंमत किती आहे?'
[2026-08-03 18:39:30,822] [INFO] [Sample 3] Pred: 'रामूच्या गावात एक एन.जी.ओ व्हिटॅमिन एसाठी गावकऱ्यांना पपई पिकवूक शिकवते' | Ref: 'रामूच्या गावात एक एन.जी.ओ गावकऱ्यांना व्हिटॅमिन ए साठी पपई पिकवण्याचे शिक्षण देते'
[2026-08-03 18:46:12,186] [INFO] Generation Length Check: Avg Pred Words = 8.9 | Avg Ref Words = 8.8
[2026-08-03 18:46:12,186] [INFO] [Sample 1] Pred: 'रोज एक ते दोन चमचे मध खाऊ शकतो.' | Ref: 'रोज एक ते दोन चमचे मध खा'
[2026-08-03 18:46:12,186] [INFO] [Sample 2] Pred: 'एका गावरान कोंबडीची किंमत किती असते?' | Ref: 'एका गावातील कोंबडीची किंमत किती आहे?'
[2026-08-03 18:46:12,186] [INFO] [Sample 3] Pred: 'रामूच्या गावात एक एन.जी.ओ व्हिटॅमिन एसाठी गावकऱ्यांना पपई पिकवून शिकवतो.' | Ref: 'रामूच्या गावात एक एन.जी.ओ गावकऱ्यांना व्हिटॅमिन ए साठी पपई पिकवण्याचे शिक्षण देते'
[2026-08-03 18:52:51,466] [INFO] Generation Length Check: Avg Pred Words = 8.9 | Avg Ref Words = 8.8
[2026-08-03 18:52:51,466] [INFO] [Sample 1] Pred: 'रोज एक ते दोन चमचे मध खाऊ शकतो.' | Ref: 'रोज एक ते दोन चमचे मध खा'
[2026-08-03 18:52:51,466] [INFO] [Sample 2] Pred: 'एका गावरान कोंबडीची किंमत किती असते?' | Ref: 'एका गावातील कोंबडीची किंमत किती आहे?'
[2026-08-03 18:52:51,466] [INFO] [Sample 3] Pred: 'रामूच्या गावात एक एन.जी.ओ व्हिटॅमिन एसाठी गावकऱ्यांना पपई पिकवूक शिकवते' | Ref: 'रामूच्या गावात एक एन.जी.ओ गावकऱ्यांना व्हिटॅमिन ए साठी पपई पिकवण्याचे शिक्षण देते'
[2026-08-03 18:53:16,148] [INFO] Fold 1 Step-Averaged Training Loss: 0.8316
[2026-08-03 18:53:16,148] [INFO] Evaluating Fold 1 on CV Validation Split (2,747 samples)...
[2026-08-03 18:56:06,043] [INFO] Generation Length Check: Avg Pred Words = 8.9 | Avg Ref Words = 8.8
[2026-08-03 18:56:06,044] [INFO] [Sample 1] Pred: 'रोज एक ते दोन चमचे मध खाऊ शकतो.' | Ref: 'रोज एक ते दोन चमचे मध खा'
[2026-08-03 18:56:06,044] [INFO] [Sample 2] Pred: 'एका गावरान कोंबडीची किंमत किती असते?' | Ref: 'एका गावातील कोंबडीची किंमत किती आहे?'
[2026-08-03 18:56:06,044] [INFO] [Sample 3] Pred: 'रामूच्या गावात एक एन.जी.ओ व्हिटॅमिन एसाठी गावकऱ्यांना पपई पिकवूक शिकवते' | Ref: 'रामूच्या गावात एक एन.जी.ओ गावकऱ्यांना व्हिटॅमिन ए साठी पपई पिकवण्याचे शिक्षण देते'
[2026-08-03 18:56:07,200] [INFO] Fold 1 Val Loss: 0.5847  Val BLEU: 63.33  Val chrF: 81.45
[2026-08-03 18:56:07,200] [INFO] Evaluating Fold 1 on Held-Out Test Set (2,424 samples)...
[2026-08-03 18:58:37,077] [INFO] Generation Length Check: Avg Pred Words = 8.8 | Avg Ref Words = 8.7
[2026-08-03 18:58:37,077] [INFO] [Sample 1] Pred: 'मेकॅनिकल ट्री शेकर झाडाला एका जागेपासून दुसऱ्या जागेवर घेऊन जात आहे' | Ref: 'मेकॅनिकल ट्री शेकर झाडांना एका जागेवरून दुसऱ्या जागेवर घेऊन जात आहे.'
[2026-08-03 18:58:37,077] [INFO] [Sample 2] Pred: 'माझ्या गावात गवारीच्या शेंगाची लागवड केली जाते, गवारीचे शेंगो पौष्टिक असतात.' | Ref: 'माझ्या गावात गवारीच्या शेंगाची लागवड केली गेली, गवारीचे शेंगो खूप पौष्टिक आहेत.'
[2026-08-03 18:58:37,077] [INFO] [Sample 3] Pred: 'भाजीपाला पाइन बनाडेल तेल खावाले कामात येते.' | Ref: 'भाजीपाला खाणाऱ्यांना तेल लागते.'
[2026-08-03 18:58:38,085] [INFO] Fold 1 Test Loss: 0.5914  Test BLEU: 63.40  Test chrF: 81.42
[2026-08-03 18:58:38,086] [INFO] Running independent per-dialect test evaluation breakdown...
[2026-08-03 18:59:31,179] [INFO] Generation Length Check: Avg Pred Words = 8.8 | Avg Ref Words = 8.7
[2026-08-03 18:59:31,179] [INFO] [Sample 1] Pred: 'मेकॅनिकल ट्री शेकर झाडाला एका जागेपासून दुसऱ्या जागेवर घेऊन जात आहे' | Ref: 'मेकॅनिकल ट्री शेकर झाडांना एका जागेवरून दुसऱ्या जागेवर घेऊन जात आहे.'
[2026-08-03 18:59:31,180] [INFO] [Sample 2] Pred: 'माझ्या गावात गवारीच्या शेंगाची लागवड केली जाते, गवारीचे शेंगो पौष्टिक असतात.' | Ref: 'माझ्या गावात गवारीच्या शेंगाची लागवड केली गेली, गवारीचे शेंगो खूप पौष्टिक आहेत.'
[2026-08-03 18:59:31,180] [INFO] [Sample 3] Pred: 'कोंबड्यांका अंडे देण्यासाठी गरम वातावरण तयार करत आहेत' | Ref: 'कोंबड्यांचे अंडे गरम वातावरण तयार करतात?'
[2026-08-03 18:59:31,557] [INFO]   [D1] Test Samples: 836 | Loss: 0.719 | BLEU: 48.2198 | chrF: 75.0897
[2026-08-03 19:00:20,086] [INFO] Generation Length Check: Avg Pred Words = 8.6 | Avg Ref Words = 8.6
[2026-08-03 19:00:20,086] [INFO] [Sample 1] Pred: 'भाजीपाला पाइन बनाडेल तेल खावाले कामात येते.' | Ref: 'भाजीपाला खाणाऱ्यांना तेल लागते.'
[2026-08-03 19:00:20,086] [INFO] [Sample 2] Pred: 'मी इंटरनेटवर कागदपत्रे पुरा इतिहास वाची काढा' | Ref: 'मी इंटरनेटवर कागदपत्र इतिहास वाचून काढावा का?'
[2026-08-03 19:00:20,086] [INFO] [Sample 3] Pred: 'उद्योगासाठी शंकुच्या आकाराचे मऊ लाकुड पाईन, देवदार आणि स्प्रूस या लाकूड प्रजातीमधून सापडते.' | Ref: 'उद्योगासाठी शंकुच्या आकाराचे मऊ लाकूड पाईन, देवदार आणि स्प्रूस या लाकूड प्रजातीमधून सापडते.'
[2026-08-03 19:00:20,441] [INFO]   [D2] Test Samples: 798 | Loss: 0.6927 | BLEU: 62.4857 | chrF: 79.0016
[2026-08-03 19:01:10,066] [INFO] Generation Length Check: Avg Pred Words = 8.9 | Avg Ref Words = 8.9
[2026-08-03 19:01:10,066] [INFO] [Sample 1] Pred: 'तुम्ही तुमच्या थायलंड कंपनीत दरवर्षी परदेशी गुंतवणूक देखील करू शकता' | Ref: 'तुम्ही तुमच्या थायलंड कंपनीत दरवर्षी परदेशी गुंतवणूक देखील करू शकता'
[2026-08-03 19:01:10,066] [INFO] [Sample 2] Pred: 'चिटोसन हा तंतुमय पदार्थ असून तो चरबी कमी करण्यास मदत करतो' | Ref: 'चिटोसन हा तंतुमय पदार्थ असून तो चरबी कमी करण्यास मदत करतो'
[2026-08-03 19:01:10,066] [INFO] [Sample 3] Pred: 'देशाची अर्थ व्यवस्था वाचवण्यासाठी देशाच्या सरकारकडून लष्करी रोखे जारी केले जातात' | Ref: 'देशाची अर्थ व्यवस्था वाचवण्यासाठी देशाच्या सरकारकडून लष्करी रोखे जारी केले जातात'
[2026-08-03 19:01:10,432] [INFO]   [D4] Test Samples: 790 | Loss: 0.3573 | BLEU: 79.6621 | chrF: 90.5201
[2026-08-03 19:01:10,432] [INFO] New Best Fold (1) Test BLEU: 63.40! Saving local model to: models\mt5_combined_16k\best_model
[2026-08-03 19:01:17,705] [INFO] 
======================================================================
[2026-08-03 19:01:17,705] [INFO] RUNNING mT5 CROSS-VALIDATION: FOLD 2/5
[2026-08-03 19:01:17,705] [INFO] ======================================================================
[2026-08-03 19:01:18,101] [INFO] HTTP Request: HEAD https://huggingface.co/google/mt5-small/resolve/main/config.json "HTTP/1.1 307 Temporary Redirect"
[2026-08-03 19:01:18,123] [INFO] HTTP Request: HEAD https://huggingface.co/api/resolve-cache/models/google/mt5-small/73fb5dbe4756edadc8fbe8c769b0a109493acf7a/config.json "HTTP/1.1 200 OK"
[2026-08-03 19:01:18,359] [INFO] HTTP Request: HEAD https://huggingface.co/google/mt5-small/resolve/main/model.safetensors "HTTP/1.1 404 Not Found"
[2026-08-03 19:01:18,609] [INFO] HTTP Request: GET https://huggingface.co/api/models/google/mt5-small "HTTP/1.1 200 OK"
[2026-08-03 19:01:18,845] [INFO] HTTP Request: GET https://huggingface.co/api/models/google/mt5-small/commits/main "HTTP/1.1 200 OK"
[2026-08-03 19:01:19,116] [INFO] HTTP Request: GET https://huggingface.co/api/models/google/mt5-small/discussions?p=0 "HTTP/1.1 200 OK"
[2026-08-03 19:01:19,357] [INFO] HTTP Request: GET https://huggingface.co/api/models/google/mt5-small/commits/refs%2Fpr%2F15 "HTTP/1.1 200 OK"
[2026-08-03 19:01:19,584] [INFO] HTTP Request: HEAD https://huggingface.co/google/mt5-small/resolve/refs%2Fpr%2F15/model.safetensors.index.json "HTTP/1.1 404 Not Found"
[2026-08-03 19:01:19,828] [INFO] HTTP Request: HEAD https://huggingface.co/google/mt5-small/resolve/refs%2Fpr%2F15/model.safetensors "HTTP/1.1 302 Found"
[2026-08-03 19:01:19,853] [INFO] HTTP Request: HEAD https://huggingface.co/google/mt5-small/resolve/main/generation_config.json "HTTP/1.1 307 Temporary Redirect"
[2026-08-03 19:01:19,875] [INFO] HTTP Request: HEAD https://huggingface.co/api/resolve-cache/models/google/mt5-small/73fb5dbe4756edadc8fbe8c769b0a109493acf7a/generation_config.json "HTTP/1.1 200 OK"
[2026-08-03 19:07:48,264] [INFO] Generation Length Check: Avg Pred Words = 8.9 | Avg Ref Words = 8.8
[2026-08-03 19:07:48,264] [INFO] [Sample 1] Pred: 'प्रधानमंत्री पीक विमा योजना हा शेतकऱ्यांना साठे सरकारने बनवले.' | Ref: 'प्रधानमंत्री पीक विमा योजना सरकारकडून शेतकऱ्यांसाठी बनवली गेली आहे.'
[2026-08-03 19:07:48,264] [INFO] [Sample 2] Pred: 'रताळ्याच्या फुगलेल्या मुळांमध्ये खूप प्रमाणात कार्बोहायड्रेट साठलेलं असतं' | Ref: 'रताळ्याच्या फुगलेल्या मुळांमध्ये खूप प्रमाणात कार्बोहायड्रेट साठलेलं असतं'
[2026-08-03 19:07:48,264] [INFO] [Sample 3] Pred: 'संत्र्याच्या बगीच्यामंदी टॅक्टर न फवारन का?' | Ref: 'संत्र्याच्या बगीच्यात टॅक्टर न फवारल्यास परवडणार नाही का?'
[2026-08-03 19:14:33,629] [INFO] Generation Length Check: Avg Pred Words = 8.9 | Avg Ref Words = 8.8
[2026-08-03 19:14:33,630] [INFO] [Sample 1] Pred: 'प्रधानमंत्री पीक विमा योजना शेतकऱ्यांना साठे सरकार बनवायचे आहे.' | Ref: 'प्रधानमंत्री पीक विमा योजना सरकारकडून शेतकऱ्यांसाठी बनवली गेली आहे.'
[2026-08-03 19:14:33,630] [INFO] [Sample 2] Pred: 'रताळ्याच्या फुगलेल्या मुळांमध्ये खूप प्रमाणात कार्बोहायड्रेट साठलेलं असते' | Ref: 'रताळ्याच्या फुगलेल्या मुळांमध्ये खूप प्रमाणात कार्बोहायड्रेट साठलेलं असतं'
[2026-08-03 19:14:33,630] [INFO] [Sample 3] Pred: 'संत्र्याच्या बगीच्यामंदी टॅक्टर न फवारण्याची परवडेल का?' | Ref: 'संत्र्याच्या बगीच्यात टॅक्टर न फवारल्यास परवडणार नाही का?'
[2026-08-03 19:21:22,301] [INFO] Generation Length Check: Avg Pred Words = 8.9 | Avg Ref Words = 8.8
[2026-08-03 19:21:22,302] [INFO] [Sample 1] Pred: 'प्रधानमंत्री पीक विमा योजना शेतकऱ्यांना साठे सरकारने बनवले.' | Ref: 'प्रधानमंत्री पीक विमा योजना सरकारकडून शेतकऱ्यांसाठी बनवली गेली आहे.'
[2026-08-03 19:21:22,302] [INFO] [Sample 2] Pred: 'रताळ्याच्या फुगलेल्या मुळांमध्ये खूप प्रमाणात कार्बोहायड्रेट साठलेलं असते' | Ref: 'रताळ्याच्या फुगलेल्या मुळांमध्ये खूप प्रमाणात कार्बोहायड्रेट साठलेलं असतं'
[2026-08-03 19:21:22,302] [INFO] [Sample 3] Pred: 'संत्र्याच्या बगीच्यामंदी टॅक्टर न फवारणी परवडते का?' | Ref: 'संत्र्याच्या बगीच्यात टॅक्टर न फवारल्यास परवडणार नाही का?'
[2026-08-03 19:28:07,379] [INFO] Generation Length Check: Avg Pred Words = 8.9 | Avg Ref Words = 8.8
[2026-08-03 19:28:07,379] [INFO] [Sample 1] Pred: 'प्रधानमंत्री पीक विमा योजना शेतकऱ्यांसाठी सरकारने बनवली.' | Ref: 'प्रधानमंत्री पीक विमा योजना सरकारकडून शेतकऱ्यांसाठी बनवली गेली आहे.'
[2026-08-03 19:28:07,379] [INFO] [Sample 2] Pred: 'रताळ्याच्या फुगलेल्या मुळांमध्ये खूप प्रमाणात कार्बोहायड्रेट साठलेलं असते' | Ref: 'रताळ्याच्या फुगलेल्या मुळांमध्ये खूप प्रमाणात कार्बोहायड्रेट साठलेलं असतं'
[2026-08-03 19:28:07,380] [INFO] [Sample 3] Pred: 'संत्र्याच्या बगीच्यामंदी टॅक्टर न फवारणी परवडते का?' | Ref: 'संत्र्याच्या बगीच्यात टॅक्टर न फवारल्यास परवडणार नाही का?'
[2026-08-03 19:34:49,171] [INFO] Generation Length Check: Avg Pred Words = 8.9 | Avg Ref Words = 8.8
[2026-08-03 19:34:49,172] [INFO] [Sample 1] Pred: 'प्रधानमंत्री पीक विमा योजना शेतकऱ्यांसाठी सरकारने बनवली.' | Ref: 'प्रधानमंत्री पीक विमा योजना सरकारकडून शेतकऱ्यांसाठी बनवली गेली आहे.'
[2026-08-03 19:34:49,172] [INFO] [Sample 2] Pred: 'रताळ्याच्या फुगलेल्या मुळांमध्ये खूप प्रमाणात कार्बोहायड्रेट साठलेलं असते' | Ref: 'रताळ्याच्या फुगलेल्या मुळांमध्ये खूप प्रमाणात कार्बोहायड्रेट साठलेलं असतं'
[2026-08-03 19:34:49,172] [INFO] [Sample 3] Pred: 'संत्र्याच्या बगीच्यामंदी टॅक्टर न फवारणी परवडते का?' | Ref: 'संत्र्याच्या बगीच्यात टॅक्टर न फवारल्यास परवडणार नाही का?'
[2026-08-03 19:35:14,544] [INFO] Fold 2 Step-Averaged Training Loss: 0.8663
[2026-08-03 19:35:14,545] [INFO] Evaluating Fold 2 on CV Validation Split (2,747 samples)...
[2026-08-03 19:38:07,346] [INFO] Generation Length Check: Avg Pred Words = 8.9 | Avg Ref Words = 8.8
[2026-08-03 19:38:07,346] [INFO] [Sample 1] Pred: 'प्रधानमंत्री पीक विमा योजना शेतकऱ्यांसाठी सरकारने बनवली.' | Ref: 'प्रधानमंत्री पीक विमा योजना सरकारकडून शेतकऱ्यांसाठी बनवली गेली आहे.'
[2026-08-03 19:38:07,346] [INFO] [Sample 2] Pred: 'रताळ्याच्या फुगलेल्या मुळांमध्ये खूप प्रमाणात कार्बोहायड्रेट साठलेलं असते' | Ref: 'रताळ्याच्या फुगलेल्या मुळांमध्ये खूप प्रमाणात कार्बोहायड्रेट साठलेलं असतं'
[2026-08-03 19:38:07,347] [INFO] [Sample 3] Pred: 'संत्र्याच्या बगीच्यामंदी टॅक्टर न फवारणी परवडते का?' | Ref: 'संत्र्याच्या बगीच्यात टॅक्टर न फवारल्यास परवडणार नाही का?'
[2026-08-03 19:38:08,771] [INFO] Fold 2 Val Loss: 0.5673  Val BLEU: 64.27  Val chrF: 81.94
[2026-08-03 19:38:08,771] [INFO] Evaluating Fold 2 on Held-Out Test Set (2,424 samples)...
[2026-08-03 19:40:40,472] [INFO] Generation Length Check: Avg Pred Words = 8.8 | Avg Ref Words = 8.7
[2026-08-03 19:40:40,472] [INFO] [Sample 1] Pred: 'मेकॅनिकल ट्री शेकर झाडाला एका जागेवर दुसऱ्या जागेवर घेऊन जात आहे' | Ref: 'मेकॅनिकल ट्री शेकर झाडांना एका जागेवरून दुसऱ्या जागेवर घेऊन जात आहे.'
[2026-08-03 19:40:40,472] [INFO] [Sample 2] Pred: 'माझ्या गावात गवारीच्या शेंगाची लागवड केली जाते, गवारीचे शेंगो लय पौष्टिक असतात.' | Ref: 'माझ्या गावात गवारीच्या शेंगाची लागवड केली गेली, गवारीचे शेंगो खूप पौष्टिक आहेत.'
[2026-08-03 19:40:40,472] [INFO] [Sample 3] Pred: 'भाजीपाला पाइन बनाडेल तेल खावाले कामात येते.' | Ref: 'भाजीपाला खाणाऱ्यांना तेल लागते.'
[2026-08-03 19:40:41,477] [INFO] Fold 2 Test Loss: 0.5855  Test BLEU: 63.20  Test chrF: 81.29
[2026-08-03 19:40:41,479] [INFO] Running independent per-dialect test evaluation breakdown...
[2026-08-03 19:41:34,904] [INFO] Generation Length Check: Avg Pred Words = 8.8 | Avg Ref Words = 8.7
[2026-08-03 19:41:34,904] [INFO] [Sample 1] Pred: 'मेकॅनिकल ट्री शेकर झाडाला एका जागेवर दुसऱ्या जागेवर घेऊन जात आहे' | Ref: 'मेकॅनिकल ट्री शेकर झाडांना एका जागेवरून दुसऱ्या जागेवर घेऊन जात आहे.'
[2026-08-03 19:41:34,904] [INFO] [Sample 2] Pred: 'माझ्या गावात गवारीच्या शेंगाची लागवड केली जाते, गवारीचे शेंगो लय पौष्टिक असतात.' | Ref: 'माझ्या गावात गवारीच्या शेंगाची लागवड केली गेली, गवारीचे शेंगो खूप पौष्टिक आहेत.'
[2026-08-03 19:41:34,904] [INFO] [Sample 3] Pred: 'कोंबड्यांका अंडे देऊक गरम वातावरण तयार करत आहेत' | Ref: 'कोंबड्यांचे अंडे गरम वातावरण तयार करतात?'
[2026-08-03 19:41:35,285] [INFO]   [D1] Test Samples: 836 | Loss: 0.716 | BLEU: 48.0281 | chrF: 74.8773
[2026-08-03 19:42:25,001] [INFO] Generation Length Check: Avg Pred Words = 8.7 | Avg Ref Words = 8.6
[2026-08-03 19:42:25,001] [INFO] [Sample 1] Pred: 'भाजीपाला पाइन बनाडेल तेल खावाले कामात येते.' | Ref: 'भाजीपाला खाणाऱ्यांना तेल लागते.'
[2026-08-03 19:42:25,001] [INFO] [Sample 2] Pred: 'मी इंटरनेटवर कागदपत्रे पुरा इतिहास वाची काढा' | Ref: 'मी इंटरनेटवर कागदपत्र इतिहास वाचून काढावा का?'
[2026-08-03 19:42:25,001] [INFO] [Sample 3] Pred: 'उद्योगासाठी शंकुच्या आकाराचे मऊ लाकुड पाईन, देवदार आणि स्प्रूस या लाकूड प्रजातीमधून सापडते.' | Ref: 'उद्योगासाठी शंकुच्या आकाराचे मऊ लाकूड पाईन, देवदार आणि स्प्रूस या लाकूड प्रजातीमधून सापडते.'
[2026-08-03 19:42:25,398] [INFO]   [D2] Test Samples: 798 | Loss: 0.6866 | BLEU: 62.311 | chrF: 78.7497
[2026-08-03 19:43:14,979] [INFO] Generation Length Check: Avg Pred Words = 8.9 | Avg Ref Words = 8.9
[2026-08-03 19:43:14,979] [INFO] [Sample 1] Pred: 'तुम्ही तुमच्या थायलंड कंपनीत दरवर्षी परदेशी गुंतवणूक देखील करू शकता' | Ref: 'तुम्ही तुमच्या थायलंड कंपनीत दरवर्षी परदेशी गुंतवणूक देखील करू शकता'
[2026-08-03 19:43:14,979] [INFO] [Sample 2] Pred: 'चिटोसन हा तंतुमय पदार्थ असून तो चरबी कमी करण्यास मदत करतो' | Ref: 'चिटोसन हा तंतुमय पदार्थ असून तो चरबी कमी करण्यास मदत करतो'
[2026-08-03 19:43:14,980] [INFO] [Sample 3] Pred: 'देशाची अर्थ व्यवस्था वाचवण्यासाठी देशाच्या सरकारकडून लष्करी रोखे जारी केले जातात' | Ref: 'देशाची अर्थ व्यवस्था वाचवण्यासाठी देशाच्या सरकारकडून लष्करी रोखे जारी केले जातात'
[2026-08-03 19:43:15,344] [INFO]   [D4] Test Samples: 790 | Loss: 0.3483 | BLEU: 79.6724 | chrF: 90.6216
[2026-08-03 19:43:15,818] [INFO] 
======================================================================
[2026-08-03 19:43:15,818] [INFO] RUNNING mT5 CROSS-VALIDATION: FOLD 3/5
[2026-08-03 19:43:15,818] [INFO] ======================================================================
[2026-08-03 19:43:16,202] [INFO] HTTP Request: HEAD https://huggingface.co/google/mt5-small/resolve/main/config.json "HTTP/1.1 307 Temporary Redirect"
[2026-08-03 19:43:16,221] [INFO] HTTP Request: HEAD https://huggingface.co/api/resolve-cache/models/google/mt5-small/73fb5dbe4756edadc8fbe8c769b0a109493acf7a/config.json "HTTP/1.1 200 OK"
[2026-08-03 19:43:16,456] [INFO] HTTP Request: HEAD https://huggingface.co/google/mt5-small/resolve/main/model.safetensors "HTTP/1.1 404 Not Found"
[2026-08-03 19:43:16,684] [INFO] HTTP Request: GET https://huggingface.co/api/models/google/mt5-small "HTTP/1.1 200 OK"
[2026-08-03 19:43:16,923] [INFO] HTTP Request: GET https://huggingface.co/api/models/google/mt5-small/commits/main "HTTP/1.1 200 OK"
[2026-08-03 19:43:17,199] [INFO] HTTP Request: GET https://huggingface.co/api/models/google/mt5-small/discussions?p=0 "HTTP/1.1 200 OK"
[2026-08-03 19:43:17,443] [INFO] HTTP Request: GET https://huggingface.co/api/models/google/mt5-small/commits/refs%2Fpr%2F15 "HTTP/1.1 200 OK"
[2026-08-03 19:43:17,667] [INFO] HTTP Request: HEAD https://huggingface.co/google/mt5-small/resolve/refs%2Fpr%2F15/model.safetensors.index.json "HTTP/1.1 404 Not Found"
[2026-08-03 19:43:17,891] [INFO] HTTP Request: HEAD https://huggingface.co/google/mt5-small/resolve/refs%2Fpr%2F15/model.safetensors "HTTP/1.1 302 Found"
[2026-08-03 19:43:17,973] [INFO] HTTP Request: HEAD https://huggingface.co/google/mt5-small/resolve/main/generation_config.json "HTTP/1.1 307 Temporary Redirect"
[2026-08-03 19:43:17,992] [INFO] HTTP Request: HEAD https://huggingface.co/api/resolve-cache/models/google/mt5-small/73fb5dbe4756edadc8fbe8c769b0a109493acf7a/generation_config.json "HTTP/1.1 200 OK"
[2026-08-03 19:49:47,315] [INFO] Generation Length Check: Avg Pred Words = 8.9 | Avg Ref Words = 8.8
[2026-08-03 19:49:47,315] [INFO] [Sample 1] Pred: 'टिकीत कार्ड अस डेबिट कार्ड काय असते?' | Ref: 'क्रेडिट कार्ड आहे आणि डेबिट कार्ड काय आहे?'
[2026-08-03 19:49:47,315] [INFO] [Sample 2] Pred: 'तुम्हाला माहीत आहे की रबरचा झाड सगळ्यात जास्तं केरळ आणि उत्तर पुर्वेकडच्या राज्यांतल्यानी मिळते' | Ref: 'तुम्हाला माहीत आहे का की रबरचा झाड सर्वात जास्त केरळ आणि उत्तर पुर्वेकडच्या राज्यांतल्यानी मिळता'
[2026-08-03 19:49:47,315] [INFO] [Sample 3] Pred: 'हरभरे सहसा शिर्या सोबत काही धार्मिक कार्यक्रमानंतर प्रसाद म्हणून वाटले जातात' | Ref: 'हरभरे सहसा शिर्या सोबत काही धार्मिक कार्यक्रमानंतर प्रसाद म्हणून वाटले जातात'
[2026-08-03 19:56:37,499] [INFO] Generation Length Check: Avg Pred Words = 8.9 | Avg Ref Words = 8.8
[2026-08-03 19:56:37,499] [INFO] [Sample 1] Pred: 'टिकीत कार्ड अस डेबिट कार्ड काय आहे?' | Ref: 'क्रेडिट कार्ड आहे आणि डेबिट कार्ड काय आहे?'
[2026-08-03 19:56:37,499] [INFO] [Sample 2] Pred: 'तुम्हाला माहीत आहे की रबरचा झाड सगळ्यात जास्तं केरळ आणि उत्तर पुर्वेकडूनच्या राज्यांतल्यानी मिळते' | Ref: 'तुम्हाला माहीत आहे का की रबरचा झाड सर्वात जास्त केरळ आणि उत्तर पुर्वेकडच्या राज्यांतल्यानी मिळता'
[2026-08-03 19:56:37,499] [INFO] [Sample 3] Pred: 'हरभरे सहसा शिर्या सोबत काही धार्मिक कार्यक्रमानंतर प्रसाद म्हणून वाटले जातात' | Ref: 'हरभरे सहसा शिर्या सोबत काही धार्मिक कार्यक्रमानंतर प्रसाद म्हणून वाटले जातात'
[2026-08-03 20:03:23,398] [INFO] Generation Length Check: Avg Pred Words = 8.9 | Avg Ref Words = 8.8
[2026-08-03 20:03:23,398] [INFO] [Sample 1] Pred: 'टिकीत कार्ड अस डेबिट कार्ड काय असते?' | Ref: 'क्रेडिट कार्ड आहे आणि डेबिट कार्ड काय आहे?'
[2026-08-03 20:03:23,398] [INFO] [Sample 2] Pred: 'तुम्हाला माहीत आहे की रबरचा झाड सगळ्यात जास्त केरळ आणि उत्तर पुर्वेकडच्या राज्यांतल्यानी मिळते' | Ref: 'तुम्हाला माहीत आहे का की रबरचा झाड सर्वात जास्त केरळ आणि उत्तर पुर्वेकडच्या राज्यांतल्यानी मिळता'
[2026-08-03 20:03:23,399] [INFO] [Sample 3] Pred: 'हरभरे सहसा शिर्यासोबत काही धार्मिक कार्यक्रमानंतर प्रसाद म्हणून वाटले जातात' | Ref: 'हरभरे सहसा शिर्या सोबत काही धार्मिक कार्यक्रमानंतर प्रसाद म्हणून वाटले जातात'
[2026-08-03 20:10:07,592] [INFO] Generation Length Check: Avg Pred Words = 8.9 | Avg Ref Words = 8.8
[2026-08-03 20:10:07,592] [INFO] [Sample 1] Pred: 'टिकीत कार्ड अस डेबिट कार्ड काय असते?' | Ref: 'क्रेडिट कार्ड आहे आणि डेबिट कार्ड काय आहे?'
[2026-08-03 20:10:07,592] [INFO] [Sample 2] Pred: 'तुम्हाला माहीत आहे की रबरचा झाड सगळ्यात जास्त केरळ आणि उत्तर पुर्वेकडच्या राज्यांतल्यानी मिळते.' | Ref: 'तुम्हाला माहीत आहे का की रबरचा झाड सर्वात जास्त केरळ आणि उत्तर पुर्वेकडच्या राज्यांतल्यानी मिळता'
[2026-08-03 20:10:07,592] [INFO] [Sample 3] Pred: 'हरभरे सहसा शिर्या सोबत काही धार्मिक कार्यक्रमानंतर प्रसाद म्हणून वाटले जातात' | Ref: 'हरभरे सहसा शिर्या सोबत काही धार्मिक कार्यक्रमानंतर प्रसाद म्हणून वाटले जातात'
[2026-08-03 20:16:58,337] [INFO] Generation Length Check: Avg Pred Words = 8.9 | Avg Ref Words = 8.8
[2026-08-03 20:16:58,337] [INFO] [Sample 1] Pred: 'टिकीत कार्ड डेबिट कार्ड काय आहे?' | Ref: 'क्रेडिट कार्ड आहे आणि डेबिट कार्ड काय आहे?'
[2026-08-03 20:16:58,337] [INFO] [Sample 2] Pred: 'तुम्हाला माहीत आहे की रबरचा झाड सगळ्यात जास्त केरळ आणि उत्तर पुर्वेकडच्या राज्यांतल्यानी मिळते.' | Ref: 'तुम्हाला माहीत आहे का की रबरचा झाड सर्वात जास्त केरळ आणि उत्तर पुर्वेकडच्या राज्यांतल्यानी मिळता'
[2026-08-03 20:16:58,337] [INFO] [Sample 3] Pred: 'हरभरे सहसा शिर्या सोबत काही धार्मिक कार्यक्रमानंतर प्रसाद म्हणून वाटले जातात' | Ref: 'हरभरे सहसा शिर्या सोबत काही धार्मिक कार्यक्रमानंतर प्रसाद म्हणून वाटले जातात'
[2026-08-03 20:17:23,814] [INFO] Fold 3 Step-Averaged Training Loss: 0.8571
[2026-08-03 20:17:23,814] [INFO] Evaluating Fold 3 on CV Validation Split (2,747 samples)...
[2026-08-03 20:20:17,210] [INFO] Generation Length Check: Avg Pred Words = 8.9 | Avg Ref Words = 8.8
[2026-08-03 20:20:17,210] [INFO] [Sample 1] Pred: 'टिकीत कार्ड अस डेबिट कार्ड काय असते?' | Ref: 'क्रेडिट कार्ड आहे आणि डेबिट कार्ड काय आहे?'
[2026-08-03 20:20:17,210] [INFO] [Sample 2] Pred: 'तुम्हाला माहीत आहे की रबरचा झाड सगळ्यात जास्त केरळ आणि उत्तर पुर्वेकडच्या राज्यांतल्यानी मिळते.' | Ref: 'तुम्हाला माहीत आहे का की रबरचा झाड सर्वात जास्त केरळ आणि उत्तर पुर्वेकडच्या राज्यांतल्यानी मिळता'
[2026-08-03 20:20:17,210] [INFO] [Sample 3] Pred: 'हरभरे सहसा शिर्या सोबत काही धार्मिक कार्यक्रमानंतर प्रसाद म्हणून वाटले जातात' | Ref: 'हरभरे सहसा शिर्या सोबत काही धार्मिक कार्यक्रमानंतर प्रसाद म्हणून वाटले जातात'
[2026-08-03 20:20:18,353] [INFO] Fold 3 Val Loss: 0.5691  Val BLEU: 63.16  Val chrF: 81.44
[2026-08-03 20:20:18,353] [INFO] Evaluating Fold 3 on Held-Out Test Set (2,424 samples)...
[2026-08-03 20:22:50,006] [INFO] Generation Length Check: Avg Pred Words = 8.8 | Avg Ref Words = 8.7
[2026-08-03 20:22:50,006] [INFO] [Sample 1] Pred: 'मेकॅनिकल ट्री शेकर झाडाच्या एका जागेवर दुसऱ्या जागेवर घेऊन जात आहे' | Ref: 'मेकॅनिकल ट्री शेकर झाडांना एका जागेवरून दुसऱ्या जागेवर घेऊन जात आहे.'
[2026-08-03 20:22:50,006] [INFO] [Sample 2] Pred: 'माझ्या गावात गवारीच्या शेंगाची लागवड केली जाते, गवारीचे शेंगो लय पौष्टिक असतात.' | Ref: 'माझ्या गावात गवारीच्या शेंगाची लागवड केली गेली, गवारीचे शेंगो खूप पौष्टिक आहेत.'
[2026-08-03 20:22:50,006] [INFO] [Sample 3] Pred: 'भाजीपाला पाइन बनाडेल तेल खावाले कामात येते.' | Ref: 'भाजीपाला खाणाऱ्यांना तेल लागते.'
[2026-08-03 20:22:51,345] [INFO] Fold 3 Test Loss: 0.5903  Test BLEU: 63.23  Test chrF: 81.35
[2026-08-03 20:22:51,346] [INFO] Running independent per-dialect test evaluation breakdown...
[2026-08-03 20:23:44,997] [INFO] Generation Length Check: Avg Pred Words = 8.8 | Avg Ref Words = 8.7
[2026-08-03 20:23:44,998] [INFO] [Sample 1] Pred: 'मेकॅनिकल ट्री शेकर झाडाच्या एका जागेवर दुसऱ्या जागेवर घेऊन जात आहे' | Ref: 'मेकॅनिकल ट्री शेकर झाडांना एका जागेवरून दुसऱ्या जागेवर घेऊन जात आहे.'
[2026-08-03 20:23:44,998] [INFO] [Sample 2] Pred: 'माझ्या गावात गवारीच्या शेंगाची लागवड केली जाते, गवारीचे शेंगो लय पौष्टिक असतात.' | Ref: 'माझ्या गावात गवारीच्या शेंगाची लागवड केली गेली, गवारीचे शेंगो खूप पौष्टिक आहेत.'
[2026-08-03 20:23:44,998] [INFO] [Sample 3] Pred: 'कोंबड्यांका अंडे देण्यासाठी गरम वातावरण तयार करत आहेत' | Ref: 'कोंबड्यांचे अंडे गरम वातावरण तयार करतात?'
[2026-08-03 20:23:45,380] [INFO]   [D1] Test Samples: 836 | Loss: 0.7134 | BLEU: 48.1769 | chrF: 75.0031
[2026-08-03 20:24:35,197] [INFO] Generation Length Check: Avg Pred Words = 8.7 | Avg Ref Words = 8.6
[2026-08-03 20:24:35,198] [INFO] [Sample 1] Pred: 'भाजीपाला पाइन बनाडेल तेल खावाले कामात येते.' | Ref: 'भाजीपाला खाणाऱ्यांना तेल लागते.'
[2026-08-03 20:24:35,198] [INFO] [Sample 2] Pred: 'मी इंटरनेटवर कागदपत्रे पुरा इतिहास वाढते' | Ref: 'मी इंटरनेटवर कागदपत्र इतिहास वाचून काढावा का?'
[2026-08-03 20:24:35,198] [INFO] [Sample 3] Pred: 'उद्योगासाठी शंकुच्या आकाराचे मऊ लाकुड पाईन, देवदार आणि स्प्रूस या लाकूड प्रजातीमधून सापडते.' | Ref: 'उद्योगासाठी शंकुच्या आकाराचे मऊ लाकूड पाईन, देवदार आणि स्प्रूस या लाकूड प्रजातीमधून सापडते.'
[2026-08-03 20:24:35,563] [INFO]   [D2] Test Samples: 798 | Loss: 0.6962 | BLEU: 62.1633 | chrF: 78.852
[2026-08-03 20:25:25,548] [INFO] Generation Length Check: Avg Pred Words = 9.0 | Avg Ref Words = 8.9
[2026-08-03 20:25:25,548] [INFO] [Sample 1] Pred: 'तुम्ही तुमच्या थायलंड कंपनीत दरवर्षी परदेशी गुंतवणूक देखील करू शकता' | Ref: 'तुम्ही तुमच्या थायलंड कंपनीत दरवर्षी परदेशी गुंतवणूक देखील करू शकता'
[2026-08-03 20:25:25,548] [INFO] [Sample 2] Pred: 'चिटोसन हा तंतुमय पदार्थ असून तो चरबी कमी करण्यास मदत करतो' | Ref: 'चिटोसन हा तंतुमय पदार्थ असून तो चरबी कमी करण्यास मदत करतो'
[2026-08-03 20:25:25,548] [INFO] [Sample 3] Pred: 'देशाची अर्थ व्यवस्था वाचवण्यासाठी देशाच्या सरकारकडून लष्करी रोखे जारी केले जातात' | Ref: 'देशाची अर्थ व्यवस्था वाचवण्यासाठी देशाच्या सरकारकडून लष्करी रोखे जारी केले जातात'
[2026-08-03 20:25:25,914] [INFO]   [D4] Test Samples: 790 | Loss: 0.3559 | BLEU: 79.4966 | chrF: 90.5431
[2026-08-03 20:25:26,398] [INFO] 
======================================================================
[2026-08-03 20:25:26,399] [INFO] RUNNING mT5 CROSS-VALIDATION: FOLD 4/5
[2026-08-03 20:25:26,399] [INFO] ======================================================================
[2026-08-03 20:25:26,781] [INFO] HTTP Request: HEAD https://huggingface.co/google/mt5-small/resolve/main/config.json "HTTP/1.1 307 Temporary Redirect"
[2026-08-03 20:25:26,801] [INFO] HTTP Request: HEAD https://huggingface.co/api/resolve-cache/models/google/mt5-small/73fb5dbe4756edadc8fbe8c769b0a109493acf7a/config.json "HTTP/1.1 200 OK"
[2026-08-03 20:25:27,071] [INFO] HTTP Request: HEAD https://huggingface.co/google/mt5-small/resolve/main/model.safetensors "HTTP/1.1 404 Not Found"
[2026-08-03 20:25:27,391] [INFO] HTTP Request: GET https://huggingface.co/api/models/google/mt5-small "HTTP/1.1 200 OK"
[2026-08-03 20:25:27,648] [INFO] HTTP Request: GET https://huggingface.co/api/models/google/mt5-small/commits/main "HTTP/1.1 200 OK"
[2026-08-03 20:25:27,955] [INFO] HTTP Request: GET https://huggingface.co/api/models/google/mt5-small/discussions?p=0 "HTTP/1.1 200 OK"
[2026-08-03 20:25:28,218] [INFO] HTTP Request: GET https://huggingface.co/api/models/google/mt5-small/commits/refs%2Fpr%2F15 "HTTP/1.1 200 OK"
[2026-08-03 20:25:28,458] [INFO] HTTP Request: HEAD https://huggingface.co/google/mt5-small/resolve/refs%2Fpr%2F15/model.safetensors.index.json "HTTP/1.1 404 Not Found"
[2026-08-03 20:25:28,685] [INFO] HTTP Request: HEAD https://huggingface.co/google/mt5-small/resolve/refs%2Fpr%2F15/model.safetensors "HTTP/1.1 302 Found"
[2026-08-03 20:25:28,691] [INFO] HTTP Request: HEAD https://huggingface.co/google/mt5-small/resolve/main/generation_config.json "HTTP/1.1 307 Temporary Redirect"
[2026-08-03 20:25:28,712] [INFO] HTTP Request: HEAD https://huggingface.co/api/resolve-cache/models/google/mt5-small/73fb5dbe4756edadc8fbe8c769b0a109493acf7a/generation_config.json "HTTP/1.1 200 OK"
[2026-08-03 20:32:01,505] [INFO] Generation Length Check: Avg Pred Words = 9.0 | Avg Ref Words = 8.8
[2026-08-03 20:32:01,506] [INFO] [Sample 1] Pred: 'हरीश शिंदे यांनी सामाजिक उद्योजकता म्हणून सौरऊर्जेचा वापर आणि प्रोत्साहन स्वीकारले आहे' | Ref: 'हरीश शिंदे यांनी सामाजिक उद्योजकता म्हणून सौरऊर्जेचा वापर आणि प्रोत्साहन स्वीकारले आहे'
[2026-08-03 20:32:01,506] [INFO] [Sample 2] Pred: 'लाईटाचा बिल ऑफिसातच येवन भरूचा लागतो?' | Ref: 'लाईटचे बिल ऑफिसमध्येच भरायला लागतो का?'
[2026-08-03 20:32:01,506] [INFO] [Sample 3] Pred: 'फायनान्स उद्योगातील कामगारांना वर्षाच्या शेवटी बँकर्स बोनस दिला जाते' | Ref: 'फायनान्स उद्योगातील कामगारांना वर्षाच्या शेवटी बँकर्स बोनस दिला जातो.'
[2026-08-03 20:38:47,092] [INFO] Generation Length Check: Avg Pred Words = 9.0 | Avg Ref Words = 8.8
[2026-08-03 20:38:47,092] [INFO] [Sample 1] Pred: 'हरीश शिंदे यांनी सामाजिक उद्योजकता म्हणून सौरऊर्जेचा वापर आणि प्रोत्साहन स्वीकारले आहे' | Ref: 'हरीश शिंदे यांनी सामाजिक उद्योजकता म्हणून सौरऊर्जेचा वापर आणि प्रोत्साहन स्वीकारले आहे'
[2026-08-03 20:38:47,092] [INFO] [Sample 2] Pred: 'लाईटाचा बिल ऑफिसातच येतो का?' | Ref: 'लाईटचे बिल ऑफिसमध्येच भरायला लागतो का?'
[2026-08-03 20:38:47,092] [INFO] [Sample 3] Pred: 'फायनान्स उद्योगातील कामगारांना वर्षाच्या शेवटी बँकर्स बोनस दिला जाते' | Ref: 'फायनान्स उद्योगातील कामगारांना वर्षाच्या शेवटी बँकर्स बोनस दिला जातो.'
[2026-08-03 20:45:33,844] [INFO] Generation Length Check: Avg Pred Words = 9.0 | Avg Ref Words = 8.8
[2026-08-03 20:45:33,844] [INFO] [Sample 1] Pred: 'हरीश शिंदे यांनी सामाजिक उद्योजकता म्हणून सौरऊर्जेचा वापर आणि प्रोत्साहन स्वीकारले आहे' | Ref: 'हरीश शिंदे यांनी सामाजिक उद्योजकता म्हणून सौरऊर्जेचा वापर आणि प्रोत्साहन स्वीकारले आहे'
[2026-08-03 20:45:33,844] [INFO] [Sample 2] Pred: 'लाईटाचा बिल ऑफिसातच येवन भरूचा लागतो का?' | Ref: 'लाईटचे बिल ऑफिसमध्येच भरायला लागतो का?'
[2026-08-03 20:45:33,844] [INFO] [Sample 3] Pred: 'फायनान्स उद्योगातील कामगारांना वर्षाच्या शेवटी बँकर्स बोनस दिले जाते' | Ref: 'फायनान्स उद्योगातील कामगारांना वर्षाच्या शेवटी बँकर्स बोनस दिला जातो.'
[2026-08-03 20:52:17,278] [INFO] Generation Length Check: Avg Pred Words = 8.9 | Avg Ref Words = 8.8
[2026-08-03 20:52:17,279] [INFO] [Sample 1] Pred: 'हरीश शिंदे यांनी सामाजिक उद्योजकता म्हणून सौरऊर्जेचा वापर आणि प्रोत्साहन स्वीकारले आहे' | Ref: 'हरीश शिंदे यांनी सामाजिक उद्योजकता म्हणून सौरऊर्जेचा वापर आणि प्रोत्साहन स्वीकारले आहे'
[2026-08-03 20:52:17,279] [INFO] [Sample 2] Pred: 'लाईटाचा बिल ऑफिसातच येतो का?' | Ref: 'लाईटचे बिल ऑफिसमध्येच भरायला लागतो का?'
[2026-08-03 20:52:17,279] [INFO] [Sample 3] Pred: 'फायनान्स उद्योगातील कामगारांना वर्षाच्या शेवटी बँकर्स बोनस दिला जाते' | Ref: 'फायनान्स उद्योगातील कामगारांना वर्षाच्या शेवटी बँकर्स बोनस दिला जातो.'
[2026-08-03 20:59:03,163] [INFO] Generation Length Check: Avg Pred Words = 8.9 | Avg Ref Words = 8.8
[2026-08-03 20:59:03,163] [INFO] [Sample 1] Pred: 'हरीश शिंदे यांनी सामाजिक उद्योजकता म्हणून सौरऊर्जेचा वापर आणि प्रोत्साहन स्वीकारले आहे' | Ref: 'हरीश शिंदे यांनी सामाजिक उद्योजकता म्हणून सौरऊर्जेचा वापर आणि प्रोत्साहन स्वीकारले आहे'
[2026-08-03 20:59:03,164] [INFO] [Sample 2] Pred: 'लाईटाचा बिल ऑफिसातचा येवन भरावा लागतो का?' | Ref: 'लाईटचे बिल ऑफिसमध्येच भरायला लागतो का?'
[2026-08-03 20:59:03,164] [INFO] [Sample 3] Pred: 'फायनान्स उद्योगातील कामगारांना वर्षाच्या शेवटी बँकर्स बोनस दिले जाते' | Ref: 'फायनान्स उद्योगातील कामगारांना वर्षाच्या शेवटी बँकर्स बोनस दिला जातो.'
[2026-08-03 20:59:27,852] [INFO] Fold 4 Step-Averaged Training Loss: 0.8298
[2026-08-03 20:59:27,852] [INFO] Evaluating Fold 4 on CV Validation Split (2,747 samples)...
[2026-08-03 21:02:21,988] [INFO] Generation Length Check: Avg Pred Words = 8.9 | Avg Ref Words = 8.8
[2026-08-03 21:02:21,988] [INFO] [Sample 1] Pred: 'हरीश शिंदे यांनी सामाजिक उद्योजकता म्हणून सौरऊर्जेचा वापर आणि प्रोत्साहन स्वीकारले आहे' | Ref: 'हरीश शिंदे यांनी सामाजिक उद्योजकता म्हणून सौरऊर्जेचा वापर आणि प्रोत्साहन स्वीकारले आहे'
[2026-08-03 21:02:21,989] [INFO] [Sample 2] Pred: 'लाईटाचा बिल ऑफिसातच येतो का?' | Ref: 'लाईटचे बिल ऑफिसमध्येच भरायला लागतो का?'
[2026-08-03 21:02:21,989] [INFO] [Sample 3] Pred: 'फायनान्स उद्योगातील कामगारांना वर्षाच्या शेवटी बँकर्स बोनस दिला जाते' | Ref: 'फायनान्स उद्योगातील कामगारांना वर्षाच्या शेवटी बँकर्स बोनस दिला जातो.'
[2026-08-03 21:02:23,116] [INFO] Fold 4 Val Loss: 0.5873  Val BLEU: 63.00  Val chrF: 81.36
[2026-08-03 21:02:23,117] [INFO] Evaluating Fold 4 on Held-Out Test Set (2,424 samples)...
[2026-08-03 21:04:55,795] [INFO] Generation Length Check: Avg Pred Words = 8.8 | Avg Ref Words = 8.7
[2026-08-03 21:04:55,795] [INFO] [Sample 1] Pred: 'मेकॅनिकल ट्री शेकर झाडाला एका जागेपासून दुसऱ्या जागेवर घेऊन जात आहे' | Ref: 'मेकॅनिकल ट्री शेकर झाडांना एका जागेवरून दुसऱ्या जागेवर घेऊन जात आहे.'
[2026-08-03 21:04:55,795] [INFO] [Sample 2] Pred: 'माझ्या गावात गवारीच्या शेंगाची लागवड केली जाते, गवारीचे शेंगो पौष्टिक असतात.' | Ref: 'माझ्या गावात गवारीच्या शेंगाची लागवड केली गेली, गवारीचे शेंगो खूप पौष्टिक आहेत.'
[2026-08-03 21:04:55,795] [INFO] [Sample 3] Pred: 'भाजीपाला पाइन बनाडेल तेल खावाले कामात येते.' | Ref: 'भाजीपाला खाणाऱ्यांना तेल लागते.'
[2026-08-03 21:04:57,129] [INFO] Fold 4 Test Loss: 0.5875  Test BLEU: 63.43  Test chrF: 81.48
[2026-08-03 21:04:57,131] [INFO] Running independent per-dialect test evaluation breakdown...
[2026-08-03 21:05:51,213] [INFO] Generation Length Check: Avg Pred Words = 8.8 | Avg Ref Words = 8.7
[2026-08-03 21:05:51,213] [INFO] [Sample 1] Pred: 'मेकॅनिकल ट्री शेकर झाडाला एका जागेपासून दुसऱ्या जागेवर घेऊन जात आहे' | Ref: 'मेकॅनिकल ट्री शेकर झाडांना एका जागेवरून दुसऱ्या जागेवर घेऊन जात आहे.'
[2026-08-03 21:05:51,213] [INFO] [Sample 2] Pred: 'माझ्या गावात गवारीच्या शेंगाची लागवड केली जाते, गवारीचे शेंगो पौष्टिक असतात.' | Ref: 'माझ्या गावात गवारीच्या शेंगाची लागवड केली गेली, गवारीचे शेंगो खूप पौष्टिक आहेत.'
[2026-08-03 21:05:51,213] [INFO] [Sample 3] Pred: 'कोंबड्यांका अंडे देऊक गरम वातावरण तयार करत आहेत' | Ref: 'कोंबड्यांचे अंडे गरम वातावरण तयार करतात?'
[2026-08-03 21:05:51,597] [INFO]   [D1] Test Samples: 836 | Loss: 0.7113 | BLEU: 48.7005 | chrF: 75.2525
[2026-08-03 21:06:40,831] [INFO] Generation Length Check: Avg Pred Words = 8.7 | Avg Ref Words = 8.6
[2026-08-03 21:06:40,831] [INFO] [Sample 1] Pred: 'भाजीपाला पाइन बनाडेल तेल खावाले कामात येते.' | Ref: 'भाजीपाला खाणाऱ्यांना तेल लागते.'
[2026-08-03 21:06:40,831] [INFO] [Sample 2] Pred: 'मी इंटरनेटवर कागदपत्रे पुरा इतिहास वाढतात' | Ref: 'मी इंटरनेटवर कागदपत्र इतिहास वाचून काढावा का?'
[2026-08-03 21:06:40,831] [INFO] [Sample 3] Pred: 'उद्योगासाठी शंकुच्या आकाराचे मऊ लाकुड पाईन, देवदार आणि स्प्रूस या लाकूड प्रजातीमधून सापडते.' | Ref: 'उद्योगासाठी शंकुच्या आकाराचे मऊ लाकूड पाईन, देवदार आणि स्प्रूस या लाकूड प्रजातीमधून सापडते.'
[2026-08-03 21:06:41,197] [INFO]   [D2] Test Samples: 798 | Loss: 0.6913 | BLEU: 62.4678 | chrF: 79.0125
[2026-08-03 21:07:30,338] [INFO] Generation Length Check: Avg Pred Words = 9.0 | Avg Ref Words = 8.9
[2026-08-03 21:07:30,338] [INFO] [Sample 1] Pred: 'तुम्ही तुमच्या थायलंड कंपनीत दरवर्षी परदेशी गुंतवणूक देखील करू शकता' | Ref: 'तुम्ही तुमच्या थायलंड कंपनीत दरवर्षी परदेशी गुंतवणूक देखील करू शकता'
[2026-08-03 21:07:30,339] [INFO] [Sample 2] Pred: 'चिटोसन हा तंतुमय पदार्थ असून तो चरबी कमी करण्यास मदत करतो' | Ref: 'चिटोसन हा तंतुमय पदार्थ असून तो चरबी कमी करण्यास मदत करतो'
[2026-08-03 21:07:30,339] [INFO] [Sample 3] Pred: 'देशाची अर्थ व्यवस्था वाचवण्यासाठी देशाच्या सरकारकडून लष्करी रोखे जारी केले जातात' | Ref: 'देशाची अर्थ व्यवस्था वाचवण्यासाठी देशाच्या सरकारकडून लष्करी रोखे जारी केले जातात'
[2026-08-03 21:07:30,706] [INFO]   [D4] Test Samples: 790 | Loss: 0.3543 | BLEU: 79.4071 | chrF: 90.5378
[2026-08-03 21:07:30,707] [INFO] New Best Fold (4) Test BLEU: 63.43! Saving local model to: models\mt5_combined_16k\best_model
[2026-08-03 21:07:38,911] [INFO] 
======================================================================
[2026-08-03 21:07:38,911] [INFO] RUNNING mT5 CROSS-VALIDATION: FOLD 5/5
[2026-08-03 21:07:38,911] [INFO] ======================================================================
[2026-08-03 21:07:39,361] [INFO] HTTP Request: HEAD https://huggingface.co/google/mt5-small/resolve/main/config.json "HTTP/1.1 307 Temporary Redirect"
[2026-08-03 21:07:39,388] [INFO] HTTP Request: HEAD https://huggingface.co/api/resolve-cache/models/google/mt5-small/73fb5dbe4756edadc8fbe8c769b0a109493acf7a/config.json "HTTP/1.1 200 OK"
[2026-08-03 21:07:39,630] [INFO] HTTP Request: HEAD https://huggingface.co/google/mt5-small/resolve/main/model.safetensors "HTTP/1.1 404 Not Found"
[2026-08-03 21:07:39,883] [INFO] HTTP Request: GET https://huggingface.co/api/models/google/mt5-small "HTTP/1.1 200 OK"
[2026-08-03 21:07:40,141] [INFO] HTTP Request: GET https://huggingface.co/api/models/google/mt5-small/commits/main "HTTP/1.1 200 OK"
[2026-08-03 21:07:40,418] [INFO] HTTP Request: GET https://huggingface.co/api/models/google/mt5-small/discussions?p=0 "HTTP/1.1 200 OK"
[2026-08-03 21:07:40,716] [INFO] HTTP Request: GET https://huggingface.co/api/models/google/mt5-small/commits/refs%2Fpr%2F15 "HTTP/1.1 200 OK"
[2026-08-03 21:07:40,951] [INFO] HTTP Request: HEAD https://huggingface.co/google/mt5-small/resolve/refs%2Fpr%2F15/model.safetensors.index.json "HTTP/1.1 404 Not Found"
[2026-08-03 21:07:41,067] [INFO] HTTP Request: HEAD https://huggingface.co/google/mt5-small/resolve/main/generation_config.json "HTTP/1.1 307 Temporary Redirect"
[2026-08-03 21:07:41,088] [INFO] HTTP Request: HEAD https://huggingface.co/api/resolve-cache/models/google/mt5-small/73fb5dbe4756edadc8fbe8c769b0a109493acf7a/generation_config.json "HTTP/1.1 200 OK"
[2026-08-03 21:07:41,191] [INFO] HTTP Request: HEAD https://huggingface.co/google/mt5-small/resolve/refs%2Fpr%2F15/model.safetensors "HTTP/1.1 302 Found"
[2026-08-03 21:14:09,278] [INFO] Generation Length Check: Avg Pred Words = 9.0 | Avg Ref Words = 8.9
[2026-08-03 21:14:09,278] [INFO] [Sample 1] Pred: 'आम्ही घरी पोषक सोल्यूशन हायड्रोपोनिक्स देखील बनवू शकतो' | Ref: 'आम्ही घरी पोषक सोल्यूशन हायड्रोपोनिक्स देखील बनवू शकतो'
[2026-08-03 21:14:09,278] [INFO] [Sample 2] Pred: 'मी गेल्या वेळी प्रवास विमा घेतला नसता तर अपघात कव्हर झाला नसतो' | Ref: 'मी गेल्या वेळी प्रवास विमा घेतला नसता तर अपघात कव्हर झाला नसता'
[2026-08-03 21:14:09,278] [INFO] [Sample 3] Pred: 'लेखा संशोधनाने संघटना आणि समाजामधील लेखांकनाच्या भूमिकांचा अभ्यास केला आहे' | Ref: 'लेखा संशोधनाने संघटना आणि समाजामधील लेखांकनाच्या भूमिकांचा अभ्यास केला आहे'
[2026-08-03 21:20:57,070] [INFO] Generation Length Check: Avg Pred Words = 9.0 | Avg Ref Words = 8.9
[2026-08-03 21:20:57,071] [INFO] [Sample 1] Pred: 'आम्ही घरी पोषक सोल्यूशन हायड्रोपोनिक्स देखील बनवू शकतो' | Ref: 'आम्ही घरी पोषक सोल्यूशन हायड्रोपोनिक्स देखील बनवू शकतो'
[2026-08-03 21:20:57,071] [INFO] [Sample 2] Pred: 'मी गेल्या वेळी प्रवास विमा घेतला नसता तर अपघात कव्हर झाला नसतो.' | Ref: 'मी गेल्या वेळी प्रवास विमा घेतला नसता तर अपघात कव्हर झाला नसता'
[2026-08-03 21:20:57,071] [INFO] [Sample 3] Pred: 'लेखा संशोधनाने संघटना आणि समाजामधील लेखांकनाच्या भूमिकांचा अभ्यास केला आहे' | Ref: 'लेखा संशोधनाने संघटना आणि समाजामधील लेखांकनाच्या भूमिकांचा अभ्यास केला आहे'
[2026-08-03 21:27:44,154] [INFO] Generation Length Check: Avg Pred Words = 8.9 | Avg Ref Words = 8.9
[2026-08-03 21:27:44,154] [INFO] [Sample 1] Pred: 'आम्ही घरी पोषक सोल्यूशन हायड्रोपोनिक्स देखील बनवू शकतो' | Ref: 'आम्ही घरी पोषक सोल्यूशन हायड्रोपोनिक्स देखील बनवू शकतो'
[2026-08-03 21:27:44,155] [INFO] [Sample 2] Pred: 'मी गेल्या वेळी प्रवास विमा घेतला नसता तर अपघात कव्हर झाला नाही' | Ref: 'मी गेल्या वेळी प्रवास विमा घेतला नसता तर अपघात कव्हर झाला नसता'
[2026-08-03 21:27:44,155] [INFO] [Sample 3] Pred: 'लेखा संशोधनाने संघटना आणि समाजामधील लेखांकनाच्या भूमिकांचा अभ्यास केला आहे' | Ref: 'लेखा संशोधनाने संघटना आणि समाजामधील लेखांकनाच्या भूमिकांचा अभ्यास केला आहे'
[2026-08-03 21:34:33,680] [INFO] Generation Length Check: Avg Pred Words = 9.0 | Avg Ref Words = 8.9
[2026-08-03 21:34:33,680] [INFO] [Sample 1] Pred: 'आम्ही घरी पोषक सोल्यूशन हायड्रोपोनिक्स देखील बनवू शकतो' | Ref: 'आम्ही घरी पोषक सोल्यूशन हायड्रोपोनिक्स देखील बनवू शकतो'
[2026-08-03 21:34:33,680] [INFO] [Sample 2] Pred: 'मी गेल्या वेळी प्रवास विमा घेतला नाही तर अपघात कव्हर झाला नाही' | Ref: 'मी गेल्या वेळी प्रवास विमा घेतला नसता तर अपघात कव्हर झाला नसता'
[2026-08-03 21:34:33,680] [INFO] [Sample 3] Pred: 'लेखा संशोधनाने संघटना आणि समाजामधील लेखांकनाच्या भूमिकांचा अभ्यास केला आहे' | Ref: 'लेखा संशोधनाने संघटना आणि समाजामधील लेखांकनाच्या भूमिकांचा अभ्यास केला आहे'
[2026-08-03 21:41:24,309] [INFO] Generation Length Check: Avg Pred Words = 9.0 | Avg Ref Words = 8.9
[2026-08-03 21:41:24,309] [INFO] [Sample 1] Pred: 'आम्ही घरी पोषक सोल्यूशन हायड्रोपोनिक्स देखील बनवू शकतो' | Ref: 'आम्ही घरी पोषक सोल्यूशन हायड्रोपोनिक्स देखील बनवू शकतो'
[2026-08-03 21:41:24,309] [INFO] [Sample 2] Pred: 'मी गेल्या वेळी प्रवास विमा घेतला नाही तर अपघात कव्हर झाला नाही' | Ref: 'मी गेल्या वेळी प्रवास विमा घेतला नसता तर अपघात कव्हर झाला नसता'
[2026-08-03 21:41:24,310] [INFO] [Sample 3] Pred: 'लेखा संशोधनाने संघटना आणि समाजामधील लेखांकनाच्या भूमिकांचा अभ्यास केला आहे' | Ref: 'लेखा संशोधनाने संघटना आणि समाजामधील लेखांकनाच्या भूमिकांचा अभ्यास केला आहे'
[2026-08-03 21:41:49,329] [INFO] Fold 5 Step-Averaged Training Loss: 0.8563
[2026-08-03 21:41:49,330] [INFO] Evaluating Fold 5 on CV Validation Split (2,751 samples)...
[2026-08-03 21:44:40,502] [INFO] Generation Length Check: Avg Pred Words = 9.0 | Avg Ref Words = 8.9
[2026-08-03 21:44:40,502] [INFO] [Sample 1] Pred: 'आम्ही घरी पोषक सोल्यूशन हायड्रोपोनिक्स देखील बनवू शकतो' | Ref: 'आम्ही घरी पोषक सोल्यूशन हायड्रोपोनिक्स देखील बनवू शकतो'
[2026-08-03 21:44:40,502] [INFO] [Sample 2] Pred: 'मी गेल्या वेळी प्रवास विमा घेतला नाही तर अपघात कव्हर झाला नाही' | Ref: 'मी गेल्या वेळी प्रवास विमा घेतला नसता तर अपघात कव्हर झाला नसता'
[2026-08-03 21:44:40,502] [INFO] [Sample 3] Pred: 'लेखा संशोधनाने संघटना आणि समाजामधील लेखांकनाच्या भूमिकांचा अभ्यास केला आहे' | Ref: 'लेखा संशोधनाने संघटना आणि समाजामधील लेखांकनाच्या भूमिकांचा अभ्यास केला आहे'
[2026-08-03 21:44:41,640] [INFO] Fold 5 Val Loss: 0.6034  Val BLEU: 62.37  Val chrF: 80.74
[2026-08-03 21:44:41,641] [INFO] Evaluating Fold 5 on Held-Out Test Set (2,424 samples)...
[2026-08-03 21:47:14,572] [INFO] Generation Length Check: Avg Pred Words = 8.8 | Avg Ref Words = 8.7
[2026-08-03 21:47:14,572] [INFO] [Sample 1] Pred: 'मेकॅनिकल ट्री शेकर झाडाला एका जागेपासून दुसऱ्या जागेवर घेऊन जात आहे' | Ref: 'मेकॅनिकल ट्री शेकर झाडांना एका जागेवरून दुसऱ्या जागेवर घेऊन जात आहे.'
[2026-08-03 21:47:14,572] [INFO] [Sample 2] Pred: 'माझ्या गावात गवारीच्या शेंगाची लागवड केली जाते, गवारीचे शेंगो लय पौष्टिक असतात.' | Ref: 'माझ्या गावात गवारीच्या शेंगाची लागवड केली गेली, गवारीचे शेंगो खूप पौष्टिक आहेत.'
[2026-08-03 21:47:14,573] [INFO] [Sample 3] Pred: 'भाजीपाला पाइन बनाडेल तेल खावाले कामात येते.' | Ref: 'भाजीपाला खाणाऱ्यांना तेल लागते.'
[2026-08-03 21:47:15,892] [INFO] Fold 5 Test Loss: 0.6010  Test BLEU: 63.21  Test chrF: 81.31
[2026-08-03 21:47:15,893] [INFO] Running independent per-dialect test evaluation breakdown...
[2026-08-03 21:48:09,022] [INFO] Generation Length Check: Avg Pred Words = 8.8 | Avg Ref Words = 8.7
[2026-08-03 21:48:09,022] [INFO] [Sample 1] Pred: 'मेकॅनिकल ट्री शेकर झाडाला एका जागेपासून दुसऱ्या जागेवर घेऊन जात आहे' | Ref: 'मेकॅनिकल ट्री शेकर झाडांना एका जागेवरून दुसऱ्या जागेवर घेऊन जात आहे.'
[2026-08-03 21:48:09,023] [INFO] [Sample 2] Pred: 'माझ्या गावात गवारीच्या शेंगाची लागवड केली जाते, गवारीचे शेंगो लय पौष्टिक असतात.' | Ref: 'माझ्या गावात गवारीच्या शेंगाची लागवड केली गेली, गवारीचे शेंगो खूप पौष्टिक आहेत.'
[2026-08-03 21:48:09,023] [INFO] [Sample 3] Pred: 'कोंबड्यांका अंडे देण्यासाठी गरम वातावरण तयार करत आहेत' | Ref: 'कोंबड्यांचे अंडे गरम वातावरण तयार करतात?'
[2026-08-03 21:48:09,408] [INFO]   [D1] Test Samples: 836 | Loss: 0.7272 | BLEU: 48.2671 | chrF: 74.9673
[2026-08-03 21:48:58,922] [INFO] Generation Length Check: Avg Pred Words = 8.7 | Avg Ref Words = 8.6
[2026-08-03 21:48:58,922] [INFO] [Sample 1] Pred: 'भाजीपाला पाइन बनाडेल तेल खावाले कामात येते.' | Ref: 'भाजीपाला खाणाऱ्यांना तेल लागते.'
[2026-08-03 21:48:58,923] [INFO] [Sample 2] Pred: 'मी इंटरनेटवर कागदपत्रे पुरा इतिहास वाढतील' | Ref: 'मी इंटरनेटवर कागदपत्र इतिहास वाचून काढावा का?'
[2026-08-03 21:48:58,923] [INFO] [Sample 3] Pred: 'उद्योगासाठी शंकुच्या आकाराचे मऊ लाकुड पाईन, देवदार आणि स्प्रूस या लाकूड प्रजातीमधून सापडते.' | Ref: 'उद्योगासाठी शंकुच्या आकाराचे मऊ लाकूड पाईन, देवदार आणि स्प्रूस या लाकूड प्रजातीमधून सापडते.'
[2026-08-03 21:48:59,312] [INFO]   [D2] Test Samples: 798 | Loss: 0.7062 | BLEU: 62.301 | chrF: 78.9976
[2026-08-03 21:49:48,260] [INFO] Generation Length Check: Avg Pred Words = 8.9 | Avg Ref Words = 8.9
[2026-08-03 21:49:48,260] [INFO] [Sample 1] Pred: 'तुम्ही तुमच्या थायलंड कंपनीत दरवर्षी परदेशी गुंतवणूक देखील करू शकता' | Ref: 'तुम्ही तुमच्या थायलंड कंपनीत दरवर्षी परदेशी गुंतवणूक देखील करू शकता'
[2026-08-03 21:49:48,261] [INFO] [Sample 2] Pred: 'चिटोसन हा तंतुमय पदार्थ असून तो चरबी कमी करण्यास मदत करतो' | Ref: 'चिटोसन हा तंतुमय पदार्थ असून तो चरबी कमी करण्यास मदत करतो'
[2026-08-03 21:49:48,261] [INFO] [Sample 3] Pred: 'देशाची अर्थ व्यवस्था वाचवण्यासाठी देशाच्या सरकारकडून लष्करी रोखे जारी केले जातात' | Ref: 'देशाची अर्थ व्यवस्था वाचवण्यासाठी देशाच्या सरकारकडून लष्करी रोखे जारी केले जातात'
[2026-08-03 21:49:48,625] [INFO]   [D4] Test Samples: 790 | Loss: 0.3636 | BLEU: 79.6227 | chrF: 90.3236
[2026-08-03 21:49:49,131] [INFO] === mT5 CROSS VALIDATION COMPLETED ===
[2026-08-03 21:49:49,132] [INFO] Avg Test Loss: 0.5911 | BLEU: 63.2945 | chrF++: 81.3695
[2026-08-03 21:49:49,132] [INFO] Best Fine-Tuned Model Saved to: models\mt5_combined_16k\best_model
[2026-08-03 21:49:49,330] [INFO] --- [OK] Successfully completed: D124 16k (Combined Original)
[2026-08-03 21:49:49,330] [INFO] 
---> Starting Variant 5/8: D1 32k (Malvani Expanded)
[2026-08-03 21:49:49,490] [INFO] Loaded 11,145 parallel samples from 2 CSV file(s).
