[2026-08-01 16:41:19,522] [INFO] Training log file: D:\dialect-norm\logs\train_indicbart_d1d2.log
[2026-08-01 16:41:19,522] [INFO] ======================================================================
[2026-08-01 16:41:19,522] [INFO] INDICBART FINE-TUNING (OPTION B: 85/15 STRATIFIED SPLIT + 5-FOLD CV)
[2026-08-01 16:41:19,522] [INFO] ======================================================================
[2026-08-01 16:41:19,522] [INFO] Target Model            : ai4bharat/IndicBART
[2026-08-01 16:41:19,522] [INFO] Output Directory        : D:\dialect-norm\models\indicbart_d1d2
[2026-08-01 16:41:19,522] [INFO] Epochs per Fold         : 5
[2026-08-01 16:41:19,523] [INFO] Batch Size              : 16
[2026-08-01 16:41:19,529] [INFO] Gradient Accum Steps    : 2
[2026-08-01 16:41:19,530] [INFO] Effective Batch Size    : 32
[2026-08-01 16:41:19,530] [INFO] Learning Rate           : 5e-05
[2026-08-01 16:41:19,530] [INFO] Weight Decay            : 0.01
[2026-08-01 16:41:19,530] [INFO] Warmup Ratio            : 0.1
[2026-08-01 16:41:19,530] [INFO] Early Stopping Patience : 2
[2026-08-01 16:41:19,530] [INFO] Max Input / Target Len  : 128 / 128
[2026-08-01 16:41:19,530] [INFO] Random Seed             : 42
[2026-08-01 16:41:19,530] [INFO] ======================================================================
[2026-08-01 16:41:20,484] [INFO] Loaded 11,077 parallel samples from 2 CSV file(s).
[2026-08-01 16:41:20,498] [INFO] Total Dataset Size      : 11,077 pairs
[2026-08-01 16:41:20,499] [INFO] 85% Training Pool       : 9,414 pairs
[2026-08-01 16:41:20,499] [INFO] 15% Held-Out Test       : 1,663 pairs
[2026-08-01 16:41:20,504] [INFO]   Train Pool distribution: {'D2': 4675, 'D1': 4739}
[2026-08-01 16:41:20,505] [INFO]   Test Set distribution: {'D1': 837, 'D2': 826}
[2026-08-01 16:41:20,505] [INFO] Downloading and caching base model 'ai4bharat/IndicBART' to D:\dialect-norm\models\indicbart_d1d2\base_model...
[2026-08-01 16:41:21,129] [INFO] HTTP Request: HEAD https://huggingface.co/ai4bharat/IndicBART/resolve/main/config.json "HTTP/1.1 307 Temporary Redirect"
[2026-08-01 16:41:21,153] [INFO] HTTP Request: HEAD https://huggingface.co/api/resolve-cache/models/ai4bharat/IndicBART/78466a0c0e29f9229f7005623ecd6bc4243c0ae0/config.json "HTTP/1.1 200 OK"
[2026-08-01 16:41:21,384] [INFO] HTTP Request: HEAD https://huggingface.co/ai4bharat/IndicBART/resolve/main/tokenizer_config.json "HTTP/1.1 307 Temporary Redirect"
[2026-08-01 16:41:21,407] [INFO] HTTP Request: HEAD https://huggingface.co/api/resolve-cache/models/ai4bharat/IndicBART/78466a0c0e29f9229f7005623ecd6bc4243c0ae0/tokenizer_config.json "HTTP/1.1 200 OK"
[2026-08-01 16:41:21,634] [INFO] HTTP Request: HEAD https://huggingface.co/ai4bharat/IndicBART/resolve/main/tokenizer_config.json "HTTP/1.1 307 Temporary Redirect"
[2026-08-01 16:41:21,658] [INFO] HTTP Request: HEAD https://huggingface.co/api/resolve-cache/models/ai4bharat/IndicBART/78466a0c0e29f9229f7005623ecd6bc4243c0ae0/tokenizer_config.json "HTTP/1.1 200 OK"
[2026-08-01 16:41:21,889] [INFO] HTTP Request: GET https://huggingface.co/api/models/ai4bharat/IndicBART/tree/main/additional_chat_templates?recursive=false&expand=false "HTTP/1.1 404 Not Found"
[2026-08-01 16:41:22,119] [INFO] HTTP Request: GET https://huggingface.co/api/models/ai4bharat/IndicBART/tree/main?recursive=true&expand=false "HTTP/1.1 200 OK"
[2026-08-01 16:41:22,645] [INFO] HTTP Request: HEAD https://huggingface.co/ai4bharat/IndicBART/resolve/main/config.json "HTTP/1.1 307 Temporary Redirect"
[2026-08-01 16:41:22,669] [INFO] HTTP Request: HEAD https://huggingface.co/api/resolve-cache/models/ai4bharat/IndicBART/78466a0c0e29f9229f7005623ecd6bc4243c0ae0/config.json "HTTP/1.1 200 OK"
[2026-08-01 16:41:22,919] [INFO] HTTP Request: HEAD https://huggingface.co/ai4bharat/IndicBART/resolve/main/model.safetensors "HTTP/1.1 404 Not Found"
[2026-08-01 16:41:23,148] [INFO] HTTP Request: GET https://huggingface.co/api/models/ai4bharat/IndicBART "HTTP/1.1 200 OK"
[2026-08-01 16:41:23,392] [INFO] HTTP Request: GET https://huggingface.co/api/models/ai4bharat/IndicBART/commits/main "HTTP/1.1 200 OK"
[2026-08-01 16:41:23,630] [INFO] HTTP Request: GET https://huggingface.co/api/models/ai4bharat/IndicBART/discussions?p=0 "HTTP/1.1 200 OK"
[2026-08-01 16:41:23,872] [INFO] HTTP Request: GET https://huggingface.co/api/models/ai4bharat/IndicBART/commits/refs%2Fpr%2F2 "HTTP/1.1 200 OK"
[2026-08-01 16:41:24,104] [INFO] HTTP Request: HEAD https://huggingface.co/ai4bharat/IndicBART/resolve/refs%2Fpr%2F2/model.safetensors.index.json "HTTP/1.1 404 Not Found"
[2026-08-01 16:41:24,263] [INFO] HTTP Request: HEAD https://huggingface.co/ai4bharat/IndicBART/resolve/main/generation_config.json "HTTP/1.1 404 Not Found"
[2026-08-01 16:41:24,340] [INFO] HTTP Request: HEAD https://huggingface.co/ai4bharat/IndicBART/resolve/refs%2Fpr%2F2/model.safetensors "HTTP/1.1 302 Found"
[2026-08-01 16:41:24,492] [INFO] HTTP Request: HEAD https://huggingface.co/ai4bharat/IndicBART/resolve/main/config.json "HTTP/1.1 307 Temporary Redirect"
[2026-08-01 16:41:24,516] [INFO] HTTP Request: HEAD https://huggingface.co/api/resolve-cache/models/ai4bharat/IndicBART/78466a0c0e29f9229f7005623ecd6bc4243c0ae0/config.json "HTTP/1.1 200 OK"
[2026-08-01 16:41:32,864] [INFO] 
======================================================================
[2026-08-01 16:41:32,864] [INFO] RUNNING CROSS-VALIDATION: FOLD 1/5
[2026-08-01 16:41:32,864] [INFO] ======================================================================
[2026-08-01 16:41:32,864] [INFO] Fold 1 Training Samples   : 7,532
[2026-08-01 16:41:32,865] [INFO] Fold 1 Validation Samples : 1,882
[2026-08-01 16:53:22,333] [INFO] Generation Length Check: Avg Pred Words = 33.5 | Avg Ref Words = 8.8
[2026-08-01 16:53:22,333] [INFO] [Sample 1] Pred: 'मन्हा भाऊ कर्नाटकात रेशीम धागा कशा काढत आहे? महाराष्ट्राला रेशीमना धागा कशा काढायचे ते कसे शिकावे लागेल का?.' | Ref: 'मन्हा भाऊ कर्नाटकमध्ये रेशमी धागा कसे काढत आहात आणि तुम्हाला शिकायला जायचे का?'
[2026-08-01 16:53:22,333] [INFO] [Sample 2] Pred: 'वरील कर्जपुरवठ्यास विमा संरक्षण असते का? विमा संरक्षण आहे का? विमा संरक्षण संरक्षण असते का ? वरील कर्जपुरवताना विमा संरक्षण संरक्षण मिळते का? विमा संरक्षण नसते का? विमा संरक्षण असते.' | Ref: 'वरील कर्जपुरवठ्यासाठी विमा संरक्षण असते का?'
[2026-08-01 16:53:22,333] [INFO] [Sample 3] Pred: 'पपईवर थंड वातावरणाचा काय परिणाम होऊ शकतो? थंड वातावरणाचे काय परिणाम होऊ शकतात का? पपईच्या थंड वातावरणामुळे थंड वातावरणाचा कसा परिणाम होऊ शकतो का? पपईचे काय परिणाम होऊ शकते?' | Ref: 'पपईवर थंड वातावरणाचा काय परिणाम होऊ शकतो?'
[2026-08-01 16:57:52,935] [INFO] Generation Length Check: Avg Pred Words = 6.6 | Avg Ref Words = 8.8
[2026-08-01 16:57:52,936] [INFO] [Sample 1] Pred: '' | Ref: 'मन्हा भाऊ कर्नाटकमध्ये रेशमी धागा कसे काढत आहात आणि तुम्हाला शिकायला जायचे का?'
[2026-08-01 16:57:52,936] [INFO] [Sample 2] Pred: 'वरील कर्जपुरवठ्यास विमा संरक्षण असते का?' | Ref: 'वरील कर्जपुरवठ्यासाठी विमा संरक्षण असते का?'
[2026-08-01 16:57:52,936] [INFO] [Sample 3] Pred: 'पपईवर थंड वातावरणाचा काय परिणाम होऊ शकतो?' | Ref: 'पपईवर थंड वातावरणाचा काय परिणाम होऊ शकतो?'
[2026-08-01 17:02:30,362] [INFO] Generation Length Check: Avg Pred Words = 5.4 | Avg Ref Words = 8.8
[2026-08-01 17:02:30,363] [INFO] [Sample 1] Pred: '' | Ref: 'मन्हा भाऊ कर्नाटकमध्ये रेशमी धागा कसे काढत आहात आणि तुम्हाला शिकायला जायचे का?'
[2026-08-01 17:02:30,363] [INFO] [Sample 2] Pred: 'वरील कर्जपुरवठ्यास विमा संरक्षण असते का?' | Ref: 'वरील कर्जपुरवठ्यासाठी विमा संरक्षण असते का?'
[2026-08-01 17:02:30,363] [INFO] [Sample 3] Pred: 'पपईवर थंड वातावरणाचा काय परिणाम होऊ शकतो?' | Ref: 'पपईवर थंड वातावरणाचा काय परिणाम होऊ शकतो?'
[2026-08-01 17:07:05,376] [INFO] Generation Length Check: Avg Pred Words = 5.4 | Avg Ref Words = 8.8
[2026-08-01 17:07:05,376] [INFO] [Sample 1] Pred: '' | Ref: 'मन्हा भाऊ कर्नाटकमध्ये रेशमी धागा कसे काढत आहात आणि तुम्हाला शिकायला जायचे का?'
[2026-08-01 17:07:05,376] [INFO] [Sample 2] Pred: 'वरील कर्जपुरवठ्यास विमा संरक्षण असते का?' | Ref: 'वरील कर्जपुरवठ्यासाठी विमा संरक्षण असते का?'
[2026-08-01 17:07:05,376] [INFO] [Sample 3] Pred: 'पपईवर थंड वातावरणाचा काय परिणाम होऊ शकतो?' | Ref: 'पपईवर थंड वातावरणाचा काय परिणाम होऊ शकतो?'
[2026-08-01 17:11:35,492] [INFO] Generation Length Check: Avg Pred Words = 5.4 | Avg Ref Words = 8.8
[2026-08-01 17:11:35,493] [INFO] [Sample 1] Pred: '' | Ref: 'मन्हा भाऊ कर्नाटकमध्ये रेशमी धागा कसे काढत आहात आणि तुम्हाला शिकायला जायचे का?'
[2026-08-01 17:11:35,493] [INFO] [Sample 2] Pred: 'वरील कर्जपुरवठ्यास विमा संरक्षण असते का?' | Ref: 'वरील कर्जपुरवठ्यासाठी विमा संरक्षण असते का?'
[2026-08-01 17:11:35,493] [INFO] [Sample 3] Pred: 'पपईवर थंड वातावरणाचा काय परिणाम होऊ शकतो?' | Ref: 'पपईवर थंड वातावरणाचा काय परिणाम होऊ शकतो?'
[2026-08-01 17:11:48,538] [INFO] Fold 1 Step-Averaged Training Loss: 2.8161
[2026-08-01 17:11:48,538] [INFO] Evaluating Fold 1 on CV Validation Split (1,882 samples)...
[2026-08-01 17:13:52,616] [INFO] Generation Length Check: Avg Pred Words = 5.4 | Avg Ref Words = 8.8
[2026-08-01 17:13:52,616] [INFO] [Sample 1] Pred: '' | Ref: 'मन्हा भाऊ कर्नाटकमध्ये रेशमी धागा कसे काढत आहात आणि तुम्हाला शिकायला जायचे का?'
[2026-08-01 17:13:52,616] [INFO] [Sample 2] Pred: 'वरील कर्जपुरवठ्यास विमा संरक्षण असते का?' | Ref: 'वरील कर्जपुरवठ्यासाठी विमा संरक्षण असते का?'
[2026-08-01 17:13:52,616] [INFO] [Sample 3] Pred: 'पपईवर थंड वातावरणाचा काय परिणाम होऊ शकतो?' | Ref: 'पपईवर थंड वातावरणाचा काय परिणाम होऊ शकतो?'
[2026-08-01 17:13:52,617] [INFO] Fold 1 Val Loss: 0.8302  Val BLEU: 36.91  Val chrF: 59.61
[2026-08-01 17:13:52,618] [INFO] Evaluating Fold 1 on 25% Held-Out Test Set (1,663 samples)...
[2026-08-01 17:15:41,105] [INFO] Generation Length Check: Avg Pred Words = 5.2 | Avg Ref Words = 8.8
[2026-08-01 17:15:41,105] [INFO] [Sample 1] Pred: 'आधुनिक शेतीमध्ये संकरित बियाणांचे प्राबल्य आहे' | Ref: 'आधुनिक शेतीमध्ये संकरित बियाणांचे उत्पादन प्राबल्य आहे'
[2026-08-01 17:15:41,105] [INFO] [Sample 2] Pred: 'माधव टेरेसवर शेती करून चौपट पीक घेतात' | Ref: 'माधव टेरेसवर शेती करून चौपट पीक घेतात'
[2026-08-01 17:15:41,105] [INFO] [Sample 3] Pred: 'चेक फसवणूकीत चेकचा बेकायदेशीर वापर करणे समाविष्ट आहे' | Ref: 'फसवणुकीत चेकचा बेकायदेशीर वापर समाविष्ट आहे.'
[2026-08-01 17:15:41,107] [INFO] Fold 1 Test Loss: 0.8361  Test BLEU: 34.98  Test chrF: 58.56
[2026-08-01 17:15:44,211] [INFO] Fold 1 complete. GPU memory freed.
[2026-08-01 17:15:44,211] [INFO] 
======================================================================
[2026-08-01 17:15:44,211] [INFO] RUNNING CROSS-VALIDATION: FOLD 2/5
[2026-08-01 17:15:44,211] [INFO] ======================================================================
[2026-08-01 17:15:44,211] [INFO] Fold 2 Training Samples   : 7,532
[2026-08-01 17:15:44,212] [INFO] Fold 2 Validation Samples : 1,882
[2026-08-01 17:27:18,821] [INFO] Generation Length Check: Avg Pred Words = 30.0 | Avg Ref Words = 8.7
[2026-08-01 17:27:18,821] [INFO] [Sample 1] Pred: 'सोन्याच्या कर्जासाठी तुम्ही किती कागदपत्रा देऊ शकता? सोन्याच्या कर्जाचे कर्जाचे पैसे देऊ नका? सोन्याच्या कर्जाचा कर्जे देऊ नकाशा आणि सोन्याच्या कर्जाची कागदपत्रांची कागदपत्रे देऊ नका.?.' | Ref: 'सोनेच्या कर्जाचे कागदपत्रे तुम्हाला देऊ शकता का?'
[2026-08-01 17:27:18,821] [INFO] [Sample 2] Pred: 'केळी किंवा पपई लावताना दोन रोपांमध्ये किती अंतर असावे? दोन रोपे लावताना दोन झाडांमध्ये किती अंतर आहे? दोन रोपांमध्ये अंतर असावेत कात्रांमध्ये किती अंतर असते?. दोन रोपांची लागवड करताना दोन रोपे लावावीत किती अंतर असावेत?' | Ref: 'केळी किंवा पपई लावताना दोन रोपांमध्ये किती अंतर असावे?'
[2026-08-01 17:27:18,821] [INFO] [Sample 3] Pred: 'बँक बँक सरकारचे बँक एजंट किंवा सल्लागार म्हणून काम करते बँक बँकांमध्ये बँकांचे बँकर एजंट किंवा सल्लागार आहेत बँकर्स बँक सरकारचे बँकेचे बँकर एजंट म्हणून काम करतात. बँकांमध्ये बँकांमध्ये बँकर एजंट आणि सल्लागार म्हणून काम करतात. बँकांमध्ये बँकिंग बँक सरकारची बँक एजंट एजंट म्हणून काम करत असतात. बँकर्स बँकांमध्ये बँकर्स बँकांचे बँकिंग एजंट म्हणून काम करायचे आहे' | Ref: 'बँकर्स बँक सरकारचे बँकर एजंट किंवा सल्लागार म्हणून काम करतात'
[2026-08-01 17:31:47,534] [INFO] Generation Length Check: Avg Pred Words = 6.4 | Avg Ref Words = 8.7
[2026-08-01 17:31:47,534] [INFO] [Sample 1] Pred: '' | Ref: 'सोनेच्या कर्जाचे कागदपत्रे तुम्हाला देऊ शकता का?'
[2026-08-01 17:31:47,534] [INFO] [Sample 2] Pred: 'केळी किंवा पपई लावताना दोन रोपांमध्ये किती अंतर असावे?' | Ref: 'केळी किंवा पपई लावताना दोन रोपांमध्ये किती अंतर असावे?'
[2026-08-01 17:31:47,534] [INFO] [Sample 3] Pred: 'बँकर्स बँक सरकारचे बँकर एजंट किंवा सल्लागार म्हणून काम करतात' | Ref: 'बँकर्स बँक सरकारचे बँकर एजंट किंवा सल्लागार म्हणून काम करतात'
[2026-08-01 17:36:11,333] [INFO] Generation Length Check: Avg Pred Words = 5.3 | Avg Ref Words = 8.7
[2026-08-01 17:36:11,334] [INFO] [Sample 1] Pred: '' | Ref: 'सोनेच्या कर्जाचे कागदपत्रे तुम्हाला देऊ शकता का?'
[2026-08-01 17:36:11,334] [INFO] [Sample 2] Pred: 'केळी किंवा पपई लावताना दोन रोपांमध्ये किती अंतर असावे?' | Ref: 'केळी किंवा पपई लावताना दोन रोपांमध्ये किती अंतर असावे?'
[2026-08-01 17:36:11,334] [INFO] [Sample 3] Pred: '' | Ref: 'बँकर्स बँक सरकारचे बँकर एजंट किंवा सल्लागार म्हणून काम करतात'
[2026-08-01 17:40:41,563] [INFO] Generation Length Check: Avg Pred Words = 5.2 | Avg Ref Words = 8.7
[2026-08-01 17:40:41,563] [INFO] [Sample 1] Pred: '' | Ref: 'सोनेच्या कर्जाचे कागदपत्रे तुम्हाला देऊ शकता का?'
[2026-08-01 17:40:41,563] [INFO] [Sample 2] Pred: 'केळी किंवा पपई लावताना दोन रोपांमध्ये किती अंतर असावे?' | Ref: 'केळी किंवा पपई लावताना दोन रोपांमध्ये किती अंतर असावे?'
[2026-08-01 17:40:41,563] [INFO] [Sample 3] Pred: '' | Ref: 'बँकर्स बँक सरकारचे बँकर एजंट किंवा सल्लागार म्हणून काम करतात'
[2026-08-01 17:45:11,862] [INFO] Generation Length Check: Avg Pred Words = 5.1 | Avg Ref Words = 8.7
[2026-08-01 17:45:11,862] [INFO] [Sample 1] Pred: '' | Ref: 'सोनेच्या कर्जाचे कागदपत्रे तुम्हाला देऊ शकता का?'
[2026-08-01 17:45:11,862] [INFO] [Sample 2] Pred: 'केळी किंवा पपई लावताना दोन रोपांमध्ये किती अंतर असावे?' | Ref: 'केळी किंवा पपई लावताना दोन रोपांमध्ये किती अंतर असावे?'
[2026-08-01 17:45:11,862] [INFO] [Sample 3] Pred: '' | Ref: 'बँकर्स बँक सरकारचे बँकर एजंट किंवा सल्लागार म्हणून काम करतात'
[2026-08-01 17:45:27,409] [INFO] Fold 2 Step-Averaged Training Loss: 2.8075
[2026-08-01 17:45:27,409] [INFO] Evaluating Fold 2 on CV Validation Split (1,882 samples)...
[2026-08-01 17:47:35,098] [INFO] Generation Length Check: Avg Pred Words = 5.1 | Avg Ref Words = 8.7
[2026-08-01 17:47:35,098] [INFO] [Sample 1] Pred: '' | Ref: 'सोनेच्या कर्जाचे कागदपत्रे तुम्हाला देऊ शकता का?'
[2026-08-01 17:47:35,098] [INFO] [Sample 2] Pred: 'केळी किंवा पपई लावताना दोन रोपांमध्ये किती अंतर असावे?' | Ref: 'केळी किंवा पपई लावताना दोन रोपांमध्ये किती अंतर असावे?'
[2026-08-01 17:47:35,098] [INFO] [Sample 3] Pred: '' | Ref: 'बँकर्स बँक सरकारचे बँकर एजंट किंवा सल्लागार म्हणून काम करतात'
[2026-08-01 17:47:35,100] [INFO] Fold 2 Val Loss: 0.8480  Val BLEU: 33.26  Val chrF: 56.77
[2026-08-01 17:47:35,100] [INFO] Evaluating Fold 2 on 25% Held-Out Test Set (1,663 samples)...
[2026-08-01 17:49:22,073] [INFO] Generation Length Check: Avg Pred Words = 5.2 | Avg Ref Words = 8.8
[2026-08-01 17:49:22,073] [INFO] [Sample 1] Pred: 'आधुनिक शेतीमध्ये संकरित बियाणांचे प्राबल्य आहे' | Ref: 'आधुनिक शेतीमध्ये संकरित बियाणांचे उत्पादन प्राबल्य आहे'
[2026-08-01 17:49:22,073] [INFO] [Sample 2] Pred: 'माधव टेरेसवर शेती करून चौपट पीक घेतात' | Ref: 'माधव टेरेसवर शेती करून चौपट पीक घेतात'
[2026-08-01 17:49:22,073] [INFO] [Sample 3] Pred: 'चेक फसवणूकीत चेकचा बेकायदेशीर वापर करणे समाविष्ट आहे' | Ref: 'फसवणुकीत चेकचा बेकायदेशीर वापर समाविष्ट आहे.'
[2026-08-01 17:49:22,075] [INFO] Fold 2 Test Loss: 0.8365  Test BLEU: 34.68  Test chrF: 58.29
[2026-08-01 17:49:25,211] [INFO] Fold 2 complete. GPU memory freed.
[2026-08-01 17:49:25,211] [INFO] 
======================================================================
[2026-08-01 17:49:25,211] [INFO] RUNNING CROSS-VALIDATION: FOLD 3/5
[2026-08-01 17:49:25,211] [INFO] ======================================================================
[2026-08-01 17:49:25,212] [INFO] Fold 3 Training Samples   : 7,532
[2026-08-01 17:49:25,212] [INFO] Fold 3 Validation Samples : 1,882
[2026-08-01 18:01:05,449] [INFO] Generation Length Check: Avg Pred Words = 30.4 | Avg Ref Words = 8.7
[2026-08-01 18:01:05,449] [INFO] [Sample 1] Pred: 'यू.पी.आय प्रक्रियेची कार्यपद्धती कशी आहे? यू.पी-आय प्रक्रियेत काय आहे?' | Ref: 'यू.पी.आय प्रक्रियेची कार्यपद्धती कशी आहे?'
[2026-08-01 18:01:05,449] [INFO] [Sample 2] Pred: 'रिफ्लेशन हा चलनवाढीचा एक प्रकार आहे. चलनवाढीचा चलनवाढीचा हा चलनवाढीचा एक प्रकार मानला जाऊ शकतो. चलनवाढीचा फॉर्म फॉर्म्युला चलनवाढीचा प्रकार म्हणजे चलनवाढीचा अर्थवाढीचा प्रकार मानला जात आहे.' | Ref: 'इन्फ्लेशनचा एक प्रकार मानला जाऊ शकतो.'
[2026-08-01 18:01:05,449] [INFO] [Sample 3] Pred: 'गुजरातमध्ये अमूलजोडे दूधना अठ्ठाईस लाक भागधारक शेतंस आहेत. दूधना अमूलजोडी दूधना अठरा भागधारक शेतास भागधारक शेतांना अमूलजोड भागधारक शेतांमध्ये दूधाचे दूध विकत घेतात.चे दूध खरेदीदार शेतामध्ये शेतांमध्ये शेतांमध्ये दूध देतात.' | Ref: 'गुजरातमध्ये अमूलजोडे दूधना अठ्ठाईस लोकांच्या भागधारकांना आहेत'
[2026-08-01 18:05:31,405] [INFO] Generation Length Check: Avg Pred Words = 6.5 | Avg Ref Words = 8.7
[2026-08-01 18:05:31,405] [INFO] [Sample 1] Pred: 'यू.पी.आय प्रक्रियेची कार्यपद्धती कशी आहे?' | Ref: 'यू.पी.आय प्रक्रियेची कार्यपद्धती कशी आहे?'
[2026-08-01 18:05:31,405] [INFO] [Sample 2] Pred: 'रिफ्लेशन हा चलनवाढीचा एक प्रकार आहे.' | Ref: 'इन्फ्लेशनचा एक प्रकार मानला जाऊ शकतो.'
[2026-08-01 18:05:31,405] [INFO] [Sample 3] Pred: '' | Ref: 'गुजरातमध्ये अमूलजोडे दूधना अठ्ठाईस लोकांच्या भागधारकांना आहेत'
[2026-08-01 18:10:05,464] [INFO] Generation Length Check: Avg Pred Words = 5.5 | Avg Ref Words = 8.7
[2026-08-01 18:10:05,464] [INFO] [Sample 1] Pred: 'यू.पी.आय प्रक्रियेची कार्यपद्धती कशी आहे?' | Ref: 'यू.पी.आय प्रक्रियेची कार्यपद्धती कशी आहे?'
[2026-08-01 18:10:05,464] [INFO] [Sample 2] Pred: '' | Ref: 'इन्फ्लेशनचा एक प्रकार मानला जाऊ शकतो.'
[2026-08-01 18:10:05,464] [INFO] [Sample 3] Pred: '' | Ref: 'गुजरातमध्ये अमूलजोडे दूधना अठ्ठाईस लोकांच्या भागधारकांना आहेत'
[2026-08-01 18:14:32,192] [INFO] Generation Length Check: Avg Pred Words = 5.3 | Avg Ref Words = 8.7
[2026-08-01 18:14:32,192] [INFO] [Sample 1] Pred: 'यू.पी.आय प्रक्रियेची कार्यपद्धती कशी आहे?' | Ref: 'यू.पी.आय प्रक्रियेची कार्यपद्धती कशी आहे?'
[2026-08-01 18:14:32,192] [INFO] [Sample 2] Pred: '' | Ref: 'इन्फ्लेशनचा एक प्रकार मानला जाऊ शकतो.'
[2026-08-01 18:14:32,192] [INFO] [Sample 3] Pred: '' | Ref: 'गुजरातमध्ये अमूलजोडे दूधना अठ्ठाईस लोकांच्या भागधारकांना आहेत'
[2026-08-01 18:19:00,903] [INFO] Generation Length Check: Avg Pred Words = 5.3 | Avg Ref Words = 8.7
[2026-08-01 18:19:00,903] [INFO] [Sample 1] Pred: 'यू.पी.आय प्रक्रियेची कार्यपद्धती कशी आहे?' | Ref: 'यू.पी.आय प्रक्रियेची कार्यपद्धती कशी आहे?'
[2026-08-01 18:19:00,903] [INFO] [Sample 2] Pred: '' | Ref: 'इन्फ्लेशनचा एक प्रकार मानला जाऊ शकतो.'
[2026-08-01 18:19:00,903] [INFO] [Sample 3] Pred: '' | Ref: 'गुजरातमध्ये अमूलजोडे दूधना अठ्ठाईस लोकांच्या भागधारकांना आहेत'
[2026-08-01 18:19:14,605] [INFO] Fold 3 Step-Averaged Training Loss: 2.8246
[2026-08-01 18:19:14,605] [INFO] Evaluating Fold 3 on CV Validation Split (1,882 samples)...
[2026-08-01 18:21:14,780] [INFO] Generation Length Check: Avg Pred Words = 5.3 | Avg Ref Words = 8.7
[2026-08-01 18:21:14,781] [INFO] [Sample 1] Pred: 'यू.पी.आय प्रक्रियेची कार्यपद्धती कशी आहे?' | Ref: 'यू.पी.आय प्रक्रियेची कार्यपद्धती कशी आहे?'
[2026-08-01 18:21:14,781] [INFO] [Sample 2] Pred: '' | Ref: 'इन्फ्लेशनचा एक प्रकार मानला जाऊ शकतो.'
[2026-08-01 18:21:14,781] [INFO] [Sample 3] Pred: '' | Ref: 'गुजरातमध्ये अमूलजोडे दूधना अठ्ठाईस लोकांच्या भागधारकांना आहेत'
[2026-08-01 18:21:14,782] [INFO] Fold 3 Val Loss: 0.8274  Val BLEU: 35.52  Val chrF: 58.81
[2026-08-01 18:21:14,783] [INFO] Evaluating Fold 3 on 25% Held-Out Test Set (1,663 samples)...
[2026-08-01 18:22:57,179] [INFO] Generation Length Check: Avg Pred Words = 5.2 | Avg Ref Words = 8.8
[2026-08-01 18:22:57,180] [INFO] [Sample 1] Pred: 'आधुनिक शेतीमध्ये संकरित बियाणांचे प्राबल्य आहे' | Ref: 'आधुनिक शेतीमध्ये संकरित बियाणांचे उत्पादन प्राबल्य आहे'
[2026-08-01 18:22:57,180] [INFO] [Sample 2] Pred: 'माधव टेरेसवर शेती करून चौपट पीक घेतात' | Ref: 'माधव टेरेसवर शेती करून चौपट पीक घेतात'
[2026-08-01 18:22:57,180] [INFO] [Sample 3] Pred: 'चेक फसवणूकीत चेकचा बेकायदेशीर वापर करणे समाविष्ट आहे' | Ref: 'फसवणुकीत चेकचा बेकायदेशीर वापर समाविष्ट आहे.'
[2026-08-01 18:22:57,181] [INFO] Fold 3 Test Loss: 0.8355  Test BLEU: 34.82  Test chrF: 58.41
[2026-08-01 18:23:00,247] [INFO] Fold 3 complete. GPU memory freed.
[2026-08-01 18:23:00,247] [INFO] 
======================================================================
[2026-08-01 18:23:00,247] [INFO] RUNNING CROSS-VALIDATION: FOLD 4/5
[2026-08-01 18:23:00,247] [INFO] ======================================================================
[2026-08-01 18:23:00,248] [INFO] Fold 4 Training Samples   : 7,532
[2026-08-01 18:23:00,248] [INFO] Fold 4 Validation Samples : 1,882
[2026-08-01 18:34:56,842] [INFO] Generation Length Check: Avg Pred Words = 28.6 | Avg Ref Words = 8.8
[2026-08-01 18:34:56,842] [INFO] [Sample 1] Pred: 'हळद काढून झाल्यावर त्याची साठवण कशी करावी? हळद काढून झाल्यानंतर त्याची साठवण कसे करावे?. हळद काढून घेतल्यानंतर त्याची साठवणी कशी करावी. हळद काढून घेऊन झाल्यावर त्याची साठवणूक कशी करावी कापणी कशी करावी ?' | Ref: 'हळद काढून झाल्यावर त्याची साठवण कशी करावी?'
[2026-08-01 18:34:56,842] [INFO] [Sample 2] Pred: 'जमीन टिकनी ते पिके टिकथीन जमीन टिकून ते पिकांवरचे पिके टिकून ते पीक टिकून राहतील. जमीन टिकतात.' | Ref: 'जमीन टिकली तर पिके टिकतील'
[2026-08-01 18:34:56,842] [INFO] [Sample 3] Pred: 'शेतीतले शास्त्रज्ञ सांगा होते की अरारोटची शेती माडांच्या मुळाक केली जाते. शेतीच्या मुळा आणि शेतीच्या मुळाक केली जाऊ शकते.' | Ref: 'शेतीतले शास्त्रज्ञ म्हणाले की अरारोटची शेती माडांच्या मुळाक केली जाऊ शकते.'
[2026-08-01 18:39:27,198] [INFO] Generation Length Check: Avg Pred Words = 6.4 | Avg Ref Words = 8.8
[2026-08-01 18:39:27,199] [INFO] [Sample 1] Pred: 'हळद काढून झाल्यावर त्याची साठवण कशी करावी?' | Ref: 'हळद काढून झाल्यावर त्याची साठवण कशी करावी?'
[2026-08-01 18:39:27,199] [INFO] [Sample 2] Pred: '' | Ref: 'जमीन टिकली तर पिके टिकतील'
[2026-08-01 18:39:27,199] [INFO] [Sample 3] Pred: '' | Ref: 'शेतीतले शास्त्रज्ञ म्हणाले की अरारोटची शेती माडांच्या मुळाक केली जाऊ शकते.'
[2026-08-01 18:43:50,408] [INFO] Generation Length Check: Avg Pred Words = 5.5 | Avg Ref Words = 8.8
[2026-08-01 18:43:50,408] [INFO] [Sample 1] Pred: 'हळद काढून झाल्यावर त्याची साठवण कशी करावी?' | Ref: 'हळद काढून झाल्यावर त्याची साठवण कशी करावी?'
[2026-08-01 18:43:50,408] [INFO] [Sample 2] Pred: '' | Ref: 'जमीन टिकली तर पिके टिकतील'
[2026-08-01 18:43:50,408] [INFO] [Sample 3] Pred: '' | Ref: 'शेतीतले शास्त्रज्ञ म्हणाले की अरारोटची शेती माडांच्या मुळाक केली जाऊ शकते.'
[2026-08-01 18:48:16,806] [INFO] Generation Length Check: Avg Pred Words = 5.1 | Avg Ref Words = 8.8
[2026-08-01 18:48:16,807] [INFO] [Sample 1] Pred: 'हळद काढून झाल्यावर त्याची साठवण कशी करावी?' | Ref: 'हळद काढून झाल्यावर त्याची साठवण कशी करावी?'
[2026-08-01 18:48:16,807] [INFO] [Sample 2] Pred: '' | Ref: 'जमीन टिकली तर पिके टिकतील'
[2026-08-01 18:48:16,807] [INFO] [Sample 3] Pred: '' | Ref: 'शेतीतले शास्त्रज्ञ म्हणाले की अरारोटची शेती माडांच्या मुळाक केली जाऊ शकते.'
[2026-08-01 18:52:41,581] [INFO] Generation Length Check: Avg Pred Words = 5.2 | Avg Ref Words = 8.8
[2026-08-01 18:52:41,581] [INFO] [Sample 1] Pred: 'हळद काढून झाल्यावर त्याची साठवण कशी करावी?' | Ref: 'हळद काढून झाल्यावर त्याची साठवण कशी करावी?'
[2026-08-01 18:52:41,581] [INFO] [Sample 2] Pred: '' | Ref: 'जमीन टिकली तर पिके टिकतील'
[2026-08-01 18:52:41,581] [INFO] [Sample 3] Pred: '' | Ref: 'शेतीतले शास्त्रज्ञ म्हणाले की अरारोटची शेती माडांच्या मुळाक केली जाऊ शकते.'
[2026-08-01 18:52:53,525] [INFO] Fold 4 Step-Averaged Training Loss: 2.8059
[2026-08-01 18:52:53,525] [INFO] Evaluating Fold 4 on CV Validation Split (1,882 samples)...
[2026-08-01 18:54:54,457] [INFO] Generation Length Check: Avg Pred Words = 5.2 | Avg Ref Words = 8.8
[2026-08-01 18:54:54,457] [INFO] [Sample 1] Pred: 'हळद काढून झाल्यावर त्याची साठवण कशी करावी?' | Ref: 'हळद काढून झाल्यावर त्याची साठवण कशी करावी?'
[2026-08-01 18:54:54,457] [INFO] [Sample 2] Pred: '' | Ref: 'जमीन टिकली तर पिके टिकतील'
[2026-08-01 18:54:54,457] [INFO] [Sample 3] Pred: '' | Ref: 'शेतीतले शास्त्रज्ञ म्हणाले की अरारोटची शेती माडांच्या मुळाक केली जाऊ शकते.'
[2026-08-01 18:54:54,459] [INFO] Fold 4 Val Loss: 0.8539  Val BLEU: 33.36  Val chrF: 56.92
[2026-08-01 18:54:54,459] [INFO] Evaluating Fold 4 on 25% Held-Out Test Set (1,663 samples)...
[2026-08-01 18:56:38,179] [INFO] Generation Length Check: Avg Pred Words = 5.2 | Avg Ref Words = 8.8
[2026-08-01 18:56:38,179] [INFO] [Sample 1] Pred: 'आधुनिक शेतीमध्ये संकरित बियाणांचे प्राबल्य आहे' | Ref: 'आधुनिक शेतीमध्ये संकरित बियाणांचे उत्पादन प्राबल्य आहे'
[2026-08-01 18:56:38,179] [INFO] [Sample 2] Pred: 'माधव टेरेसवर शेती करून चौपट पीक घेतात' | Ref: 'माधव टेरेसवर शेती करून चौपट पीक घेतात'
[2026-08-01 18:56:38,179] [INFO] [Sample 3] Pred: 'चेक फसवणूकीत चेकचा बेकायदेशीर वापर करणे समाविष्ट आहे' | Ref: 'फसवणुकीत चेकचा बेकायदेशीर वापर समाविष्ट आहे.'
[2026-08-01 18:56:38,181] [INFO] Fold 4 Test Loss: 0.8358  Test BLEU: 34.72  Test chrF: 58.29
[2026-08-01 18:56:42,182] [INFO] Fold 4 complete. GPU memory freed.
[2026-08-01 18:56:42,182] [INFO] 
======================================================================
[2026-08-01 18:56:42,182] [INFO] RUNNING CROSS-VALIDATION: FOLD 5/5
[2026-08-01 18:56:42,182] [INFO] ======================================================================
[2026-08-01 18:56:42,183] [INFO] Fold 5 Training Samples   : 7,528
[2026-08-01 18:56:42,183] [INFO] Fold 5 Validation Samples : 1,886
[2026-08-01 19:08:42,562] [INFO] Generation Length Check: Avg Pred Words = 27.2 | Avg Ref Words = 8.8
[2026-08-01 19:08:42,562] [INFO] [Sample 1] Pred: 'एक चेकिंग खाता बाकिच्या खात्यांपेक्षा वेगळा असता एक चेकिंग खाता बाकीच्या खात्यांवर वेगळा असतो एक चेकिंग खाताचे खाते वेगळे असते.' | Ref: 'एक चेकिंग खाते इतर खात्यांपेक्षा वेगळे असते.'
[2026-08-01 19:08:42,562] [INFO] [Sample 2] Pred: 'मत्स्यपालन अधिवास प्रणाली, सांडपाणी आणि मासे कचरा निर्माण करता सांडपाणी आणि मासळी कचरा निर्माण करता येईल का?. सांडपाण्याचे कचरा निर्माण करता येत नाही.' | Ref: 'मत्स्यपालन अधिवास प्रणाली, सांडपाणी आणि मासे कचरा निर्माण करते'
[2026-08-01 19:08:42,562] [INFO] [Sample 3] Pred: 'शिल्लक रकमेवर मला किती टक्के व्याज मिळेल? शिल्लक रकमेत मला किती टक्क्यांवर किती टक्के व्याज मिळू शकते? शिल्लक रकमेसाठी मला किती टक्के व्याजदर मिळेल?' | Ref: 'शिल्लक रकमेवर मला किती टक्के व्याज मिळेल?'
[2026-08-01 19:13:13,238] [INFO] Generation Length Check: Avg Pred Words = 7.2 | Avg Ref Words = 8.8
[2026-08-01 19:13:13,239] [INFO] [Sample 1] Pred: 'एक चेकिंग खाता बाकिच्या खात्यांपेक्षा वेगळा असतो' | Ref: 'एक चेकिंग खाते इतर खात्यांपेक्षा वेगळे असते.'
[2026-08-01 19:13:13,239] [INFO] [Sample 2] Pred: 'मत्स्यपालन अधिवास प्रणाली सांडपाणी आणि मासे कचरा निर्माण करता' | Ref: 'मत्स्यपालन अधिवास प्रणाली, सांडपाणी आणि मासे कचरा निर्माण करते'
[2026-08-01 19:13:13,239] [INFO] [Sample 3] Pred: 'शिल्लक रकमेवर मला किती टक्के व्याज मिळेल?' | Ref: 'शिल्लक रकमेवर मला किती टक्के व्याज मिळेल?'
[2026-08-01 19:17:40,745] [INFO] Generation Length Check: Avg Pred Words = 5.5 | Avg Ref Words = 8.8
[2026-08-01 19:17:40,745] [INFO] [Sample 1] Pred: 'एक चेकिंग खाता बाकिच्या खात्यांपेक्षा वेगळा असतो' | Ref: 'एक चेकिंग खाते इतर खात्यांपेक्षा वेगळे असते.'
[2026-08-01 19:17:40,745] [INFO] [Sample 2] Pred: 'मत्स्यपालन अधिवास प्रणाली सांडपाणी आणि मासे कचरा निर्माण करते' | Ref: 'मत्स्यपालन अधिवास प्रणाली, सांडपाणी आणि मासे कचरा निर्माण करते'
[2026-08-01 19:17:40,745] [INFO] [Sample 3] Pred: 'शिल्लक रकमेवर मला किती टक्के व्याज मिळेल?' | Ref: 'शिल्लक रकमेवर मला किती टक्के व्याज मिळेल?'
[2026-08-01 19:22:08,098] [INFO] Generation Length Check: Avg Pred Words = 5.2 | Avg Ref Words = 8.8
[2026-08-01 19:22:08,098] [INFO] [Sample 1] Pred: 'एक चेकिंग खाता बाकिच्या खात्यांपेक्षा वेगळा असतो' | Ref: 'एक चेकिंग खाते इतर खात्यांपेक्षा वेगळे असते.'
[2026-08-01 19:22:08,098] [INFO] [Sample 2] Pred: 'मत्स्यपालन अधिवास प्रणाली सांडपाणी आणि मासे कचरा निर्माण करते' | Ref: 'मत्स्यपालन अधिवास प्रणाली, सांडपाणी आणि मासे कचरा निर्माण करते'
[2026-08-01 19:22:08,098] [INFO] [Sample 3] Pred: 'शिल्लक रकमेवर मला किती टक्के व्याज मिळेल?' | Ref: 'शिल्लक रकमेवर मला किती टक्के व्याज मिळेल?'
[2026-08-01 19:26:34,190] [INFO] Generation Length Check: Avg Pred Words = 5.4 | Avg Ref Words = 8.8
[2026-08-01 19:26:34,190] [INFO] [Sample 1] Pred: 'एक चेकिंग खाता बाकिच्या खात्यांपेक्षा वेगळा असतो' | Ref: 'एक चेकिंग खाते इतर खात्यांपेक्षा वेगळे असते.'
[2026-08-01 19:26:34,190] [INFO] [Sample 2] Pred: 'मत्स्यपालन अधिवास प्रणाली सांडपाणी आणि मासे कचरा निर्माण करते' | Ref: 'मत्स्यपालन अधिवास प्रणाली, सांडपाणी आणि मासे कचरा निर्माण करते'
[2026-08-01 19:26:34,190] [INFO] [Sample 3] Pred: 'शिल्लक रकमेवर मला किती टक्के व्याज मिळेल?' | Ref: 'शिल्लक रकमेवर मला किती टक्के व्याज मिळेल?'
[2026-08-01 19:26:46,213] [INFO] Fold 5 Step-Averaged Training Loss: 2.8351
[2026-08-01 19:26:46,213] [INFO] Evaluating Fold 5 on CV Validation Split (1,886 samples)...
[2026-08-01 19:28:40,154] [INFO] Generation Length Check: Avg Pred Words = 5.4 | Avg Ref Words = 8.8
[2026-08-01 19:28:40,155] [INFO] [Sample 1] Pred: 'एक चेकिंग खाता बाकिच्या खात्यांपेक्षा वेगळा असतो' | Ref: 'एक चेकिंग खाते इतर खात्यांपेक्षा वेगळे असते.'
[2026-08-01 19:28:40,155] [INFO] [Sample 2] Pred: 'मत्स्यपालन अधिवास प्रणाली सांडपाणी आणि मासे कचरा निर्माण करते' | Ref: 'मत्स्यपालन अधिवास प्रणाली, सांडपाणी आणि मासे कचरा निर्माण करते'
[2026-08-01 19:28:40,155] [INFO] [Sample 3] Pred: 'शिल्लक रकमेवर मला किती टक्के व्याज मिळेल?' | Ref: 'शिल्लक रकमेवर मला किती टक्के व्याज मिळेल?'
[2026-08-01 19:28:40,156] [INFO] Fold 5 Val Loss: 0.8192  Val BLEU: 35.77  Val chrF: 58.94
[2026-08-01 19:28:40,156] [INFO] Evaluating Fold 5 on 25% Held-Out Test Set (1,663 samples)...
[2026-08-01 19:30:20,343] [INFO] Generation Length Check: Avg Pred Words = 5.3 | Avg Ref Words = 8.8
[2026-08-01 19:30:20,344] [INFO] [Sample 1] Pred: 'आधुनिक शेतीमध्ये संकरित बियाणांचे प्राबल्य आहे' | Ref: 'आधुनिक शेतीमध्ये संकरित बियाणांचे उत्पादन प्राबल्य आहे'
[2026-08-01 19:30:20,344] [INFO] [Sample 2] Pred: 'माधव टेरेसवर शेती करून चौपट पीक घेतात' | Ref: 'माधव टेरेसवर शेती करून चौपट पीक घेतात'
[2026-08-01 19:30:20,344] [INFO] [Sample 3] Pred: 'चेक फसवणूकीत चेकचा बेकायदेशीर वापर करणे समाविष्ट आहे' | Ref: 'फसवणुकीत चेकचा बेकायदेशीर वापर समाविष्ट आहे.'
[2026-08-01 19:30:20,345] [INFO] Fold 5 Test Loss: 0.8367  Test BLEU: 34.94  Test chrF: 58.56
[2026-08-01 19:30:23,140] [INFO] Fold 5 complete. GPU memory freed.
[2026-08-01 19:30:23,148] [INFO] 
======================================================================
[2026-08-01 19:30:23,148] [INFO] 3-FOLD CROSS VALIDATION & TEST EVALUATION COMPLETED!
[2026-08-01 19:30:23,148] [INFO] ======================================================================
[2026-08-01 19:30:23,148] [INFO] Avg Val  Loss: 0.8357  |  BLEU: 34.97  |  chrF: 58.21
[2026-08-01 19:30:23,148] [INFO] Avg Test Loss: 0.8361  |  BLEU: 34.83  |  chrF: 58.42
[2026-08-01 19:30:23,149] [INFO] CV Summary saved to: D:\dialect-norm\models\indicbart_d1d2\cv_summary.json
[2026-08-01 19:30:23,149] [INFO] CV Summary saved to: D:\dialect-norm\models\indicbart_d1d2\cv_summary.yaml
[2026-08-01 19:30:23,149] [INFO] ======================================================================
[2026-08-01 19:30:23,265] [INFO] SUCCESS: Completed variant D1 + D2 Combined
[2026-08-01 19:30:23,265] [INFO] 
################################################################################
[2026-08-01 19:30:23,265] [INFO] VARIANT 4/4: Running training for All Dialects (D1 + D2 + D4 Combined)
[2026-08-01 19:30:23,265] [INFO] ################################################################################

