[2026-08-04 00:13:30,028] [INFO] ======================================================================
[2026-08-04 00:13:30,028] [INFO] mT5 FINE-TUNING (OPTION B: 85/15 STRATIFIED SPLIT + 5-FOLD CV)
[2026-08-04 00:13:30,028] [INFO] ======================================================================
[2026-08-04 00:13:30,028] [INFO] Target Model            : google/mt5-small
[2026-08-04 00:13:30,029] [INFO] Output Directory        : D:\dialect-norm\models\mt5_d2_32k
[2026-08-04 00:13:30,029] [INFO] Log File                : D:\dialect-norm\logs\train_mt5_d2_32k.log
[2026-08-04 00:13:30,029] [INFO] Total Dataset Size      : 11,035 pairs
[2026-08-04 00:13:30,029] [INFO] ======================================================================
[2026-08-04 00:13:30,037] [INFO] 85% Training Pool: 9,380 pairs
[2026-08-04 00:13:30,037] [INFO] 15% Held-Out Test : 1,655 pairs
[2026-08-04 00:13:30,708] [INFO] HTTP Request: HEAD https://huggingface.co/google/mt5-small/resolve/main/config.json "HTTP/1.1 307 Temporary Redirect"
[2026-08-04 00:13:30,730] [INFO] HTTP Request: HEAD https://huggingface.co/api/resolve-cache/models/google/mt5-small/73fb5dbe4756edadc8fbe8c769b0a109493acf7a/config.json "HTTP/1.1 200 OK"
[2026-08-04 00:13:30,960] [INFO] HTTP Request: HEAD https://huggingface.co/google/mt5-small/resolve/main/tokenizer_config.json "HTTP/1.1 307 Temporary Redirect"
[2026-08-04 00:13:30,982] [INFO] HTTP Request: HEAD https://huggingface.co/api/resolve-cache/models/google/mt5-small/73fb5dbe4756edadc8fbe8c769b0a109493acf7a/tokenizer_config.json "HTTP/1.1 200 OK"
[2026-08-04 00:13:31,226] [INFO] HTTP Request: GET https://huggingface.co/api/models/google/mt5-small/tree/main/additional_chat_templates?recursive=false&expand=false "HTTP/1.1 404 Not Found"
[2026-08-04 00:13:31,468] [INFO] HTTP Request: GET https://huggingface.co/api/models/google/mt5-small/tree/main?recursive=true&expand=false "HTTP/1.1 200 OK"
[2026-08-04 00:13:32,454] [INFO] HTTP Request: GET https://huggingface.co/api/models/google/mt5-small "HTTP/1.1 200 OK"
[2026-08-04 00:13:32,455] [INFO] 
======================================================================
[2026-08-04 00:13:32,456] [INFO] RUNNING mT5 CROSS-VALIDATION: FOLD 1/5
[2026-08-04 00:13:32,456] [INFO] ======================================================================
[2026-08-04 00:13:32,683] [INFO] HTTP Request: HEAD https://huggingface.co/google/mt5-small/resolve/main/config.json "HTTP/1.1 307 Temporary Redirect"
[2026-08-04 00:13:32,705] [INFO] HTTP Request: HEAD https://huggingface.co/api/resolve-cache/models/google/mt5-small/73fb5dbe4756edadc8fbe8c769b0a109493acf7a/config.json "HTTP/1.1 200 OK"
[2026-08-04 00:13:32,942] [INFO] HTTP Request: HEAD https://huggingface.co/google/mt5-small/resolve/main/model.safetensors "HTTP/1.1 404 Not Found"
[2026-08-04 00:13:33,183] [INFO] HTTP Request: GET https://huggingface.co/api/models/google/mt5-small "HTTP/1.1 200 OK"
[2026-08-04 00:13:33,422] [INFO] HTTP Request: GET https://huggingface.co/api/models/google/mt5-small/commits/main "HTTP/1.1 200 OK"
[2026-08-04 00:13:33,698] [INFO] HTTP Request: GET https://huggingface.co/api/models/google/mt5-small/discussions?p=0 "HTTP/1.1 200 OK"
[2026-08-04 00:13:33,938] [INFO] HTTP Request: GET https://huggingface.co/api/models/google/mt5-small/commits/refs%2Fpr%2F15 "HTTP/1.1 200 OK"
[2026-08-04 00:13:34,164] [INFO] HTTP Request: HEAD https://huggingface.co/google/mt5-small/resolve/refs%2Fpr%2F15/model.safetensors.index.json "HTTP/1.1 404 Not Found"
[2026-08-04 00:13:34,418] [INFO] HTTP Request: HEAD https://huggingface.co/google/mt5-small/resolve/refs%2Fpr%2F15/model.safetensors "HTTP/1.1 302 Found"
[2026-08-04 00:13:34,495] [INFO] HTTP Request: HEAD https://huggingface.co/google/mt5-small/resolve/main/generation_config.json "HTTP/1.1 307 Temporary Redirect"
[2026-08-04 00:13:34,517] [INFO] HTTP Request: HEAD https://huggingface.co/api/resolve-cache/models/google/mt5-small/73fb5dbe4756edadc8fbe8c769b0a109493acf7a/generation_config.json "HTTP/1.1 200 OK"
[2026-08-04 00:18:03,203] [INFO] Generation Length Check: Avg Pred Words = 8.8 | Avg Ref Words = 8.9
[2026-08-04 00:18:03,204] [INFO] [Sample 1] Pred: 'बँक जास्त करून आर.टी.जी.एस चा वापर करते' | Ref: 'बँक जास्त करून आर.टी.जी.एस चा वापर करते'
[2026-08-04 00:18:03,204] [INFO] [Sample 2] Pred: 'बचत खात्याच्या प्रक्रियेविषयी मला माहिती मिळू शकते का?' | Ref: 'बचत खात्याच्या प्रक्रियेविषयी मला माहिती मिळू शकते का?'
[2026-08-04 00:18:03,204] [INFO] [Sample 3] Pred: 'तुला शाळेत किती अनेक विद्यार्थी आहेत?' | Ref: 'तुला शाळेत किती विद्यार्थी आहेत?'
[2026-08-04 00:22:44,261] [INFO] Generation Length Check: Avg Pred Words = 8.9 | Avg Ref Words = 8.9
[2026-08-04 00:22:44,261] [INFO] [Sample 1] Pred: 'बँक जास्त करून आर.टी.जी.एस चा वापर करते' | Ref: 'बँक जास्त करून आर.टी.जी.एस चा वापर करते'
[2026-08-04 00:22:44,261] [INFO] [Sample 2] Pred: 'बचत खात्याच्या प्रक्रियेविषयी मला माहिती मिळू शकते का?' | Ref: 'बचत खात्याच्या प्रक्रियेविषयी मला माहिती मिळू शकते का?'
[2026-08-04 00:22:44,261] [INFO] [Sample 3] Pred: 'तुला शाळेत किती विद्यार्थी आहेत?' | Ref: 'तुला शाळेत किती विद्यार्थी आहेत?'
[2026-08-04 00:27:29,101] [INFO] Generation Length Check: Avg Pred Words = 8.8 | Avg Ref Words = 8.9
[2026-08-04 00:27:29,101] [INFO] [Sample 1] Pred: 'बँक जास्त करून आर.टी.जी.एसचा वापर करते' | Ref: 'बँक जास्त करून आर.टी.जी.एस चा वापर करते'
[2026-08-04 00:27:29,101] [INFO] [Sample 2] Pred: 'बचत खात्याच्या प्रक्रियेविषयी मला माहिती मिळू शकते का?' | Ref: 'बचत खात्याच्या प्रक्रियेविषयी मला माहिती मिळू शकते का?'
[2026-08-04 00:27:29,101] [INFO] [Sample 3] Pred: 'तुला शाळेत किती विद्यार्थी आहेत?' | Ref: 'तुला शाळेत किती विद्यार्थी आहेत?'
[2026-08-04 00:32:15,021] [INFO] Generation Length Check: Avg Pred Words = 8.8 | Avg Ref Words = 8.9
[2026-08-04 00:32:15,021] [INFO] [Sample 1] Pred: 'बँक जास्त करून आर.टी.जी.एसचा वापर करते' | Ref: 'बँक जास्त करून आर.टी.जी.एस चा वापर करते'
[2026-08-04 00:32:15,021] [INFO] [Sample 2] Pred: 'बचत खात्याच्या प्रक्रियेविषयी मला माहिती मिळू शकते का?' | Ref: 'बचत खात्याच्या प्रक्रियेविषयी मला माहिती मिळू शकते का?'
[2026-08-04 00:32:15,021] [INFO] [Sample 3] Pred: 'तुला शाळेत किती विद्यार्थी आहेत?' | Ref: 'तुला शाळेत किती विद्यार्थी आहेत?'
[2026-08-04 00:37:01,270] [INFO] Generation Length Check: Avg Pred Words = 8.8 | Avg Ref Words = 8.9
[2026-08-04 00:37:01,270] [INFO] [Sample 1] Pred: 'बँक जास्त करून आर.टी.जी.एसचा वापर करते' | Ref: 'बँक जास्त करून आर.टी.जी.एस चा वापर करते'
[2026-08-04 00:37:01,270] [INFO] [Sample 2] Pred: 'बचत खात्याच्या प्रक्रियेविषयी मला माहिती मिळू शकते का?' | Ref: 'बचत खात्याच्या प्रक्रियेविषयी मला माहिती मिळू शकते का?'
[2026-08-04 00:37:01,270] [INFO] [Sample 3] Pred: 'तुला शाळेत किती विद्यार्थी आहेत?' | Ref: 'तुला शाळेत किती विद्यार्थी आहेत?'
[2026-08-04 00:37:27,189] [INFO] Fold 1 Step-Averaged Training Loss: 0.9439
[2026-08-04 00:37:27,189] [INFO] Evaluating Fold 1 on CV Validation Split (1,876 samples)...
[2026-08-04 00:39:23,783] [INFO] Generation Length Check: Avg Pred Words = 8.8 | Avg Ref Words = 8.9
[2026-08-04 00:39:23,783] [INFO] [Sample 1] Pred: 'बँक जास्त करून आर.टी.जी.एसचा वापर करते' | Ref: 'बँक जास्त करून आर.टी.जी.एस चा वापर करते'
[2026-08-04 00:39:23,784] [INFO] [Sample 2] Pred: 'बचत खात्याच्या प्रक्रियेविषयी मला माहिती मिळू शकते का?' | Ref: 'बचत खात्याच्या प्रक्रियेविषयी मला माहिती मिळू शकते का?'
[2026-08-04 00:39:23,784] [INFO] [Sample 3] Pred: 'तुला शाळेत किती विद्यार्थी आहेत?' | Ref: 'तुला शाळेत किती विद्यार्थी आहेत?'
[2026-08-04 00:39:24,894] [INFO] Fold 1 Val Loss: 0.6313  Val BLEU: 62.28  Val chrF: 79.48
[2026-08-04 00:39:24,894] [INFO] Evaluating Fold 1 on Held-Out Test Set (1,655 samples)...
[2026-08-04 00:41:05,212] [INFO] Generation Length Check: Avg Pred Words = 8.7 | Avg Ref Words = 8.8
[2026-08-04 00:41:05,212] [INFO] [Sample 1] Pred: 'बिसलरी पानीनी बाटली किती म्हांगी आहे, पुढे पुढे ते पेवाना पानीनी क्वालिटीवर पानी ईकाई बरं.' | Ref: 'बिसलरीची पाण्याची बाटली किती जुनी झाली आहे, पुढे ते विकत घेतलेले पाण्याची गुणवत्ता काय आहे?'
[2026-08-04 00:41:05,212] [INFO] [Sample 2] Pred: 'व्हर्च्युअल कार्डसाठी ऑनलाइन अर्ज करा' | Ref: 'व्हर्च्युअल कार्डसाठी ऑनलाइन अर्ज करा?'
[2026-08-04 00:41:05,212] [INFO] [Sample 3] Pred: 'थिओब्रोमा हे कोकाओचे वाळलेले आणि पूर्णपणे आंबवलेले बियाणे आहे' | Ref: 'थिओब्रोमा हे कोकाओचे वाळलेले आणि पूर्णपणे आंबवलेले बियाणे आहे'
[2026-08-04 00:41:05,900] [INFO] Fold 1 Test Loss: 0.6428  Test BLEU: 61.87  Test chrF: 79.23
[2026-08-04 00:41:05,902] [INFO] New Best Fold (1) Test BLEU: 61.87! Saving local model to: models\mt5_d2_32k\best_model
[2026-08-04 00:41:13,856] [INFO] 
======================================================================
[2026-08-04 00:41:13,856] [INFO] RUNNING mT5 CROSS-VALIDATION: FOLD 2/5
[2026-08-04 00:41:13,856] [INFO] ======================================================================
[2026-08-04 00:41:14,171] [INFO] HTTP Request: HEAD https://huggingface.co/google/mt5-small/resolve/main/config.json "HTTP/1.1 307 Temporary Redirect"
[2026-08-04 00:41:14,195] [INFO] HTTP Request: HEAD https://huggingface.co/api/resolve-cache/models/google/mt5-small/73fb5dbe4756edadc8fbe8c769b0a109493acf7a/config.json "HTTP/1.1 200 OK"
[2026-08-04 00:41:14,435] [INFO] HTTP Request: HEAD https://huggingface.co/google/mt5-small/resolve/main/model.safetensors "HTTP/1.1 404 Not Found"
[2026-08-04 00:41:14,677] [INFO] HTTP Request: GET https://huggingface.co/api/models/google/mt5-small "HTTP/1.1 200 OK"
[2026-08-04 00:41:14,920] [INFO] HTTP Request: GET https://huggingface.co/api/models/google/mt5-small/commits/main "HTTP/1.1 200 OK"
[2026-08-04 00:41:15,203] [INFO] HTTP Request: GET https://huggingface.co/api/models/google/mt5-small/discussions?p=0 "HTTP/1.1 200 OK"
[2026-08-04 00:41:15,451] [INFO] HTTP Request: GET https://huggingface.co/api/models/google/mt5-small/commits/refs%2Fpr%2F15 "HTTP/1.1 200 OK"
[2026-08-04 00:41:15,683] [INFO] HTTP Request: HEAD https://huggingface.co/google/mt5-small/resolve/refs%2Fpr%2F15/model.safetensors.index.json "HTTP/1.1 404 Not Found"
[2026-08-04 00:41:15,915] [INFO] HTTP Request: HEAD https://huggingface.co/google/mt5-small/resolve/refs%2Fpr%2F15/model.safetensors "HTTP/1.1 302 Found"
[2026-08-04 00:41:15,917] [INFO] HTTP Request: HEAD https://huggingface.co/google/mt5-small/resolve/main/generation_config.json "HTTP/1.1 307 Temporary Redirect"
[2026-08-04 00:41:15,946] [INFO] HTTP Request: HEAD https://huggingface.co/api/resolve-cache/models/google/mt5-small/73fb5dbe4756edadc8fbe8c769b0a109493acf7a/generation_config.json "HTTP/1.1 200 OK"
[2026-08-04 00:45:41,346] [INFO] Generation Length Check: Avg Pred Words = 8.6 | Avg Ref Words = 8.7
[2026-08-04 00:45:41,346] [INFO] [Sample 1] Pred: 'आज बाजारात खूप भाजीपाला मिळत आहे काय भावाने?' | Ref: 'आज बाजारात खूप भाजीपाला मिळत आहे काय भावाने?'
[2026-08-04 00:45:41,346] [INFO] [Sample 2] Pred: 'कठे पाण्याची विहिरर चालू करण्यासाठी मी किती पैसे खात असेल?' | Ref: 'कुठे पाण्याची विहीर चालू करण्यासाठी मी किती पैसे खात असेल?'
[2026-08-04 00:45:41,347] [INFO] [Sample 3] Pred: 'ग्रामपंचायतीकरिता नवीन प्रोजेक्टाचा मिळेल काय होणार?' | Ref: 'ग्रामपंचायतीत नवीन प्रोजेक्टाची माहिती कोणाला मिळेल?'
[2026-08-04 00:50:18,658] [INFO] Generation Length Check: Avg Pred Words = 8.6 | Avg Ref Words = 8.7
[2026-08-04 00:50:18,658] [INFO] [Sample 1] Pred: 'आज बाजारात खूप भाजीपाला मिळत आहे काय भावाने?' | Ref: 'आज बाजारात खूप भाजीपाला मिळत आहे काय भावाने?'
[2026-08-04 00:50:18,658] [INFO] [Sample 2] Pred: 'कुठे पाण्याची विहीर चालू करण्यासाठी मी किती पैसे खात असेल?' | Ref: 'कुठे पाण्याची विहीर चालू करण्यासाठी मी किती पैसे खात असेल?'
[2026-08-04 00:50:18,658] [INFO] [Sample 3] Pred: 'ग्रामपंचायतीत नवीन प्रोजेक्टाचा मिळेल का?' | Ref: 'ग्रामपंचायतीत नवीन प्रोजेक्टाची माहिती कोणाला मिळेल?'
[2026-08-04 00:55:00,054] [INFO] Generation Length Check: Avg Pred Words = 8.6 | Avg Ref Words = 8.7
[2026-08-04 00:55:00,054] [INFO] [Sample 1] Pred: 'आज बाजारात खूप भाजीपाला मिळत आहे काय भावाने?' | Ref: 'आज बाजारात खूप भाजीपाला मिळत आहे काय भावाने?'
[2026-08-04 00:55:00,054] [INFO] [Sample 2] Pred: 'कुठे पाण्याची विहीर चालू करण्यासाठी मी किती पैसे खात असेल?' | Ref: 'कुठे पाण्याची विहीर चालू करण्यासाठी मी किती पैसे खात असेल?'
[2026-08-04 00:55:00,054] [INFO] [Sample 3] Pred: 'ग्रामपंचायतीत नवीन प्रोजेक्टाचा मिळेल काय होणार?' | Ref: 'ग्रामपंचायतीत नवीन प्रोजेक्टाची माहिती कोणाला मिळेल?'
[2026-08-04 00:59:42,755] [INFO] Generation Length Check: Avg Pred Words = 8.6 | Avg Ref Words = 8.7
[2026-08-04 00:59:42,755] [INFO] [Sample 1] Pred: 'आज बाजारात खूप भाजीपाला मिळत आहे काय भावाने?' | Ref: 'आज बाजारात खूप भाजीपाला मिळत आहे काय भावाने?'
[2026-08-04 00:59:42,755] [INFO] [Sample 2] Pred: 'कुठे पाण्याची विहीर चालू करण्यासाठी मी किती पैसे खात असेल?' | Ref: 'कुठे पाण्याची विहीर चालू करण्यासाठी मी किती पैसे खात असेल?'
[2026-08-04 00:59:42,756] [INFO] [Sample 3] Pred: 'ग्रामपंचायतीत नवीन प्रोजेक्टाचा मिळेल काय होणार?' | Ref: 'ग्रामपंचायतीत नवीन प्रोजेक्टाची माहिती कोणाला मिळेल?'
[2026-08-04 01:04:23,181] [INFO] Generation Length Check: Avg Pred Words = 8.6 | Avg Ref Words = 8.7
[2026-08-04 01:04:23,182] [INFO] [Sample 1] Pred: 'आज बाजारात खूप भाजीपाला मिळत आहे काय भावाने?' | Ref: 'आज बाजारात खूप भाजीपाला मिळत आहे काय भावाने?'
[2026-08-04 01:04:23,182] [INFO] [Sample 2] Pred: 'कुठे पाण्याची विहीर चालू करण्यासाठी मी किती पैसे खात असेल?' | Ref: 'कुठे पाण्याची विहीर चालू करण्यासाठी मी किती पैसे खात असेल?'
[2026-08-04 01:04:23,182] [INFO] [Sample 3] Pred: 'ग्रामपंचायतीत नवीन प्रोजेक्टाचा मिळेल काय होणार?' | Ref: 'ग्रामपंचायतीत नवीन प्रोजेक्टाची माहिती कोणाला मिळेल?'
[2026-08-04 01:04:49,907] [INFO] Fold 2 Step-Averaged Training Loss: 0.9278
[2026-08-04 01:04:49,907] [INFO] Evaluating Fold 2 on CV Validation Split (1,876 samples)...
[2026-08-04 01:06:43,360] [INFO] Generation Length Check: Avg Pred Words = 8.6 | Avg Ref Words = 8.7
[2026-08-04 01:06:43,361] [INFO] [Sample 1] Pred: 'आज बाजारात खूप भाजीपाला मिळत आहे काय भावाने?' | Ref: 'आज बाजारात खूप भाजीपाला मिळत आहे काय भावाने?'
[2026-08-04 01:06:43,361] [INFO] [Sample 2] Pred: 'कुठे पाण्याची विहीर चालू करण्यासाठी मी किती पैसे खात असेल?' | Ref: 'कुठे पाण्याची विहीर चालू करण्यासाठी मी किती पैसे खात असेल?'
[2026-08-04 01:06:43,361] [INFO] [Sample 3] Pred: 'ग्रामपंचायतीत नवीन प्रोजेक्टाचा मिळेल काय होणार?' | Ref: 'ग्रामपंचायतीत नवीन प्रोजेक्टाची माहिती कोणाला मिळेल?'
[2026-08-04 01:06:44,481] [INFO] Fold 2 Val Loss: 0.6441  Val BLEU: 62.32  Val chrF: 79.38
[2026-08-04 01:06:44,481] [INFO] Evaluating Fold 2 on Held-Out Test Set (1,655 samples)...
[2026-08-04 01:08:24,204] [INFO] Generation Length Check: Avg Pred Words = 8.7 | Avg Ref Words = 8.8
[2026-08-04 01:08:24,204] [INFO] [Sample 1] Pred: 'बिसलरी पानीनी बाटली किती म्हांगी झाली आहे, पुढे ते पेवाना पानीनी क्वालिटीवर पानी ईकाई बरं.' | Ref: 'बिसलरीची पाण्याची बाटली किती जुनी झाली आहे, पुढे ते विकत घेतलेले पाण्याची गुणवत्ता काय आहे?'
[2026-08-04 01:08:24,204] [INFO] [Sample 2] Pred: 'व्हर्च्युअल कार्डसाठी ऑनलाइन अर्ज करा' | Ref: 'व्हर्च्युअल कार्डसाठी ऑनलाइन अर्ज करा?'
[2026-08-04 01:08:24,204] [INFO] [Sample 3] Pred: 'थिओब्रोमा हे कोकाओचे वाळलेले आणि पूर्णपणे आंबवलेले बियाणे आहे' | Ref: 'थिओब्रोमा हे कोकाओचे वाळलेले आणि पूर्णपणे आंबवलेले बियाणे आहे'
[2026-08-04 01:08:24,909] [INFO] Fold 2 Test Loss: 0.6442  Test BLEU: 62.27  Test chrF: 79.31
[2026-08-04 01:08:24,910] [INFO] New Best Fold (2) Test BLEU: 62.27! Saving local model to: models\mt5_d2_32k\best_model
[2026-08-04 01:08:34,116] [INFO] 
======================================================================
[2026-08-04 01:08:34,116] [INFO] RUNNING mT5 CROSS-VALIDATION: FOLD 3/5
[2026-08-04 01:08:34,117] [INFO] ======================================================================
[2026-08-04 01:08:34,522] [INFO] HTTP Request: HEAD https://huggingface.co/google/mt5-small/resolve/main/config.json "HTTP/1.1 307 Temporary Redirect"
[2026-08-04 01:08:34,542] [INFO] HTTP Request: HEAD https://huggingface.co/api/resolve-cache/models/google/mt5-small/73fb5dbe4756edadc8fbe8c769b0a109493acf7a/config.json "HTTP/1.1 200 OK"
[2026-08-04 01:08:34,804] [INFO] HTTP Request: HEAD https://huggingface.co/google/mt5-small/resolve/main/model.safetensors "HTTP/1.1 404 Not Found"
[2026-08-04 01:08:35,049] [INFO] HTTP Request: GET https://huggingface.co/api/models/google/mt5-small "HTTP/1.1 200 OK"
[2026-08-04 01:08:35,291] [INFO] HTTP Request: GET https://huggingface.co/api/models/google/mt5-small/commits/main "HTTP/1.1 200 OK"
[2026-08-04 01:08:35,578] [INFO] HTTP Request: GET https://huggingface.co/api/models/google/mt5-small/discussions?p=0 "HTTP/1.1 200 OK"
[2026-08-04 01:08:35,815] [INFO] HTTP Request: GET https://huggingface.co/api/models/google/mt5-small/commits/refs%2Fpr%2F15 "HTTP/1.1 200 OK"
[2026-08-04 01:08:36,039] [INFO] HTTP Request: HEAD https://huggingface.co/google/mt5-small/resolve/refs%2Fpr%2F15/model.safetensors.index.json "HTTP/1.1 404 Not Found"
[2026-08-04 01:08:36,284] [INFO] HTTP Request: HEAD https://huggingface.co/google/mt5-small/resolve/main/generation_config.json "HTTP/1.1 307 Temporary Redirect"
[2026-08-04 01:08:36,306] [INFO] HTTP Request: HEAD https://huggingface.co/api/resolve-cache/models/google/mt5-small/73fb5dbe4756edadc8fbe8c769b0a109493acf7a/generation_config.json "HTTP/1.1 200 OK"
[2026-08-04 01:08:36,314] [INFO] HTTP Request: HEAD https://huggingface.co/google/mt5-small/resolve/refs%2Fpr%2F15/model.safetensors "HTTP/1.1 302 Found"
[2026-08-04 01:13:01,684] [INFO] Generation Length Check: Avg Pred Words = 8.7 | Avg Ref Words = 8.8
[2026-08-04 01:13:01,684] [INFO] [Sample 1] Pred: 'सांगा बरं रबर उत्पादनात भारत किती नंबर वर आहे?' | Ref: 'सांगा बरं रबर उत्पादनात भारत कितव्या क्रमांकावर आहे?'
[2026-08-04 01:13:01,684] [INFO] [Sample 2] Pred: 'गावातील पटवारीच्या कार्यालयात काय गोष्टी असतात ते तुला सांगा' | Ref: 'गावातील पटवारीच्या कार्यालयात काय गोष्टी आहेत ते तुला सांगा?'
[2026-08-04 01:13:01,684] [INFO] [Sample 3] Pred: 'यु.पी आयमुये कोणतंबी पैसास्नं देणे टाईमवर देवाई जाते' | Ref: 'उत्तर प्रदेशाला कोणती रक्कम वेळेवर दिली?'
[2026-08-04 01:17:47,393] [INFO] Generation Length Check: Avg Pred Words = 8.7 | Avg Ref Words = 8.8
[2026-08-04 01:17:47,393] [INFO] [Sample 1] Pred: 'सांगा बरं रबर उत्पादनात भारत किती नंबरवर आहे?' | Ref: 'सांगा बरं रबर उत्पादनात भारत कितव्या क्रमांकावर आहे?'
[2026-08-04 01:17:47,394] [INFO] [Sample 2] Pred: 'गावातील पटवारीच्या कार्यालयात काय गोष्टी असतात ते तुला सांगा' | Ref: 'गावातील पटवारीच्या कार्यालयात काय गोष्टी आहेत ते तुला सांगा?'
[2026-08-04 01:17:47,394] [INFO] [Sample 3] Pred: 'यु.पी आयमुये कोणतंबी पैसास देण्यासाठी टाईमवर देवाई जाते.' | Ref: 'उत्तर प्रदेशाला कोणती रक्कम वेळेवर दिली?'
[2026-08-04 01:22:31,993] [INFO] Generation Length Check: Avg Pred Words = 8.7 | Avg Ref Words = 8.8
[2026-08-04 01:22:31,994] [INFO] [Sample 1] Pred: 'सांगा बरं रबर उत्पादनात भारत किती नंबरवर आहे?' | Ref: 'सांगा बरं रबर उत्पादनात भारत कितव्या क्रमांकावर आहे?'
[2026-08-04 01:22:31,994] [INFO] [Sample 2] Pred: 'गावातील पटवारीच्या कार्यालयात काय गोष्टी असतात ते तुला सांगा' | Ref: 'गावातील पटवारीच्या कार्यालयात काय गोष्टी आहेत ते तुला सांगा?'
[2026-08-04 01:22:31,994] [INFO] [Sample 3] Pred: 'यु.पी आयमुये कोणतंबी पैसे देणे टाईमवर देवाई जाते.' | Ref: 'उत्तर प्रदेशाला कोणती रक्कम वेळेवर दिली?'
[2026-08-04 01:27:14,943] [INFO] Generation Length Check: Avg Pred Words = 8.7 | Avg Ref Words = 8.8
[2026-08-04 01:27:14,943] [INFO] [Sample 1] Pred: 'सांगा बरं रबर उत्पादनात भारत किती नंबरवर आहे?' | Ref: 'सांगा बरं रबर उत्पादनात भारत कितव्या क्रमांकावर आहे?'
[2026-08-04 01:27:14,943] [INFO] [Sample 2] Pred: 'गावातील पटवारीच्या कार्यालयात काय गोष्टी असतात ते तुला सांगा' | Ref: 'गावातील पटवारीच्या कार्यालयात काय गोष्टी आहेत ते तुला सांगा?'
[2026-08-04 01:27:14,943] [INFO] [Sample 3] Pred: 'यु.पी. आयमुये कोणतंबी पैसे देणे टाईमवर देवाई जाते' | Ref: 'उत्तर प्रदेशाला कोणती रक्कम वेळेवर दिली?'
[2026-08-04 01:31:53,356] [INFO] Generation Length Check: Avg Pred Words = 8.7 | Avg Ref Words = 8.8
[2026-08-04 01:31:53,356] [INFO] [Sample 1] Pred: 'सांगा बरं रबर उत्पादनात भारत किती नंबरवर आहे?' | Ref: 'सांगा बरं रबर उत्पादनात भारत कितव्या क्रमांकावर आहे?'
[2026-08-04 01:31:53,356] [INFO] [Sample 2] Pred: 'गावातील पटवारीच्या कार्यालयात काय गोष्टी असतात ते तुला सांगा' | Ref: 'गावातील पटवारीच्या कार्यालयात काय गोष्टी आहेत ते तुला सांगा?'
[2026-08-04 01:31:53,356] [INFO] [Sample 3] Pred: 'यु.पी. आयमुये कोणतंबी पैसे देणे टाईमवर देवाई जाते.' | Ref: 'उत्तर प्रदेशाला कोणती रक्कम वेळेवर दिली?'
[2026-08-04 01:32:20,627] [INFO] Fold 3 Step-Averaged Training Loss: 1.0160
[2026-08-04 01:32:20,627] [INFO] Evaluating Fold 3 on CV Validation Split (1,876 samples)...
[2026-08-04 01:34:11,699] [INFO] Generation Length Check: Avg Pred Words = 8.7 | Avg Ref Words = 8.8
[2026-08-04 01:34:11,699] [INFO] [Sample 1] Pred: 'सांगा बरं रबर उत्पादनात भारत किती नंबरवर आहे?' | Ref: 'सांगा बरं रबर उत्पादनात भारत कितव्या क्रमांकावर आहे?'
[2026-08-04 01:34:11,699] [INFO] [Sample 2] Pred: 'गावातील पटवारीच्या कार्यालयात काय गोष्टी असतात ते तुला सांगा' | Ref: 'गावातील पटवारीच्या कार्यालयात काय गोष्टी आहेत ते तुला सांगा?'
[2026-08-04 01:34:11,699] [INFO] [Sample 3] Pred: 'यु.पी. आयमुये कोणतंबी पैसे देणे टाईमवर देवाई जाते.' | Ref: 'उत्तर प्रदेशाला कोणती रक्कम वेळेवर दिली?'
[2026-08-04 01:34:12,813] [INFO] Fold 3 Val Loss: 0.6527  Val BLEU: 61.65  Val chrF: 78.77
[2026-08-04 01:34:12,813] [INFO] Evaluating Fold 3 on Held-Out Test Set (1,655 samples)...
[2026-08-04 01:35:53,067] [INFO] Generation Length Check: Avg Pred Words = 8.7 | Avg Ref Words = 8.8
[2026-08-04 01:35:53,067] [INFO] [Sample 1] Pred: 'बिसलरी पानीनी बाटली किती म्हांगी झाली आहे, पुढे पुढे ते पेवाना पानीची क्वालिटीवर पानी ईकाई.' | Ref: 'बिसलरीची पाण्याची बाटली किती जुनी झाली आहे, पुढे ते विकत घेतलेले पाण्याची गुणवत्ता काय आहे?'
[2026-08-04 01:35:53,068] [INFO] [Sample 2] Pred: 'व्हर्च्युअल कार्डसाठी ऑनलाइन अर्ज करा' | Ref: 'व्हर्च्युअल कार्डसाठी ऑनलाइन अर्ज करा?'
[2026-08-04 01:35:53,068] [INFO] [Sample 3] Pred: 'थिओब्रोमा हे कोकाओचे वाळलेले आणि पूर्णपणे आंबवलेले बियाणे आहे' | Ref: 'थिओब्रोमा हे कोकाओचे वाळलेले आणि पूर्णपणे आंबवलेले बियाणे आहे'
[2026-08-04 01:35:53,761] [INFO] Fold 3 Test Loss: 0.6385  Test BLEU: 62.06  Test chrF: 79.26
[2026-08-04 01:35:54,270] [INFO] 
======================================================================
[2026-08-04 01:35:54,271] [INFO] RUNNING mT5 CROSS-VALIDATION: FOLD 4/5
[2026-08-04 01:35:54,271] [INFO] ======================================================================
[2026-08-04 01:35:54,554] [INFO] HTTP Request: HEAD https://huggingface.co/google/mt5-small/resolve/main/config.json "HTTP/1.1 307 Temporary Redirect"
[2026-08-04 01:35:54,573] [INFO] HTTP Request: HEAD https://huggingface.co/api/resolve-cache/models/google/mt5-small/73fb5dbe4756edadc8fbe8c769b0a109493acf7a/config.json "HTTP/1.1 200 OK"
[2026-08-04 01:35:54,803] [INFO] HTTP Request: HEAD https://huggingface.co/google/mt5-small/resolve/main/model.safetensors "HTTP/1.1 404 Not Found"
[2026-08-04 01:35:55,033] [INFO] HTTP Request: GET https://huggingface.co/api/models/google/mt5-small "HTTP/1.1 200 OK"
[2026-08-04 01:35:55,272] [INFO] HTTP Request: GET https://huggingface.co/api/models/google/mt5-small/commits/main "HTTP/1.1 200 OK"
[2026-08-04 01:35:55,531] [INFO] HTTP Request: GET https://huggingface.co/api/models/google/mt5-small/discussions?p=0 "HTTP/1.1 200 OK"
[2026-08-04 01:35:55,790] [INFO] HTTP Request: GET https://huggingface.co/api/models/google/mt5-small/commits/refs%2Fpr%2F15 "HTTP/1.1 200 OK"
[2026-08-04 01:35:56,017] [INFO] HTTP Request: HEAD https://huggingface.co/google/mt5-small/resolve/refs%2Fpr%2F15/model.safetensors.index.json "HTTP/1.1 404 Not Found"
[2026-08-04 01:35:56,243] [INFO] HTTP Request: HEAD https://huggingface.co/google/mt5-small/resolve/refs%2Fpr%2F15/model.safetensors "HTTP/1.1 302 Found"
[2026-08-04 01:35:56,338] [INFO] HTTP Request: HEAD https://huggingface.co/google/mt5-small/resolve/main/generation_config.json "HTTP/1.1 307 Temporary Redirect"
[2026-08-04 01:35:56,358] [INFO] HTTP Request: HEAD https://huggingface.co/api/resolve-cache/models/google/mt5-small/73fb5dbe4756edadc8fbe8c769b0a109493acf7a/generation_config.json "HTTP/1.1 200 OK"
[2026-08-04 01:40:24,868] [INFO] Generation Length Check: Avg Pred Words = 8.7 | Avg Ref Words = 8.7
[2026-08-04 01:40:24,868] [INFO] [Sample 1] Pred: 'मला बँकेत UPI चे किती रुपये खात असेल?' | Ref: 'मला बँकेत UPI चे किती रुपये खात असेल तुला किती दिवस?'
[2026-08-04 01:40:24,868] [INFO] [Sample 2] Pred: 'कल्टीवेटर हे शेतीमध्ये वापरले जाणारे एक उपकरण आहे' | Ref: 'कल्टीवेटर हे शेतीमध्ये वापरले जाणारे एक उपकरण आहे'
[2026-08-04 01:40:24,868] [INFO] [Sample 3] Pred: 'चाफ्याच्या झाडे चे साल आणि झाडाच्या इतर भागांचा उपयोग औषधीच्या रूपात केला जातो' | Ref: 'चाफ्याच्या झाडांची साल आणि झाडाच्या इतर भागांचा उपयोग औषधी रूपात केला जातो.'
[2026-08-04 01:45:05,784] [INFO] Generation Length Check: Avg Pred Words = 8.6 | Avg Ref Words = 8.7
[2026-08-04 01:45:05,784] [INFO] [Sample 1] Pred: 'मला बँकेत UPI चे किती रुपये खात असेल तुम्ही किती दिवस?' | Ref: 'मला बँकेत UPI चे किती रुपये खात असेल तुला किती दिवस?'
[2026-08-04 01:45:05,784] [INFO] [Sample 2] Pred: 'कल्टीवेटर हे शेतीमध्ये वापरले जाणारे एक उपकरण आहे' | Ref: 'कल्टीवेटर हे शेतीमध्ये वापरले जाणारे एक उपकरण आहे'
[2026-08-04 01:45:05,784] [INFO] [Sample 3] Pred: 'चाफ्याच्या झाडे चे साल आणि झाडाच्या इतर भागांचा उपयोग औषधीच्या रूपात केला जातो' | Ref: 'चाफ्याच्या झाडांची साल आणि झाडाच्या इतर भागांचा उपयोग औषधी रूपात केला जातो.'
[2026-08-04 01:49:46,853] [INFO] Generation Length Check: Avg Pred Words = 8.6 | Avg Ref Words = 8.7
[2026-08-04 01:49:46,853] [INFO] [Sample 1] Pred: 'मला बँकेत UPI चे किती रुपये खात असेल तुम्ही किती दिवस?' | Ref: 'मला बँकेत UPI चे किती रुपये खात असेल तुला किती दिवस?'
[2026-08-04 01:49:46,853] [INFO] [Sample 2] Pred: 'कल्टीवेटर हे शेतीमध्ये वापरले जाणारे एक उपकरण आहे' | Ref: 'कल्टीवेटर हे शेतीमध्ये वापरले जाणारे एक उपकरण आहे'
[2026-08-04 01:49:46,853] [INFO] [Sample 3] Pred: 'चाफ्याच्या झाडे चे साल आणि झाडाच्या इतर भागांचा उपयोग औषधीच्या रूपात केला जातो' | Ref: 'चाफ्याच्या झाडांची साल आणि झाडाच्या इतर भागांचा उपयोग औषधी रूपात केला जातो.'
[2026-08-04 01:54:24,623] [INFO] Generation Length Check: Avg Pred Words = 8.7 | Avg Ref Words = 8.7
[2026-08-04 01:54:24,623] [INFO] [Sample 1] Pred: 'मला बँकेत UPI चे किती रुपये खात असेल तुम्ही किती दिवस?' | Ref: 'मला बँकेत UPI चे किती रुपये खात असेल तुला किती दिवस?'
[2026-08-04 01:54:24,623] [INFO] [Sample 2] Pred: 'कल्टीवेटर हे शेतीमध्ये वापरले जाणारे एक उपकरण आहे' | Ref: 'कल्टीवेटर हे शेतीमध्ये वापरले जाणारे एक उपकरण आहे'
[2026-08-04 01:54:24,624] [INFO] [Sample 3] Pred: 'चाफ्याच्या झाडे चे साल आणि झाडाच्या इतर भागांचा उपयोग औषधीच्या रूपात केला जातो' | Ref: 'चाफ्याच्या झाडांची साल आणि झाडाच्या इतर भागांचा उपयोग औषधी रूपात केला जातो.'
[2026-08-04 01:59:02,004] [INFO] Generation Length Check: Avg Pred Words = 8.6 | Avg Ref Words = 8.7
[2026-08-04 01:59:02,005] [INFO] [Sample 1] Pred: 'मला बँकेत UPI चे किती रुपये खात असेल तुम्ही किती दिवस?' | Ref: 'मला बँकेत UPI चे किती रुपये खात असेल तुला किती दिवस?'
[2026-08-04 01:59:02,005] [INFO] [Sample 2] Pred: 'कल्टीवेटर हे शेतीमध्ये वापरले जाणारे एक उपकरण आहे' | Ref: 'कल्टीवेटर हे शेतीमध्ये वापरले जाणारे एक उपकरण आहे'
[2026-08-04 01:59:02,005] [INFO] [Sample 3] Pred: 'चाफ्याच्या झाडे चे साल आणि झाडाच्या इतर भागांचा उपयोग औषधीच्या रूपात केला जातो' | Ref: 'चाफ्याच्या झाडांची साल आणि झाडाच्या इतर भागांचा उपयोग औषधी रूपात केला जातो.'
[2026-08-04 01:59:28,384] [INFO] Fold 4 Step-Averaged Training Loss: 1.0435
[2026-08-04 01:59:28,384] [INFO] Evaluating Fold 4 on CV Validation Split (1,876 samples)...
[2026-08-04 02:01:20,168] [INFO] Generation Length Check: Avg Pred Words = 8.6 | Avg Ref Words = 8.7
[2026-08-04 02:01:20,168] [INFO] [Sample 1] Pred: 'मला बँकेत UPI चे किती रुपये खात असेल तुम्ही किती दिवस?' | Ref: 'मला बँकेत UPI चे किती रुपये खात असेल तुला किती दिवस?'
[2026-08-04 02:01:20,168] [INFO] [Sample 2] Pred: 'कल्टीवेटर हे शेतीमध्ये वापरले जाणारे एक उपकरण आहे' | Ref: 'कल्टीवेटर हे शेतीमध्ये वापरले जाणारे एक उपकरण आहे'
[2026-08-04 02:01:20,168] [INFO] [Sample 3] Pred: 'चाफ्याच्या झाडे चे साल आणि झाडाच्या इतर भागांचा उपयोग औषधीच्या रूपात केला जातो' | Ref: 'चाफ्याच्या झाडांची साल आणि झाडाच्या इतर भागांचा उपयोग औषधी रूपात केला जातो.'
[2026-08-04 02:01:21,283] [INFO] Fold 4 Val Loss: 0.6229  Val BLEU: 62.40  Val chrF: 79.70
[2026-08-04 02:01:21,283] [INFO] Evaluating Fold 4 on Held-Out Test Set (1,655 samples)...
[2026-08-04 02:03:00,858] [INFO] Generation Length Check: Avg Pred Words = 8.7 | Avg Ref Words = 8.8
[2026-08-04 02:03:00,858] [INFO] [Sample 1] Pred: 'बिसलरी पानीनी बाटली किती म्हांगी आहे, पुढे पुढे ते पेवाना पानीनी क्वालिटीवर पानी ईकाईल?' | Ref: 'बिसलरीची पाण्याची बाटली किती जुनी झाली आहे, पुढे ते विकत घेतलेले पाण्याची गुणवत्ता काय आहे?'
[2026-08-04 02:03:00,858] [INFO] [Sample 2] Pred: 'व्हर्च्युअल कार्डसाठी ऑनलाइन अर्ज करा' | Ref: 'व्हर्च्युअल कार्डसाठी ऑनलाइन अर्ज करा?'
[2026-08-04 02:03:00,858] [INFO] [Sample 3] Pred: 'थिओब्रोमा हे कोकाओचे वाळलेले आणि पूर्णपणे आंबवलेले बियाणे आहे' | Ref: 'थिओब्रोमा हे कोकाओचे वाळलेले आणि पूर्णपणे आंबवलेले बियाणे आहे'
[2026-08-04 02:03:01,548] [INFO] Fold 4 Test Loss: 0.6410  Test BLEU: 61.87  Test chrF: 79.23
[2026-08-04 02:03:02,058] [INFO] 
======================================================================
[2026-08-04 02:03:02,058] [INFO] RUNNING mT5 CROSS-VALIDATION: FOLD 5/5
[2026-08-04 02:03:02,058] [INFO] ======================================================================
[2026-08-04 02:03:02,418] [INFO] HTTP Request: HEAD https://huggingface.co/google/mt5-small/resolve/main/config.json "HTTP/1.1 307 Temporary Redirect"
[2026-08-04 02:03:02,438] [INFO] HTTP Request: HEAD https://huggingface.co/api/resolve-cache/models/google/mt5-small/73fb5dbe4756edadc8fbe8c769b0a109493acf7a/config.json "HTTP/1.1 200 OK"
[2026-08-04 02:03:02,673] [INFO] HTTP Request: HEAD https://huggingface.co/google/mt5-small/resolve/main/model.safetensors "HTTP/1.1 404 Not Found"
[2026-08-04 02:03:02,897] [INFO] HTTP Request: GET https://huggingface.co/api/models/google/mt5-small "HTTP/1.1 200 OK"
[2026-08-04 02:03:03,136] [INFO] HTTP Request: GET https://huggingface.co/api/models/google/mt5-small/commits/main "HTTP/1.1 200 OK"
[2026-08-04 02:03:03,405] [INFO] HTTP Request: GET https://huggingface.co/api/models/google/mt5-small/discussions?p=0 "HTTP/1.1 200 OK"
[2026-08-04 02:03:03,645] [INFO] HTTP Request: GET https://huggingface.co/api/models/google/mt5-small/commits/refs%2Fpr%2F15 "HTTP/1.1 200 OK"
[2026-08-04 02:03:03,865] [INFO] HTTP Request: HEAD https://huggingface.co/google/mt5-small/resolve/refs%2Fpr%2F15/model.safetensors.index.json "HTTP/1.1 404 Not Found"
[2026-08-04 02:03:04,089] [INFO] HTTP Request: HEAD https://huggingface.co/google/mt5-small/resolve/refs%2Fpr%2F15/model.safetensors "HTTP/1.1 302 Found"
[2026-08-04 02:03:04,194] [INFO] HTTP Request: HEAD https://huggingface.co/google/mt5-small/resolve/main/generation_config.json "HTTP/1.1 307 Temporary Redirect"
[2026-08-04 02:03:04,214] [INFO] HTTP Request: HEAD https://huggingface.co/api/resolve-cache/models/google/mt5-small/73fb5dbe4756edadc8fbe8c769b0a109493acf7a/generation_config.json "HTTP/1.1 200 OK"
[2026-08-04 02:07:37,743] [INFO] Generation Length Check: Avg Pred Words = 8.8 | Avg Ref Words = 8.9
[2026-08-04 02:07:37,743] [INFO] [Sample 1] Pred: 'माझे शेत पाण्याने मला शेत असते, काय करावे?' | Ref: 'माझ्या शेतात पाण्याची किल्ली आहे, काय करावे?'
[2026-08-04 02:07:37,743] [INFO] [Sample 2] Pred: 'आज काय पुस्तकाचे मिळेल शाळेमध्ये?' | Ref: 'आज काय पुस्तकाचे मिळेल शाळेमध्ये?'
[2026-08-04 02:07:37,743] [INFO] [Sample 3] Pred: 'यू.पि.आय फोन नंबरची पडताळणी करते आणि फोन नंबरशी जोडलेली खाती लिंक करते' | Ref: 'यू.पी.आय फोन नंबरची पडताळणी करते आणि फोन नंबरशी जोडलेली खाती लिंक करते'
[2026-08-04 02:12:17,923] [INFO] Generation Length Check: Avg Pred Words = 8.7 | Avg Ref Words = 8.9
[2026-08-04 02:12:17,923] [INFO] [Sample 1] Pred: 'माझे शेत पाण्याने मला शेत आहे, काय करावे?' | Ref: 'माझ्या शेतात पाण्याची किल्ली आहे, काय करावे?'
[2026-08-04 02:12:17,923] [INFO] [Sample 2] Pred: 'आज काय पुस्तकाचे मिळेल शाळेमध्ये?' | Ref: 'आज काय पुस्तकाचे मिळेल शाळेमध्ये?'
[2026-08-04 02:12:17,923] [INFO] [Sample 3] Pred: 'यू.पि.आय फोन नंबरची पडताळणी करते आणि फोन नंबरशी जोडलेली खाती लिंक करते' | Ref: 'यू.पी.आय फोन नंबरची पडताळणी करते आणि फोन नंबरशी जोडलेली खाती लिंक करते'
[2026-08-04 02:17:02,308] [INFO] Generation Length Check: Avg Pred Words = 8.8 | Avg Ref Words = 8.9
[2026-08-04 02:17:02,308] [INFO] [Sample 1] Pred: 'माझे शेत पाण्याने मला आहे, काय करावे?' | Ref: 'माझ्या शेतात पाण्याची किल्ली आहे, काय करावे?'
[2026-08-04 02:17:02,308] [INFO] [Sample 2] Pred: 'आज काय पुस्तकाचे मिळेल शाळेत?' | Ref: 'आज काय पुस्तकाचे मिळेल शाळेमध्ये?'
[2026-08-04 02:17:02,309] [INFO] [Sample 3] Pred: 'यू.पि.आय फोन नंबरची पडताळणी करते आणि फोन नंबरशी जोडलेली खाती लिंक करते' | Ref: 'यू.पी.आय फोन नंबरची पडताळणी करते आणि फोन नंबरशी जोडलेली खाती लिंक करते'
[2026-08-04 02:21:42,709] [INFO] Generation Length Check: Avg Pred Words = 8.8 | Avg Ref Words = 8.9
[2026-08-04 02:21:42,709] [INFO] [Sample 1] Pred: 'माझे शेत पाण्याने मला शेत आहे, काय करावे?' | Ref: 'माझ्या शेतात पाण्याची किल्ली आहे, काय करावे?'
[2026-08-04 02:21:42,709] [INFO] [Sample 2] Pred: 'आज काय पुस्तकाचे मिळेल शाळेमध्ये?' | Ref: 'आज काय पुस्तकाचे मिळेल शाळेमध्ये?'
[2026-08-04 02:21:42,709] [INFO] [Sample 3] Pred: 'यू.पि.आय फोन नंबरची पडताळणी करते आणि फोन नंबरशी जोडलेली खाती लिंक करते' | Ref: 'यू.पी.आय फोन नंबरची पडताळणी करते आणि फोन नंबरशी जोडलेली खाती लिंक करते'
[2026-08-04 02:26:22,609] [INFO] Generation Length Check: Avg Pred Words = 8.8 | Avg Ref Words = 8.9
[2026-08-04 02:26:22,609] [INFO] [Sample 1] Pred: 'माझे शेत पाण्याने मला शेत आहे, काय करावे?' | Ref: 'माझ्या शेतात पाण्याची किल्ली आहे, काय करावे?'
[2026-08-04 02:26:22,609] [INFO] [Sample 2] Pred: 'आज काय पुस्तकाचे मिळेल शाळेमध्ये?' | Ref: 'आज काय पुस्तकाचे मिळेल शाळेमध्ये?'
[2026-08-04 02:26:22,609] [INFO] [Sample 3] Pred: 'यू.पि.आय फोन नंबरची पडताळणी करते आणि फोन नंबरशी जोडलेली खाती लिंक करते' | Ref: 'यू.पी.आय फोन नंबरची पडताळणी करते आणि फोन नंबरशी जोडलेली खाती लिंक करते'
[2026-08-04 02:26:48,938] [INFO] Fold 5 Step-Averaged Training Loss: 1.0200
[2026-08-04 02:26:48,938] [INFO] Evaluating Fold 5 on CV Validation Split (1,876 samples)...
[2026-08-04 02:28:40,503] [INFO] Generation Length Check: Avg Pred Words = 8.8 | Avg Ref Words = 8.9
[2026-08-04 02:28:40,503] [INFO] [Sample 1] Pred: 'माझे शेत पाण्याने मला शेत आहे, काय करावे?' | Ref: 'माझ्या शेतात पाण्याची किल्ली आहे, काय करावे?'
[2026-08-04 02:28:40,503] [INFO] [Sample 2] Pred: 'आज काय पुस्तकाचे मिळेल शाळेमध्ये?' | Ref: 'आज काय पुस्तकाचे मिळेल शाळेमध्ये?'
[2026-08-04 02:28:40,503] [INFO] [Sample 3] Pred: 'यू.पि.आय फोन नंबरची पडताळणी करते आणि फोन नंबरशी जोडलेली खाती लिंक करते' | Ref: 'यू.पी.आय फोन नंबरची पडताळणी करते आणि फोन नंबरशी जोडलेली खाती लिंक करते'
[2026-08-04 02:28:41,627] [INFO] Fold 5 Val Loss: 0.6763  Val BLEU: 60.87  Val chrF: 78.72
[2026-08-04 02:28:41,627] [INFO] Evaluating Fold 5 on Held-Out Test Set (1,655 samples)...
[2026-08-04 02:30:21,381] [INFO] Generation Length Check: Avg Pred Words = 8.7 | Avg Ref Words = 8.8
[2026-08-04 02:30:21,382] [INFO] [Sample 1] Pred: 'बिसलरी पानीनी बाटली किती म्हांगी झाली, पुढे पुढे ते पेवाना पानीची क्वालिटीवर पानी बरं.' | Ref: 'बिसलरीची पाण्याची बाटली किती जुनी झाली आहे, पुढे ते विकत घेतलेले पाण्याची गुणवत्ता काय आहे?'
[2026-08-04 02:30:21,382] [INFO] [Sample 2] Pred: 'व्हर्च्युअल कार्डसाठी ऑनलाइन अर्ज करा' | Ref: 'व्हर्च्युअल कार्डसाठी ऑनलाइन अर्ज करा?'
[2026-08-04 02:30:21,382] [INFO] [Sample 3] Pred: 'थिओब्रोमा हे कोकाओचे वाळलेले आणि पूर्णपणे आंबवलेले बियाणे आहे' | Ref: 'थिओब्रोमा हे कोकाओचे वाळलेले आणि पूर्णपणे आंबवलेले बियाणे आहे'
[2026-08-04 02:30:22,083] [INFO] Fold 5 Test Loss: 0.6401  Test BLEU: 62.27  Test chrF: 79.43
[2026-08-04 02:30:22,595] [INFO] === mT5 CROSS VALIDATION COMPLETED ===
[2026-08-04 02:30:22,596] [INFO] Avg Test Loss: 0.6413 | BLEU: 62.0677 | chrF++: 79.2939
[2026-08-04 02:30:22,596] [INFO] Best Fine-Tuned Model Saved to: models\mt5_d2_32k\best_model
[2026-08-04 02:30:22,785] [INFO] --- [OK] Successfully completed: D2 32k (Ahirani Expanded)
[2026-08-04 02:30:22,785] [INFO] 
---> Starting Variant 7/8: D4 32k (Varhadi Expanded)
[2026-08-04 02:30:23,012] [INFO] Loaded 10,155 parallel samples from 2 CSV file(s).
