[2026-08-02 19:32:43,123] [INFO] Training log file: D:\dialect-norm\logs\train_indicbart_d1_32k.log
[2026-08-02 19:32:43,124] [INFO] ======================================================================
[2026-08-02 19:32:43,124] [INFO] INDICBART FINE-TUNING (OPTION B: 85/15 STRATIFIED SPLIT + 5-FOLD CV)
[2026-08-02 19:32:43,124] [INFO] ======================================================================
[2026-08-02 19:32:43,124] [INFO] Target Model            : ai4bharat/IndicBART
[2026-08-02 19:32:43,124] [INFO] Output Directory        : D:\dialect-norm\models\indicbart_d1_32k
[2026-08-02 19:32:43,124] [INFO] Epochs per Fold         : 5
[2026-08-02 19:32:43,125] [INFO] Batch Size              : 16
[2026-08-02 19:32:43,125] [INFO] Gradient Accum Steps    : 2
[2026-08-02 19:32:43,125] [INFO] Effective Batch Size    : 32
[2026-08-02 19:32:43,125] [INFO] Learning Rate           : 5e-05
[2026-08-02 19:32:43,125] [INFO] Weight Decay            : 0.01
[2026-08-02 19:32:43,125] [INFO] Warmup Ratio            : 0.1
[2026-08-02 19:32:43,125] [INFO] Early Stopping Patience : 2
[2026-08-02 19:32:43,125] [INFO] Max Input / Target Len  : 128 / 128
[2026-08-02 19:32:43,125] [INFO] Random Seed             : 42
[2026-08-02 19:32:43,125] [INFO] ======================================================================
[2026-08-02 19:32:43,227] [INFO] Loaded 11,145 parallel samples from 2 CSV file(s).
[2026-08-02 19:32:43,239] [INFO] Total Dataset Size      : 11,145 pairs
[2026-08-02 19:32:43,239] [INFO] 85% Training Pool       : 9,473 pairs
[2026-08-02 19:32:43,239] [INFO] 15% Held-Out Test       : 1,672 pairs
[2026-08-02 19:32:43,244] [INFO]   Train Pool distribution: {'D1': 9473}
[2026-08-02 19:32:43,245] [INFO]   Test Set distribution: {'D1': 1672}
[2026-08-02 19:32:43,245] [INFO] Downloading and caching base model 'ai4bharat/IndicBART' to D:\dialect-norm\models\indicbart_d1_32k\base_model...
[2026-08-02 19:32:43,605] [INFO] HTTP Request: HEAD https://huggingface.co/ai4bharat/IndicBART/resolve/main/config.json "HTTP/1.1 307 Temporary Redirect"
[2026-08-02 19:32:43,626] [INFO] HTTP Request: HEAD https://huggingface.co/api/resolve-cache/models/ai4bharat/IndicBART/78466a0c0e29f9229f7005623ecd6bc4243c0ae0/config.json "HTTP/1.1 200 OK"
[2026-08-02 19:32:44,263] [INFO] HTTP Request: HEAD https://huggingface.co/ai4bharat/IndicBART/resolve/main/tokenizer_config.json "HTTP/1.1 307 Temporary Redirect"
[2026-08-02 19:32:44,284] [INFO] HTTP Request: HEAD https://huggingface.co/api/resolve-cache/models/ai4bharat/IndicBART/78466a0c0e29f9229f7005623ecd6bc4243c0ae0/tokenizer_config.json "HTTP/1.1 200 OK"
[2026-08-02 19:32:44,572] [INFO] HTTP Request: HEAD https://huggingface.co/ai4bharat/IndicBART/resolve/main/tokenizer_config.json "HTTP/1.1 307 Temporary Redirect"
[2026-08-02 19:32:44,596] [INFO] HTTP Request: HEAD https://huggingface.co/api/resolve-cache/models/ai4bharat/IndicBART/78466a0c0e29f9229f7005623ecd6bc4243c0ae0/tokenizer_config.json "HTTP/1.1 200 OK"
[2026-08-02 19:32:44,821] [INFO] HTTP Request: GET https://huggingface.co/api/models/ai4bharat/IndicBART/tree/main/additional_chat_templates?recursive=false&expand=false "HTTP/1.1 404 Not Found"
[2026-08-02 19:32:45,046] [INFO] HTTP Request: GET https://huggingface.co/api/models/ai4bharat/IndicBART/tree/main?recursive=true&expand=false "HTTP/1.1 200 OK"
[2026-08-02 19:32:46,163] [INFO] HTTP Request: HEAD https://huggingface.co/ai4bharat/IndicBART/resolve/main/config.json "HTTP/1.1 307 Temporary Redirect"
[2026-08-02 19:32:46,185] [INFO] HTTP Request: HEAD https://huggingface.co/api/resolve-cache/models/ai4bharat/IndicBART/78466a0c0e29f9229f7005623ecd6bc4243c0ae0/config.json "HTTP/1.1 200 OK"
[2026-08-02 19:32:46,485] [INFO] HTTP Request: HEAD https://huggingface.co/ai4bharat/IndicBART/resolve/main/model.safetensors "HTTP/1.1 404 Not Found"
[2026-08-02 19:32:46,728] [INFO] HTTP Request: GET https://huggingface.co/api/models/ai4bharat/IndicBART "HTTP/1.1 200 OK"
[2026-08-02 19:32:47,003] [INFO] HTTP Request: GET https://huggingface.co/api/models/ai4bharat/IndicBART/commits/main "HTTP/1.1 200 OK"
[2026-08-02 19:32:47,241] [INFO] HTTP Request: GET https://huggingface.co/api/models/ai4bharat/IndicBART/discussions?p=0 "HTTP/1.1 200 OK"
[2026-08-02 19:32:47,484] [INFO] HTTP Request: GET https://huggingface.co/api/models/ai4bharat/IndicBART/commits/refs%2Fpr%2F2 "HTTP/1.1 200 OK"
[2026-08-02 19:32:47,723] [INFO] HTTP Request: HEAD https://huggingface.co/ai4bharat/IndicBART/resolve/refs%2Fpr%2F2/model.safetensors.index.json "HTTP/1.1 404 Not Found"
[2026-08-02 19:32:47,784] [INFO] HTTP Request: HEAD https://huggingface.co/ai4bharat/IndicBART/resolve/main/generation_config.json "HTTP/1.1 404 Not Found"
[2026-08-02 19:32:47,964] [INFO] HTTP Request: HEAD https://huggingface.co/ai4bharat/IndicBART/resolve/refs%2Fpr%2F2/model.safetensors "HTTP/1.1 302 Found"
[2026-08-02 19:32:48,017] [INFO] HTTP Request: HEAD https://huggingface.co/ai4bharat/IndicBART/resolve/main/config.json "HTTP/1.1 307 Temporary Redirect"
[2026-08-02 19:32:48,039] [INFO] HTTP Request: HEAD https://huggingface.co/api/resolve-cache/models/ai4bharat/IndicBART/78466a0c0e29f9229f7005623ecd6bc4243c0ae0/config.json "HTTP/1.1 200 OK"
[2026-08-02 19:32:54,675] [INFO] 
======================================================================
[2026-08-02 19:32:54,675] [INFO] RUNNING CROSS-VALIDATION: FOLD 1/5
[2026-08-02 19:32:54,676] [INFO] ======================================================================
[2026-08-02 19:32:54,676] [INFO] Fold 1 Training Samples   : 7,579
[2026-08-02 19:32:54,676] [INFO] Fold 1 Validation Samples : 1,894
[2026-08-02 19:43:53,397] [INFO] Generation Length Check: Avg Pred Words = 24.9 | Avg Ref Words = 9.8
[2026-08-02 19:43:53,397] [INFO] [Sample 1] Pred: 'जगात शेतीची सुरवात बायकांनी केली होती शेतीची सुरवात मुलींनीच केली आहे. शेतीला सुरवात बायका-यांना शेती करायची आहे.' | Ref: 'जगात शेतीची सुरुवात बायकांनीच केली.'
[2026-08-02 19:43:53,397] [INFO] [Sample 2] Pred: 'आम्ही आज सकाळीचा व्यायाम केला आहे, कुठे चांगले आहे का?' | Ref: 'आम्ही आज सकाळीचा व्यायाम केला आहे, कुठे चांगले आहे का?'
[2026-08-02 19:43:53,397] [INFO] [Sample 3] Pred: 'काय आहे शेतात सिंचनाचा व्यवस्था आहे, कुठे काय गावता?' | Ref: 'काय आहे शेतात सिंचनाचा व्यवस्था आहे, कुठे काय माहिती?'
[2026-08-02 19:48:19,133] [INFO] Generation Length Check: Avg Pred Words = 6.9 | Avg Ref Words = 9.8
[2026-08-02 19:48:19,133] [INFO] [Sample 1] Pred: '' | Ref: 'जगात शेतीची सुरुवात बायकांनीच केली.'
[2026-08-02 19:48:19,133] [INFO] [Sample 2] Pred: 'आम्ही आज सकाळीचा व्यायाम केला आहे, कुठे चांगले आहे का?' | Ref: 'आम्ही आज सकाळीचा व्यायाम केला आहे, कुठे चांगले आहे का?'
[2026-08-02 19:48:19,133] [INFO] [Sample 3] Pred: 'काय आहे शेतात सिंचनाचा व्यवस्था आहे, कुठे काय मिळते?' | Ref: 'काय आहे शेतात सिंचनाचा व्यवस्था आहे, कुठे काय माहिती?'
[2026-08-02 19:52:43,598] [INFO] Generation Length Check: Avg Pred Words = 6.9 | Avg Ref Words = 9.8
[2026-08-02 19:52:43,598] [INFO] [Sample 1] Pred: 'जगात शेतीची सुरवात बायकांनी केली होती' | Ref: 'जगात शेतीची सुरुवात बायकांनीच केली.'
[2026-08-02 19:52:43,598] [INFO] [Sample 2] Pred: 'आम्ही आज सकाळीचा व्यायाम केला आहे, कुठे चांगले आहे का?' | Ref: 'आम्ही आज सकाळीचा व्यायाम केला आहे, कुठे चांगले आहे का?'
[2026-08-02 19:52:43,598] [INFO] [Sample 3] Pred: 'काय आहे शेतात सिंचनाचा व्यवस्था आहे, कुठे काय मिळते?' | Ref: 'काय आहे शेतात सिंचनाचा व्यवस्था आहे, कुठे काय माहिती?'
[2026-08-02 19:56:59,214] [INFO] Generation Length Check: Avg Pred Words = 6.8 | Avg Ref Words = 9.8
[2026-08-02 19:56:59,214] [INFO] [Sample 1] Pred: 'जगात शेतीची सुरवात बायकांनी केली होती' | Ref: 'जगात शेतीची सुरुवात बायकांनीच केली.'
[2026-08-02 19:56:59,214] [INFO] [Sample 2] Pred: 'आम्ही आज सकाळीचा व्यायाम केला आहे, कुठे चांगले आहे का?' | Ref: 'आम्ही आज सकाळीचा व्यायाम केला आहे, कुठे चांगले आहे का?'
[2026-08-02 19:56:59,214] [INFO] [Sample 3] Pred: 'काय आहे शेतात सिंचनाचा व्यवस्था आहे, कुठे काय मिळते?' | Ref: 'काय आहे शेतात सिंचनाचा व्यवस्था आहे, कुठे काय माहिती?'
[2026-08-02 20:01:25,030] [INFO] Generation Length Check: Avg Pred Words = 6.9 | Avg Ref Words = 9.8
[2026-08-02 20:01:25,030] [INFO] [Sample 1] Pred: 'जगात शेतीची सुरवात बायकांनी केली होती' | Ref: 'जगात शेतीची सुरुवात बायकांनीच केली.'
[2026-08-02 20:01:25,030] [INFO] [Sample 2] Pred: 'आम्ही आज सकाळीचा व्यायाम केला आहे, कुठे चांगले आहे का?' | Ref: 'आम्ही आज सकाळीचा व्यायाम केला आहे, कुठे चांगले आहे का?'
[2026-08-02 20:01:25,030] [INFO] [Sample 3] Pred: 'काय आहे शेतात सिंचनाचा व्यवस्था आहे, कुठे काय मिळते?' | Ref: 'काय आहे शेतात सिंचनाचा व्यवस्था आहे, कुठे काय माहिती?'
[2026-08-02 20:01:37,193] [INFO] Fold 1 Step-Averaged Training Loss: 2.4993
[2026-08-02 20:01:37,193] [INFO] Evaluating Fold 1 on CV Validation Split (1,894 samples)...
[2026-08-02 20:03:31,240] [INFO] Generation Length Check: Avg Pred Words = 6.9 | Avg Ref Words = 9.8
[2026-08-02 20:03:31,241] [INFO] [Sample 1] Pred: 'जगात शेतीची सुरवात बायकांनी केली होती' | Ref: 'जगात शेतीची सुरुवात बायकांनीच केली.'
[2026-08-02 20:03:31,241] [INFO] [Sample 2] Pred: 'आम्ही आज सकाळीचा व्यायाम केला आहे, कुठे चांगले आहे का?' | Ref: 'आम्ही आज सकाळीचा व्यायाम केला आहे, कुठे चांगले आहे का?'
[2026-08-02 20:03:31,241] [INFO] [Sample 3] Pred: 'काय आहे शेतात सिंचनाचा व्यवस्था आहे, कुठे काय मिळते?' | Ref: 'काय आहे शेतात सिंचनाचा व्यवस्था आहे, कुठे काय माहिती?'
[2026-08-02 20:03:31,243] [INFO] Fold 1 Val Loss: 0.6606  Val BLEU: 48.19  Val chrF: 65.72
[2026-08-02 20:03:31,243] [INFO] Evaluating Fold 1 on Held-Out Test Set (1,672 samples)...
[2026-08-02 20:05:11,794] [INFO] Generation Length Check: Avg Pred Words = 6.6 | Avg Ref Words = 9.6
[2026-08-02 20:05:11,795] [INFO] [Sample 1] Pred: 'मुली दुधाचे पोती विकत घ्यावी, कुठे म्हणजे काय?' | Ref: 'मुलीने दुधाचे पोती विकत घेतली ना, कुठे म्हणजे काय?'
[2026-08-02 20:05:11,795] [INFO] [Sample 2] Pred: 'मला खात्यात जास्तीत जास्त किती डिपॉझिट जमा करायचे आहेत, आणि कुठे ब्याज दर कमी होती?' | Ref: 'मला खात्यात जास्तीत जास्त किती डिपॉझिट जमा करायचे आहेत, आणि कुठे ब्याज दर कमी होती?'
[2026-08-02 20:05:11,795] [INFO] [Sample 3] Pred: 'बिनबोली दाखला देण्यासाठी ग्रामपंचायतीत कुठे जावा?' | Ref: 'बिनबोली दाखला देण्यासाठी ग्रामपंचायतीत कुठे जावा?'
[2026-08-02 20:05:11,796] [INFO] Fold 1 Test Loss: 0.6454  Test BLEU: 46.86  Test chrF: 64.32
[2026-08-02 20:05:15,654] [INFO] Fold 1 complete. GPU memory freed.
[2026-08-02 20:05:15,654] [INFO] 
======================================================================
[2026-08-02 20:05:15,655] [INFO] RUNNING CROSS-VALIDATION: FOLD 2/5
[2026-08-02 20:05:15,655] [INFO] ======================================================================
[2026-08-02 20:05:15,655] [INFO] Fold 2 Training Samples   : 7,579
[2026-08-02 20:05:15,655] [INFO] Fold 2 Validation Samples : 1,894
[2026-08-02 20:16:44,088] [INFO] Generation Length Check: Avg Pred Words = 28.1 | Avg Ref Words = 9.7
[2026-08-02 20:16:44,088] [INFO] [Sample 1] Pred: 'ग्रामपंचायतीत शिक्षण योजनेतील शाळा कुठे आहे, कुठे आहे? शाळा कुठे कुठे आहे का? शाळा कुठे कुठे कुठे आहेत?' | Ref: 'ग्रामपंचायतीत शिक्षण योजनेतील शाळा नाही आहे, कुठे आहे?'
[2026-08-02 20:16:44,088] [INFO] [Sample 2] Pred: 'आर्थिक अर्थ व्यवस्था संसाधनांचा वापर आणि वितरण स्पष्ट करता आर्थिक अर्थ व्यवस्था स्रोतांची माहिती आणि वितरण स्पष्ट करते आर्थिक अर्थ व्यवस्था संपन्मूलांचे वितरण स्पष्ट करते. आर्थिक अर्थ व्यवस्था उपलब्धता संसाधनांचो वापर आणि वितरण, वितरण स्पष्ट करता येते. आर्थिक आर्थिक अर्थव्यवस्था संसाधनांचे वितरण स्पष्ट करता येईल.' | Ref: 'आर्थिक अर्थव्यवस्थेतील संसाधनांचा वापर आणि वितरण स्पष्ट करणे'
[2026-08-02 20:16:44,088] [INFO] [Sample 3] Pred: 'जाळीदार साहित्य हे इतर तंतुमय वनस्पती सामग्रीपासून विणलेले आहे तंतुमय वनस्पतींपासून विणणे सोपे आहे. जाळीदार साहित्य म्हणजे तंतुमय वनस्पतीपासून विणलेल्या जाळीदार साहित्याचे साहित्य आहे. तंतुमय वनस्पतींचे मिश्रण आहे.' | Ref: 'जाळीदार साहित्य हे इतर तंतुमय वनस्पती सामग्रीपासून विणलेले आहे'
[2026-08-02 20:21:07,045] [INFO] Generation Length Check: Avg Pred Words = 6.6 | Avg Ref Words = 9.7
[2026-08-02 20:21:07,045] [INFO] [Sample 1] Pred: 'ग्रामपंचायतीत शिक्षण योजनेतील शाळा कुठे आहे, कुठे आहे?' | Ref: 'ग्रामपंचायतीत शिक्षण योजनेतील शाळा नाही आहे, कुठे आहे?'
[2026-08-02 20:21:07,045] [INFO] [Sample 2] Pred: 'आर्थिक अर्थ व्यवस्था संसाधनांचा वापर आणि वितरण स्पष्ट करते' | Ref: 'आर्थिक अर्थव्यवस्थेतील संसाधनांचा वापर आणि वितरण स्पष्ट करणे'
[2026-08-02 20:21:07,045] [INFO] [Sample 3] Pred: 'जाळीदार साहित्य हे इतर तंतुमय वनस्पती सामग्रीपासून विणलेले आहे.' | Ref: 'जाळीदार साहित्य हे इतर तंतुमय वनस्पती सामग्रीपासून विणलेले आहे'
[2026-08-02 20:25:23,293] [INFO] Generation Length Check: Avg Pred Words = 6.8 | Avg Ref Words = 9.7
[2026-08-02 20:25:23,293] [INFO] [Sample 1] Pred: 'ग्रामपंचायतीत शिक्षण योजनेतील शाळा नाही आहे, कुठे आहे?' | Ref: 'ग्रामपंचायतीत शिक्षण योजनेतील शाळा नाही आहे, कुठे आहे?'
[2026-08-02 20:25:23,293] [INFO] [Sample 2] Pred: 'आर्थिक अर्थ व्यवस्था संसाधनांचा वापर आणि वितरण स्पष्ट करते' | Ref: 'आर्थिक अर्थव्यवस्थेतील संसाधनांचा वापर आणि वितरण स्पष्ट करणे'
[2026-08-02 20:25:23,293] [INFO] [Sample 3] Pred: 'जाळीदार साहित्य हे इतर तंतुमय वनस्पती सामग्रीपासून विणलेले आहे' | Ref: 'जाळीदार साहित्य हे इतर तंतुमय वनस्पती सामग्रीपासून विणलेले आहे'
[2026-08-02 20:29:40,231] [INFO] Generation Length Check: Avg Pred Words = 6.7 | Avg Ref Words = 9.7
[2026-08-02 20:29:40,231] [INFO] [Sample 1] Pred: 'ग्रामपंचायतीत शिक्षण योजनेतील शाळा नाही आहे, कुठे आहे?' | Ref: 'ग्रामपंचायतीत शिक्षण योजनेतील शाळा नाही आहे, कुठे आहे?'
[2026-08-02 20:29:40,231] [INFO] [Sample 2] Pred: 'आर्थिक अर्थ व्यवस्था संसाधनांचा वापर आणि वितरण स्पष्ट करते' | Ref: 'आर्थिक अर्थव्यवस्थेतील संसाधनांचा वापर आणि वितरण स्पष्ट करणे'
[2026-08-02 20:29:40,231] [INFO] [Sample 3] Pred: 'जाळीदार साहित्य हे इतर तंतुमय वनस्पती सामग्रीपासून विणलेले आहे.' | Ref: 'जाळीदार साहित्य हे इतर तंतुमय वनस्पती सामग्रीपासून विणलेले आहे'
[2026-08-02 20:34:02,563] [INFO] Generation Length Check: Avg Pred Words = 6.9 | Avg Ref Words = 9.7
[2026-08-02 20:34:02,563] [INFO] [Sample 1] Pred: 'ग्रामपंचायतीत शिक्षण योजनेतील शाळा नाही आहे, कुठे आहे?' | Ref: 'ग्रामपंचायतीत शिक्षण योजनेतील शाळा नाही आहे, कुठे आहे?'
[2026-08-02 20:34:02,563] [INFO] [Sample 2] Pred: 'आर्थिक अर्थ व्यवस्था संसाधनांचा वापर आणि वितरण स्पष्ट करते' | Ref: 'आर्थिक अर्थव्यवस्थेतील संसाधनांचा वापर आणि वितरण स्पष्ट करणे'
[2026-08-02 20:34:02,563] [INFO] [Sample 3] Pred: 'जाळीदार साहित्य हे इतर तंतुमय वनस्पती सामग्रीपासून विणलेले आहे.' | Ref: 'जाळीदार साहित्य हे इतर तंतुमय वनस्पती सामग्रीपासून विणलेले आहे'
[2026-08-02 20:34:14,978] [INFO] Fold 2 Step-Averaged Training Loss: 2.5003
[2026-08-02 20:34:14,978] [INFO] Evaluating Fold 2 on CV Validation Split (1,894 samples)...
[2026-08-02 20:36:07,121] [INFO] Generation Length Check: Avg Pred Words = 6.9 | Avg Ref Words = 9.7
[2026-08-02 20:36:07,121] [INFO] [Sample 1] Pred: 'ग्रामपंचायतीत शिक्षण योजनेतील शाळा नाही आहे, कुठे आहे?' | Ref: 'ग्रामपंचायतीत शिक्षण योजनेतील शाळा नाही आहे, कुठे आहे?'
[2026-08-02 20:36:07,122] [INFO] [Sample 2] Pred: 'आर्थिक अर्थ व्यवस्था संसाधनांचा वापर आणि वितरण स्पष्ट करते' | Ref: 'आर्थिक अर्थव्यवस्थेतील संसाधनांचा वापर आणि वितरण स्पष्ट करणे'
[2026-08-02 20:36:07,122] [INFO] [Sample 3] Pred: 'जाळीदार साहित्य हे इतर तंतुमय वनस्पती सामग्रीपासून विणलेले आहे.' | Ref: 'जाळीदार साहित्य हे इतर तंतुमय वनस्पती सामग्रीपासून विणलेले आहे'
[2026-08-02 20:36:07,123] [INFO] Fold 2 Val Loss: 0.6571  Val BLEU: 48.17  Val chrF: 66.03
[2026-08-02 20:36:07,123] [INFO] Evaluating Fold 2 on Held-Out Test Set (1,672 samples)...
[2026-08-02 20:37:47,275] [INFO] Generation Length Check: Avg Pred Words = 6.6 | Avg Ref Words = 9.6
[2026-08-02 20:37:47,275] [INFO] [Sample 1] Pred: 'मुली दुधाचे पोती विकत घ्यावी नाही, कुठे म्हणजे काय?' | Ref: 'मुलीने दुधाचे पोती विकत घेतली ना, कुठे म्हणजे काय?'
[2026-08-02 20:37:47,275] [INFO] [Sample 2] Pred: 'मला खात्यात जास्तीत जास्त किती डिपॉझिट जमा करायचे आहेत, आणि कुठे ब्याज दर कमी होती?' | Ref: 'मला खात्यात जास्तीत जास्त किती डिपॉझिट जमा करायचे आहेत, आणि कुठे ब्याज दर कमी होती?'
[2026-08-02 20:37:47,276] [INFO] [Sample 3] Pred: 'बिनबोली दाखला देण्यासाठी ग्रामपंचायतीत कुठे जावा?' | Ref: 'बिनबोली दाखला देण्यासाठी ग्रामपंचायतीत कुठे जावा?'
[2026-08-02 20:37:47,277] [INFO] Fold 2 Test Loss: 0.6448  Test BLEU: 47.00  Test chrF: 64.47
[2026-08-02 20:37:50,169] [INFO] Fold 2 complete. GPU memory freed.
[2026-08-02 20:37:50,169] [INFO] 
======================================================================
[2026-08-02 20:37:50,169] [INFO] RUNNING CROSS-VALIDATION: FOLD 3/5
[2026-08-02 20:37:50,170] [INFO] ======================================================================
[2026-08-02 20:37:50,170] [INFO] Fold 3 Training Samples   : 7,579
[2026-08-02 20:37:50,170] [INFO] Fold 3 Validation Samples : 1,894
[2026-08-02 20:49:18,087] [INFO] Generation Length Check: Avg Pred Words = 28.6 | Avg Ref Words = 9.6
[2026-08-02 20:49:18,087] [INFO] [Sample 1] Pred: 'मिल्किंग मशीनच्या वापरामुळा अनेक अडचणी दूर होतात मिल्किंग मशीनचा वापर करून अनेक अडचणी दूर करता येतात मिल्किंग मशीनमुळे अनेक अडचणी दूर होतील. मिल्किंग मशीनद्वारे मिल्किंग मशीनचे वापरावे लागतील. मिल्किंग मशीनने अनेक अडचणी दूर व्हाव्यात. मिल्किंग मशीनमध्ये अनेक अडचणी दूर व्हतात.' | Ref: 'मिल्किंग मशीनच्या वापरामुळे अनेक अडचणी दूर होतात'
[2026-08-02 20:49:18,087] [INFO] [Sample 2] Pred: 'कर्जाची परत फेड करण्यासाठी तारीख वाढवून देऊ शकत नाही काय? कर्जाची परतफेडीची परत फेड करण्याची तारीख वाढवून देतो काय?' | Ref: 'कर्जाची परत फेडची तारीख वाढवून देऊ शकतो का?'
[2026-08-02 20:49:18,088] [INFO] [Sample 3] Pred: 'मातीची झीज थांबवण्यासाठी सरकार पण कित्येक प्रयत्न करत आहेत मातीत होणारी झीज थांबवूक सरकार कित्येक प्रयत्न करत आहे मातीचे झीज थांबवण्याचे प्रयत्न करत आहे. मातीयेची झीज रोखण्यासाठी सरकार प्रयत्न करत आहेत. मातीची झीजा थांबवण्याचे काम सरकार करत आहे? मातीतही कित्येक प्रयत्न करतात.' | Ref: 'सरकार पण मातीची झीज थांबवण्यासाठी अनेक प्रयत्न करत आहे.'
[2026-08-02 20:53:46,258] [INFO] Generation Length Check: Avg Pred Words = 7.0 | Avg Ref Words = 9.6
[2026-08-02 20:53:46,258] [INFO] [Sample 1] Pred: 'मिल्किंग मशीनच्या वापरामुळे अनेक अडचणी दूर होतात' | Ref: 'मिल्किंग मशीनच्या वापरामुळे अनेक अडचणी दूर होतात'
[2026-08-02 20:53:46,258] [INFO] [Sample 2] Pred: 'कर्जाची परत फेड करण्याची तारीख वाढवून देऊ शकत नाही का?' | Ref: 'कर्जाची परत फेडची तारीख वाढवून देऊ शकतो का?'
[2026-08-02 20:53:46,258] [INFO] [Sample 3] Pred: '' | Ref: 'सरकार पण मातीची झीज थांबवण्यासाठी अनेक प्रयत्न करत आहे.'
[2026-08-02 20:58:10,961] [INFO] Generation Length Check: Avg Pred Words = 6.5 | Avg Ref Words = 9.6
[2026-08-02 20:58:10,961] [INFO] [Sample 1] Pred: 'मिल्किंग मशीनच्या वापरामुळे अनेक अडचणी दूर होतात' | Ref: 'मिल्किंग मशीनच्या वापरामुळे अनेक अडचणी दूर होतात'
[2026-08-02 20:58:10,961] [INFO] [Sample 2] Pred: 'कर्जाची परत फेड करण्याची तारीख वाढवून देऊ शकत नाही का?' | Ref: 'कर्जाची परत फेडची तारीख वाढवून देऊ शकतो का?'
[2026-08-02 20:58:10,961] [INFO] [Sample 3] Pred: '' | Ref: 'सरकार पण मातीची झीज थांबवण्यासाठी अनेक प्रयत्न करत आहे.'
[2026-08-02 21:02:36,269] [INFO] Generation Length Check: Avg Pred Words = 6.6 | Avg Ref Words = 9.6
[2026-08-02 21:02:36,269] [INFO] [Sample 1] Pred: 'मिल्किंग मशीनच्या वापरामुळे अनेक अडचणी दूर होतात' | Ref: 'मिल्किंग मशीनच्या वापरामुळे अनेक अडचणी दूर होतात'
[2026-08-02 21:02:36,269] [INFO] [Sample 2] Pred: 'कर्जाची परत फेड करण्याची तारीख वाढवून देऊ शकत नाही का?' | Ref: 'कर्जाची परत फेडची तारीख वाढवून देऊ शकतो का?'
[2026-08-02 21:02:36,269] [INFO] [Sample 3] Pred: '' | Ref: 'सरकार पण मातीची झीज थांबवण्यासाठी अनेक प्रयत्न करत आहे.'
[2026-08-02 21:07:00,559] [INFO] Generation Length Check: Avg Pred Words = 6.6 | Avg Ref Words = 9.6
[2026-08-02 21:07:00,559] [INFO] [Sample 1] Pred: 'मिल्किंग मशीनच्या वापरामुळे अनेक अडचणी दूर होतात' | Ref: 'मिल्किंग मशीनच्या वापरामुळे अनेक अडचणी दूर होतात'
[2026-08-02 21:07:00,559] [INFO] [Sample 2] Pred: 'कर्जाची परत फेड करण्याची तारीख वाढवून देऊ शकत नाही का?' | Ref: 'कर्जाची परत फेडची तारीख वाढवून देऊ शकतो का?'
[2026-08-02 21:07:00,559] [INFO] [Sample 3] Pred: '' | Ref: 'सरकार पण मातीची झीज थांबवण्यासाठी अनेक प्रयत्न करत आहे.'
[2026-08-02 21:07:14,459] [INFO] Fold 3 Step-Averaged Training Loss: 2.5000
[2026-08-02 21:07:14,459] [INFO] Evaluating Fold 3 on CV Validation Split (1,894 samples)...
[2026-08-02 21:09:08,295] [INFO] Generation Length Check: Avg Pred Words = 6.6 | Avg Ref Words = 9.6
[2026-08-02 21:09:08,295] [INFO] [Sample 1] Pred: 'मिल्किंग मशीनच्या वापरामुळे अनेक अडचणी दूर होतात' | Ref: 'मिल्किंग मशीनच्या वापरामुळे अनेक अडचणी दूर होतात'
[2026-08-02 21:09:08,295] [INFO] [Sample 2] Pred: 'कर्जाची परत फेड करण्याची तारीख वाढवून देऊ शकत नाही का?' | Ref: 'कर्जाची परत फेडची तारीख वाढवून देऊ शकतो का?'
[2026-08-02 21:09:08,295] [INFO] [Sample 3] Pred: '' | Ref: 'सरकार पण मातीची झीज थांबवण्यासाठी अनेक प्रयत्न करत आहे.'
[2026-08-02 21:09:08,297] [INFO] Fold 3 Val Loss: 0.6645  Val BLEU: 46.36  Val chrF: 64.31
[2026-08-02 21:09:08,297] [INFO] Evaluating Fold 3 on Held-Out Test Set (1,672 samples)...
[2026-08-02 21:10:47,745] [INFO] Generation Length Check: Avg Pred Words = 6.6 | Avg Ref Words = 9.6
[2026-08-02 21:10:47,745] [INFO] [Sample 1] Pred: 'मुली दुधाचे पोती विकत घ्यावी नाही, कुठे म्हणजे काय?' | Ref: 'मुलीने दुधाचे पोती विकत घेतली ना, कुठे म्हणजे काय?'
[2026-08-02 21:10:47,745] [INFO] [Sample 2] Pred: 'मला खात्यात जास्तीत जास्त किती डिपॉझिट जमा करायचे आहेत, आणि कुठे ब्याज दर कमी होती?' | Ref: 'मला खात्यात जास्तीत जास्त किती डिपॉझिट जमा करायचे आहेत, आणि कुठे ब्याज दर कमी होती?'
[2026-08-02 21:10:47,745] [INFO] [Sample 3] Pred: 'बिनबोली दाखला देण्यासाठी ग्रामपंचायतीत कुठे जावा?' | Ref: 'बिनबोली दाखला देण्यासाठी ग्रामपंचायतीत कुठे जावा?'
[2026-08-02 21:10:47,747] [INFO] Fold 3 Test Loss: 0.6458  Test BLEU: 46.95  Test chrF: 64.48
[2026-08-02 21:10:50,686] [INFO] Fold 3 complete. GPU memory freed.
[2026-08-02 21:10:50,686] [INFO] 
======================================================================
[2026-08-02 21:10:50,687] [INFO] RUNNING CROSS-VALIDATION: FOLD 4/5
[2026-08-02 21:10:50,687] [INFO] ======================================================================
[2026-08-02 21:10:50,687] [INFO] Fold 4 Training Samples   : 7,579
[2026-08-02 21:10:50,687] [INFO] Fold 4 Validation Samples : 1,894
[2026-08-02 21:21:47,134] [INFO] Generation Length Check: Avg Pred Words = 25.9 | Avg Ref Words = 9.4
[2026-08-02 21:21:47,134] [INFO] [Sample 1] Pred: 'आपण हे शेतकळीत कांदा पिकात किती दिवसासाठी शेतात पाणी घालायला सुरवात केली आहे, कुठे त्या शेतात किती किंमती पडली? कुठे त्या शेतात कुठे त्या शेतात काय किंमती पडली आहे?' | Ref: 'आपण हे शेतकळीत कांदा पिकासाठी शेतात पाणी किती दिवस शेतात घालतात, कुठे त्या शेतात किती किंमती पडली?'
[2026-08-02 21:21:47,135] [INFO] [Sample 2] Pred: 'सिटी बसचा कुठे नंबर माहिती आहे ना? कुठे काय? तुला माहिती नाही? सिटी बसचा खय नंबर माहिती आहे का?' | Ref: 'सिटी बसचा कुठे नंबर माहिती नाही? कुठे काय?'
[2026-08-02 21:21:47,135] [INFO] [Sample 3] Pred: 'खताच्या अतिवापरामुळा पिकात रसायनांचे प्रमाण वाढत आहे खताचे प्रमाण वाढताच पिकांमध्ये रसायनांचे प्रमाण वाढते. रसायनांचे प्रमाण वाढल्यामुळे पिकात रसायनांचा वापर वाढताच रसायनांचे प्रमाण वाढलेले असते.चे प्रमाण वाढतात.' | Ref: 'खताच्या अतिवापरामुळे पिकात रसायनाचे प्रमाण वाढते'
[2026-08-02 21:26:07,643] [INFO] Generation Length Check: Avg Pred Words = 6.9 | Avg Ref Words = 9.4
[2026-08-02 21:26:07,643] [INFO] [Sample 1] Pred: 'आपण हे शेतकळीत कांदा पिकात किती दिवसासाठी शेतात पाणी घालायला सुरवात केली आहे, कुठे त्या शेतात किती किंमती पडली?' | Ref: 'आपण हे शेतकळीत कांदा पिकासाठी शेतात पाणी किती दिवस शेतात घालतात, कुठे त्या शेतात किती किंमती पडली?'
[2026-08-02 21:26:07,643] [INFO] [Sample 2] Pred: 'सिटी बसचा कुठे नंबर माहिती नाही? कुठे काय?' | Ref: 'सिटी बसचा कुठे नंबर माहिती नाही? कुठे काय?'
[2026-08-02 21:26:07,643] [INFO] [Sample 3] Pred: 'खताच्या अतिवापरामुळा पिकात रसायनांचे प्रमाण वाढत आहे.' | Ref: 'खताच्या अतिवापरामुळे पिकात रसायनाचे प्रमाण वाढते'
[2026-08-02 21:30:27,823] [INFO] Generation Length Check: Avg Pred Words = 6.4 | Avg Ref Words = 9.4
[2026-08-02 21:30:27,823] [INFO] [Sample 1] Pred: 'आपण हे शेतकळीत कांदा पिकात किती दिवसासाठी शेतात पाणी घालायला सुरवात केली आहे, कुठे त्या शेतात किती किंमती पडली?' | Ref: 'आपण हे शेतकळीत कांदा पिकासाठी शेतात पाणी किती दिवस शेतात घालतात, कुठे त्या शेतात किती किंमती पडली?'
[2026-08-02 21:30:27,823] [INFO] [Sample 2] Pred: 'सिटी बसचा कुठे नंबर माहिती नाही? कुठे काय?' | Ref: 'सिटी बसचा कुठे नंबर माहिती नाही? कुठे काय?'
[2026-08-02 21:30:27,823] [INFO] [Sample 3] Pred: 'खताच्या अतिवापरामुळा पिकात रसायनांचे प्रमाण वाढत आहे.' | Ref: 'खताच्या अतिवापरामुळे पिकात रसायनाचे प्रमाण वाढते'
[2026-08-02 21:34:52,880] [INFO] Generation Length Check: Avg Pred Words = 6.4 | Avg Ref Words = 9.4
[2026-08-02 21:34:52,881] [INFO] [Sample 1] Pred: 'आपण हे शेतकळीत कांदा पिकात किती दिवसासाठी शेतात पाणी घालायला सुरवात केली आहे, कुठे त्या शेतात किती किंमती पडली?' | Ref: 'आपण हे शेतकळीत कांदा पिकासाठी शेतात पाणी किती दिवस शेतात घालतात, कुठे त्या शेतात किती किंमती पडली?'
[2026-08-02 21:34:52,881] [INFO] [Sample 2] Pred: 'सिटी बसचा कुठे नंबर माहिती नाही? कुठे काय?' | Ref: 'सिटी बसचा कुठे नंबर माहिती नाही? कुठे काय?'
[2026-08-02 21:34:52,881] [INFO] [Sample 3] Pred: '' | Ref: 'खताच्या अतिवापरामुळे पिकात रसायनाचे प्रमाण वाढते'
[2026-08-02 21:39:16,049] [INFO] Generation Length Check: Avg Pred Words = 6.5 | Avg Ref Words = 9.4
[2026-08-02 21:39:16,049] [INFO] [Sample 1] Pred: 'आपण हे शेतकळीत कांदा पिकात किती दिवसासाठी शेतात पाणी घालायला सुरवात केली आहे, कुठे त्या शेतात किती किंमती पडली?' | Ref: 'आपण हे शेतकळीत कांदा पिकासाठी शेतात पाणी किती दिवस शेतात घालतात, कुठे त्या शेतात किती किंमती पडली?'
[2026-08-02 21:39:16,049] [INFO] [Sample 2] Pred: 'सिटी बसचा कुठे नंबर माहिती नाही? कुठे काय?' | Ref: 'सिटी बसचा कुठे नंबर माहिती नाही? कुठे काय?'
[2026-08-02 21:39:16,050] [INFO] [Sample 3] Pred: 'खताच्या अतिवापरामुळा पिकात रसायनांचे प्रमाण वाढत आहे.' | Ref: 'खताच्या अतिवापरामुळे पिकात रसायनाचे प्रमाण वाढते'
[2026-08-02 21:39:29,923] [INFO] Fold 4 Step-Averaged Training Loss: 2.4884
[2026-08-02 21:39:29,924] [INFO] Evaluating Fold 4 on CV Validation Split (1,894 samples)...
[2026-08-02 21:41:21,946] [INFO] Generation Length Check: Avg Pred Words = 6.5 | Avg Ref Words = 9.4
[2026-08-02 21:41:21,946] [INFO] [Sample 1] Pred: 'आपण हे शेतकळीत कांदा पिकात किती दिवसासाठी शेतात पाणी घालायला सुरवात केली आहे, कुठे त्या शेतात किती किंमती पडली?' | Ref: 'आपण हे शेतकळीत कांदा पिकासाठी शेतात पाणी किती दिवस शेतात घालतात, कुठे त्या शेतात किती किंमती पडली?'
[2026-08-02 21:41:21,946] [INFO] [Sample 2] Pred: 'सिटी बसचा कुठे नंबर माहिती नाही? कुठे काय?' | Ref: 'सिटी बसचा कुठे नंबर माहिती नाही? कुठे काय?'
[2026-08-02 21:41:21,946] [INFO] [Sample 3] Pred: 'खताच्या अतिवापरामुळा पिकात रसायनांचे प्रमाण वाढत आहे.' | Ref: 'खताच्या अतिवापरामुळे पिकात रसायनाचे प्रमाण वाढते'
[2026-08-02 21:41:21,948] [INFO] Fold 4 Val Loss: 0.6806  Val BLEU: 46.86  Val chrF: 64.94
[2026-08-02 21:41:21,948] [INFO] Evaluating Fold 4 on Held-Out Test Set (1,672 samples)...
[2026-08-02 21:43:02,181] [INFO] Generation Length Check: Avg Pred Words = 6.6 | Avg Ref Words = 9.6
[2026-08-02 21:43:02,181] [INFO] [Sample 1] Pred: 'मुली दुधाचे पोती विकत घ्यावी नाही, कुठे म्हणजे काय?' | Ref: 'मुलीने दुधाचे पोती विकत घेतली ना, कुठे म्हणजे काय?'
[2026-08-02 21:43:02,181] [INFO] [Sample 2] Pred: 'मला खात्यात जास्तीत जास्त किती डिपॉझिट जमा करायचे आहेत, आणि कुठे ब्याज दर कमी होती?' | Ref: 'मला खात्यात जास्तीत जास्त किती डिपॉझिट जमा करायचे आहेत, आणि कुठे ब्याज दर कमी होती?'
[2026-08-02 21:43:02,181] [INFO] [Sample 3] Pred: 'बिनबोली दाखला देण्यासाठी ग्रामपंचायतीत कुठे जावा?' | Ref: 'बिनबोली दाखला देण्यासाठी ग्रामपंचायतीत कुठे जावा?'
[2026-08-02 21:43:02,183] [INFO] Fold 4 Test Loss: 0.6464  Test BLEU: 47.83  Test chrF: 65.21
[2026-08-02 21:43:05,103] [INFO] Fold 4 complete. GPU memory freed.
[2026-08-02 21:43:05,103] [INFO] 
======================================================================
[2026-08-02 21:43:05,103] [INFO] RUNNING CROSS-VALIDATION: FOLD 5/5
[2026-08-02 21:43:05,103] [INFO] ======================================================================
[2026-08-02 21:43:05,103] [INFO] Fold 5 Training Samples   : 7,576
[2026-08-02 21:43:05,103] [INFO] Fold 5 Validation Samples : 1,897
[2026-08-02 21:54:51,837] [INFO] Generation Length Check: Avg Pred Words = 26.4 | Avg Ref Words = 9.5
[2026-08-02 21:54:51,837] [INFO] [Sample 1] Pred: 'तुला खताचा बाजारपेठ कुठे आहे?' | Ref: 'तुला खताचा बाजारपेठ कुठे आहे?'
[2026-08-02 21:54:51,837] [INFO] [Sample 2] Pred: 'पैसे पाठण्यासाठी माझा खाता तुमच्या बँकेत आहे का? मला तुमच्या बँकेत येते तुमच्या बँकेत कुठे कुठे कुठे कुठे मिळते का?ही तुमच्या बँकेत येत नाही का?चे पैसे पाठवतो का?' | Ref: 'पैसे पाठवून माझा खाता तुमच्या बँकेत कसा आहे?'
[2026-08-02 21:54:51,838] [INFO] [Sample 3] Pred: 'मोतीची शेती केल्यार आत्मनिर्भर सेनेकडसून मदत केली जाते. आर्थिक मदत करणाऱ्यांना आत्मनिर्भरतेच्या माध्यमातून मदत केली जाते? आर्थिक मदत केली जातेय आत्मनिर्भरातून मदत केली जाते का? मदत केली जात आहे.' | Ref: 'मोतीची शेती केल्यामुळे आत्मनिर्भर होऊन मदत केली जाते'
[2026-08-02 21:59:11,204] [INFO] Generation Length Check: Avg Pred Words = 7.7 | Avg Ref Words = 9.5
[2026-08-02 21:59:11,204] [INFO] [Sample 1] Pred: 'तुला खताचा बाजारपेठ कुठे आहे?' | Ref: 'तुला खताचा बाजारपेठ कुठे आहे?'
[2026-08-02 21:59:11,204] [INFO] [Sample 2] Pred: '' | Ref: 'पैसे पाठवून माझा खाता तुमच्या बँकेत कसा आहे?'
[2026-08-02 21:59:11,204] [INFO] [Sample 3] Pred: '' | Ref: 'मोतीची शेती केल्यामुळे आत्मनिर्भर होऊन मदत केली जाते'
[2026-08-02 22:03:37,079] [INFO] Generation Length Check: Avg Pred Words = 6.7 | Avg Ref Words = 9.5
[2026-08-02 22:03:37,079] [INFO] [Sample 1] Pred: 'तुला खताचा बाजारपेठ कुठे आहे?' | Ref: 'तुला खताचा बाजारपेठ कुठे आहे?'
[2026-08-02 22:03:37,079] [INFO] [Sample 2] Pred: '' | Ref: 'पैसे पाठवून माझा खाता तुमच्या बँकेत कसा आहे?'
[2026-08-02 22:03:37,079] [INFO] [Sample 3] Pred: '' | Ref: 'मोतीची शेती केल्यामुळे आत्मनिर्भर होऊन मदत केली जाते'
[2026-08-02 22:08:00,405] [INFO] Generation Length Check: Avg Pred Words = 6.8 | Avg Ref Words = 9.5
[2026-08-02 22:08:00,405] [INFO] [Sample 1] Pred: 'तुला खताचा बाजारपेठ कुठे आहे?' | Ref: 'तुला खताचा बाजारपेठ कुठे आहे?'
[2026-08-02 22:08:00,406] [INFO] [Sample 2] Pred: '' | Ref: 'पैसे पाठवून माझा खाता तुमच्या बँकेत कसा आहे?'
[2026-08-02 22:08:00,406] [INFO] [Sample 3] Pred: '' | Ref: 'मोतीची शेती केल्यामुळे आत्मनिर्भर होऊन मदत केली जाते'
[2026-08-02 22:12:22,029] [INFO] Generation Length Check: Avg Pred Words = 7.0 | Avg Ref Words = 9.5
[2026-08-02 22:12:22,029] [INFO] [Sample 1] Pred: 'तुला खताचा बाजारपेठ कुठे आहे?' | Ref: 'तुला खताचा बाजारपेठ कुठे आहे?'
[2026-08-02 22:12:22,029] [INFO] [Sample 2] Pred: '' | Ref: 'पैसे पाठवून माझा खाता तुमच्या बँकेत कसा आहे?'
[2026-08-02 22:12:22,029] [INFO] [Sample 3] Pred: '' | Ref: 'मोतीची शेती केल्यामुळे आत्मनिर्भर होऊन मदत केली जाते'
[2026-08-02 22:12:38,319] [INFO] Fold 5 Step-Averaged Training Loss: 2.5075
[2026-08-02 22:12:38,319] [INFO] Evaluating Fold 5 on CV Validation Split (1,897 samples)...
[2026-08-02 22:14:41,272] [INFO] Generation Length Check: Avg Pred Words = 7.0 | Avg Ref Words = 9.5
[2026-08-02 22:14:41,272] [INFO] [Sample 1] Pred: 'तुला खताचा बाजारपेठ कुठे आहे?' | Ref: 'तुला खताचा बाजारपेठ कुठे आहे?'
[2026-08-02 22:14:41,272] [INFO] [Sample 2] Pred: '' | Ref: 'पैसे पाठवून माझा खाता तुमच्या बँकेत कसा आहे?'
[2026-08-02 22:14:41,273] [INFO] [Sample 3] Pred: '' | Ref: 'मोतीची शेती केल्यामुळे आत्मनिर्भर होऊन मदत केली जाते'
[2026-08-02 22:14:41,274] [INFO] Fold 5 Val Loss: 0.6593  Val BLEU: 49.69  Val chrF: 67.19
[2026-08-02 22:14:41,274] [INFO] Evaluating Fold 5 on Held-Out Test Set (1,672 samples)...
[2026-08-02 22:16:28,719] [INFO] Generation Length Check: Avg Pred Words = 6.6 | Avg Ref Words = 9.6
[2026-08-02 22:16:28,719] [INFO] [Sample 1] Pred: 'मुली दुधाचे पोती विकत घ्यावी नाही, कुठे म्हणजे काय?' | Ref: 'मुलीने दुधाचे पोती विकत घेतली ना, कुठे म्हणजे काय?'
[2026-08-02 22:16:28,719] [INFO] [Sample 2] Pred: 'मला खात्यात जास्तीत जास्त किती डिपॉझिट जमा करायचे आहेत, आणि कुठे ब्याज दर कमी होती?' | Ref: 'मला खात्यात जास्तीत जास्त किती डिपॉझिट जमा करायचे आहेत, आणि कुठे ब्याज दर कमी होती?'
[2026-08-02 22:16:28,719] [INFO] [Sample 3] Pred: 'बिनबोली दाखला देण्यासाठी ग्रामपंचायतीत कुठे जावा?' | Ref: 'बिनबोली दाखला देण्यासाठी ग्रामपंचायतीत कुठे जावा?'
[2026-08-02 22:16:28,721] [INFO] Fold 5 Test Loss: 0.6455  Test BLEU: 47.62  Test chrF: 64.97
[2026-08-02 22:16:31,937] [INFO] Fold 5 complete. GPU memory freed.
[2026-08-02 22:16:31,947] [INFO] 
======================================================================
[2026-08-02 22:16:31,947] [INFO] 3-FOLD CROSS VALIDATION & TEST EVALUATION COMPLETED!
[2026-08-02 22:16:31,947] [INFO] ======================================================================
[2026-08-02 22:16:31,947] [INFO] Avg Val  Loss: 0.6644  |  BLEU: 47.85  |  chrF: 65.64
[2026-08-02 22:16:31,947] [INFO] Avg Test Loss: 0.6456  |  BLEU: 47.25  |  chrF: 64.69
[2026-08-02 22:16:31,948] [INFO] CV Summary saved to: D:\dialect-norm\models\indicbart_d1_32k\cv_summary.json
[2026-08-02 22:16:31,948] [INFO] CV Summary saved to: D:\dialect-norm\models\indicbart_d1_32k\cv_summary.yaml
[2026-08-02 22:16:31,948] [INFO] ======================================================================
[2026-08-02 22:16:32,060] [INFO] SUCCESS: Completed variant D1 (Malvani 32k - 11,145 pairs)
[2026-08-02 22:16:32,060] [INFO] 
################################################################################
[2026-08-02 22:16:32,060] [INFO] VARIANT 2/4: Running training for D2 (Ahirani 32k - 11,035 pairs)
[2026-08-02 22:16:32,060] [INFO] ################################################################################

