[2026-08-03 03:27:12,060] [INFO] Training log file: D:\dialect-norm\logs\train_indicbart_combined_32k.log
[2026-08-03 03:27:12,060] [INFO] ======================================================================
[2026-08-03 03:27:12,060] [INFO] INDICBART FINE-TUNING (OPTION B: 85/15 STRATIFIED SPLIT + 5-FOLD CV)
[2026-08-03 03:27:12,060] [INFO] ======================================================================
[2026-08-03 03:27:12,061] [INFO] Target Model            : ai4bharat/IndicBART
[2026-08-03 03:27:12,061] [INFO] Output Directory        : D:\dialect-norm\models\indicbart_combined_32k
[2026-08-03 03:27:12,061] [INFO] Epochs per Fold         : 5
[2026-08-03 03:27:12,061] [INFO] Batch Size              : 16
[2026-08-03 03:27:12,065] [INFO] Gradient Accum Steps    : 2
[2026-08-03 03:27:12,065] [INFO] Effective Batch Size    : 32
[2026-08-03 03:27:12,065] [INFO] Learning Rate           : 5e-05
[2026-08-03 03:27:12,066] [INFO] Weight Decay            : 0.01
[2026-08-03 03:27:12,066] [INFO] Warmup Ratio            : 0.1
[2026-08-03 03:27:12,066] [INFO] Early Stopping Patience : 2
[2026-08-03 03:27:12,066] [INFO] Max Input / Target Len  : 128 / 128
[2026-08-03 03:27:12,066] [INFO] Random Seed             : 42
[2026-08-03 03:27:12,066] [INFO] ======================================================================
[2026-08-03 03:27:12,649] [INFO] Loaded 32,335 parallel samples from 4 CSV file(s).
[2026-08-03 03:27:12,688] [INFO] Total Dataset Size      : 32,335 pairs
[2026-08-03 03:27:12,688] [INFO] 85% Training Pool       : 27,483 pairs
[2026-08-03 03:27:12,688] [INFO] 15% Held-Out Test       : 4,852 pairs
[2026-08-03 03:27:12,703] [INFO]   Train Pool distribution: {'D1': 9473, 'D2': 9379, 'D4': 8631}
[2026-08-03 03:27:12,706] [INFO]   Test Set distribution: {'D2': 1656, 'D4': 1524, 'D1': 1672}
[2026-08-03 03:27:12,706] [INFO] Downloading and caching base model 'ai4bharat/IndicBART' to D:\dialect-norm\models\indicbart_combined_32k\base_model...
[2026-08-03 03:27:12,991] [INFO] HTTP Request: HEAD https://huggingface.co/ai4bharat/IndicBART/resolve/main/config.json "HTTP/1.1 307 Temporary Redirect"
[2026-08-03 03:27:13,010] [INFO] HTTP Request: HEAD https://huggingface.co/api/resolve-cache/models/ai4bharat/IndicBART/78466a0c0e29f9229f7005623ecd6bc4243c0ae0/config.json "HTTP/1.1 200 OK"
[2026-08-03 03:27:13,239] [INFO] HTTP Request: HEAD https://huggingface.co/ai4bharat/IndicBART/resolve/main/tokenizer_config.json "HTTP/1.1 307 Temporary Redirect"
[2026-08-03 03:27:13,258] [INFO] HTTP Request: HEAD https://huggingface.co/api/resolve-cache/models/ai4bharat/IndicBART/78466a0c0e29f9229f7005623ecd6bc4243c0ae0/tokenizer_config.json "HTTP/1.1 200 OK"
[2026-08-03 03:27:13,480] [INFO] HTTP Request: HEAD https://huggingface.co/ai4bharat/IndicBART/resolve/main/tokenizer_config.json "HTTP/1.1 307 Temporary Redirect"
[2026-08-03 03:27:13,497] [INFO] HTTP Request: HEAD https://huggingface.co/api/resolve-cache/models/ai4bharat/IndicBART/78466a0c0e29f9229f7005623ecd6bc4243c0ae0/tokenizer_config.json "HTTP/1.1 200 OK"
[2026-08-03 03:27:13,728] [INFO] HTTP Request: GET https://huggingface.co/api/models/ai4bharat/IndicBART/tree/main/additional_chat_templates?recursive=false&expand=false "HTTP/1.1 404 Not Found"
[2026-08-03 03:27:13,948] [INFO] HTTP Request: GET https://huggingface.co/api/models/ai4bharat/IndicBART/tree/main?recursive=true&expand=false "HTTP/1.1 200 OK"
[2026-08-03 03:27:14,413] [INFO] HTTP Request: HEAD https://huggingface.co/ai4bharat/IndicBART/resolve/main/config.json "HTTP/1.1 307 Temporary Redirect"
[2026-08-03 03:27:14,431] [INFO] HTTP Request: HEAD https://huggingface.co/api/resolve-cache/models/ai4bharat/IndicBART/78466a0c0e29f9229f7005623ecd6bc4243c0ae0/config.json "HTTP/1.1 200 OK"
[2026-08-03 03:27:14,665] [INFO] HTTP Request: HEAD https://huggingface.co/ai4bharat/IndicBART/resolve/main/model.safetensors "HTTP/1.1 404 Not Found"
[2026-08-03 03:27:14,885] [INFO] HTTP Request: GET https://huggingface.co/api/models/ai4bharat/IndicBART "HTTP/1.1 200 OK"
[2026-08-03 03:27:15,124] [INFO] HTTP Request: GET https://huggingface.co/api/models/ai4bharat/IndicBART/commits/main "HTTP/1.1 200 OK"
[2026-08-03 03:27:15,351] [INFO] HTTP Request: GET https://huggingface.co/api/models/ai4bharat/IndicBART/discussions?p=0 "HTTP/1.1 200 OK"
[2026-08-03 03:27:15,588] [INFO] HTTP Request: GET https://huggingface.co/api/models/ai4bharat/IndicBART/commits/refs%2Fpr%2F2 "HTTP/1.1 200 OK"
[2026-08-03 03:27:15,812] [INFO] HTTP Request: HEAD https://huggingface.co/ai4bharat/IndicBART/resolve/refs%2Fpr%2F2/model.safetensors.index.json "HTTP/1.1 404 Not Found"
[2026-08-03 03:27:15,939] [INFO] HTTP Request: HEAD https://huggingface.co/ai4bharat/IndicBART/resolve/main/generation_config.json "HTTP/1.1 404 Not Found"
[2026-08-03 03:27:16,034] [INFO] HTTP Request: HEAD https://huggingface.co/ai4bharat/IndicBART/resolve/refs%2Fpr%2F2/model.safetensors "HTTP/1.1 302 Found"
[2026-08-03 03:27:16,161] [INFO] HTTP Request: HEAD https://huggingface.co/ai4bharat/IndicBART/resolve/main/config.json "HTTP/1.1 307 Temporary Redirect"
[2026-08-03 03:27:16,178] [INFO] HTTP Request: HEAD https://huggingface.co/api/resolve-cache/models/ai4bharat/IndicBART/78466a0c0e29f9229f7005623ecd6bc4243c0ae0/config.json "HTTP/1.1 200 OK"
[2026-08-03 03:27:23,793] [INFO] 
======================================================================
[2026-08-03 03:27:23,793] [INFO] RUNNING CROSS-VALIDATION: FOLD 1/5
[2026-08-03 03:27:23,793] [INFO] ======================================================================
[2026-08-03 03:27:23,794] [INFO] Fold 1 Training Samples   : 21,987
[2026-08-03 03:27:23,794] [INFO] Fold 1 Validation Samples : 5,496
[2026-08-03 03:39:32,712] [INFO] Generation Length Check: Avg Pred Words = 6.8 | Avg Ref Words = 9.3
[2026-08-03 03:39:32,712] [INFO] [Sample 1] Pred: 'जमा खाता प्रमाणपत्र मिळविण्यासाठी तुम्हाला आपल्या घर कर्जाच्या व्याजाच्या प्रमाणपत्राची आवशक्यता असते' | Ref: 'जमा खाता प्रमाणपत्र मिळविण्यासाठी तुमच्या घराच्या कर्जाच्या व्याजाचे प्रमाणपत्राची आवश्यकता असते.'
[2026-08-03 03:39:32,713] [INFO] [Sample 2] Pred: 'अर्थशास्त्र आर्थिक एजंट्सच्या वर्तनावर आणि परस्परसंवादावर लक्ष केंद्रित करते' | Ref: 'अर्थशास्त्र आर्थिक एजंट्सच्या वर्तनावर आणि परस्परसंवादावर लक्ष केंद्रित करते.'
[2026-08-03 03:39:32,713] [INFO] [Sample 3] Pred: 'ग्रामपंचायतमध्ये बँक खाते खास केले आहे, तुला काय कागदपत्रे लागतील?' | Ref: 'ग्रामपंचायतीत बँक खाते खोललेले आहेत, तुला काय कागदपत्र लागतील?'
[2026-08-03 03:51:41,606] [INFO] Generation Length Check: Avg Pred Words = 7.1 | Avg Ref Words = 9.3
[2026-08-03 03:51:41,606] [INFO] [Sample 1] Pred: 'जमा खाता प्रमाणपत्र मिळविण्यासाठी तुम्हाला आपल्या घर कर्जाच्या व्याजाच्या प्रमाणपत्राची आवशक्यता असते' | Ref: 'जमा खाता प्रमाणपत्र मिळविण्यासाठी तुमच्या घराच्या कर्जाच्या व्याजाचे प्रमाणपत्राची आवश्यकता असते.'
[2026-08-03 03:51:41,606] [INFO] [Sample 2] Pred: 'अर्थशास्त्र आर्थिक एजंट्सच्या वर्तनावर आणि परस्परसंवादावर लक्ष केंद्रित करते' | Ref: 'अर्थशास्त्र आर्थिक एजंट्सच्या वर्तनावर आणि परस्परसंवादावर लक्ष केंद्रित करते.'
[2026-08-03 03:51:41,606] [INFO] [Sample 3] Pred: 'ग्रामपंचायतीत बँक खाते खास केले आहे, तुला काय कागदपत्रे लागतील?' | Ref: 'ग्रामपंचायतीत बँक खाते खोललेले आहेत, तुला काय कागदपत्र लागतील?'
[2026-08-03 04:03:46,135] [INFO] Generation Length Check: Avg Pred Words = 8.1 | Avg Ref Words = 9.3
[2026-08-03 04:03:46,135] [INFO] [Sample 1] Pred: 'जमा खाता प्रमाणपत्र मिळविण्यासाठी तुम्हाला आपल्या घर कर्जाच्या व्याजाच्या प्रमाणपत्राची आवशक्यता असते' | Ref: 'जमा खाता प्रमाणपत्र मिळविण्यासाठी तुमच्या घराच्या कर्जाच्या व्याजाचे प्रमाणपत्राची आवश्यकता असते.'
[2026-08-03 04:03:46,135] [INFO] [Sample 2] Pred: 'अर्थशास्त्र आर्थिक एजंट्सच्या वर्तनावर आणि परस्परसंवादावर लक्ष केंद्रित करते' | Ref: 'अर्थशास्त्र आर्थिक एजंट्सच्या वर्तनावर आणि परस्परसंवादावर लक्ष केंद्रित करते.'
[2026-08-03 04:03:46,135] [INFO] [Sample 3] Pred: 'ग्रामपंचायतमध्ये बँक खाते खास केले आहे, तुला काय कागदपत्रे लागतील?' | Ref: 'ग्रामपंचायतीत बँक खाते खोललेले आहेत, तुला काय कागदपत्र लागतील?'
[2026-08-03 04:15:45,703] [INFO] Generation Length Check: Avg Pred Words = 8.0 | Avg Ref Words = 9.3
[2026-08-03 04:15:45,703] [INFO] [Sample 1] Pred: 'जमा खाता प्रमाणपत्र मिळविण्यासाठी तुम्हाला आपल्या घर कर्जाच्या व्याजाच्या प्रमाणपत्राची आवशक्यता असते' | Ref: 'जमा खाता प्रमाणपत्र मिळविण्यासाठी तुमच्या घराच्या कर्जाच्या व्याजाचे प्रमाणपत्राची आवश्यकता असते.'
[2026-08-03 04:15:45,703] [INFO] [Sample 2] Pred: 'अर्थशास्त्र आर्थिक एजंट्सच्या वर्तनावर आणि परस्परसंवादावर लक्ष केंद्रित करते' | Ref: 'अर्थशास्त्र आर्थिक एजंट्सच्या वर्तनावर आणि परस्परसंवादावर लक्ष केंद्रित करते.'
[2026-08-03 04:15:45,703] [INFO] [Sample 3] Pred: 'ग्रामपंचायतमध्ये बँक खाते खास केले आहे, तुला काय कागदपत्रे लागतील?' | Ref: 'ग्रामपंचायतीत बँक खाते खोललेले आहेत, तुला काय कागदपत्र लागतील?'
[2026-08-03 04:27:51,407] [INFO] Generation Length Check: Avg Pred Words = 7.9 | Avg Ref Words = 9.3
[2026-08-03 04:27:51,407] [INFO] [Sample 1] Pred: 'जमा खाता प्रमाणपत्र मिळविण्यासाठी तुम्हाला आपल्या घर कर्जाच्या व्याजाच्या प्रमाणपत्राची आवशक्यता असते' | Ref: 'जमा खाता प्रमाणपत्र मिळविण्यासाठी तुमच्या घराच्या कर्जाच्या व्याजाचे प्रमाणपत्राची आवश्यकता असते.'
[2026-08-03 04:27:51,407] [INFO] [Sample 2] Pred: 'अर्थशास्त्र आर्थिक एजंट्सच्या वर्तनावर आणि परस्परसंवादावर लक्ष केंद्रित करते' | Ref: 'अर्थशास्त्र आर्थिक एजंट्सच्या वर्तनावर आणि परस्परसंवादावर लक्ष केंद्रित करते.'
[2026-08-03 04:27:51,407] [INFO] [Sample 3] Pred: 'ग्रामपंचायतमध्ये बँक खाते खास केले आहे, तुला काय कागदपत्रे लागतील?' | Ref: 'ग्रामपंचायतीत बँक खाते खोललेले आहेत, तुला काय कागदपत्र लागतील?'
[2026-08-03 04:28:04,250] [INFO] Fold 1 Step-Averaged Training Loss: 1.8144
[2026-08-03 04:28:04,250] [INFO] Evaluating Fold 1 on CV Validation Split (5,496 samples)...
[2026-08-03 04:33:16,338] [INFO] Generation Length Check: Avg Pred Words = 7.9 | Avg Ref Words = 9.3
[2026-08-03 04:33:16,338] [INFO] [Sample 1] Pred: 'जमा खाता प्रमाणपत्र मिळविण्यासाठी तुम्हाला आपल्या घर कर्जाच्या व्याजाच्या प्रमाणपत्राची आवशक्यता असते' | Ref: 'जमा खाता प्रमाणपत्र मिळविण्यासाठी तुमच्या घराच्या कर्जाच्या व्याजाचे प्रमाणपत्राची आवश्यकता असते.'
[2026-08-03 04:33:16,338] [INFO] [Sample 2] Pred: 'अर्थशास्त्र आर्थिक एजंट्सच्या वर्तनावर आणि परस्परसंवादावर लक्ष केंद्रित करते' | Ref: 'अर्थशास्त्र आर्थिक एजंट्सच्या वर्तनावर आणि परस्परसंवादावर लक्ष केंद्रित करते.'
[2026-08-03 04:33:16,338] [INFO] [Sample 3] Pred: 'ग्रामपंचायतमध्ये बँक खाते खास केले आहे, तुला काय कागदपत्रे लागतील?' | Ref: 'ग्रामपंचायतीत बँक खाते खोललेले आहेत, तुला काय कागदपत्र लागतील?'
[2026-08-03 04:33:16,342] [INFO] Fold 1 Val Loss: 0.5384  Val BLEU: 58.28  Val chrF: 76.35
[2026-08-03 04:33:16,342] [INFO] Evaluating Fold 1 on Held-Out Test Set (4,852 samples)...
[2026-08-03 04:37:44,921] [INFO] Generation Length Check: Avg Pred Words = 7.9 | Avg Ref Words = 9.3
[2026-08-03 04:37:44,921] [INFO] [Sample 1] Pred: 'मुलाला खूप दिवसापासून प्रवेश द्यायला कोणत्या बँकेची शाखेने अर्ज सुरू आहे?' | Ref: 'मुलांना खूप दिवसापासून प्रवेश द्यायला कोणत्या बँकेची शाखेने अर्ज सुरू होतील?'
[2026-08-03 04:37:44,921] [INFO] [Sample 2] Pred: 'दुसरा व्यक्ती त्याच्या बँक खात्यात कशा करायचे?' | Ref: 'दुसरा व्यक्ती त्याच्या बँक खातात कशी करायची?'
[2026-08-03 04:37:44,921] [INFO] [Sample 3] Pred: 'माझ्या शेतात बायोकम्पोस्टाचा वापर केला तर काय फायदा होतो आहे, काय प्रकारचे कचऱ्याचे पुनर्वापर करू शकतो आहे?' | Ref: 'माझ्या शेतात बायोकम्पोस्टाचा वापर केला तर काय फायदा होतो आहे, काय प्रकारचे कचऱ्याचे पुनर्वापर करू शकतो?'
[2026-08-03 04:37:44,925] [INFO] Fold 1 Test Loss: 0.5181  Test BLEU: 58.68  Test chrF: 77.02
[2026-08-03 04:37:44,928] [INFO] Running per-dialect test evaluation breakdown...
[2026-08-03 04:39:21,624] [INFO] Generation Length Check: Avg Pred Words = 7.8 | Avg Ref Words = 9.6
[2026-08-03 04:39:21,624] [INFO] [Sample 1] Pred: '' | Ref: 'यू.पी.आय सेवा वापरासाठी गरजेचे गोष्टी काय?'
[2026-08-03 04:39:21,624] [INFO] [Sample 2] Pred: 'नाही शेतात निरोगी आहे, तुला मावसात किती पाऊस पडला?' | Ref: 'नाही शेतात निरोगी आहे, तुला मावसात किती पाऊस पडली?'
[2026-08-03 04:39:21,624] [INFO] [Sample 3] Pred: 'आयकर सरकारच्या कायद्यानुसार व्यवसाय आणि व्यक्ती कर किंवा कर परतावा देण्यास पात्र आहेत' | Ref: 'आयकर सरकारच्या कायद्यानुसार व्यवसाय आणि व्यक्ती कर किंवा कर परतावा देण्यास पात्र आहेत'
[2026-08-03 04:39:21,626] [INFO]   [D1] Test Samples: 1,672 | Loss: 0.5440 | BLEU: 52.15 | chrF: 72.82
[2026-08-03 04:40:59,914] [INFO] Generation Length Check: Avg Pred Words = 7.3 | Avg Ref Words = 8.6
[2026-08-03 04:40:59,915] [INFO] [Sample 1] Pred: 'मुलाला खूप दिवसापासून प्रवेश द्यायला कोणत्या बँकेची शाखेने अर्ज सुरू आहे?' | Ref: 'मुलांना खूप दिवसापासून प्रवेश द्यायला कोणत्या बँकेची शाखेने अर्ज सुरू होतील?'
[2026-08-03 04:40:59,915] [INFO] [Sample 2] Pred: 'दुसरा व्यक्ती त्याच्या बँक खात्यात कशा करायचे?' | Ref: 'दुसरा व्यक्ती त्याच्या बँक खातात कशी करायची?'
[2026-08-03 04:40:59,915] [INFO] [Sample 3] Pred: 'भारतामध्ये किरकोळ विक्रीसाठी ठिकठिकाणी छोटी दुकाने बघायला मिळतात' | Ref: 'भारतामध्ये किरकोळ विक्रीसाठी ठिकठिकाणी छोटी दुकाने बघायला मिळतात.'
[2026-08-03 04:40:59,917] [INFO]   [D2] Test Samples: 1,656 | Loss: 0.6598 | BLEU: 54.35 | chrF: 74.32
[2026-08-03 04:42:35,185] [INFO] Generation Length Check: Avg Pred Words = 8.6 | Avg Ref Words = 9.7
[2026-08-03 04:42:35,185] [INFO] [Sample 1] Pred: 'माझ्या शेतात बायोकम्पोस्टाचा वापर केला तर काय फायदा होतो आहे, काय प्रकारचे कचऱ्याचे पुनर्वापर करू शकतो आहे?' | Ref: 'माझ्या शेतात बायोकम्पोस्टाचा वापर केला तर काय फायदा होतो आहे, काय प्रकारचे कचऱ्याचे पुनर्वापर करू शकतो?'
[2026-08-03 04:42:35,185] [INFO] [Sample 2] Pred: 'जागतिक भांडवली बाजारात वित्तीय डेरिव्हेटिव्ह सर्वव्यापी आहेत' | Ref: 'जागतिक भांडवली बाजारात वित्तीय डेरिव्हेटिव्ह सर्वव्यापी आहेत'
[2026-08-03 04:42:35,185] [INFO] [Sample 3] Pred: 'बाजारातील तरलतेमुळे मालमत्ता विकणे सोपे होते' | Ref: 'बाजारातील तरलतेमुळे मालमत्ता विकणे सोपे होते'
[2026-08-03 04:42:35,187] [INFO]   [D4] Test Samples: 1,524 | Loss: 0.3473 | BLEU: 69.96 | chrF: 84.06
[2026-08-03 04:42:38,771] [INFO] Fold 1 complete. GPU memory freed.
[2026-08-03 04:42:38,771] [INFO] 
======================================================================
[2026-08-03 04:42:38,771] [INFO] RUNNING CROSS-VALIDATION: FOLD 2/5
[2026-08-03 04:42:38,771] [INFO] ======================================================================
[2026-08-03 04:42:38,772] [INFO] Fold 2 Training Samples   : 21,987
[2026-08-03 04:42:38,772] [INFO] Fold 2 Validation Samples : 5,496
[2026-08-03 04:55:08,223] [INFO] Generation Length Check: Avg Pred Words = 6.9 | Avg Ref Words = 9.4
[2026-08-03 04:55:08,223] [INFO] [Sample 1] Pred: '' | Ref: 'गॉसिपियम हिरसुटम, गॉसिपियम बार्बाडेन्स, गॉसिपियम आर्बोरियम, गॉसिपियम हर्बेशिअम ह्या कपाशीच्या मूळ जाती कोणत्या आहेत?'
[2026-08-03 04:55:08,223] [INFO] [Sample 2] Pred: 'सामाजिक समन्वय योजनेचे म्हाजे माध्यम काय आहे, करवतत काय विविधता आहे?' | Ref: 'सामाजिक समन्वय योजनेचे माझे माध्यम काय आहे, करून घेतात काय विविधता आहे?'
[2026-08-03 04:55:08,223] [INFO] [Sample 3] Pred: 'प्रोफेक्ससुपर औषध मारताना फुलाच्या दशेत पंदरा लिटर पाण्यात किती फवाराव?' | Ref: 'प्रोफेक्ससुपर औषध मारताना फुलाच्या दशेत पंधरा लिटर पाण्यात किती फवारावे?'
[2026-08-03 05:07:37,322] [INFO] Generation Length Check: Avg Pred Words = 7.0 | Avg Ref Words = 9.4
[2026-08-03 05:07:37,322] [INFO] [Sample 1] Pred: '' | Ref: 'गॉसिपियम हिरसुटम, गॉसिपियम बार्बाडेन्स, गॉसिपियम आर्बोरियम, गॉसिपियम हर्बेशिअम ह्या कपाशीच्या मूळ जाती कोणत्या आहेत?'
[2026-08-03 05:07:37,322] [INFO] [Sample 2] Pred: 'सामाजिक समन्वय योजनेचे माझे माध्यम काय आहे, करून घेतात काय विविधता आहे?' | Ref: 'सामाजिक समन्वय योजनेचे माझे माध्यम काय आहे, करून घेतात काय विविधता आहे?'
[2026-08-03 05:07:37,322] [INFO] [Sample 3] Pred: 'प्रोफेक्ससुपर औषध मारताना फुलाच्या दशेत पंदरा लिटर पाण्यात किती फवाराव?' | Ref: 'प्रोफेक्ससुपर औषध मारताना फुलाच्या दशेत पंधरा लिटर पाण्यात किती फवारावे?'
[2026-08-03 05:19:56,513] [INFO] Generation Length Check: Avg Pred Words = 7.9 | Avg Ref Words = 9.4
[2026-08-03 05:19:56,513] [INFO] [Sample 1] Pred: '' | Ref: 'गॉसिपियम हिरसुटम, गॉसिपियम बार्बाडेन्स, गॉसिपियम आर्बोरियम, गॉसिपियम हर्बेशिअम ह्या कपाशीच्या मूळ जाती कोणत्या आहेत?'
[2026-08-03 05:19:56,513] [INFO] [Sample 2] Pred: 'सामाजिक समन्वय योजनेचे माझे माध्यम काय आहे, करून घेतात काय विविधता आहे?' | Ref: 'सामाजिक समन्वय योजनेचे माझे माध्यम काय आहे, करून घेतात काय विविधता आहे?'
[2026-08-03 05:19:56,513] [INFO] [Sample 3] Pred: 'प्रोफेक्ससुपर औषध मारताना फुलाच्या दशेत पंदरा लिटर पाण्यात किती फवाराव?' | Ref: 'प्रोफेक्ससुपर औषध मारताना फुलाच्या दशेत पंधरा लिटर पाण्यात किती फवारावे?'
[2026-08-03 05:32:02,671] [INFO] Generation Length Check: Avg Pred Words = 7.8 | Avg Ref Words = 9.4
[2026-08-03 05:32:02,671] [INFO] [Sample 1] Pred: '' | Ref: 'गॉसिपियम हिरसुटम, गॉसिपियम बार्बाडेन्स, गॉसिपियम आर्बोरियम, गॉसिपियम हर्बेशिअम ह्या कपाशीच्या मूळ जाती कोणत्या आहेत?'
[2026-08-03 05:32:02,671] [INFO] [Sample 2] Pred: 'सामाजिक समन्वय योजनेचे माझे माध्यम काय आहे, करून घेतात काय विविधता आहे?' | Ref: 'सामाजिक समन्वय योजनेचे माझे माध्यम काय आहे, करून घेतात काय विविधता आहे?'
[2026-08-03 05:32:02,671] [INFO] [Sample 3] Pred: 'प्रोफेक्ससुपर औषध मारताना फुलाच्या दशेत पंदरा लिटर पाण्यात किती फवाराव?' | Ref: 'प्रोफेक्ससुपर औषध मारताना फुलाच्या दशेत पंधरा लिटर पाण्यात किती फवारावे?'
[2026-08-03 05:44:08,283] [INFO] Generation Length Check: Avg Pred Words = 7.6 | Avg Ref Words = 9.4
[2026-08-03 05:44:08,283] [INFO] [Sample 1] Pred: '' | Ref: 'गॉसिपियम हिरसुटम, गॉसिपियम बार्बाडेन्स, गॉसिपियम आर्बोरियम, गॉसिपियम हर्बेशिअम ह्या कपाशीच्या मूळ जाती कोणत्या आहेत?'
[2026-08-03 05:44:08,283] [INFO] [Sample 2] Pred: 'सामाजिक समन्वय योजनेचे माझे माध्यम काय आहे, करून घेतात काय विविधता आहे?' | Ref: 'सामाजिक समन्वय योजनेचे माझे माध्यम काय आहे, करून घेतात काय विविधता आहे?'
[2026-08-03 05:44:08,283] [INFO] [Sample 3] Pred: 'प्रोफेक्ससुपर औषध मारताना फुलाच्या दशेत पंदरा लिटर पाण्यात किती फवाराव?' | Ref: 'प्रोफेक्ससुपर औषध मारताना फुलाच्या दशेत पंधरा लिटर पाण्यात किती फवारावे?'
[2026-08-03 05:44:21,192] [INFO] Fold 2 Step-Averaged Training Loss: 1.8184
[2026-08-03 05:44:21,192] [INFO] Evaluating Fold 2 on CV Validation Split (5,496 samples)...
[2026-08-03 05:49:54,410] [INFO] Generation Length Check: Avg Pred Words = 7.6 | Avg Ref Words = 9.4
[2026-08-03 05:49:54,410] [INFO] [Sample 1] Pred: '' | Ref: 'गॉसिपियम हिरसुटम, गॉसिपियम बार्बाडेन्स, गॉसिपियम आर्बोरियम, गॉसिपियम हर्बेशिअम ह्या कपाशीच्या मूळ जाती कोणत्या आहेत?'
[2026-08-03 05:49:54,410] [INFO] [Sample 2] Pred: 'सामाजिक समन्वय योजनेचे माझे माध्यम काय आहे, करून घेतात काय विविधता आहे?' | Ref: 'सामाजिक समन्वय योजनेचे माझे माध्यम काय आहे, करून घेतात काय विविधता आहे?'
[2026-08-03 05:49:54,410] [INFO] [Sample 3] Pred: 'प्रोफेक्ससुपर औषध मारताना फुलाच्या दशेत पंदरा लिटर पाण्यात किती फवाराव?' | Ref: 'प्रोफेक्ससुपर औषध मारताना फुलाच्या दशेत पंधरा लिटर पाण्यात किती फवारावे?'
[2026-08-03 05:49:54,414] [INFO] Fold 2 Val Loss: 0.5319  Val BLEU: 56.79  Val chrF: 74.96
[2026-08-03 05:49:54,414] [INFO] Evaluating Fold 2 on Held-Out Test Set (4,852 samples)...
[2026-08-03 05:54:44,026] [INFO] Generation Length Check: Avg Pred Words = 7.5 | Avg Ref Words = 9.3
[2026-08-03 05:54:44,026] [INFO] [Sample 1] Pred: 'मुलाला खूप दिवसापासून प्रवेश द्यायला कोणत्या बँकेची शाखेने अर्ज सुरू आहे?' | Ref: 'मुलांना खूप दिवसापासून प्रवेश द्यायला कोणत्या बँकेची शाखेने अर्ज सुरू होतील?'
[2026-08-03 05:54:44,026] [INFO] [Sample 2] Pred: 'दुसरा व्यक्ती त्याच्या बँक खात्यात कशा करायचे?' | Ref: 'दुसरा व्यक्ती त्याच्या बँक खातात कशी करायची?'
[2026-08-03 05:54:44,026] [INFO] [Sample 3] Pred: 'माझ्या शेतात बायोकम्पोस्टाचा वापर केला तर काय फायदा होतो आहे, काय प्रकारचे कचऱ्याचे पुनर्वापर करू शकतो?' | Ref: 'माझ्या शेतात बायोकम्पोस्टाचा वापर केला तर काय फायदा होतो आहे, काय प्रकारचे कचऱ्याचे पुनर्वापर करू शकतो?'
[2026-08-03 05:54:44,030] [INFO] Fold 2 Test Loss: 0.5187  Test BLEU: 56.57  Test chrF: 74.81
[2026-08-03 05:54:44,033] [INFO] Running per-dialect test evaluation breakdown...
[2026-08-03 05:56:26,379] [INFO] Generation Length Check: Avg Pred Words = 7.4 | Avg Ref Words = 9.6
[2026-08-03 05:56:26,379] [INFO] [Sample 1] Pred: '' | Ref: 'यू.पी.आय सेवा वापरासाठी गरजेचे गोष्टी काय?'
[2026-08-03 05:56:26,379] [INFO] [Sample 2] Pred: 'माझ्या शेतात निरोगी आहे, तुला मावसात किती पाऊस पडला?' | Ref: 'नाही शेतात निरोगी आहे, तुला मावसात किती पाऊस पडली?'
[2026-08-03 05:56:26,379] [INFO] [Sample 3] Pred: 'आयकर सरकारच्या कायद्यानुसार व्यवसाय आणि व्यक्ती कर किंवा कर परतावा देण्यास पात्र आहेत' | Ref: 'आयकर सरकारच्या कायद्यानुसार व्यवसाय आणि व्यक्ती कर किंवा कर परतावा देण्यास पात्र आहेत'
[2026-08-03 05:56:26,381] [INFO]   [D1] Test Samples: 1,672 | Loss: 0.5450 | BLEU: 50.91 | chrF: 70.83
[2026-08-03 05:58:02,025] [INFO] Generation Length Check: Avg Pred Words = 6.4 | Avg Ref Words = 8.6
[2026-08-03 05:58:02,026] [INFO] [Sample 1] Pred: 'मुलाला खूप दिवसापासून प्रवेश द्यायला कोणत्या बँकेची शाखेने अर्ज सुरू आहे?' | Ref: 'मुलांना खूप दिवसापासून प्रवेश द्यायला कोणत्या बँकेची शाखेने अर्ज सुरू होतील?'
[2026-08-03 05:58:02,026] [INFO] [Sample 2] Pred: 'दुसरा व्यक्ती त्याच्या बँक खात्यात कशा करायचे?' | Ref: 'दुसरा व्यक्ती त्याच्या बँक खातात कशी करायची?'
[2026-08-03 05:58:02,026] [INFO] [Sample 3] Pred: 'भारतात किरकोळ विक्रीसाठी ठिकठिकाणी छोटी दुकाने बघायला मिळतात' | Ref: 'भारतामध्ये किरकोळ विक्रीसाठी ठिकठिकाणी छोटी दुकाने बघायला मिळतात.'
[2026-08-03 05:58:02,027] [INFO]   [D2] Test Samples: 1,656 | Loss: 0.6597 | BLEU: 47.96 | chrF: 68.80
[2026-08-03 05:59:33,324] [INFO] Generation Length Check: Avg Pred Words = 8.7 | Avg Ref Words = 9.7
[2026-08-03 05:59:33,324] [INFO] [Sample 1] Pred: 'माझ्या शेतात बायोकम्पोस्टाचा वापर केला तर काय फायदा होतो आहे, काय प्रकारचे कचऱ्याचे पुनर्वापर करू शकतो?' | Ref: 'माझ्या शेतात बायोकम्पोस्टाचा वापर केला तर काय फायदा होतो आहे, काय प्रकारचे कचऱ्याचे पुनर्वापर करू शकतो?'
[2026-08-03 05:59:33,324] [INFO] [Sample 2] Pred: 'जागतिक भांडवली बाजारात वित्तीय डेरिव्हेटिव्ह सर्वव्यापी आहेत' | Ref: 'जागतिक भांडवली बाजारात वित्तीय डेरिव्हेटिव्ह सर्वव्यापी आहेत'
[2026-08-03 05:59:33,324] [INFO] [Sample 3] Pred: 'बाजारातील तरलतेमुळे मालमत्ता विकणे सोपे होते' | Ref: 'बाजारातील तरलतेमुळे मालमत्ता विकणे सोपे होते'
[2026-08-03 05:59:33,325] [INFO]   [D4] Test Samples: 1,524 | Loss: 0.3480 | BLEU: 70.89 | chrF: 84.67
[2026-08-03 05:59:38,160] [INFO] Fold 2 complete. GPU memory freed.
[2026-08-03 05:59:38,160] [INFO] 
======================================================================
[2026-08-03 05:59:38,160] [INFO] RUNNING CROSS-VALIDATION: FOLD 3/5
[2026-08-03 05:59:38,160] [INFO] ======================================================================
[2026-08-03 05:59:38,161] [INFO] Fold 3 Training Samples   : 21,987
[2026-08-03 05:59:38,161] [INFO] Fold 3 Validation Samples : 5,496
[2026-08-03 06:11:46,627] [INFO] Generation Length Check: Avg Pred Words = 6.9 | Avg Ref Words = 9.3
[2026-08-03 06:11:46,628] [INFO] [Sample 1] Pred: 'तुला शेतकऱ्यांना कृषी कर्ज मिळेल, कुठे जावे लागेल?' | Ref: 'तुला शेतकऱ्यांना कृषी कर्ज असते, कुठे जावे लागेल?'
[2026-08-03 06:11:46,628] [INFO] [Sample 2] Pred: 'जेम, जेली, लोणी, मुरब्बा, रस आणि वाइन हे द्राक्षाचे उत्पादने आहेत' | Ref: 'जेम, जेली, लोणी, मुरब्बा, रस आणि वाइन हे द्राक्षाचे उत्पादने आहेत'
[2026-08-03 06:11:46,628] [INFO] [Sample 3] Pred: '' | Ref: 'ग्रामपंचायतीत कुठे जाऊन तुला पासपोर्टाची जाहिरात बघितली, आणि मला तुला अर्ज केला?'
[2026-08-03 06:24:02,699] [INFO] Generation Length Check: Avg Pred Words = 7.1 | Avg Ref Words = 9.3
[2026-08-03 06:24:02,699] [INFO] [Sample 1] Pred: 'तुला शेतकऱ्यांना कृषी कर्ज आहे, कुठे जावे लागेल?' | Ref: 'तुला शेतकऱ्यांना कृषी कर्ज असते, कुठे जावे लागेल?'
[2026-08-03 06:24:02,699] [INFO] [Sample 2] Pred: 'जेम, जेली, लोणी, मुरब्बा, रस आणि वाइन हे द्राक्षाचे उत्पादने आहेत' | Ref: 'जेम, जेली, लोणी, मुरब्बा, रस आणि वाइन हे द्राक्षाचे उत्पादने आहेत'
[2026-08-03 06:24:02,699] [INFO] [Sample 3] Pred: '' | Ref: 'ग्रामपंचायतीत कुठे जाऊन तुला पासपोर्टाची जाहिरात बघितली, आणि मला तुला अर्ज केला?'
[2026-08-03 06:36:11,060] [INFO] Generation Length Check: Avg Pred Words = 7.8 | Avg Ref Words = 9.3
[2026-08-03 06:36:11,060] [INFO] [Sample 1] Pred: '' | Ref: 'तुला शेतकऱ्यांना कृषी कर्ज असते, कुठे जावे लागेल?'
[2026-08-03 06:36:11,060] [INFO] [Sample 2] Pred: 'जेम, जेली, लोणी, मुरब्बा, रस आणि वाइन हे द्राक्षाचे उत्पादने आहेत' | Ref: 'जेम, जेली, लोणी, मुरब्बा, रस आणि वाइन हे द्राक्षाचे उत्पादने आहेत'
[2026-08-03 06:36:11,060] [INFO] [Sample 3] Pred: 'ग्रामपंचायतीत कुठे जाऊन तुला पासपोर्टाची जाहिरात बघितली, आणि मला तुला अर्ज केला' | Ref: 'ग्रामपंचायतीत कुठे जाऊन तुला पासपोर्टाची जाहिरात बघितली, आणि मला तुला अर्ज केला?'
[2026-08-03 06:48:25,305] [INFO] Generation Length Check: Avg Pred Words = 7.8 | Avg Ref Words = 9.3
[2026-08-03 06:48:25,305] [INFO] [Sample 1] Pred: '' | Ref: 'तुला शेतकऱ्यांना कृषी कर्ज असते, कुठे जावे लागेल?'
[2026-08-03 06:48:25,306] [INFO] [Sample 2] Pred: 'जेम, जेली, लोणी, मुरब्बा, रस आणि वाइन हे द्राक्षाचे उत्पादने आहेत' | Ref: 'जेम, जेली, लोणी, मुरब्बा, रस आणि वाइन हे द्राक्षाचे उत्पादने आहेत'
[2026-08-03 06:48:25,306] [INFO] [Sample 3] Pred: 'ग्रामपंचायतीत कुठे जाऊन तुला पासपोर्टाची जाहिरात बघितली, आणि मला तुला अर्ज केला' | Ref: 'ग्रामपंचायतीत कुठे जाऊन तुला पासपोर्टाची जाहिरात बघितली, आणि मला तुला अर्ज केला?'
[2026-08-03 07:00:35,461] [INFO] Generation Length Check: Avg Pred Words = 7.8 | Avg Ref Words = 9.3
[2026-08-03 07:00:35,461] [INFO] [Sample 1] Pred: '' | Ref: 'तुला शेतकऱ्यांना कृषी कर्ज असते, कुठे जावे लागेल?'
[2026-08-03 07:00:35,461] [INFO] [Sample 2] Pred: 'जेम, जेली, लोणी, मुरब्बा, रस आणि वाइन हे द्राक्षाचे उत्पादने आहेत' | Ref: 'जेम, जेली, लोणी, मुरब्बा, रस आणि वाइन हे द्राक्षाचे उत्पादने आहेत'
[2026-08-03 07:00:35,461] [INFO] [Sample 3] Pred: 'ग्रामपंचायतीत कुठे जाऊन तुला पासपोर्टाची जाहिरात बघितली, आणि मला तुला अर्ज केला' | Ref: 'ग्रामपंचायतीत कुठे जाऊन तुला पासपोर्टाची जाहिरात बघितली, आणि मला तुला अर्ज केला?'
[2026-08-03 07:00:50,028] [INFO] Fold 3 Step-Averaged Training Loss: 1.8178
[2026-08-03 07:00:50,029] [INFO] Evaluating Fold 3 on CV Validation Split (5,496 samples)...
[2026-08-03 07:06:05,887] [INFO] Generation Length Check: Avg Pred Words = 7.8 | Avg Ref Words = 9.3
[2026-08-03 07:06:05,887] [INFO] [Sample 1] Pred: '' | Ref: 'तुला शेतकऱ्यांना कृषी कर्ज असते, कुठे जावे लागेल?'
[2026-08-03 07:06:05,887] [INFO] [Sample 2] Pred: 'जेम, जेली, लोणी, मुरब्बा, रस आणि वाइन हे द्राक्षाचे उत्पादने आहेत' | Ref: 'जेम, जेली, लोणी, मुरब्बा, रस आणि वाइन हे द्राक्षाचे उत्पादने आहेत'
[2026-08-03 07:06:05,887] [INFO] [Sample 3] Pred: 'ग्रामपंचायतीत कुठे जाऊन तुला पासपोर्टाची जाहिरात बघितली, आणि मला तुला अर्ज केला' | Ref: 'ग्रामपंचायतीत कुठे जाऊन तुला पासपोर्टाची जाहिरात बघितली, आणि मला तुला अर्ज केला?'
[2026-08-03 07:06:05,891] [INFO] Fold 3 Val Loss: 0.5312  Val BLEU: 59.86  Val chrF: 77.40
[2026-08-03 07:06:05,891] [INFO] Evaluating Fold 3 on Held-Out Test Set (4,852 samples)...
[2026-08-03 07:10:42,205] [INFO] Generation Length Check: Avg Pred Words = 7.8 | Avg Ref Words = 9.3
[2026-08-03 07:10:42,205] [INFO] [Sample 1] Pred: 'मुलाला खूप दिवसापासून प्रवेश द्यायला कोणत्या बँकेची शाखेने अर्ज सुरू आहे?' | Ref: 'मुलांना खूप दिवसापासून प्रवेश द्यायला कोणत्या बँकेची शाखेने अर्ज सुरू होतील?'
[2026-08-03 07:10:42,205] [INFO] [Sample 2] Pred: 'दुसरा व्यक्ती त्याच्या बँक खात्यात कशा करायचे?' | Ref: 'दुसरा व्यक्ती त्याच्या बँक खातात कशी करायची?'
[2026-08-03 07:10:42,205] [INFO] [Sample 3] Pred: 'माझ्या शेतात बायोकम्पोस्टाचा वापर केला तर काय फायदा होतो आहे, काय प्रकारचे कचऱ्याचे पुनर्वापर करू शकतो?' | Ref: 'माझ्या शेतात बायोकम्पोस्टाचा वापर केला तर काय फायदा होतो आहे, काय प्रकारचे कचऱ्याचे पुनर्वापर करू शकतो?'
[2026-08-03 07:10:42,209] [INFO] Fold 3 Test Loss: 0.5179  Test BLEU: 59.65  Test chrF: 77.56
[2026-08-03 07:10:42,212] [INFO] Running per-dialect test evaluation breakdown...
[2026-08-03 07:12:19,406] [INFO] Generation Length Check: Avg Pred Words = 8.1 | Avg Ref Words = 9.6
[2026-08-03 07:12:19,406] [INFO] [Sample 1] Pred: '' | Ref: 'यू.पी.आय सेवा वापरासाठी गरजेचे गोष्टी काय?'
[2026-08-03 07:12:19,406] [INFO] [Sample 2] Pred: 'माझ्या शेतात निरोगी आहे, तुला मावसात किती पाऊस पडला?' | Ref: 'नाही शेतात निरोगी आहे, तुला मावसात किती पाऊस पडली?'
[2026-08-03 07:12:19,406] [INFO] [Sample 3] Pred: 'आयकर सरकारच्या कायद्यानुसार व्यवसाय आणि व्यक्ती कर किंवा कर परतावा देण्यास पात्र आहेत' | Ref: 'आयकर सरकारच्या कायद्यानुसार व्यवसाय आणि व्यक्ती कर किंवा कर परतावा देण्यास पात्र आहेत'
[2026-08-03 07:12:19,407] [INFO]   [D1] Test Samples: 1,672 | Loss: 0.5442 | BLEU: 56.27 | chrF: 75.76
[2026-08-03 07:13:51,157] [INFO] Generation Length Check: Avg Pred Words = 6.7 | Avg Ref Words = 8.6
[2026-08-03 07:13:51,157] [INFO] [Sample 1] Pred: 'मुलाला खूप दिवसापासून प्रवेश द्यायला कोणत्या बँकेची शाखेने अर्ज सुरू आहे?' | Ref: 'मुलांना खूप दिवसापासून प्रवेश द्यायला कोणत्या बँकेची शाखेने अर्ज सुरू होतील?'
[2026-08-03 07:13:51,158] [INFO] [Sample 2] Pred: 'दुसरा व्यक्ती त्याच्या बँक खात्यात कशा करायचे?' | Ref: 'दुसरा व्यक्ती त्याच्या बँक खातात कशी करायची?'
[2026-08-03 07:13:51,158] [INFO] [Sample 3] Pred: 'भारतात किरकोळ विक्रीसाठी ठिकठिकाणी छोटी दुकाने बघायला मिळतात' | Ref: 'भारतामध्ये किरकोळ विक्रीसाठी ठिकठिकाणी छोटी दुकाने बघायला मिळतात.'
[2026-08-03 07:13:51,159] [INFO]   [D2] Test Samples: 1,656 | Loss: 0.6590 | BLEU: 50.89 | chrF: 71.09
[2026-08-03 07:15:17,522] [INFO] Generation Length Check: Avg Pred Words = 8.8 | Avg Ref Words = 9.7
[2026-08-03 07:15:17,522] [INFO] [Sample 1] Pred: 'माझ्या शेतात बायोकम्पोस्टाचा वापर केला तर काय फायदा होतो आहे, काय प्रकारचे कचऱ्याचे पुनर्वापर करू शकतो?' | Ref: 'माझ्या शेतात बायोकम्पोस्टाचा वापर केला तर काय फायदा होतो आहे, काय प्रकारचे कचऱ्याचे पुनर्वापर करू शकतो?'
[2026-08-03 07:15:17,523] [INFO] [Sample 2] Pred: 'जागतिक भांडवली बाजारात वित्तीय डेरिव्हेटिव्ह सर्वव्यापी आहेत' | Ref: 'जागतिक भांडवली बाजारात वित्तीय डेरिव्हेटिव्ह सर्वव्यापी आहेत'
[2026-08-03 07:15:17,523] [INFO] [Sample 3] Pred: 'बाजारातील तरलतेमुळे मालमत्ता विकणे सोपे होते' | Ref: 'बाजारातील तरलतेमुळे मालमत्ता विकणे सोपे होते'
[2026-08-03 07:15:17,524] [INFO]   [D4] Test Samples: 1,524 | Loss: 0.3473 | BLEU: 71.72 | chrF: 85.60
[2026-08-03 07:15:20,941] [INFO] Fold 3 complete. GPU memory freed.
[2026-08-03 07:15:20,941] [INFO] 
======================================================================
[2026-08-03 07:15:20,941] [INFO] RUNNING CROSS-VALIDATION: FOLD 4/5
[2026-08-03 07:15:20,941] [INFO] ======================================================================
[2026-08-03 07:15:20,942] [INFO] Fold 4 Training Samples   : 21,987
[2026-08-03 07:15:20,942] [INFO] Fold 4 Validation Samples : 5,496
[2026-08-03 07:27:33,324] [INFO] Generation Length Check: Avg Pred Words = 6.8 | Avg Ref Words = 9.4
[2026-08-03 07:27:33,324] [INFO] [Sample 1] Pred: 'रोपवाटिकेमध्ये झाडे, भांडी, खत, वनस्पती बियाणे, खत आणि वनस्पतीशी संबंधित वस्तू विकल्या जातात' | Ref: 'रोपवाटिकेमध्ये झाडे, भांडी, खत, वनस्पती बियाणे, खत आणि वनस्पतीशी संबंधित वस्तू विकल्या जातात.'
[2026-08-03 07:27:33,324] [INFO] [Sample 2] Pred: '' | Ref: 'सर्वशिक्षा अभियानात नवीन प्रजेक्टसाठी सार्वजनिक आर्थिक मदत मागवणे, काय तुला लागेल?'
[2026-08-03 07:27:33,324] [INFO] [Sample 3] Pred: 'क्रेडिट कार्डची व्याजमानधनाची कालावधी मला किती आहे?' | Ref: 'क्रेडिट कार्डची व्याजमानधनाची कालावधी माझी किती आहे?'
[2026-08-03 07:39:49,134] [INFO] Generation Length Check: Avg Pred Words = 7.1 | Avg Ref Words = 9.4
[2026-08-03 07:39:49,135] [INFO] [Sample 1] Pred: 'रोपवाटिकेमध्ये झाडे, भांडी, खत, वनस्पती बियाणे, खत आणि वनस्पतीशी संबंधित वस्तू विकल्या जातात' | Ref: 'रोपवाटिकेमध्ये झाडे, भांडी, खत, वनस्पती बियाणे, खत आणि वनस्पतीशी संबंधित वस्तू विकल्या जातात.'
[2026-08-03 07:39:49,135] [INFO] [Sample 2] Pred: 'सर्वशिक्षा अभियानात नवीन प्रजेक्टसाठी सार्वजनिक आर्थिक मदत मिळेल, काय तुला लागेल?' | Ref: 'सर्वशिक्षा अभियानात नवीन प्रजेक्टसाठी सार्वजनिक आर्थिक मदत मागवणे, काय तुला लागेल?'
[2026-08-03 07:39:49,135] [INFO] [Sample 3] Pred: 'क्रेडिट कार्डची व्याजमानधनाची कालावधी मला किती आहे?' | Ref: 'क्रेडिट कार्डची व्याजमानधनाची कालावधी माझी किती आहे?'
[2026-08-03 07:52:03,879] [INFO] Generation Length Check: Avg Pred Words = 8.1 | Avg Ref Words = 9.4
[2026-08-03 07:52:03,879] [INFO] [Sample 1] Pred: 'रोपवाटिकेमध्ये झाडे, भांडी, खत, वनस्पती बियाणे, खत आणि वनस्पतीशी संबंधित वस्तू विकल्या जातात' | Ref: 'रोपवाटिकेमध्ये झाडे, भांडी, खत, वनस्पती बियाणे, खत आणि वनस्पतीशी संबंधित वस्तू विकल्या जातात.'
[2026-08-03 07:52:03,879] [INFO] [Sample 2] Pred: 'सर्वशिक्षा अभियानात नवीन प्रजेक्टसाठी सार्वजनिक आर्थिक मदत मिळेल, काय तुला लागेल?' | Ref: 'सर्वशिक्षा अभियानात नवीन प्रजेक्टसाठी सार्वजनिक आर्थिक मदत मागवणे, काय तुला लागेल?'
[2026-08-03 07:52:03,879] [INFO] [Sample 3] Pred: 'क्रेडिट कार्डची व्याजमानधनाची कालावधी मला किती आहे?' | Ref: 'क्रेडिट कार्डची व्याजमानधनाची कालावधी माझी किती आहे?'
[2026-08-03 08:04:09,891] [INFO] Generation Length Check: Avg Pred Words = 8.5 | Avg Ref Words = 9.4
[2026-08-03 08:04:09,891] [INFO] [Sample 1] Pred: 'रोपवाटिकेमध्ये झाडे, भांडी, खत, वनस्पती बियाणे, खत आणि वनस्पतीशी संबंधित वस्तू विकल्या जातात.' | Ref: 'रोपवाटिकेमध्ये झाडे, भांडी, खत, वनस्पती बियाणे, खत आणि वनस्पतीशी संबंधित वस्तू विकल्या जातात.'
[2026-08-03 08:04:09,891] [INFO] [Sample 2] Pred: 'सर्वशिक्षा अभियानात नवीन प्रजेक्टसाठी सार्वजनिक आर्थिक मदत मिळेल, काय तुला लागेल?' | Ref: 'सर्वशिक्षा अभियानात नवीन प्रजेक्टसाठी सार्वजनिक आर्थिक मदत मागवणे, काय तुला लागेल?'
[2026-08-03 08:04:09,892] [INFO] [Sample 3] Pred: 'क्रेडिट कार्डची व्याजमानधनाची कालावधी मला किती आहे?' | Ref: 'क्रेडिट कार्डची व्याजमानधनाची कालावधी माझी किती आहे?'
[2026-08-03 08:16:15,731] [INFO] Generation Length Check: Avg Pred Words = 8.3 | Avg Ref Words = 9.4
[2026-08-03 08:16:15,732] [INFO] [Sample 1] Pred: 'रोपवाटिकेमध्ये झाडे, भांडी, खत, वनस्पती बियाणे, खत आणि वनस्पतीशी संबंधित वस्तू विकल्या जातात.' | Ref: 'रोपवाटिकेमध्ये झाडे, भांडी, खत, वनस्पती बियाणे, खत आणि वनस्पतीशी संबंधित वस्तू विकल्या जातात.'
[2026-08-03 08:16:15,732] [INFO] [Sample 2] Pred: 'सर्वशिक्षा अभियानात नवीन प्रजेक्टसाठी सार्वजनिक आर्थिक मदत मिळेल, काय तुला लागेल?' | Ref: 'सर्वशिक्षा अभियानात नवीन प्रजेक्टसाठी सार्वजनिक आर्थिक मदत मागवणे, काय तुला लागेल?'
[2026-08-03 08:16:15,732] [INFO] [Sample 3] Pred: 'क्रेडिट कार्डची व्याजमानधनाची कालावधी मला किती आहे?' | Ref: 'क्रेडिट कार्डची व्याजमानधनाची कालावधी माझी किती आहे?'
[2026-08-03 08:16:28,743] [INFO] Fold 4 Step-Averaged Training Loss: 1.8077
[2026-08-03 08:16:28,744] [INFO] Evaluating Fold 4 on CV Validation Split (5,496 samples)...
[2026-08-03 08:21:56,953] [INFO] Generation Length Check: Avg Pred Words = 8.3 | Avg Ref Words = 9.4
[2026-08-03 08:21:56,953] [INFO] [Sample 1] Pred: 'रोपवाटिकेमध्ये झाडे, भांडी, खत, वनस्पती बियाणे, खत आणि वनस्पतीशी संबंधित वस्तू विकल्या जातात.' | Ref: 'रोपवाटिकेमध्ये झाडे, भांडी, खत, वनस्पती बियाणे, खत आणि वनस्पतीशी संबंधित वस्तू विकल्या जातात.'
[2026-08-03 08:21:56,953] [INFO] [Sample 2] Pred: 'सर्वशिक्षा अभियानात नवीन प्रजेक्टसाठी सार्वजनिक आर्थिक मदत मिळेल, काय तुला लागेल?' | Ref: 'सर्वशिक्षा अभियानात नवीन प्रजेक्टसाठी सार्वजनिक आर्थिक मदत मागवणे, काय तुला लागेल?'
[2026-08-03 08:21:56,953] [INFO] [Sample 3] Pred: 'क्रेडिट कार्डची व्याजमानधनाची कालावधी मला किती आहे?' | Ref: 'क्रेडिट कार्डची व्याजमानधनाची कालावधी माझी किती आहे?'
[2026-08-03 08:21:56,957] [INFO] Fold 4 Val Loss: 0.5537  Val BLEU: 61.26  Val chrF: 79.34
[2026-08-03 08:21:56,958] [INFO] Evaluating Fold 4 on Held-Out Test Set (4,852 samples)...
[2026-08-03 08:26:43,858] [INFO] Generation Length Check: Avg Pred Words = 8.2 | Avg Ref Words = 9.3
[2026-08-03 08:26:43,858] [INFO] [Sample 1] Pred: 'मुलाला खूप दिवसापासून प्रवेश द्यायला कोणत्या बँकेची शाखेने अर्ज सुरू आहे?' | Ref: 'मुलांना खूप दिवसापासून प्रवेश द्यायला कोणत्या बँकेची शाखेने अर्ज सुरू होतील?'
[2026-08-03 08:26:43,858] [INFO] [Sample 2] Pred: 'दुसरा व्यक्ती त्याच्या बँक खात्यात कशा करायचे?' | Ref: 'दुसरा व्यक्ती त्याच्या बँक खातात कशी करायची?'
[2026-08-03 08:26:43,858] [INFO] [Sample 3] Pred: 'माझ्या शेतात बायोकम्पोस्टाचा वापर केला तर काय फायदा होतो आहे, काय प्रकारचे कचऱ्याचे पुनर्वापर करू शकतो आहे?' | Ref: 'माझ्या शेतात बायोकम्पोस्टाचा वापर केला तर काय फायदा होतो आहे, काय प्रकारचे कचऱ्याचे पुनर्वापर करू शकतो?'
[2026-08-03 08:26:43,862] [INFO] Fold 4 Test Loss: 0.5181  Test BLEU: 61.62  Test chrF: 79.34
[2026-08-03 08:26:43,865] [INFO] Running per-dialect test evaluation breakdown...
[2026-08-03 08:28:23,982] [INFO] Generation Length Check: Avg Pred Words = 8.3 | Avg Ref Words = 9.6
[2026-08-03 08:28:23,982] [INFO] [Sample 1] Pred: '' | Ref: 'यू.पी.आय सेवा वापरासाठी गरजेचे गोष्टी काय?'
[2026-08-03 08:28:23,982] [INFO] [Sample 2] Pred: 'माझ्या शेतात निरोगी आहे, तुला मावसात किती पाऊस पडला?' | Ref: 'नाही शेतात निरोगी आहे, तुला मावसात किती पाऊस पडली?'
[2026-08-03 08:28:23,982] [INFO] [Sample 3] Pred: 'आयकर सरकारच्या कायद्यानुसार व्यवसाय आणि व्यक्ती कर किंवा कर परतावा देण्यास पात्र आहेत' | Ref: 'आयकर सरकारच्या कायद्यानुसार व्यवसाय आणि व्यक्ती कर किंवा कर परतावा देण्यास पात्र आहेत'
[2026-08-03 08:28:23,984] [INFO]   [D1] Test Samples: 1,672 | Loss: 0.5450 | BLEU: 57.28 | chrF: 76.82
[2026-08-03 08:29:58,746] [INFO] Generation Length Check: Avg Pred Words = 7.3 | Avg Ref Words = 8.6
[2026-08-03 08:29:58,746] [INFO] [Sample 1] Pred: 'मुलाला खूप दिवसापासून प्रवेश द्यायला कोणत्या बँकेची शाखेने अर्ज सुरू आहे?' | Ref: 'मुलांना खूप दिवसापासून प्रवेश द्यायला कोणत्या बँकेची शाखेने अर्ज सुरू होतील?'
[2026-08-03 08:29:58,746] [INFO] [Sample 2] Pred: 'दुसरा व्यक्ती त्याच्या बँक खात्यात कशा करायचे?' | Ref: 'दुसरा व्यक्ती त्याच्या बँक खातात कशी करायची?'
[2026-08-03 08:29:58,746] [INFO] [Sample 3] Pred: 'भारतामध्ये किरकोळ विक्रीसाठी ठिकठिकाणी छोटी दुकाने बघायला मिळतात' | Ref: 'भारतामध्ये किरकोळ विक्रीसाठी ठिकठिकाणी छोटी दुकाने बघायला मिळतात.'
[2026-08-03 08:29:58,748] [INFO]   [D2] Test Samples: 1,656 | Loss: 0.6592 | BLEU: 55.10 | chrF: 74.81
[2026-08-03 08:31:28,179] [INFO] Generation Length Check: Avg Pred Words = 8.9 | Avg Ref Words = 9.7
[2026-08-03 08:31:28,179] [INFO] [Sample 1] Pred: 'माझ्या शेतात बायोकम्पोस्टाचा वापर केला तर काय फायदा होतो आहे, काय प्रकारचे कचऱ्याचे पुनर्वापर करू शकतो आहे?' | Ref: 'माझ्या शेतात बायोकम्पोस्टाचा वापर केला तर काय फायदा होतो आहे, काय प्रकारचे कचऱ्याचे पुनर्वापर करू शकतो?'
[2026-08-03 08:31:28,179] [INFO] [Sample 2] Pred: 'जागतिक भांडवली बाजारात वित्तीय डेरिव्हेटिव्ह सर्वव्यापी आहेत' | Ref: 'जागतिक भांडवली बाजारात वित्तीय डेरिव्हेटिव्ह सर्वव्यापी आहेत'
[2026-08-03 08:31:28,179] [INFO] [Sample 3] Pred: 'बाजारातील तरलतेमुळे मालमत्ता विकणे सोपे होते' | Ref: 'बाजारातील तरलतेमुळे मालमत्ता विकणे सोपे होते'
[2026-08-03 08:31:28,180] [INFO]   [D4] Test Samples: 1,524 | Loss: 0.3466 | BLEU: 72.65 | chrF: 86.34
[2026-08-03 08:31:32,827] [INFO] Fold 4 complete. GPU memory freed.
[2026-08-03 08:31:32,828] [INFO] 
======================================================================
[2026-08-03 08:31:32,828] [INFO] RUNNING CROSS-VALIDATION: FOLD 5/5
[2026-08-03 08:31:32,828] [INFO] ======================================================================
[2026-08-03 08:31:32,829] [INFO] Fold 5 Training Samples   : 21,984
[2026-08-03 08:31:32,829] [INFO] Fold 5 Validation Samples : 5,499
[2026-08-03 08:43:44,578] [INFO] Generation Length Check: Avg Pred Words = 6.7 | Avg Ref Words = 9.3
[2026-08-03 08:43:44,579] [INFO] [Sample 1] Pred: '' | Ref: 'माया, पत्नी बाहेर आहे, भावाला पैसे पाठवा.'
[2026-08-03 08:43:44,579] [INFO] [Sample 2] Pred: 'आर.टी.जी.एस मध्ये बँक खाते असणे आवश्यक आहे' | Ref: 'आर.टी.जी.एस मध्ये बँक खाते असणे आवश्यक आहे'
[2026-08-03 08:43:44,579] [INFO] [Sample 3] Pred: 'महिन्यात विम्याचा हप्ता किती भरायचो?' | Ref: 'महिनात विम्याचे हप्ते किती भरावे?'
[2026-08-03 08:56:00,449] [INFO] Generation Length Check: Avg Pred Words = 7.2 | Avg Ref Words = 9.3
[2026-08-03 08:56:00,449] [INFO] [Sample 1] Pred: 'माया शैहराबाहेर रायनाऱ्या माया भावाला पैसे पाठवाचे आहे' | Ref: 'माया, पत्नी बाहेर आहे, भावाला पैसे पाठवा.'
[2026-08-03 08:56:00,450] [INFO] [Sample 2] Pred: 'आर.टी.जी.एस मध्ये बँक खाते असणे आवश्यक आहे' | Ref: 'आर.टी.जी.एस मध्ये बँक खाते असणे आवश्यक आहे'
[2026-08-03 08:56:00,450] [INFO] [Sample 3] Pred: 'महिन्यात विम्याचा हप्ता किती भरायचो?' | Ref: 'महिनात विम्याचे हप्ते किती भरावे?'
[2026-08-03 09:08:17,409] [INFO] Generation Length Check: Avg Pred Words = 6.7 | Avg Ref Words = 9.3
[2026-08-03 09:08:17,409] [INFO] [Sample 1] Pred: 'माया शैहराबाहेर रायनाऱ्या माया भावाला पैसे पाठवायचे आहे' | Ref: 'माया, पत्नी बाहेर आहे, भावाला पैसे पाठवा.'
[2026-08-03 09:08:17,409] [INFO] [Sample 2] Pred: 'आर.टी.जी.एस मध्ये बँक खाते असणे आवश्यक आहे' | Ref: 'आर.टी.जी.एस मध्ये बँक खाते असणे आवश्यक आहे'
[2026-08-03 09:08:17,409] [INFO] [Sample 3] Pred: 'महिन्यात विम्याचा हप्ता किती भरायचो?' | Ref: 'महिनात विम्याचे हप्ते किती भरावे?'
[2026-08-03 09:20:51,789] [INFO] Generation Length Check: Avg Pred Words = 7.4 | Avg Ref Words = 9.3
[2026-08-03 09:20:51,790] [INFO] [Sample 1] Pred: 'शैहराबाहेर रायनाऱ्या माया भावाला पैसे पाठवायचे आहे' | Ref: 'माया, पत्नी बाहेर आहे, भावाला पैसे पाठवा.'
[2026-08-03 09:20:51,790] [INFO] [Sample 2] Pred: 'आर.टी.जी.एस मध्ये बँक खाते असणे आवश्यक आहे' | Ref: 'आर.टी.जी.एस मध्ये बँक खाते असणे आवश्यक आहे'
[2026-08-03 09:20:51,790] [INFO] [Sample 3] Pred: 'महिन्यात विम्याचा हप्ता किती भरायचो?' | Ref: 'महिनात विम्याचे हप्ते किती भरावे?'
[2026-08-03 09:33:49,758] [INFO] Generation Length Check: Avg Pred Words = 6.4 | Avg Ref Words = 9.3
[2026-08-03 09:33:49,759] [INFO] [Sample 1] Pred: 'शैहराबाहेर रायनाऱ्या माया भावाला पैसे पाठवायचे आहे' | Ref: 'माया, पत्नी बाहेर आहे, भावाला पैसे पाठवा.'
[2026-08-03 09:33:49,759] [INFO] [Sample 2] Pred: 'आर.टी.जी.एस मध्ये बँक खाते असणे आवश्यक आहे' | Ref: 'आर.टी.जी.एस मध्ये बँक खाते असणे आवश्यक आहे'
[2026-08-03 09:33:49,759] [INFO] [Sample 3] Pred: 'महिन्यात विम्याचा हप्ता किती भरायचो?' | Ref: 'महिनात विम्याचे हप्ते किती भरावे?'
[2026-08-03 09:34:04,233] [INFO] Fold 5 Step-Averaged Training Loss: 1.8079
[2026-08-03 09:34:04,233] [INFO] Evaluating Fold 5 on CV Validation Split (5,499 samples)...
[2026-08-03 09:39:54,214] [INFO] Generation Length Check: Avg Pred Words = 6.4 | Avg Ref Words = 9.3
[2026-08-03 09:39:54,215] [INFO] [Sample 1] Pred: 'शैहराबाहेर रायनाऱ्या माया भावाला पैसे पाठवायचे आहे' | Ref: 'माया, पत्नी बाहेर आहे, भावाला पैसे पाठवा.'
[2026-08-03 09:39:54,215] [INFO] [Sample 2] Pred: 'आर.टी.जी.एस मध्ये बँक खाते असणे आवश्यक आहे' | Ref: 'आर.टी.जी.एस मध्ये बँक खाते असणे आवश्यक आहे'
[2026-08-03 09:39:54,215] [INFO] [Sample 3] Pred: 'महिन्यात विम्याचा हप्ता किती भरायचो?' | Ref: 'महिनात विम्याचे हप्ते किती भरावे?'
[2026-08-03 09:39:54,219] [INFO] Fold 5 Val Loss: 0.5587  Val BLEU: 46.68  Val chrF: 67.00
[2026-08-03 09:39:54,219] [INFO] Evaluating Fold 5 on Held-Out Test Set (4,852 samples)...
[2026-08-03 09:45:00,849] [INFO] Generation Length Check: Avg Pred Words = 6.6 | Avg Ref Words = 9.3
[2026-08-03 09:45:00,850] [INFO] [Sample 1] Pred: 'मुलाला खूप दिवसापासून प्रवेश द्यायला कोणत्या बँकेची शाखेने अर्ज सुरू आहे?' | Ref: 'मुलांना खूप दिवसापासून प्रवेश द्यायला कोणत्या बँकेची शाखेने अर्ज सुरू होतील?'
[2026-08-03 09:45:00,850] [INFO] [Sample 2] Pred: 'दुसरा व्यक्ती त्याच्या बँक खात्यात कशा करायचे?' | Ref: 'दुसरा व्यक्ती त्याच्या बँक खातात कशी करायची?'
[2026-08-03 09:45:00,850] [INFO] [Sample 3] Pred: 'माझ्या शेतात बायोकम्पोस्टाचा वापर केला तर काय फायदा होतो आहे, काय प्रकारचे कचऱ्याचे पुनर्वापर करू शकतो आहे?' | Ref: 'माझ्या शेतात बायोकम्पोस्टाचा वापर केला तर काय फायदा होतो आहे, काय प्रकारचे कचऱ्याचे पुनर्वापर करू शकतो?'
[2026-08-03 09:45:00,855] [INFO] Fold 5 Test Loss: 0.5186  Test BLEU: 49.07  Test chrF: 68.71
[2026-08-03 09:45:00,858] [INFO] Running per-dialect test evaluation breakdown...
[2026-08-03 09:46:46,083] [INFO] Generation Length Check: Avg Pred Words = 6.5 | Avg Ref Words = 9.6
[2026-08-03 09:46:46,083] [INFO] [Sample 1] Pred: 'यू.पी.आय सेवा वापरासाठी गरजेचे गोष्टी काय आहेत?' | Ref: 'यू.पी.आय सेवा वापरासाठी गरजेचे गोष्टी काय?'
[2026-08-03 09:46:46,083] [INFO] [Sample 2] Pred: '' | Ref: 'नाही शेतात निरोगी आहे, तुला मावसात किती पाऊस पडली?'
[2026-08-03 09:46:46,083] [INFO] [Sample 3] Pred: 'आयकर सरकारच्या कायद्यानुसार व्यवसाय आणि व्यक्ती कर किंवा कर परतावा देण्यास पात्र आहेत' | Ref: 'आयकर सरकारच्या कायद्यानुसार व्यवसाय आणि व्यक्ती कर किंवा कर परतावा देण्यास पात्र आहेत'
[2026-08-03 09:46:46,084] [INFO]   [D1] Test Samples: 1,672 | Loss: 0.5457 | BLEU: 43.67 | chrF: 64.52
[2026-08-03 09:48:22,170] [INFO] Generation Length Check: Avg Pred Words = 5.3 | Avg Ref Words = 8.6
[2026-08-03 09:48:22,171] [INFO] [Sample 1] Pred: 'मुलाला खूप दिवसापासून प्रवेश द्यायला कोणत्या बँकेची शाखेने अर्ज सुरू आहे?' | Ref: 'मुलांना खूप दिवसापासून प्रवेश द्यायला कोणत्या बँकेची शाखेने अर्ज सुरू होतील?'
[2026-08-03 09:48:22,171] [INFO] [Sample 2] Pred: 'दुसरा व्यक्ती त्याच्या बँक खात्यात कशा करायचे?' | Ref: 'दुसरा व्यक्ती त्याच्या बँक खातात कशी करायची?'
[2026-08-03 09:48:22,171] [INFO] [Sample 3] Pred: 'भारतामध्ये किरकोळ विक्रीसाठी ठिकठिकाणी छोटी दुकाने बघायला मिळतात' | Ref: 'भारतामध्ये किरकोळ विक्रीसाठी ठिकठिकाणी छोटी दुकाने बघायला मिळतात.'
[2026-08-03 09:48:22,172] [INFO]   [D2] Test Samples: 1,656 | Loss: 0.6595 | BLEU: 37.10 | chrF: 60.49
[2026-08-03 09:49:54,205] [INFO] Generation Length Check: Avg Pred Words = 8.1 | Avg Ref Words = 9.7
[2026-08-03 09:49:54,205] [INFO] [Sample 1] Pred: 'माझ्या शेतात बायोकम्पोस्टाचा वापर केला तर काय फायदा होतो आहे, काय प्रकारचे कचऱ्याचे पुनर्वापर करू शकतो आहे?' | Ref: 'माझ्या शेतात बायोकम्पोस्टाचा वापर केला तर काय फायदा होतो आहे, काय प्रकारचे कचऱ्याचे पुनर्वापर करू शकतो?'
[2026-08-03 09:49:54,205] [INFO] [Sample 2] Pred: 'जागतिक भांडवली बाजारात वित्तीय डेरिव्हेटिव्ह सर्वव्यापी आहेत' | Ref: 'जागतिक भांडवली बाजारात वित्तीय डेरिव्हेटिव्ह सर्वव्यापी आहेत'
[2026-08-03 09:49:54,205] [INFO] [Sample 3] Pred: 'बाजारातील तरलतेमुळे मालमत्ता विकणे सोपे होते' | Ref: 'बाजारातील तरलतेमुळे मालमत्ता विकणे सोपे होते'
[2026-08-03 09:49:54,207] [INFO]   [D4] Test Samples: 1,524 | Loss: 0.3474 | BLEU: 66.13 | chrF: 80.70
[2026-08-03 09:49:57,352] [INFO] Fold 5 complete. GPU memory freed.
[2026-08-03 09:49:57,368] [INFO] 
======================================================================
[2026-08-03 09:49:57,368] [INFO] 3-FOLD CROSS VALIDATION & TEST EVALUATION COMPLETED!
[2026-08-03 09:49:57,369] [INFO] ======================================================================
[2026-08-03 09:49:57,369] [INFO] Avg Val  Loss: 0.5428  |  BLEU: 56.57  |  chrF: 75.01
[2026-08-03 09:49:57,369] [INFO] Avg Test Loss: 0.5183  |  BLEU: 57.12  |  chrF: 75.49
[2026-08-03 09:49:57,369] [INFO] CV Summary saved to: D:\dialect-norm\models\indicbart_combined_32k\cv_summary.json
[2026-08-03 09:49:57,370] [INFO] CV Summary saved to: D:\dialect-norm\models\indicbart_combined_32k\cv_summary.yaml
[2026-08-03 09:49:57,370] [INFO] ======================================================================
[2026-08-03 09:49:57,482] [INFO] SUCCESS: Completed variant D124 All Dialects Combined 32k (32,335 pairs)
[2026-08-03 09:49:57,589] [INFO] 
================================================================================
[2026-08-03 09:49:57,590] [INFO] SEQUENTIAL 32K TRAINING SUITE SUMMARY
[2026-08-03 09:49:57,590] [INFO] ================================================================================
[2026-08-03 09:49:57,590] [INFO] Total Variants Executed: 4
[2026-08-03 09:49:57,590] [INFO] Successfully Completed : 4 / 4
[2026-08-03 09:49:57,590] [INFO]   [OK] D1 (Malvani 32k - 11,145 pairs)
[2026-08-03 09:49:57,590] [INFO]   [OK] D2 (Ahirani 32k - 11,035 pairs)
[2026-08-03 09:49:57,590] [INFO]   [OK] D4 (Varhadi 32k - 10,155 pairs)
[2026-08-03 09:49:57,590] [INFO]   [OK] D124 All Dialects Combined 32k (32,335 pairs)
[2026-08-03 09:49:57,590] [INFO] ALL 32K VARIANTS COMPLETED WITH ZERO ERRORS!
[2026-08-03 09:49:57,590] [INFO] ================================================================================
