[2026-08-05 04:39:28,698] [INFO] Training log file: D:\dialect-norm\logs\train_indicbart_d4.log
[2026-08-05 04:39:28,698] [INFO] ======================================================================
[2026-08-05 04:39:28,699] [INFO] INDICBART FINE-TUNING (OPTION B: 85/15 STRATIFIED SPLIT + 5-FOLD CV)
[2026-08-05 04:39:28,699] [INFO] ======================================================================
[2026-08-05 04:39:28,699] [INFO] Target Model            : ai4bharat/IndicBART
[2026-08-05 04:39:28,699] [INFO] Output Directory        : D:\dialect-norm\models\indicbart_d4
[2026-08-05 04:39:28,699] [INFO] Epochs per Fold         : 5
[2026-08-05 04:39:28,699] [INFO] Batch Size              : 16
[2026-08-05 04:39:28,699] [INFO] Gradient Accum Steps    : 2
[2026-08-05 04:39:28,699] [INFO] Effective Batch Size    : 32
[2026-08-05 04:39:28,699] [INFO] Learning Rate           : 5e-05
[2026-08-05 04:39:28,699] [INFO] Weight Decay            : 0.01
[2026-08-05 04:39:28,699] [INFO] Warmup Ratio            : 0.1
[2026-08-05 04:39:28,700] [INFO] Early Stopping Patience : 2
[2026-08-05 04:39:28,700] [INFO] Max Input / Target Len  : 128 / 128
[2026-08-05 04:39:28,700] [INFO] Random Seed             : 42
[2026-08-05 04:39:28,700] [INFO] ======================================================================
[2026-08-05 04:39:29,276] [INFO] Loaded 5,086 parallel samples from 1 CSV file(s).
[2026-08-05 04:39:29,282] [INFO] Total Dataset Size      : 5,086 pairs
[2026-08-05 04:39:29,282] [INFO] 85% Training Pool       : 4,323 pairs
[2026-08-05 04:39:29,282] [INFO] 15% Held-Out Test       : 763 pairs
[2026-08-05 04:39:29,284] [INFO]   Train Pool distribution: {'D4': 4323}
[2026-08-05 04:39:29,285] [INFO]   Test Set distribution: {'D4': 763}
[2026-08-05 04:39:29,285] [INFO] Downloading and caching base model 'ai4bharat/IndicBART' to D:\dialect-norm\models\indicbart_d4\base_model...
[2026-08-05 04:39:29,556] [INFO] HTTP Request: HEAD https://huggingface.co/ai4bharat/IndicBART/resolve/main/config.json "HTTP/1.1 307 Temporary Redirect"
[2026-08-05 04:39:29,574] [INFO] HTTP Request: HEAD https://huggingface.co/api/resolve-cache/models/ai4bharat/IndicBART/78466a0c0e29f9229f7005623ecd6bc4243c0ae0/config.json "HTTP/1.1 200 OK"
[2026-08-05 04:39:29,802] [INFO] HTTP Request: HEAD https://huggingface.co/ai4bharat/IndicBART/resolve/main/tokenizer_config.json "HTTP/1.1 307 Temporary Redirect"
[2026-08-05 04:39:29,819] [INFO] HTTP Request: HEAD https://huggingface.co/api/resolve-cache/models/ai4bharat/IndicBART/78466a0c0e29f9229f7005623ecd6bc4243c0ae0/tokenizer_config.json "HTTP/1.1 200 OK"
[2026-08-05 04:39:30,039] [INFO] HTTP Request: HEAD https://huggingface.co/ai4bharat/IndicBART/resolve/main/tokenizer_config.json "HTTP/1.1 307 Temporary Redirect"
[2026-08-05 04:39:30,058] [INFO] HTTP Request: HEAD https://huggingface.co/api/resolve-cache/models/ai4bharat/IndicBART/78466a0c0e29f9229f7005623ecd6bc4243c0ae0/tokenizer_config.json "HTTP/1.1 200 OK"
[2026-08-05 04:39:30,282] [INFO] HTTP Request: GET https://huggingface.co/api/models/ai4bharat/IndicBART/tree/main/additional_chat_templates?recursive=false&expand=false "HTTP/1.1 404 Not Found"
[2026-08-05 04:39:30,509] [INFO] HTTP Request: GET https://huggingface.co/api/models/ai4bharat/IndicBART/tree/main?recursive=true&expand=false "HTTP/1.1 200 OK"
[2026-08-05 04:39:30,989] [INFO] HTTP Request: HEAD https://huggingface.co/ai4bharat/IndicBART/resolve/main/config.json "HTTP/1.1 307 Temporary Redirect"
[2026-08-05 04:39:31,007] [INFO] HTTP Request: HEAD https://huggingface.co/api/resolve-cache/models/ai4bharat/IndicBART/78466a0c0e29f9229f7005623ecd6bc4243c0ae0/config.json "HTTP/1.1 200 OK"
[2026-08-05 04:39:31,235] [INFO] HTTP Request: HEAD https://huggingface.co/ai4bharat/IndicBART/resolve/main/model.safetensors "HTTP/1.1 404 Not Found"
[2026-08-05 04:39:31,454] [INFO] HTTP Request: GET https://huggingface.co/api/models/ai4bharat/IndicBART "HTTP/1.1 200 OK"
[2026-08-05 04:39:31,695] [INFO] HTTP Request: GET https://huggingface.co/api/models/ai4bharat/IndicBART/commits/main "HTTP/1.1 200 OK"
[2026-08-05 04:39:31,938] [INFO] HTTP Request: GET https://huggingface.co/api/models/ai4bharat/IndicBART/discussions?p=0 "HTTP/1.1 200 OK"
[2026-08-05 04:39:32,170] [INFO] HTTP Request: GET https://huggingface.co/api/models/ai4bharat/IndicBART/commits/refs%2Fpr%2F2 "HTTP/1.1 200 OK"
[2026-08-05 04:39:32,391] [INFO] HTTP Request: HEAD https://huggingface.co/ai4bharat/IndicBART/resolve/refs%2Fpr%2F2/model.safetensors.index.json "HTTP/1.1 404 Not Found"
[2026-08-05 04:39:32,478] [INFO] HTTP Request: HEAD https://huggingface.co/ai4bharat/IndicBART/resolve/main/generation_config.json "HTTP/1.1 404 Not Found"
[2026-08-05 04:39:32,617] [INFO] HTTP Request: HEAD https://huggingface.co/ai4bharat/IndicBART/resolve/refs%2Fpr%2F2/model.safetensors "HTTP/1.1 302 Found"
[2026-08-05 04:39:32,696] [INFO] HTTP Request: HEAD https://huggingface.co/ai4bharat/IndicBART/resolve/main/config.json "HTTP/1.1 307 Temporary Redirect"
[2026-08-05 04:39:32,714] [INFO] HTTP Request: HEAD https://huggingface.co/api/resolve-cache/models/ai4bharat/IndicBART/78466a0c0e29f9229f7005623ecd6bc4243c0ae0/config.json "HTTP/1.1 200 OK"
[2026-08-05 04:39:40,426] [INFO] 
======================================================================
[2026-08-05 04:39:40,426] [INFO] RUNNING CROSS-VALIDATION: FOLD 1/5
[2026-08-05 04:39:40,427] [INFO] ======================================================================
[2026-08-05 04:39:40,427] [INFO] Fold 1 Training Samples   : 3,459
[2026-08-05 04:39:40,427] [INFO] Fold 1 Validation Samples : 864
[2026-08-05 04:44:35,663] [INFO] Generation Length Check: Avg Pred Words = 55.5 | Avg Ref Words = 8.7
[2026-08-05 04:44:35,663] [INFO] [Sample 1] Pred: 'त्यामुळं कर हा सरकारकडून करदात्यावर आकारला जाणारा एक अनिवार्य आर्थिक शुल्क आहे त्यापेक्षाही अधिक शुल्क आहे मला वाटते की, हे सरकारकडून करदातावर आकारले जाणारे शुल्क आहे आयकर हा सरकारकडून करदातेवर आकारला जाणारे एक अनिवार्य आर्थिकशुल्क आहे तिसऱ्यांदा आकारले जाते. ज्यांना कर हा सरकारकडून करण्यात येणारा एक अनिवार्य अर्थ शुल्क आहे त्यामुळेच कर हा सरकारकडून जीएसटी हा सरकारकडून करदात्यांसाठी आकारला जाणारी एक अनिवार्य आर्थिक फीस आहे त्यामुळंच शुल्क आहे' | Ref: 'कर हा सरकारकडून करदात्यावर आकारला जाणारा एक अनिवार्य आर्थिक शुल्क आहे हा सरकारचा एक नियम आहे'
[2026-08-05 04:44:35,664] [INFO] [Sample 2] Pred: 'मला रेशीम, लोकर आणि ज्यूट ही नैसर्गिक तंतूंची काही उदाहरणे आहेत ज्यांना त्यापेक्षाही जास्त नैसर्गिक तंतू असतात. त्यामुळंच मला वाटते. तुम्हाला माहीत आहे. मला वाटतं की रेशीम , लोकर, लोकर, ज्यूट, रेशीम हे नैसर्गिक तंतूंपैकी काही उदाहरणे मिळतातस नैसर्गिक तंतूंचे काही उदाहरणे म्हणजे रेशीमची काही उदाहरणेही आहेत.' | Ref: 'रेशीम, लोकर आणि ज्यूट ही नैसर्गिक तंतूंची काही उदाहरणे आहेत'
[2026-08-05 04:44:35,666] [INFO] [Sample 3] Pred: 'ज्यांना कोडो मिलेट प्रोटीन आहारातील फायबरने भरलेले आहे मला वाटते की त्यापेक्षाही अधिक प्रमाणात फायबरचे आहे त्यामुळंच मला वाटते का? तिसऱ्यांदाचे प्रोटीन आहारातीलफायबरमध्ये फायबरची गरज आहे. कोणाला? सपोरटस आहारातील फायाबरने भरले आहेला आहे ज्यांना ज्यांना ज्यांना ज्यांना वाटतंय.' | Ref: 'कोदो मिलेट प्रोटीन आहारातील फायबरने भरलेले आहे'
[2026-08-05 04:49:43,128] [INFO] Generation Length Check: Avg Pred Words = 37.4 | Avg Ref Words = 8.7
[2026-08-05 04:49:43,128] [INFO] [Sample 1] Pred: 'कर हा सरकारकडून करदात्यावर आकारला जाणारा एक अनिवार्य आर्थिक शुल्क आहे.ही सरकारकडून करदात्यांवर आकारला जाणारे आर्थिक शुल्क हे सरकारकडून करदात्याला आकारले जाणारे आर्थिक उत्पन्नावर आकारले जाणारी आर्थिक शुल्क नाही.ही शुल्क आहेच आहे.च असते.चे शुल्क आहेच.ही सरकारकडून करदातेवर आकारला जाणार आहेही आर्थिक शुल्क आहे.' | Ref: 'कर हा सरकारकडून करदात्यावर आकारला जाणारा एक अनिवार्य आर्थिक शुल्क आहे हा सरकारचा एक नियम आहे'
[2026-08-05 04:49:43,128] [INFO] [Sample 2] Pred: 'रेशीम, लोकर आणि ज्यूट ही नैसर्गिक तंतूंची काही उदाहरणे आहेतच नैसर्गिक तंतूंपैकी काही उदाहरणे म्हणजे रेशीम आणि ज्यूट हे नैसर्गिक तंतूंचे काही उदाहरणेही आहेतचे आहेतही नैसर्गिक तंतू आहेत.च.च नाही.स नैसर्गिक तंतूची काही उदाहरणे असतात.ी नैसर्गिक तंतूंच्या काही उदाहरणे आहे.' | Ref: 'रेशीम, लोकर आणि ज्यूट ही नैसर्गिक तंतूंची काही उदाहरणे आहेत'
[2026-08-05 04:49:43,128] [INFO] [Sample 3] Pred: 'कोडो मिलेट प्रोटीन आहारातील फायबरने भरलेले आहे-च फायबरमध्ये फायबरचे फायबर आणि फायबरमुळे भरलेले आहे.ही फायबर भरपूर प्रमाणात फायबर असतात.च.च काजूचे प्रोटीन आहारात फायबरची गरजेने भरलेली आहे' | Ref: 'कोदो मिलेट प्रोटीन आहारातील फायबरने भरलेले आहे'
[2026-08-05 04:54:48,675] [INFO] Generation Length Check: Avg Pred Words = 28.7 | Avg Ref Words = 8.7
[2026-08-05 04:54:48,675] [INFO] [Sample 1] Pred: 'कर हा सरकारकडून करदात्यावर आकारला जाणारा एक अनिवार्य आर्थिक शुल्क आहे. आर्थिक शुल्क हा सरकारकडून करदातावर आकारला जाणारे आर्थिक शुल्क आहे.ही शुल्क आहे- आर्थिक शुल्क हे सरकारकडून करदात्यांवर आकारले जाणारे एक अनिवार्य आर्थिकशुल्क आहेचे शुल्क आहे' | Ref: 'कर हा सरकारकडून करदात्यावर आकारला जाणारा एक अनिवार्य आर्थिक शुल्क आहे हा सरकारचा एक नियम आहे'
[2026-08-05 04:54:48,675] [INFO] [Sample 2] Pred: 'रेशीम, लोकर आणि ज्यूट ही नैसर्गिक तंतूंची काही उदाहरणे आहेत- रेशीम हे नैसर्गिक तंतूंचे काही उदाहरणे असतात.चे काही उदाहरणे म्हणजे रेशीम आणि लोकर ही नैसर्गिक तंतोतंत नैसर्गिक तंतूंपैकी काही उदाहरणेही आहेत.े आहेत.स नैसर्गिक तंतूची काही उदाहरणे आहे.' | Ref: 'रेशीम, लोकर आणि ज्यूट ही नैसर्गिक तंतूंची काही उदाहरणे आहेत'
[2026-08-05 04:54:48,675] [INFO] [Sample 3] Pred: 'कोडो मिलेट प्रोटीन आहारातील फायबरने भरलेले आहे' | Ref: 'कोदो मिलेट प्रोटीन आहारातील फायबरने भरलेले आहे'
[2026-08-05 04:56:53,721] [INFO] Generation Length Check: Avg Pred Words = 8.8 | Avg Ref Words = 8.7
[2026-08-05 04:56:53,721] [INFO] [Sample 1] Pred: 'कर हा सरकारकडून करदात्यावर आकारला जाणारा एक अनिवार्य आर्थिक शुल्क आहे' | Ref: 'कर हा सरकारकडून करदात्यावर आकारला जाणारा एक अनिवार्य आर्थिक शुल्क आहे हा सरकारचा एक नियम आहे'
[2026-08-05 04:56:53,721] [INFO] [Sample 2] Pred: 'रेशीम, लोकर आणि ज्यूट ही नैसर्गिक तंतूंची काही उदाहरणे आहेत' | Ref: 'रेशीम, लोकर आणि ज्यूट ही नैसर्गिक तंतूंची काही उदाहरणे आहेत'
[2026-08-05 04:56:53,721] [INFO] [Sample 3] Pred: 'कोडो मिलेट प्रोटीन आहारातील फायबरने भरलेले आहे' | Ref: 'कोदो मिलेट प्रोटीन आहारातील फायबरने भरलेले आहे'
[2026-08-05 04:58:57,262] [INFO] Generation Length Check: Avg Pred Words = 8.8 | Avg Ref Words = 8.7
[2026-08-05 04:58:57,262] [INFO] [Sample 1] Pred: 'कर हा सरकारकडून करदात्यावर आकारला जाणारा एक अनिवार्य आर्थिक शुल्क आहे' | Ref: 'कर हा सरकारकडून करदात्यावर आकारला जाणारा एक अनिवार्य आर्थिक शुल्क आहे हा सरकारचा एक नियम आहे'
[2026-08-05 04:58:57,263] [INFO] [Sample 2] Pred: 'रेशीम, लोकर आणि ज्यूट ही नैसर्गिक तंतूंची काही उदाहरणे आहेत' | Ref: 'रेशीम, लोकर आणि ज्यूट ही नैसर्गिक तंतूंची काही उदाहरणे आहेत'
[2026-08-05 04:58:57,263] [INFO] [Sample 3] Pred: 'कोडो मिलेट प्रोटीन आहारातील फायबरने भरलेले आहे' | Ref: 'कोदो मिलेट प्रोटीन आहारातील फायबरने भरलेले आहे'
[2026-08-05 04:59:11,158] [INFO] Fold 1 Step-Averaged Training Loss: 2.9239
[2026-08-05 04:59:11,158] [INFO] Evaluating Fold 1 on CV Validation Split (864 samples)...
[2026-08-05 05:00:03,796] [INFO] Generation Length Check: Avg Pred Words = 8.8 | Avg Ref Words = 8.7
[2026-08-05 05:00:03,796] [INFO] [Sample 1] Pred: 'कर हा सरकारकडून करदात्यावर आकारला जाणारा एक अनिवार्य आर्थिक शुल्क आहे' | Ref: 'कर हा सरकारकडून करदात्यावर आकारला जाणारा एक अनिवार्य आर्थिक शुल्क आहे हा सरकारचा एक नियम आहे'
[2026-08-05 05:00:03,796] [INFO] [Sample 2] Pred: 'रेशीम, लोकर आणि ज्यूट ही नैसर्गिक तंतूंची काही उदाहरणे आहेत' | Ref: 'रेशीम, लोकर आणि ज्यूट ही नैसर्गिक तंतूंची काही उदाहरणे आहेत'
[2026-08-05 05:00:03,797] [INFO] [Sample 3] Pred: 'कोडो मिलेट प्रोटीन आहारातील फायबरने भरलेले आहे' | Ref: 'कोदो मिलेट प्रोटीन आहारातील फायबरने भरलेले आहे'
[2026-08-05 05:00:03,798] [INFO] Fold 1 Val Loss: 0.7510  Val BLEU: 78.02  Val chrF: 91.58
[2026-08-05 05:00:03,798] [INFO] Evaluating Fold 1 on Held-Out Test Set (763 samples)...
[2026-08-05 05:00:48,990] [INFO] Generation Length Check: Avg Pred Words = 9.0 | Avg Ref Words = 8.9
[2026-08-05 05:00:48,990] [INFO] [Sample 1] Pred: 'फ्रँगीपानी हे एक सुगंधी फुलांचे झाड आहे ज्याला प्लुमेरिया असेही म्हणतात' | Ref: 'फ्रँगीपानी हे एक सुगंधी फुलांचे झाड आहे ज्याला प्लुमेरिया असेही म्हणतात'
[2026-08-05 05:00:48,990] [INFO] [Sample 2] Pred: 'कृषी वनीकरणात वनस्पती आणि मोठी झाडे यांच्यातील पोषणाचा समन्वय मुख्य आहे' | Ref: 'कृषी वनीकरणात, वनस्पती आणि झाडे यांच्यातील पोषणाचा समन्वय मुख्य आहे'
[2026-08-05 05:00:48,990] [INFO] [Sample 3] Pred: 'प्रून हे प्रूनस डोमेस्टीया जातीचे एक कडक मांसल फळ आहे ज्यामध्ये घन पदार्थांचे प्रमाण जास्त असते' | Ref: 'प्रून हे प्रूनस डोमेस्टीया जातीचे एक कडक मांसल फळ आहे ज्यामध्ये घन पदार्थांचे प्रमाण जास्त असते'
[2026-08-05 05:00:48,991] [INFO] Fold 1 Test Loss: 0.7602  Test BLEU: 76.75  Test chrF: 90.99
[2026-08-05 05:00:51,913] [INFO] Fold 1 complete. GPU memory freed.
[2026-08-05 05:00:51,913] [INFO] 
======================================================================
[2026-08-05 05:00:51,913] [INFO] RUNNING CROSS-VALIDATION: FOLD 2/5
[2026-08-05 05:00:51,913] [INFO] ======================================================================
[2026-08-05 05:00:51,913] [INFO] Fold 2 Training Samples   : 3,459
[2026-08-05 05:00:51,913] [INFO] Fold 2 Validation Samples : 864
[2026-08-05 05:05:51,381] [INFO] Generation Length Check: Avg Pred Words = 58.3 | Avg Ref Words = 8.8
[2026-08-05 05:05:51,381] [INFO] [Sample 1] Pred: 'त्यापेक्षा पिकं किती परकारचे रायते ? त्यापेक्षाही जास्त परकारचे आहेत? त्यापेक्षाही अधिक परकारचे आहे. त्यापेक्षाही कमी परकारचे काय? ज्यांना परकाराचे रायते? त्यापेक्षा जास्त परकावे लागतेय? कोणाला? जेवढेच परकावे लागेल. त्यापेक्षाही परकारचे? त्यापेक्षा जास्त? त्यामुळं पिकं किती? त्यापेक्षा किती परकावे? मला वाटते? तुम्हाला.' | Ref: 'किती परकारचे रायते आहे ?'
[2026-08-05 05:05:51,381] [INFO] [Sample 2] Pred: 'कर्ज परत करासाठी मले हर मइन्याची एक तारीख ठरुता येईन का? मला पैसे परत करासाठी एक मइन्याची, कर्ज परत करण्यासाठी एक मइना हवी आहे का? त्यापेक्षा जास्त? तुम्हाला कर्ज परत कराल का? त्यामुळं कर्ज परत कराच्या तारीख ठरु नकाशाने कर्ज परत कराची तारीख ठरुते का? तुमचे कर्ज परतफेडीची एक तारीख ठरू शकते का? ज्यांना कर्ज परत करवण्याकरीता कर्ज परत कर भरावे लागेल का? तिसऱ्या मइना?' | Ref: 'कर्ज परत करण्यासाठी मला एक तारीख कधी मिळेल का ?'
[2026-08-05 05:05:51,381] [INFO] [Sample 3] Pred: 'मला वाटते की जोखीम व्यवस्थापन म्हणजे जोखीम ओळखणे, मूल्यांकन करणे आणि प्राधान्य देणे त्यापेक्षा अधिक महत्त्वाचे आहे. ज्यांना जोखीम आहे त्यांना जोखीम ठरवणे आणि प्राधान्य देणे जेवढे महत्त्वाचे असते त्यापेक्षा जास्त आहे. त्यामुळं जोखीम प्रबंधन म्हणजे जोखीमे ओळखणे. त्यामुळेच जोखीमने मूल्यांकन करणे. तुम्हाला वाटते तेवढेच महत्वाचे आहे.च. कोणत्या गोष्टीला प्राधान्य देणे ज्यांना प्राधान्य देणेच. त्यापेक्षा अधिक महत्त्व देणे. गुंतवणुकीचे नियोजन करणे.' | Ref: 'जोखीम व्यवस्थापन म्हणजे जोखीम ओळखणे, मूल्यांकन करणे आणि प्राधान्य देणे'
[2026-08-05 05:10:54,968] [INFO] Generation Length Check: Avg Pred Words = 33.9 | Avg Ref Words = 8.8
[2026-08-05 05:10:54,968] [INFO] [Sample 1] Pred: 'पिकं किती परकारचे आहेत? पिकं किती प्रमाणात परकारचे रायते?पलीकडे पिकं किती चांगले आहेत?चे रायते का?चे रायते.' | Ref: 'किती परकारचे रायते आहे ?'
[2026-08-05 05:10:54,968] [INFO] [Sample 2] Pred: 'कर्ज परत करासाठी मला एक तारीख द्यावी लागेल का? मला कर्ज परत कराची एक तारीख ठरुन्याची एक तारीख असेल तर मी कर्ज परत कर भरण्यासाठी मला एक तारीख आहे का?.?च मला कर्ज परतफेडीसाठी मला कर्ज परत करण्यासाठी मला कर्ज परत मिळण्यासाठी मला कर्ज परत करण्याची एक तारीख मिळेल का?' | Ref: 'कर्ज परत करण्यासाठी मला एक तारीख कधी मिळेल का ?'
[2026-08-05 05:10:54,968] [INFO] [Sample 3] Pred: 'जोखीम व्यवस्थापन म्हणजे जोखीम ओळखणे, मूल्यांकन करणे आणि प्राधान्य देणे जोखीम नियोजन म्हणजे जोखीमे ओळखणे आणि प्राधान्य देणे. जोखीम नियंत्रण म्हणजे जोखीमने ओळखणे व प्राधान्य देणेचे मूल्यांकन करणे.च जोखीमाची जोखीम समजून घेणे आणि प्राधान्य देणे?' | Ref: 'जोखीम व्यवस्थापन म्हणजे जोखीम ओळखणे, मूल्यांकन करणे आणि प्राधान्य देणे'
[2026-08-05 05:16:03,062] [INFO] Generation Length Check: Avg Pred Words = 20.6 | Avg Ref Words = 8.8
[2026-08-05 05:16:03,062] [INFO] [Sample 1] Pred: 'पिकं किती परकारचे आहेत?' | Ref: 'किती परकारचे रायते आहे ?'
[2026-08-05 05:16:03,062] [INFO] [Sample 2] Pred: 'कर्ज परत करासाठी मला एक तारीख द्यावी लागेल का? मला कर्ज परत कराची एक तारीख ठरुता येईल का?. कर्ज परत कर भरण्यासाठी मला कर्ज परत करण्यासाठी मला कर्ज परत करण्याची एक तारीख ठरू शकते का?' | Ref: 'कर्ज परत करण्यासाठी मला एक तारीख कधी मिळेल का ?'
[2026-08-05 05:16:03,062] [INFO] [Sample 3] Pred: 'जोखीम व्यवस्थापन म्हणजे जोखीम ओळखणे, मूल्यांकन करणे आणि प्राधान्य देणे जोखीम नियंत्रण म्हणजे जोखीमने ओळखणे आणि प्राधान्य देणे. जोखीम नियोजन म्हणजे जोखीमे ओळखणे आणि मूल्यमापन करणे. जोखीम प्रबंधन म्हणजे जोखीमला ओळखणे आणि मूल्यांकन करणे.ी मूल्यांकन करणेचे व्यवस्थापन म्हणजे जोखणे.स जोखीमाची जोखीम समजून घेणे आणि प्राधान्य देणे-जोखीम निवडणे.' | Ref: 'जोखीम व्यवस्थापन म्हणजे जोखीम ओळखणे, मूल्यांकन करणे आणि प्राधान्य देणे'
[2026-08-05 05:18:08,810] [INFO] Generation Length Check: Avg Pred Words = 8.9 | Avg Ref Words = 8.8
[2026-08-05 05:18:08,810] [INFO] [Sample 1] Pred: 'पिकं किती परकारचे आहेत?' | Ref: 'किती परकारचे रायते आहे ?'
[2026-08-05 05:18:08,810] [INFO] [Sample 2] Pred: 'कर्ज परत करासाठी मला हर मइन्याची एक तारीख ठरुता येईल का?' | Ref: 'कर्ज परत करण्यासाठी मला एक तारीख कधी मिळेल का ?'
[2026-08-05 05:18:08,810] [INFO] [Sample 3] Pred: 'जोखीम व्यवस्थापन म्हणजे जोखीम ओळखणे, मूल्यांकन करणे आणि प्राधान्य देणे' | Ref: 'जोखीम व्यवस्थापन म्हणजे जोखीम ओळखणे, मूल्यांकन करणे आणि प्राधान्य देणे'
[2026-08-05 05:20:10,733] [INFO] Generation Length Check: Avg Pred Words = 8.9 | Avg Ref Words = 8.8
[2026-08-05 05:20:10,733] [INFO] [Sample 1] Pred: 'पिकं किती परकारचे आहेत?' | Ref: 'किती परकारचे रायते आहे ?'
[2026-08-05 05:20:10,733] [INFO] [Sample 2] Pred: 'कर्ज परत करासाठी मला हर मइन्याची एक तारीख ठरुता येईल का?' | Ref: 'कर्ज परत करण्यासाठी मला एक तारीख कधी मिळेल का ?'
[2026-08-05 05:20:10,733] [INFO] [Sample 3] Pred: 'जोखीम व्यवस्थापन म्हणजे जोखीम ओळखणे, मूल्यांकन करणे आणि प्राधान्य देणे' | Ref: 'जोखीम व्यवस्थापन म्हणजे जोखीम ओळखणे, मूल्यांकन करणे आणि प्राधान्य देणे'
[2026-08-05 05:20:23,815] [INFO] Fold 2 Step-Averaged Training Loss: 2.9445
[2026-08-05 05:20:23,815] [INFO] Evaluating Fold 2 on CV Validation Split (864 samples)...
[2026-08-05 05:21:16,387] [INFO] Generation Length Check: Avg Pred Words = 8.9 | Avg Ref Words = 8.8
[2026-08-05 05:21:16,387] [INFO] [Sample 1] Pred: 'पिकं किती परकारचे आहेत?' | Ref: 'किती परकारचे रायते आहे ?'
[2026-08-05 05:21:16,387] [INFO] [Sample 2] Pred: 'कर्ज परत करासाठी मला हर मइन्याची एक तारीख ठरुता येईल का?' | Ref: 'कर्ज परत करण्यासाठी मला एक तारीख कधी मिळेल का ?'
[2026-08-05 05:21:16,387] [INFO] [Sample 3] Pred: 'जोखीम व्यवस्थापन म्हणजे जोखीम ओळखणे, मूल्यांकन करणे आणि प्राधान्य देणे' | Ref: 'जोखीम व्यवस्थापन म्हणजे जोखीम ओळखणे, मूल्यांकन करणे आणि प्राधान्य देणे'
[2026-08-05 05:21:16,388] [INFO] Fold 2 Val Loss: 0.7302  Val BLEU: 78.31  Val chrF: 91.77
[2026-08-05 05:21:16,388] [INFO] Evaluating Fold 2 on Held-Out Test Set (763 samples)...
[2026-08-05 05:22:01,608] [INFO] Generation Length Check: Avg Pred Words = 9.0 | Avg Ref Words = 8.9
[2026-08-05 05:22:01,608] [INFO] [Sample 1] Pred: 'फ्रँगीपानी हे एक सुगंधी फुलांचे झाड आहे ज्याला प्लुमेरिया असेही म्हणतात' | Ref: 'फ्रँगीपानी हे एक सुगंधी फुलांचे झाड आहे ज्याला प्लुमेरिया असेही म्हणतात'
[2026-08-05 05:22:01,609] [INFO] [Sample 2] Pred: 'कृषी वनीकरणात वनस्पती आणि मोठी झाडे यांच्यातील पोषणाचा समन्वय मुख्य आहे' | Ref: 'कृषी वनीकरणात, वनस्पती आणि झाडे यांच्यातील पोषणाचा समन्वय मुख्य आहे'
[2026-08-05 05:22:01,609] [INFO] [Sample 3] Pred: 'प्रून हे प्रूनस डोमेस्टीया जातीचे एक कडक मांसल फळ आहे ज्यामध्ये घन पदार्थांचे प्रमाण जास्त असते' | Ref: 'प्रून हे प्रूनस डोमेस्टीया जातीचे एक कडक मांसल फळ आहे ज्यामध्ये घन पदार्थांचे प्रमाण जास्त असते'
[2026-08-05 05:22:01,610] [INFO] Fold 2 Test Loss: 0.7663  Test BLEU: 76.71  Test chrF: 91.01
[2026-08-05 05:22:04,477] [INFO] Fold 2 complete. GPU memory freed.
[2026-08-05 05:22:04,477] [INFO] 
======================================================================
[2026-08-05 05:22:04,477] [INFO] RUNNING CROSS-VALIDATION: FOLD 3/5
[2026-08-05 05:22:04,477] [INFO] ======================================================================
[2026-08-05 05:22:04,478] [INFO] Fold 3 Training Samples   : 3,459
[2026-08-05 05:22:04,478] [INFO] Fold 3 Validation Samples : 864
[2026-08-05 05:27:02,756] [INFO] Generation Length Check: Avg Pred Words = 57.3 | Avg Ref Words = 9.0
[2026-08-05 05:27:02,756] [INFO] [Sample 1] Pred: 'तुम्हाला माहित आहे का की नोंदणीकृत शेअर्स फायदेशीर आहेत का? मला माहित नाही का? तुम्हाला माहित असेल का? कोणत्या शेअरमध्ये गुंतवणूक फायदेशीर आहे? तुमचे पैसे फायदेशीर आहेत? कोणाला? तुम्हाला माहीत आहे का? मला? ज्यांना फायदेशीर आहेत? मला माहित आहे का, नोंदणीकृत शेअरस फायदेशीर आहेत का. तुमचा व्यवसाय फायदेशीर आहेत का का? त्यामुळं तुम्हाला माहित नाहीच काय? त्यापेक्षा जास्त पैसे मिळतील? तुम्हाला?' | Ref: 'तुम्हाला माहित आहे का की नोंदणीकृत शेअर्स फायदेशीर आहेत?'
[2026-08-05 05:27:02,756] [INFO] [Sample 2] Pred: 'त्यापेक्षा धान्य काढल्यानंतर प्लॅस्टीक पोत्यात काऊन ठेवू नये? कोणत्या पोत्यात ठेवावे? कोणाला द्यावे? त्यापेक्षा किती दिवसांनी काऊन ठेवावा? त्यापेक्षाही जास्त काळासाठी? त्यापेक्षाही अधिक धान्य काढावे? त्यापेक्षा जास्त काळासाठी काय करावे? ज्यांना प्लॅस्टिक पोत्यातच ठेवावे लागेल?.? त्यामुळं धान्य काढल्यानंतरही प्लॅस्टॉलरमध्ये काऊन ठेवावे लागते? त्यापेक्षा अधिक धान्य काढल्यानंतरच काऊन ठेवू नका? जेवढे?' | Ref: 'धान्य काढल्यानंतर प्लॅस्टिकच्या पोत्यात कसे ठेवावे?'
[2026-08-05 05:27:02,759] [INFO] [Sample 3] Pred: 'मला वाटते की, अमूलने भारतात श्वेत क्रांतीचा पाया घातला त्यामुळेच मला वाटतेय. भारतातील श्वेत क्रांतीला. त्यापेक्षाही अधिक महत्त्वाचे म्हणजे. जेवढेच आहे. ज्यांना भारतात श्वेत क्रांतीचे मार्गक्रमण करावे लागेल. कोणाला? त्यामुळंच काय? त्यापेक्षा जास्तच आहे.?. मला वाटतंय का? याविषयीची.?.अधिकाधिकंही.-अमूलच्या काळातली.' | Ref: 'अमूलने भारतात श्वेत क्रांतीचा पाया घातला'
[2026-08-05 05:32:08,727] [INFO] Generation Length Check: Avg Pred Words = 38.7 | Avg Ref Words = 9.0
[2026-08-05 05:32:08,727] [INFO] [Sample 1] Pred: 'तुम्हाला माहित आहे का की नोंदणीकृत शेअर्स फायदेशीर आहेत? नोंदणीकृत शेअरमध्ये गुंतवणूक फायदेशीर आहेत का?च काय? मला माहित आहे का? नोंदणीकृत शेअरस फायदेशीर आहेत का ?स?.चे शेअर्स फायदेशीर ठरतात का? नोंदणीकृत शेअरस्वारीचे फायदे आहेत का?' | Ref: 'तुम्हाला माहित आहे का की नोंदणीकृत शेअर्स फायदेशीर आहेत?'
[2026-08-05 05:32:08,727] [INFO] [Sample 2] Pred: 'धान्य काढल्यानंतर प्लॅस्टीक पोत्यात काऊन ठेवू नये?.?.?. कोणत्या पोत्यात कापून ठेवावे?स पोत्यात का?च काय?ही धान्य काढल्यानंतर त्या पोत्यात कांदे काऊन ठेवावेत?स का?ेने काऊन ठेवावे?' | Ref: 'धान्य काढल्यानंतर प्लॅस्टिकच्या पोत्यात कसे ठेवावे?'
[2026-08-05 05:32:08,728] [INFO] [Sample 3] Pred: 'अमूलने भारतात श्वेत क्रांतीचा पाया घातलासंध्येकडच्या काळात अमूलला श्वेत क्रांतीची सुरुवात झाली?.-च नव्हे तर अमूलने भारतामध्ये श्वेत क्रांतीचे पाया घातलाच आहे.च.च भारतात श्वेत क्रांतीचे दर्शन घडते.?.?' | Ref: 'अमूलने भारतात श्वेत क्रांतीचा पाया घातला'
[2026-08-05 05:37:15,323] [INFO] Generation Length Check: Avg Pred Words = 28.9 | Avg Ref Words = 9.0
[2026-08-05 05:37:15,324] [INFO] [Sample 1] Pred: 'तुम्हाला माहित आहे का की नोंदणीकृत शेअर्स फायदेशीर आहेत?' | Ref: 'तुम्हाला माहित आहे का की नोंदणीकृत शेअर्स फायदेशीर आहेत?'
[2026-08-05 05:37:15,324] [INFO] [Sample 2] Pred: 'धान्य काढल्यानंतर प्लॅस्टीक पोत्यात काऊन ठेवू नये?- धान्य काढल्यानंतर त्या पोत्यात कापून ठेवाव्यात?जचे धान्य काढून टाकावे का?च काय?.जॉली पोत्यात का?ेत काऊन ठेवावे?' | Ref: 'धान्य काढल्यानंतर प्लॅस्टिकच्या पोत्यात कसे ठेवावे?'
[2026-08-05 05:37:15,324] [INFO] [Sample 3] Pred: 'अमूलने भारतात श्वेत क्रांतीचा पाया घातला. अमूलला भारतात श्वेत क्रांतीचे पाया घालायचे असेल तर?.' | Ref: 'अमूलने भारतात श्वेत क्रांतीचा पाया घातला'
[2026-08-05 05:39:20,992] [INFO] Generation Length Check: Avg Pred Words = 9.1 | Avg Ref Words = 9.0
[2026-08-05 05:39:20,992] [INFO] [Sample 1] Pred: 'तुम्हाला माहित आहे का की नोंदणीकृत शेअर्स फायदेशीर आहेत?' | Ref: 'तुम्हाला माहित आहे का की नोंदणीकृत शेअर्स फायदेशीर आहेत?'
[2026-08-05 05:39:20,992] [INFO] [Sample 2] Pred: 'धान्य काढल्यानंतर प्लॅस्टीक पोत्यात काऊन ठेवू नये?' | Ref: 'धान्य काढल्यानंतर प्लॅस्टिकच्या पोत्यात कसे ठेवावे?'
[2026-08-05 05:39:20,992] [INFO] [Sample 3] Pred: 'अमूलने भारतात श्वेत क्रांतीचा पाया घातला' | Ref: 'अमूलने भारतात श्वेत क्रांतीचा पाया घातला'
[2026-08-05 05:41:24,562] [INFO] Generation Length Check: Avg Pred Words = 9.1 | Avg Ref Words = 9.0
[2026-08-05 05:41:24,562] [INFO] [Sample 1] Pred: 'तुम्हाला माहित आहे का की नोंदणीकृत शेअर्स फायदेशीर आहेत?' | Ref: 'तुम्हाला माहित आहे का की नोंदणीकृत शेअर्स फायदेशीर आहेत?'
[2026-08-05 05:41:24,563] [INFO] [Sample 2] Pred: 'धान्य काढल्यानंतर प्लॅस्टीक पोत्यात काऊन ठेवू नये?' | Ref: 'धान्य काढल्यानंतर प्लॅस्टिकच्या पोत्यात कसे ठेवावे?'
[2026-08-05 05:41:24,563] [INFO] [Sample 3] Pred: 'अमूलने भारतात श्वेत क्रांतीचा पाया घातला' | Ref: 'अमूलने भारतात श्वेत क्रांतीचा पाया घातला'
[2026-08-05 05:41:37,317] [INFO] Fold 3 Step-Averaged Training Loss: 2.9405
[2026-08-05 05:41:37,317] [INFO] Evaluating Fold 3 on CV Validation Split (864 samples)...
[2026-08-05 05:42:30,880] [INFO] Generation Length Check: Avg Pred Words = 9.1 | Avg Ref Words = 9.0
[2026-08-05 05:42:30,880] [INFO] [Sample 1] Pred: 'तुम्हाला माहित आहे का की नोंदणीकृत शेअर्स फायदेशीर आहेत?' | Ref: 'तुम्हाला माहित आहे का की नोंदणीकृत शेअर्स फायदेशीर आहेत?'
[2026-08-05 05:42:30,880] [INFO] [Sample 2] Pred: 'धान्य काढल्यानंतर प्लॅस्टीक पोत्यात काऊन ठेवू नये?' | Ref: 'धान्य काढल्यानंतर प्लॅस्टिकच्या पोत्यात कसे ठेवावे?'
[2026-08-05 05:42:30,880] [INFO] [Sample 3] Pred: 'अमूलने भारतात श्वेत क्रांतीचा पाया घातला' | Ref: 'अमूलने भारतात श्वेत क्रांतीचा पाया घातला'
[2026-08-05 05:42:30,881] [INFO] Fold 3 Val Loss: 0.7382  Val BLEU: 79.94  Val chrF: 91.94
[2026-08-05 05:42:30,882] [INFO] Evaluating Fold 3 on Held-Out Test Set (763 samples)...
[2026-08-05 05:43:15,958] [INFO] Generation Length Check: Avg Pred Words = 9.0 | Avg Ref Words = 8.9
[2026-08-05 05:43:15,958] [INFO] [Sample 1] Pred: 'फ्रँगीपानी हे एक सुगंधी फुलांचे झाड आहे ज्याला प्लुमेरिया असेही म्हणतात' | Ref: 'फ्रँगीपानी हे एक सुगंधी फुलांचे झाड आहे ज्याला प्लुमेरिया असेही म्हणतात'
[2026-08-05 05:43:15,958] [INFO] [Sample 2] Pred: 'कृषी वनीकरणात वनस्पती आणि मोठी झाडे यांच्यातील पोषणाचा समन्वय मुख्य आहे' | Ref: 'कृषी वनीकरणात, वनस्पती आणि झाडे यांच्यातील पोषणाचा समन्वय मुख्य आहे'
[2026-08-05 05:43:15,958] [INFO] [Sample 3] Pred: 'प्रून हे प्रूनस डोमेस्टीया जातीचे एक कडक मांसल फळ आहे ज्यामध्ये घन पदार्थांचे प्रमाण जास्त असते' | Ref: 'प्रून हे प्रूनस डोमेस्टीया जातीचे एक कडक मांसल फळ आहे ज्यामध्ये घन पदार्थांचे प्रमाण जास्त असते'
[2026-08-05 05:43:15,959] [INFO] Fold 3 Test Loss: 0.7645  Test BLEU: 76.73  Test chrF: 90.92
[2026-08-05 05:43:18,866] [INFO] Fold 3 complete. GPU memory freed.
[2026-08-05 05:43:18,866] [INFO] 
======================================================================
[2026-08-05 05:43:18,866] [INFO] RUNNING CROSS-VALIDATION: FOLD 4/5
[2026-08-05 05:43:18,866] [INFO] ======================================================================
[2026-08-05 05:43:18,866] [INFO] Fold 4 Training Samples   : 3,459
[2026-08-05 05:43:18,867] [INFO] Fold 4 Validation Samples : 864
[2026-08-05 05:48:22,215] [INFO] Generation Length Check: Avg Pred Words = 56.8 | Avg Ref Words = 9.0
[2026-08-05 05:48:22,216] [INFO] [Sample 1] Pred: 'त्यामुळं अपुर्या प्रमाणात साठवणूक घरे असल्याने पीक जास्त काळ सुरक्षित राहत नाही ज्यांना साठवणूक घरांची गरज आहे त्यांनाही साठवणूक करावी लागते. त्यापेक्षाही जास्त काळ साठवणूक करणे सोपे आहे. जेवढे पीक जास्त काळ टिकून राहते. त्यापेक्षाही अधिक काळ टिकते.च.ातील साठवणूकीचे पीक जास्त काळासाठी सुरक्षित राहते कापणीची साठवणूकाही सुरक्षित राहते. कोणाला?. मला वाटते. त्यापेक्षा जास्त काळासाठी साठवणूक' | Ref: 'अपुऱ्या प्रमाणात साठवणूक घरांमुळे पीक जास्त काळ सुरक्षित राहत नाही'
[2026-08-05 05:48:22,216] [INFO] [Sample 2] Pred: 'त्यापेक्षाही शेताचा उपयोग आपली अन्न पिके आणि फळे आणि भाजीपाला वाढवण्यासाठी केला जातो त्यापेक्षाही अधिक शेताचा उपयोग आपल्या अन्न पिके, फळे आणि भाज्यांसाठी केला जातो त्यामुळंच शेताच्या उत्पादनासाठी केला जातो तिसऱ्यांदाचा उपयोग आपली अन्नपिके आणि फळांच्या वाढीसाठी केला जातोसाठी केला जातो शेतकऱ्यांना शेतीसाठी केला जातो. त्यापेक्षाही जास्त प्रमाणात शेताचा उपयोग आपले अन्न पिके व फळे आणि फळे, भाजीपाण्यासाठी केला जातोसाठी केला जातो त्यापेक्षाही शेतीसाठी केला जात आहे' | Ref: 'शेताचा उपयोग आपली अन्न पिके, फळे आणि भाजीपाला वाढवण्यासाठी केला जातो.'
[2026-08-05 05:48:22,218] [INFO] [Sample 3] Pred: 'अंतराळात एरोपोनिक्स चा प्रकार एकोणिसाठ च्या दशकात पहिल्यांदा केला गेला त्यामुळं अंतराळातील एरोपोनीक्सचा प्रकार एकोणिसाव्या शतकात आणि त्यानंतरच्या दशकातही केला गेला आहे. त्यापेक्षा जास्त म्हणजे एकोणिसठच्या दशकात पहिल्यांदा एरोपोनिकसचा प्रकार एकोणीसाठच्या दशकांत पहिल्यांदा केला गेला. अंतराळवीरांचा प्रकार एकोणिसेकशेत पहिल्यांदा केला गेलाय. इस्राएलमध्ये एरोपोनिक्स्चा प्रकार एकोणा-या दशकात पहिल्यांदा झालाय का? अंतराळात? अंतराळातील अंतराळात एरो' | Ref: 'अंतराळात एरोपोनिक्सचा प्रकार एकोणिसाठच्या दशकात पहिल्यांदा केला गेला'
[2026-08-05 05:53:26,773] [INFO] Generation Length Check: Avg Pred Words = 40.5 | Avg Ref Words = 9.0
[2026-08-05 05:53:26,773] [INFO] [Sample 1] Pred: 'अपुर्या प्रमाणात साठवणूक घरे असल्याने पीक जास्त काळ सुरक्षित राहत नाही पीक जास्त काळ टिकते म्हणून पीक जास्त काळासाठी साठवणूक घरांमध्ये साठवणूक करणे शक्य आहेच आहेच.ही पीक जास्त काळ साठवणे सोपे जाते.च. पीक जास्त काळाची साठवणूकाही सुरक्षित राहते.च. पीक अधिक काळासाठी पीक जास्त काळ ठेवायला हवे आहे.' | Ref: 'अपुऱ्या प्रमाणात साठवणूक घरांमुळे पीक जास्त काळ सुरक्षित राहत नाही'
[2026-08-05 05:53:26,773] [INFO] [Sample 2] Pred: 'शेताचा उपयोग आपली अन्न पिके आणि फळे आणि भाजीपाला वाढवण्यासाठी केला जातो शेताचा उपयोग आपल्या अन्न पिके, फळे आणि भाज्यांच्या उत्पादनासाठी केला जातो. शेताचा वापर आपली अन्न पिण्यासाठी केला जातो शेतीसाठी केला जातो.च शेताचा उपयोग आपण पिकांसाठी केला जातो.ही शेताचा उपयोग आपले अन्न पिके व फळे आणि फळांचे उत्पादन वाढवण्यासाठी केला जात आहे.ाचा उपयोग आपल्या शेताचा उपयोग' | Ref: 'शेताचा उपयोग आपली अन्न पिके, फळे आणि भाजीपाला वाढवण्यासाठी केला जातो.'
[2026-08-05 05:53:26,775] [INFO] [Sample 3] Pred: 'अंतराळात एरोपोनिक्स चा प्रकार एकोणिसाठ च्या दशकात पहिल्यांदा केला गेला अंतराळात एरोपॉनिक्सचा प्रकार एकोणिसठच्या दशकात प्रथम केला गेला.?.स एरोपोनीक्सचा प्रकार म्हणजे एकोणिसाव्या शतकात पहिल्यांदा केला जातो.साचा प्रकार एकोणिसेकडच्या दशकात पहिल्यांदा वापरला गेला आहे.सप्लॅंडाच्या दशकात अंतराळात एरोपोलीसाचा प्रकार एकोणीसाठच्या दशकांत पहिल्यांदा' | Ref: 'अंतराळात एरोपोनिक्सचा प्रकार एकोणिसाठच्या दशकात पहिल्यांदा केला गेला'
[2026-08-05 05:58:36,112] [INFO] Generation Length Check: Avg Pred Words = 29.3 | Avg Ref Words = 9.0
[2026-08-05 05:58:36,112] [INFO] [Sample 1] Pred: 'अपुर्या प्रमाणात साठवणूक घरे असल्याने पीक जास्त काळ सुरक्षित राहत नाही पीक जास्त काळ टिकून राहत नाही' | Ref: 'अपुऱ्या प्रमाणात साठवणूक घरांमुळे पीक जास्त काळ सुरक्षित राहत नाही'
[2026-08-05 05:58:36,113] [INFO] [Sample 2] Pred: 'शेताचा उपयोग आपली अन्न पिके आणि फळे आणि भाजीपाला वाढवण्यासाठी केला जातो शेताचा उपयोग आपल्या अन्न पिके, फळे आणि फळांचा वापर आपली अन्नधान्ये आणि भाजीपाण्यासाठी केला जातोही शेताचा उपयोग आपण पिकांसाठी केला जातोसाठी केला जातो' | Ref: 'शेताचा उपयोग आपली अन्न पिके, फळे आणि भाजीपाला वाढवण्यासाठी केला जातो.'
[2026-08-05 05:58:36,113] [INFO] [Sample 3] Pred: 'अंतराळात एरोपोनिक्सचा प्रकार एकोणिसाठच्या दशकात पहिल्यांदा केला गेला अंतराळात एरोपॉनिक्स चा प्रकार एकोणिसठ च्या दशकात प्रथम केला गेला.- एरोपोनिक्स्चा प्रकार एकोणीसाव्या शतकात पहिल्यांदा केला जातो.साचा प्रकार एकोणिसेकडच्या दशकात अंतराळात एरोप्निक्सचा प्रयोग एकोणिसाव्या शतकाच्या सुरुवातीलाच केला गेला आहे.साच्या दशकात.शाच्या दशकात एरोपो' | Ref: 'अंतराळात एरोपोनिक्सचा प्रकार एकोणिसाठच्या दशकात पहिल्यांदा केला गेला'
[2026-08-05 06:00:39,860] [INFO] Generation Length Check: Avg Pred Words = 9.1 | Avg Ref Words = 9.0
[2026-08-05 06:00:39,861] [INFO] [Sample 1] Pred: 'अपुर्या प्रमाणात साठवणूक घरे असल्याने पीक जास्त काळ सुरक्षित राहत नाही' | Ref: 'अपुऱ्या प्रमाणात साठवणूक घरांमुळे पीक जास्त काळ सुरक्षित राहत नाही'
[2026-08-05 06:00:39,861] [INFO] [Sample 2] Pred: 'शेताचा उपयोग आपली अन्न पिके आणि फळे आणि भाजीपाला वाढवण्यासाठी केला जातो' | Ref: 'शेताचा उपयोग आपली अन्न पिके, फळे आणि भाजीपाला वाढवण्यासाठी केला जातो.'
[2026-08-05 06:00:39,861] [INFO] [Sample 3] Pred: 'अंतराळात एरोपोनिक्सचा प्रकार एकोणिसाठच्या दशकात पहिल्यांदा केला गेला' | Ref: 'अंतराळात एरोपोनिक्सचा प्रकार एकोणिसाठच्या दशकात पहिल्यांदा केला गेला'
[2026-08-05 06:02:46,932] [INFO] Generation Length Check: Avg Pred Words = 9.1 | Avg Ref Words = 9.0
[2026-08-05 06:02:46,932] [INFO] [Sample 1] Pred: 'अपुर्या प्रमाणात साठवणूक घरे असल्याने पीक जास्त काळ सुरक्षित राहत नाही' | Ref: 'अपुऱ्या प्रमाणात साठवणूक घरांमुळे पीक जास्त काळ सुरक्षित राहत नाही'
[2026-08-05 06:02:46,932] [INFO] [Sample 2] Pred: 'शेताचा उपयोग आपली अन्न पिके आणि फळे आणि भाजीपाला वाढवण्यासाठी केला जातो' | Ref: 'शेताचा उपयोग आपली अन्न पिके, फळे आणि भाजीपाला वाढवण्यासाठी केला जातो.'
[2026-08-05 06:02:46,932] [INFO] [Sample 3] Pred: 'अंतराळात एरोपोनिक्सचा प्रकार एकोणिसाठच्या दशकात पहिल्यांदा केला गेला' | Ref: 'अंतराळात एरोपोनिक्सचा प्रकार एकोणिसाठच्या दशकात पहिल्यांदा केला गेला'
[2026-08-05 06:02:59,408] [INFO] Fold 4 Step-Averaged Training Loss: 2.9390
[2026-08-05 06:02:59,408] [INFO] Evaluating Fold 4 on CV Validation Split (864 samples)...
[2026-08-05 06:03:52,105] [INFO] Generation Length Check: Avg Pred Words = 9.1 | Avg Ref Words = 9.0
[2026-08-05 06:03:52,105] [INFO] [Sample 1] Pred: 'अपुर्या प्रमाणात साठवणूक घरे असल्याने पीक जास्त काळ सुरक्षित राहत नाही' | Ref: 'अपुऱ्या प्रमाणात साठवणूक घरांमुळे पीक जास्त काळ सुरक्षित राहत नाही'
[2026-08-05 06:03:52,105] [INFO] [Sample 2] Pred: 'शेताचा उपयोग आपली अन्न पिके आणि फळे आणि भाजीपाला वाढवण्यासाठी केला जातो' | Ref: 'शेताचा उपयोग आपली अन्न पिके, फळे आणि भाजीपाला वाढवण्यासाठी केला जातो.'
[2026-08-05 06:03:52,105] [INFO] [Sample 3] Pred: 'अंतराळात एरोपोनिक्सचा प्रकार एकोणिसाठच्या दशकात पहिल्यांदा केला गेला' | Ref: 'अंतराळात एरोपोनिक्सचा प्रकार एकोणिसाठच्या दशकात पहिल्यांदा केला गेला'
[2026-08-05 06:03:52,106] [INFO] Fold 4 Val Loss: 0.7255  Val BLEU: 78.66  Val chrF: 91.86
[2026-08-05 06:03:52,107] [INFO] Evaluating Fold 4 on Held-Out Test Set (763 samples)...
[2026-08-05 06:04:37,410] [INFO] Generation Length Check: Avg Pred Words = 9.0 | Avg Ref Words = 8.9
[2026-08-05 06:04:37,410] [INFO] [Sample 1] Pred: 'फ्रँगीपानी हे एक सुगंधी फुलांचे झाड आहे ज्याला प्लुमेरिया असेही म्हणतात' | Ref: 'फ्रँगीपानी हे एक सुगंधी फुलांचे झाड आहे ज्याला प्लुमेरिया असेही म्हणतात'
[2026-08-05 06:04:37,410] [INFO] [Sample 2] Pred: 'कृषी वनीकरणात वनस्पती आणि मोठी झाडे यांच्यातील पोषणाचा समन्वय मुख्य आहे' | Ref: 'कृषी वनीकरणात, वनस्पती आणि झाडे यांच्यातील पोषणाचा समन्वय मुख्य आहे'
[2026-08-05 06:04:37,410] [INFO] [Sample 3] Pred: 'प्रून हे प्रूनस डोमेस्टीया जातीचे एक कडक मांसल फळ आहे ज्यामध्ये घन पदार्थांचे प्रमाण जास्त असते' | Ref: 'प्रून हे प्रूनस डोमेस्टीया जातीचे एक कडक मांसल फळ आहे ज्यामध्ये घन पदार्थांचे प्रमाण जास्त असते'
[2026-08-05 06:04:37,411] [INFO] Fold 4 Test Loss: 0.7638  Test BLEU: 76.49  Test chrF: 90.85
[2026-08-05 06:04:40,269] [INFO] Fold 4 complete. GPU memory freed.
[2026-08-05 06:04:40,269] [INFO] 
======================================================================
[2026-08-05 06:04:40,269] [INFO] RUNNING CROSS-VALIDATION: FOLD 5/5
[2026-08-05 06:04:40,269] [INFO] ======================================================================
[2026-08-05 06:04:40,269] [INFO] Fold 5 Training Samples   : 3,456
[2026-08-05 06:04:40,269] [INFO] Fold 5 Validation Samples : 867
[2026-08-05 06:09:39,922] [INFO] Generation Length Check: Avg Pred Words = 56.8 | Avg Ref Words = 8.8
[2026-08-05 06:09:39,923] [INFO] [Sample 1] Pred: 'जेव्हा एखाद्या व्यक्तीने त्याच्या डिमॅट खात्यात ठेवलेले स्टॉक दररोज बाजारात चिन्हांकित केले जातात त्यापेक्षाही जास्त दिवसांनी खरेदी केले जातात कोणत्या स्टॉकमध्ये? त्यामुळंच.सप्टेंबरमध्ये दररोज बाजारात विक्रीसाठी ठेवलेला स्टॉक दररोज बाजारात येतोय. त्यापेक्षाही कमी असतो. त्यापेक्षा जास्त स्टॉक दररोज बाजारातच असतो. त्यापेक्षाही अधिक स्टॉक दररोज बाजारात आहे. मला वाटतेय. त्यापेक्षाही किती स्टॉक्स दररोज बाजारात चिन्हे असतात. कोणाला विकत घेता येतात. ज्यांना डिमॅट खात्यात ठेवावीत. त्यापेक्षा अधिक स्टॉक्सचे स्टॉक दररोज बाजारात' | Ref: 'एखाद्या व्यक्तीने त्याच्या डिमॅट खात्यात ठेवलेले स्टॉक दररोज बाजारात चिन्हांकित केले जातात'
[2026-08-05 06:09:39,923] [INFO] [Sample 2] Pred: 'मला वाटते की मैदा गव्हाच्या पिठापासून तयार केला जातो आणि तो जास्त काळ टिकावा म्हणून प्रिझर्व्हेटिव्ह टाकले जातात त्यापेक्षा जास्त काळ टिकून राहावा म्हणून. मला वाटतं की, मला वाटते की, मला जास्त काळ टिकाव म्हणून प्रिझरव्हेटिव्ह टाकले जाते. मला वाटते. मलाही वाटतेय. मला आवडते. मला जास्त काळ टिकवावे लागते. ज्यांना जास्त काळ टिकावे म्हणून प्रिझरेटिव्ह टाकले जातात. त्यामुळंच काय, मला वाटतंय का? मला वाटते का? मलाही नाही. मला जास्त वेळ टिकावा' | Ref: 'मैदा गव्हाच्या पिठापासून तयार केला जातो आणि तो जास्त काळ टिकवण्यासाठी प्रिझर्व्हेटिव्ह टाकले जातात.'
[2026-08-05 06:09:39,925] [INFO] [Sample 3] Pred: 'तुम्हाला डाक बचतीचे व्याज दरमहा तुमच्या खात्यात जमा होत नाही हे तुम्हाला माहीत आहे का ? मला माहीत आहे का? तुम्हाला माहीत नाही का? तुमचे पैसे दरमहा जमा होतात का? त्यापेक्षाही जास्त पैसे तुमच्या खात्यात जमा होतात का ? तुम्हाला माहीत आहे. तुम्हाला माहीत आहेत का? त्यामुळंच तुमच्या खात्यात जमा होतील का? तुमचा बँक खात्यात जमा होतो का? कोणत्या खात्यात जमा होतात? तुम्हाला? मला माहीत नसेल तर तुम्हाला माहीत नाही? तुम्हाला माहित नाही? तुमची बँक खात्यात जमा होत नाहीत? मला? त्यामुळेच तुमच्या खात्यात किती रक्कम जमा होते का? कोणाला?' | Ref: 'डाक बचतीचे व्याज दरमहा तुमच्या खात्यात जमा होत नाही हे तुम्हाला माहीत आहे का?'
[2026-08-05 06:14:50,078] [INFO] Generation Length Check: Avg Pred Words = 41.6 | Avg Ref Words = 8.8
[2026-08-05 06:14:50,078] [INFO] [Sample 1] Pred: 'एखाद्या व्यक्तीने त्याच्या डिमॅट खात्यात ठेवलेले स्टॉक दररोज बाजारात चिन्हांकित केले जातात दररोज बाजारात चिन्हे आणि दररोज बाजारात खरेदी केलेल्या स्टॉकमध्ये चिन्हांकित केलेले स्टॉक दररोज बाजारात उपलब्ध असतात.च स्टॉक दररोज बाजारात मूल्यमाले जातातच शेअर बाजारात चिन्हे आहेतंवरील स्टॉक दररोज बाजारात विक्रीसाठी दररोज बाजारात चिन्हांवर चिन्हे आहेत.' | Ref: 'एखाद्या व्यक्तीने त्याच्या डिमॅट खात्यात ठेवलेले स्टॉक दररोज बाजारात चिन्हांकित केले जातात'
[2026-08-05 06:14:50,078] [INFO] [Sample 2] Pred: 'मैदा गव्हाच्या पिठापासून तयार केला जातो आणि तो जास्त काळ टिकावा म्हणून प्रिझर्व्हेटिव्ह टाकले जातातमध्ये मैदा गव्हाचे पिठापासून तयार केले जाते आणि तो जास्त वेळ टिकावा म्हणून प्रीझर्व्हेटीटिव्ह टाकले जातात. गव्हाचे पिठापासून तयार करण्यात आले आहे. मला जास्त काळ टिकावे म्हणून प्रिझरॉनचे पिठाचा पिठापासून तयार करून तो जास्त काळ टिकवून ठेवता येईल का?ने जास्त काळ टिकावतो' | Ref: 'मैदा गव्हाच्या पिठापासून तयार केला जातो आणि तो जास्त काळ टिकवण्यासाठी प्रिझर्व्हेटिव्ह टाकले जातात.'
[2026-08-05 06:14:50,081] [INFO] [Sample 3] Pred: 'डाक बचतीचे व्याज दरमहा तुमच्या खात्यात जमा होत नाही हे तुम्हाला माहीत आहे का? तुमच्या खात्यात जमा होणारे व्याज दरमहा तुमचे पैसे जमा होत नाहीत हे तुम्हाला माहीत नाही का?.? तुमच्या खात्यात जमा होतात का?.चे व्याज दरमहा तुम्हाला पैसे जमा करायचे असल्यास तुमच्या खात्यात जमा होतील का? तुमच्या खात्यात जमा होते का? तुमच्या खात्यात जमा झाले नाही हे तुम्हाला माहित नसेल का?' | Ref: 'डाक बचतीचे व्याज दरमहा तुमच्या खात्यात जमा होत नाही हे तुम्हाला माहीत आहे का?'
[2026-08-05 06:20:01,546] [INFO] Generation Length Check: Avg Pred Words = 25.8 | Avg Ref Words = 8.8
[2026-08-05 06:20:01,546] [INFO] [Sample 1] Pred: 'एखाद्या व्यक्तीने त्याच्या डिमॅट खात्यात ठेवलेले स्टॉक दररोज बाजारात चिन्हांकित केले जातात' | Ref: 'एखाद्या व्यक्तीने त्याच्या डिमॅट खात्यात ठेवलेले स्टॉक दररोज बाजारात चिन्हांकित केले जातात'
[2026-08-05 06:20:01,546] [INFO] [Sample 2] Pred: 'मैदा गव्हाच्या पिठापासून तयार केला जातो आणि तो जास्त काळ टिकावा म्हणून प्रिझर्व्हेटिव्ह टाकले जातात' | Ref: 'मैदा गव्हाच्या पिठापासून तयार केला जातो आणि तो जास्त काळ टिकवण्यासाठी प्रिझर्व्हेटिव्ह टाकले जातात.'
[2026-08-05 06:20:01,546] [INFO] [Sample 3] Pred: 'डाक बचतीचे व्याज दरमहा तुमच्या खात्यात जमा होत नाही हे तुम्हाला माहीत आहे का? तुमच्या खात्यात जमा होणारे व्याज दरमहा तुमचे खाते खातेदारांचे व्याज दरमहा किती पैसे जमा होतात हे तुम्हाला माहीत नाही का?.ही तुमच्या खात्यात जमा होतात का? तुमच्या खात्यात जमा होतील का?च मला माहीत आहे का ?ही पैसे जमा होतात?चे व्याज दरमहा तुम्हाला माहीत नाही हे तुम्हाला माहित आहे का?' | Ref: 'डाक बचतीचे व्याज दरमहा तुमच्या खात्यात जमा होत नाही हे तुम्हाला माहीत आहे का?'
[2026-08-05 06:22:07,505] [INFO] Generation Length Check: Avg Pred Words = 8.9 | Avg Ref Words = 8.8
[2026-08-05 06:22:07,505] [INFO] [Sample 1] Pred: 'एखाद्या व्यक्तीने त्याच्या डिमॅट खात्यात ठेवलेले स्टॉक दररोज बाजारात चिन्हांकित केले जातात' | Ref: 'एखाद्या व्यक्तीने त्याच्या डिमॅट खात्यात ठेवलेले स्टॉक दररोज बाजारात चिन्हांकित केले जातात'
[2026-08-05 06:22:07,505] [INFO] [Sample 2] Pred: 'मैदा गव्हाच्या पिठापासून तयार केला जातो आणि तो जास्त काळ टिकावा म्हणून प्रिझर्व्हेटिव्ह टाकले जातात' | Ref: 'मैदा गव्हाच्या पिठापासून तयार केला जातो आणि तो जास्त काळ टिकवण्यासाठी प्रिझर्व्हेटिव्ह टाकले जातात.'
[2026-08-05 06:22:07,505] [INFO] [Sample 3] Pred: 'डाक बचतीचे व्याज दरमहा तुमच्या खात्यात जमा होत नाही हे तुम्हाला माहीत आहे का?' | Ref: 'डाक बचतीचे व्याज दरमहा तुमच्या खात्यात जमा होत नाही हे तुम्हाला माहीत आहे का?'
[2026-08-05 06:24:12,125] [INFO] Generation Length Check: Avg Pred Words = 8.9 | Avg Ref Words = 8.8
[2026-08-05 06:24:12,125] [INFO] [Sample 1] Pred: 'एखाद्या व्यक्तीने त्याच्या डिमॅट खात्यात ठेवलेले स्टॉक दररोज बाजारात चिन्हांकित केले जातात' | Ref: 'एखाद्या व्यक्तीने त्याच्या डिमॅट खात्यात ठेवलेले स्टॉक दररोज बाजारात चिन्हांकित केले जातात'
[2026-08-05 06:24:12,125] [INFO] [Sample 2] Pred: 'मैदा गव्हाच्या पिठापासून तयार केला जातो आणि तो जास्त काळ टिकावा म्हणून प्रिझर्व्हेटिव्ह टाकले जातात' | Ref: 'मैदा गव्हाच्या पिठापासून तयार केला जातो आणि तो जास्त काळ टिकवण्यासाठी प्रिझर्व्हेटिव्ह टाकले जातात.'
[2026-08-05 06:24:12,125] [INFO] [Sample 3] Pred: 'डाक बचतीचे व्याज दरमहा तुमच्या खात्यात जमा होत नाही हे तुम्हाला माहीत आहे का?' | Ref: 'डाक बचतीचे व्याज दरमहा तुमच्या खात्यात जमा होत नाही हे तुम्हाला माहीत आहे का?'
[2026-08-05 06:24:23,755] [INFO] Fold 5 Step-Averaged Training Loss: 2.9516
[2026-08-05 06:24:23,755] [INFO] Evaluating Fold 5 on CV Validation Split (867 samples)...
[2026-08-05 06:25:15,338] [INFO] Generation Length Check: Avg Pred Words = 8.9 | Avg Ref Words = 8.8
[2026-08-05 06:25:15,338] [INFO] [Sample 1] Pred: 'एखाद्या व्यक्तीने त्याच्या डिमॅट खात्यात ठेवलेले स्टॉक दररोज बाजारात चिन्हांकित केले जातात' | Ref: 'एखाद्या व्यक्तीने त्याच्या डिमॅट खात्यात ठेवलेले स्टॉक दररोज बाजारात चिन्हांकित केले जातात'
[2026-08-05 06:25:15,338] [INFO] [Sample 2] Pred: 'मैदा गव्हाच्या पिठापासून तयार केला जातो आणि तो जास्त काळ टिकावा म्हणून प्रिझर्व्हेटिव्ह टाकले जातात' | Ref: 'मैदा गव्हाच्या पिठापासून तयार केला जातो आणि तो जास्त काळ टिकवण्यासाठी प्रिझर्व्हेटिव्ह टाकले जातात.'
[2026-08-05 06:25:15,338] [INFO] [Sample 3] Pred: 'डाक बचतीचे व्याज दरमहा तुमच्या खात्यात जमा होत नाही हे तुम्हाला माहीत आहे का?' | Ref: 'डाक बचतीचे व्याज दरमहा तुमच्या खात्यात जमा होत नाही हे तुम्हाला माहीत आहे का?'
[2026-08-05 06:25:15,339] [INFO] Fold 5 Val Loss: 0.7656  Val BLEU: 78.44  Val chrF: 91.41
[2026-08-05 06:25:15,339] [INFO] Evaluating Fold 5 on Held-Out Test Set (763 samples)...
[2026-08-05 06:26:00,417] [INFO] Generation Length Check: Avg Pred Words = 9.0 | Avg Ref Words = 8.9
[2026-08-05 06:26:00,417] [INFO] [Sample 1] Pred: 'फ्रँगीपानी हे एक सुगंधी फुलांचे झाड आहे ज्याला प्लुमेरिया असेही म्हणतात' | Ref: 'फ्रँगीपानी हे एक सुगंधी फुलांचे झाड आहे ज्याला प्लुमेरिया असेही म्हणतात'
[2026-08-05 06:26:00,417] [INFO] [Sample 2] Pred: 'कृषी वनीकरणात वनस्पती आणि मोठी झाडे यांच्यातील पोषणाचा समन्वय मुख्य आहे' | Ref: 'कृषी वनीकरणात, वनस्पती आणि झाडे यांच्यातील पोषणाचा समन्वय मुख्य आहे'
[2026-08-05 06:26:00,417] [INFO] [Sample 3] Pred: 'प्रून हे प्रूनस डोमेस्टीया जातीचे एक कडक मांसल फळ आहे ज्यामध्ये घन पदार्थांचे प्रमाण जास्त असते' | Ref: 'प्रून हे प्रूनस डोमेस्टीया जातीचे एक कडक मांसल फळ आहे ज्यामध्ये घन पदार्थांचे प्रमाण जास्त असते'
[2026-08-05 06:26:00,418] [INFO] Fold 5 Test Loss: 0.7722  Test BLEU: 76.47  Test chrF: 90.89
[2026-08-05 06:26:03,290] [INFO] Fold 5 complete. GPU memory freed.
[2026-08-05 06:26:03,295] [INFO] 
======================================================================
[2026-08-05 06:26:03,295] [INFO] 3-FOLD CROSS VALIDATION & TEST EVALUATION COMPLETED!
[2026-08-05 06:26:03,295] [INFO] ======================================================================
[2026-08-05 06:26:03,296] [INFO] Avg Val  Loss: 0.7421  |  BLEU: 78.67  |  chrF: 91.71
[2026-08-05 06:26:03,296] [INFO] Avg Test Loss: 0.7654  |  BLEU: 76.63  |  chrF: 90.93
[2026-08-05 06:26:03,296] [INFO] CV Summary saved to: D:\dialect-norm\models\indicbart_d4\cv_summary.json
[2026-08-05 06:26:03,296] [INFO] CV Summary saved to: D:\dialect-norm\models\indicbart_d4\cv_summary.yaml
[2026-08-05 06:26:03,297] [INFO] ======================================================================
[2026-08-05 06:26:03,397] [INFO] --- [SUCCESS] D4 Varhadi 16k completed in 106.58 minutes ---
[2026-08-05 06:26:03,397] [INFO] 
================================================================================
[2026-08-05 06:26:03,397] [INFO] STARTING IndicBART 16k VARIANT: D124 Combined 16k
[2026-08-05 06:26:03,397] [INFO] ================================================================================
