[2026-08-03 00:57:39,648] [INFO] Training log file: D:\dialect-norm\logs\train_indicbart_d4_32k.log
[2026-08-03 00:57:39,648] [INFO] ======================================================================
[2026-08-03 00:57:39,649] [INFO] INDICBART FINE-TUNING (OPTION B: 85/15 STRATIFIED SPLIT + 5-FOLD CV)
[2026-08-03 00:57:39,649] [INFO] ======================================================================
[2026-08-03 00:57:39,649] [INFO] Target Model            : ai4bharat/IndicBART
[2026-08-03 00:57:39,649] [INFO] Output Directory        : D:\dialect-norm\models\indicbart_d4_32k
[2026-08-03 00:57:39,649] [INFO] Epochs per Fold         : 5
[2026-08-03 00:57:39,650] [INFO] Batch Size              : 16
[2026-08-03 00:57:39,664] [INFO] Gradient Accum Steps    : 2
[2026-08-03 00:57:39,664] [INFO] Effective Batch Size    : 32
[2026-08-03 00:57:39,664] [INFO] Learning Rate           : 5e-05
[2026-08-03 00:57:39,664] [INFO] Weight Decay            : 0.01
[2026-08-03 00:57:39,664] [INFO] Warmup Ratio            : 0.1
[2026-08-03 00:57:39,664] [INFO] Early Stopping Patience : 2
[2026-08-03 00:57:39,664] [INFO] Max Input / Target Len  : 128 / 128
[2026-08-03 00:57:39,664] [INFO] Random Seed             : 42
[2026-08-03 00:57:39,665] [INFO] ======================================================================
[2026-08-03 00:57:39,946] [INFO] Loaded 10,155 parallel samples from 2 CSV file(s).
[2026-08-03 00:57:39,959] [INFO] Total Dataset Size      : 10,155 pairs
[2026-08-03 00:57:39,959] [INFO] 85% Training Pool       : 8,631 pairs
[2026-08-03 00:57:39,959] [INFO] 15% Held-Out Test       : 1,524 pairs
[2026-08-03 00:57:39,964] [INFO]   Train Pool distribution: {'D4': 8631}
[2026-08-03 00:57:39,964] [INFO]   Test Set distribution: {'D4': 1524}
[2026-08-03 00:57:39,965] [INFO] Downloading and caching base model 'ai4bharat/IndicBART' to D:\dialect-norm\models\indicbart_d4_32k\base_model...
[2026-08-03 00:57:40,365] [INFO] HTTP Request: HEAD https://huggingface.co/ai4bharat/IndicBART/resolve/main/config.json "HTTP/1.1 307 Temporary Redirect"
[2026-08-03 00:57:40,390] [INFO] HTTP Request: HEAD https://huggingface.co/api/resolve-cache/models/ai4bharat/IndicBART/78466a0c0e29f9229f7005623ecd6bc4243c0ae0/config.json "HTTP/1.1 200 OK"
[2026-08-03 00:57:40,618] [INFO] HTTP Request: HEAD https://huggingface.co/ai4bharat/IndicBART/resolve/main/tokenizer_config.json "HTTP/1.1 307 Temporary Redirect"
[2026-08-03 00:57:40,833] [INFO] HTTP Request: HEAD https://huggingface.co/api/resolve-cache/models/ai4bharat/IndicBART/78466a0c0e29f9229f7005623ecd6bc4243c0ae0/tokenizer_config.json "HTTP/1.1 200 OK"
[2026-08-03 00:57:41,062] [INFO] HTTP Request: HEAD https://huggingface.co/ai4bharat/IndicBART/resolve/main/tokenizer_config.json "HTTP/1.1 307 Temporary Redirect"
[2026-08-03 00:57:41,086] [INFO] HTTP Request: HEAD https://huggingface.co/api/resolve-cache/models/ai4bharat/IndicBART/78466a0c0e29f9229f7005623ecd6bc4243c0ae0/tokenizer_config.json "HTTP/1.1 200 OK"
[2026-08-03 00:57:41,317] [INFO] HTTP Request: GET https://huggingface.co/api/models/ai4bharat/IndicBART/tree/main/additional_chat_templates?recursive=false&expand=false "HTTP/1.1 404 Not Found"
[2026-08-03 00:57:41,545] [INFO] HTTP Request: GET https://huggingface.co/api/models/ai4bharat/IndicBART/tree/main?recursive=true&expand=false "HTTP/1.1 200 OK"
[2026-08-03 00:57:42,033] [INFO] HTTP Request: HEAD https://huggingface.co/ai4bharat/IndicBART/resolve/main/config.json "HTTP/1.1 307 Temporary Redirect"
[2026-08-03 00:57:42,057] [INFO] HTTP Request: HEAD https://huggingface.co/api/resolve-cache/models/ai4bharat/IndicBART/78466a0c0e29f9229f7005623ecd6bc4243c0ae0/config.json "HTTP/1.1 200 OK"
[2026-08-03 00:57:42,296] [INFO] HTTP Request: HEAD https://huggingface.co/ai4bharat/IndicBART/resolve/main/model.safetensors "HTTP/1.1 404 Not Found"
[2026-08-03 00:57:42,526] [INFO] HTTP Request: GET https://huggingface.co/api/models/ai4bharat/IndicBART "HTTP/1.1 200 OK"
[2026-08-03 00:57:42,779] [INFO] HTTP Request: GET https://huggingface.co/api/models/ai4bharat/IndicBART/commits/main "HTTP/1.1 200 OK"
[2026-08-03 00:57:43,015] [INFO] HTTP Request: GET https://huggingface.co/api/models/ai4bharat/IndicBART/discussions?p=0 "HTTP/1.1 200 OK"
[2026-08-03 00:57:43,258] [INFO] HTTP Request: GET https://huggingface.co/api/models/ai4bharat/IndicBART/commits/refs%2Fpr%2F2 "HTTP/1.1 200 OK"
[2026-08-03 00:57:43,485] [INFO] HTTP Request: HEAD https://huggingface.co/ai4bharat/IndicBART/resolve/refs%2Fpr%2F2/model.safetensors.index.json "HTTP/1.1 404 Not Found"
[2026-08-03 00:57:43,570] [INFO] HTTP Request: HEAD https://huggingface.co/ai4bharat/IndicBART/resolve/main/generation_config.json "HTTP/1.1 404 Not Found"
[2026-08-03 00:57:43,716] [INFO] HTTP Request: HEAD https://huggingface.co/ai4bharat/IndicBART/resolve/refs%2Fpr%2F2/model.safetensors "HTTP/1.1 302 Found"
[2026-08-03 00:57:43,793] [INFO] HTTP Request: HEAD https://huggingface.co/ai4bharat/IndicBART/resolve/main/config.json "HTTP/1.1 307 Temporary Redirect"
[2026-08-03 00:57:43,817] [INFO] HTTP Request: HEAD https://huggingface.co/api/resolve-cache/models/ai4bharat/IndicBART/78466a0c0e29f9229f7005623ecd6bc4243c0ae0/config.json "HTTP/1.1 200 OK"
[2026-08-03 00:57:51,527] [INFO] 
======================================================================
[2026-08-03 00:57:51,527] [INFO] RUNNING CROSS-VALIDATION: FOLD 1/5
[2026-08-03 00:57:51,527] [INFO] ======================================================================
[2026-08-03 00:57:51,528] [INFO] Fold 1 Training Samples   : 6,905
[2026-08-03 00:57:51,528] [INFO] Fold 1 Validation Samples : 1,726
[2026-08-03 01:07:51,793] [INFO] Generation Length Check: Avg Pred Words = 38.8 | Avg Ref Words = 9.7
[2026-08-03 01:07:51,794] [INFO] [Sample 1] Pred: 'गहाणखत, मुदत, देयकाची रक्कम व वारंवारता व पूर्व देयक असे अनेक प्रकार आहेत गहाणखांचे स्वरूप, मुदत, मुदत, कालावधी व वारंवारता, वारंवारता, पूर्व देयके, मुदत , मुदत , देयके व वारंवारता आणि पूर्व देयका असे अनेक प्रकार आहेच आहे.?चे प्रकार आहेतचे स्वरूप व वारंवारते व वारंवारतेचे प्रकार आहेत.' | Ref: 'गहाणखत, मुदत, देयकाची रक्कम व वारंवारता व पूर्व देयक असे अनेक प्रकार आहेत.'
[2026-08-03 01:07:51,794] [INFO] [Sample 2] Pred: 'आज दुपारी माझे दोघे भावांना भेटायला माथून गेले आहे, त्यांनी चहा, चिवडा खाला पाहिजे आहे. मला चहा, चिवडे खावे पाहिजे आहेत.?चे पदार्थ खावे लागतील का?.?- माझ्या बहिणींना चहा, चिवड्या खावे लागतील.च पाहिजेत.च पाहिजेत का?ही त्यांना चहा, चिवडी खावे लागतील?' | Ref: 'आज दुपारी दोघे भावांना भेटायला मधून गेले आहे, त्यांना चहा, चिवडा खायला पाहिजे आहे.'
[2026-08-03 01:07:51,794] [INFO] [Sample 3] Pred: 'तुमाले पेमेंट करण्यासाठी कोणती ऐप्स वापरा लागतील? तुम्हाला पेमेंटसाठी कोणती ऐप्लीकेशन वापरावे लागेल? पेमेंट करताना कोणती ऐप्सचा वापर करावा लागेल?स?च काय?स?ही तुम्हाला पेमेन्ट करण्यासाठी कोणती ऐप वापरा लागायचे असेल?च? आहे का?' | Ref: 'तुम्हाला पेमेंट करण्यासाठी कोणत्या ऐप्स वापरावा लागतील?'
[2026-08-03 01:11:49,949] [INFO] Generation Length Check: Avg Pred Words = 9.6 | Avg Ref Words = 9.7
[2026-08-03 01:11:49,949] [INFO] [Sample 1] Pred: 'गहाणखत, मुदत, देयकाची रक्कम व वारंवारता व पूर्व देयक असे अनेक प्रकार आहेत' | Ref: 'गहाणखत, मुदत, देयकाची रक्कम व वारंवारता व पूर्व देयक असे अनेक प्रकार आहेत.'
[2026-08-03 01:11:49,949] [INFO] [Sample 2] Pred: 'आज दुपारी माझे दोघे भावांना भेटायला माथून गेले आहे, त्यांनी चहा, चिवडा खाला पाहिजे आहे.' | Ref: 'आज दुपारी दोघे भावांना भेटायला मधून गेले आहे, त्यांना चहा, चिवडा खायला पाहिजे आहे.'
[2026-08-03 01:11:49,949] [INFO] [Sample 3] Pred: 'तुम्हाला पेमेंट करण्यासाठी कोणती ऐप्स वापरावी लागतील?' | Ref: 'तुम्हाला पेमेंट करण्यासाठी कोणत्या ऐप्स वापरावा लागतील?'
[2026-08-03 01:15:42,127] [INFO] Generation Length Check: Avg Pred Words = 9.2 | Avg Ref Words = 9.7
[2026-08-03 01:15:42,127] [INFO] [Sample 1] Pred: 'गहाणखत, मुदत, देयकाची रक्कम व वारंवारता व पूर्व देयक असे अनेक प्रकार आहेत' | Ref: 'गहाणखत, मुदत, देयकाची रक्कम व वारंवारता व पूर्व देयक असे अनेक प्रकार आहेत.'
[2026-08-03 01:15:42,127] [INFO] [Sample 2] Pred: 'आज दुपारी माझे दोघे भावांना भेटायला माथून गेले आहे, त्यांनी चहा, चिवडा खाला पाहिजे आहे.' | Ref: 'आज दुपारी दोघे भावांना भेटायला मधून गेले आहे, त्यांना चहा, चिवडा खायला पाहिजे आहे.'
[2026-08-03 01:15:42,127] [INFO] [Sample 3] Pred: 'तुम्हाला पेमेंट करण्यासाठी कोणती ऐप्स वापरावी लागतील?' | Ref: 'तुम्हाला पेमेंट करण्यासाठी कोणत्या ऐप्स वापरावा लागतील?'
[2026-08-03 01:19:37,645] [INFO] Generation Length Check: Avg Pred Words = 9.1 | Avg Ref Words = 9.7
[2026-08-03 01:19:37,645] [INFO] [Sample 1] Pred: 'गहाणखत, मुदत, देयकाची रक्कम व वारंवारता व पूर्व देयक असे अनेक प्रकार आहेत' | Ref: 'गहाणखत, मुदत, देयकाची रक्कम व वारंवारता व पूर्व देयक असे अनेक प्रकार आहेत.'
[2026-08-03 01:19:37,645] [INFO] [Sample 2] Pred: 'आज दुपारी माझे दोघे भावांना भेटायला माथून गेले आहेत, त्यांनी चहा, चिवडा खाला पाहिजे आहे.' | Ref: 'आज दुपारी दोघे भावांना भेटायला मधून गेले आहे, त्यांना चहा, चिवडा खायला पाहिजे आहे.'
[2026-08-03 01:19:37,645] [INFO] [Sample 3] Pred: 'तुम्हाला पेमेंट करण्यासाठी कोणती ऐप्स वापरावी लागतील?' | Ref: 'तुम्हाला पेमेंट करण्यासाठी कोणत्या ऐप्स वापरावा लागतील?'
[2026-08-03 01:23:28,147] [INFO] Generation Length Check: Avg Pred Words = 9.1 | Avg Ref Words = 9.7
[2026-08-03 01:23:28,147] [INFO] [Sample 1] Pred: 'गहाणखत, मुदत, देयकाची रक्कम व वारंवारता व पूर्व देयक असे अनेक प्रकार आहेत' | Ref: 'गहाणखत, मुदत, देयकाची रक्कम व वारंवारता व पूर्व देयक असे अनेक प्रकार आहेत.'
[2026-08-03 01:23:28,147] [INFO] [Sample 2] Pred: 'आज दुपारी माझे दोघे भावांना भेटायला माथून गेले आहेत, त्यांनी चहा, चिवडा खाला पाहिजे आहे.' | Ref: 'आज दुपारी दोघे भावांना भेटायला मधून गेले आहे, त्यांना चहा, चिवडा खायला पाहिजे आहे.'
[2026-08-03 01:23:28,147] [INFO] [Sample 3] Pred: 'तुम्हाला पेमेंट करण्यासाठी कोणती ऐप्स वापरावी लागतील?' | Ref: 'तुम्हाला पेमेंट करण्यासाठी कोणत्या ऐप्स वापरावा लागतील?'
[2026-08-03 01:23:40,102] [INFO] Fold 1 Step-Averaged Training Loss: 2.0677
[2026-08-03 01:23:40,102] [INFO] Evaluating Fold 1 on CV Validation Split (1,726 samples)...
[2026-08-03 01:25:20,612] [INFO] Generation Length Check: Avg Pred Words = 9.1 | Avg Ref Words = 9.7
[2026-08-03 01:25:20,612] [INFO] [Sample 1] Pred: 'गहाणखत, मुदत, देयकाची रक्कम व वारंवारता व पूर्व देयक असे अनेक प्रकार आहेत' | Ref: 'गहाणखत, मुदत, देयकाची रक्कम व वारंवारता व पूर्व देयक असे अनेक प्रकार आहेत.'
[2026-08-03 01:25:20,612] [INFO] [Sample 2] Pred: 'आज दुपारी माझे दोघे भावांना भेटायला माथून गेले आहेत, त्यांनी चहा, चिवडा खाला पाहिजे आहे.' | Ref: 'आज दुपारी दोघे भावांना भेटायला मधून गेले आहे, त्यांना चहा, चिवडा खायला पाहिजे आहे.'
[2026-08-03 01:25:20,612] [INFO] [Sample 3] Pred: 'तुम्हाला पेमेंट करण्यासाठी कोणती ऐप्स वापरावी लागतील?' | Ref: 'तुम्हाला पेमेंट करण्यासाठी कोणत्या ऐप्स वापरावा लागतील?'
[2026-08-03 01:25:20,614] [INFO] Fold 1 Val Loss: 0.4612  Val BLEU: 73.08  Val chrF: 87.10
[2026-08-03 01:25:20,614] [INFO] Evaluating Fold 1 on Held-Out Test Set (1,524 samples)...
[2026-08-03 01:26:48,840] [INFO] Generation Length Check: Avg Pred Words = 9.0 | Avg Ref Words = 9.6
[2026-08-03 01:26:48,840] [INFO] [Sample 1] Pred: 'रेशीम किडे जेव्हा अळ्या ते प्रौढ मेटामॉर्फोसिसमधून जातात तेव्हा ते रेशीम तयार करतात' | Ref: 'रेशीम किडे जेव्हा अळ्या ते प्रौढ मेटामॉर्फोसिसमधून जातात तेव्हा ते रेशीम तयार करतात.'
[2026-08-03 01:26:48,840] [INFO] [Sample 2] Pred: 'युनिव्हर्सल बँक अनेक बँकिंगमध्ये भाग घेते आणि एक व्यावसायिक बँक आणि गुंतवणूक बँक दोन्ही आहे' | Ref: 'युनिव्हर्सल बँक विविध बँकिंगमध्ये भाग घेते आणि एक व्यावसायिक बँक आणि गुंतवणूक बँक दोन्ही आहे'
[2026-08-03 01:26:48,840] [INFO] [Sample 3] Pred: 'स्टॉक एक्सचेंज ट्रेडिंग तास क्लायंटच्या निर्दिष्ट वेळेनुसार सूचीबद्ध केले जातात' | Ref: 'स्टॉक एक्सचेंज ट्रेडिंगचे तास क्लायंटच्या निर्दिष्ट वेळेनुसार सूचीबद्ध केले जातात'
[2026-08-03 01:26:48,842] [INFO] Fold 1 Test Loss: 0.4654  Test BLEU: 73.93  Test chrF: 87.11
[2026-08-03 01:26:51,775] [INFO] Fold 1 complete. GPU memory freed.
[2026-08-03 01:26:51,775] [INFO] 
======================================================================
[2026-08-03 01:26:51,776] [INFO] RUNNING CROSS-VALIDATION: FOLD 2/5
[2026-08-03 01:26:51,776] [INFO] ======================================================================
[2026-08-03 01:26:51,776] [INFO] Fold 2 Training Samples   : 6,905
[2026-08-03 01:26:51,776] [INFO] Fold 2 Validation Samples : 1,726
[2026-08-03 01:37:38,025] [INFO] Generation Length Check: Avg Pred Words = 34.9 | Avg Ref Words = 9.7
[2026-08-03 01:37:38,025] [INFO] [Sample 1] Pred: 'एकोणीसशे नव्वदच्या दशकापर्यंत मनी ऑर्डर हे मनी एक्सचेंजचे एक चांगले माध्यम होते? मनी ऑर्डर करणे हे मनी ऑर्डर करणे चांगले माध्यम आहे.स पाचशेच्या दशकापासून ते सातव्या शतकापर्यंत मनी ऑर्डरचे माध्यम होते.ेपर्यंत मनी ऑर्डर करणे सोपे आहे.?.सही मनी ऑर्डरचे काम करण्यासाठी मनी ऑर्डर करणे गरजेचे आहे.' | Ref: 'एकोणीसशे नव्वदच्या दशकापर्यंत मनी ऑर्डर हे मनी एक्सचेंजचे एक चांगले माध्यम होते'
[2026-08-03 01:37:38,026] [INFO] [Sample 2] Pred: 'जे लोक शेतीचे मालक आहेत किंवा चालवतात त्यांना पशुपालक, पशुपालक किंवा साठवणूक करणारे म्हणतात ज्यांना पशुपालक म्हणतात त्यांना पशुपालकांना पशुपालक किंवा पशुपालक असे म्हणतात.चे मालक म्हणतात.?चे पशुपालक म्हणतात.ा पशुपालक म्हणताताच पशुपालक म्हणतात आणि त्यांना पशुपालक आहे.' | Ref: 'जे लोक शेतीचे मालक आहेत किंवा चालवतात आणि साठवणूक करणारे त्यांना पशुपालक म्हणतात'
[2026-08-03 01:37:38,026] [INFO] [Sample 3] Pred: 'आमचे काका आज सकाळी स्वस्त बायसायकल विकत घेतात आहे. मला स्वस्त बायसायक विकत घेतात आहेत.?. मला स्वस्त बायसक्रेने स्वस्त बायसायका विकत घेतात आहे का?चे काका आज सकाळी महागडेपणाने स्वस्त बायसाखळी विकत घेतात आहे?' | Ref: 'आमचे काका आज सकाळी स्वस्त बायसायकल विकत घेतात का?'
[2026-08-03 01:41:31,942] [INFO] Generation Length Check: Avg Pred Words = 9.6 | Avg Ref Words = 9.7
[2026-08-03 01:41:31,942] [INFO] [Sample 1] Pred: 'एकोणीसशे नव्वदच्या दशकापर्यंत मनी ऑर्डर हे मनी एक्सचेंजचे एक चांगले माध्यम होते' | Ref: 'एकोणीसशे नव्वदच्या दशकापर्यंत मनी ऑर्डर हे मनी एक्सचेंजचे एक चांगले माध्यम होते'
[2026-08-03 01:41:31,942] [INFO] [Sample 2] Pred: 'जे लोक शेतीचे मालक आहेत किंवा चालवतात त्यांना पशुपालक, पशुपालक किंवा साठवणूक करणारे म्हणतात' | Ref: 'जे लोक शेतीचे मालक आहेत किंवा चालवतात आणि साठवणूक करणारे त्यांना पशुपालक म्हणतात'
[2026-08-03 01:41:31,942] [INFO] [Sample 3] Pred: 'आमचे काका आज सकाळी स्वस्त बायसायकल विकत घेतात आहे.' | Ref: 'आमचे काका आज सकाळी स्वस्त बायसायकल विकत घेतात का?'
[2026-08-03 01:45:30,130] [INFO] Generation Length Check: Avg Pred Words = 9.1 | Avg Ref Words = 9.7
[2026-08-03 01:45:30,130] [INFO] [Sample 1] Pred: 'एकोणीसशे नव्वदच्या दशकापर्यंत मनी ऑर्डर हे मनी एक्सचेंजचे एक चांगले माध्यम होते' | Ref: 'एकोणीसशे नव्वदच्या दशकापर्यंत मनी ऑर्डर हे मनी एक्सचेंजचे एक चांगले माध्यम होते'
[2026-08-03 01:45:30,130] [INFO] [Sample 2] Pred: 'जे लोक शेतीचे मालक आहेत किंवा चालवतात त्यांना पशुपालक, पशुपालक किंवा साठवणूक करणारे म्हणतात' | Ref: 'जे लोक शेतीचे मालक आहेत किंवा चालवतात आणि साठवणूक करणारे त्यांना पशुपालक म्हणतात'
[2026-08-03 01:45:30,130] [INFO] [Sample 3] Pred: 'आमचे काका आज सकाळी स्वस्त बायसायकल विकत घेतात आहे.' | Ref: 'आमचे काका आज सकाळी स्वस्त बायसायकल विकत घेतात का?'
[2026-08-03 01:49:22,347] [INFO] Generation Length Check: Avg Pred Words = 9.0 | Avg Ref Words = 9.7
[2026-08-03 01:49:22,347] [INFO] [Sample 1] Pred: 'एकोणीसशे नव्वदच्या दशकापर्यंत मनी ऑर्डर हे मनी एक्सचेंजचे एक चांगले माध्यम होते' | Ref: 'एकोणीसशे नव्वदच्या दशकापर्यंत मनी ऑर्डर हे मनी एक्सचेंजचे एक चांगले माध्यम होते'
[2026-08-03 01:49:22,347] [INFO] [Sample 2] Pred: 'जे लोक शेतीचे मालक आहेत किंवा चालवतात त्यांना पशुपालक, पशुपालक किंवा साठवणूक करणारे म्हणतात' | Ref: 'जे लोक शेतीचे मालक आहेत किंवा चालवतात आणि साठवणूक करणारे त्यांना पशुपालक म्हणतात'
[2026-08-03 01:49:22,347] [INFO] [Sample 3] Pred: 'आमचे काका आज सकाळी स्वस्त बायसायकल विकत घेतात आहे.' | Ref: 'आमचे काका आज सकाळी स्वस्त बायसायकल विकत घेतात का?'
[2026-08-03 01:53:24,798] [INFO] Generation Length Check: Avg Pred Words = 8.9 | Avg Ref Words = 9.7
[2026-08-03 01:53:24,798] [INFO] [Sample 1] Pred: 'एकोणीसशे नव्वदच्या दशकापर्यंत मनी ऑर्डर हे मनी एक्सचेंजचे एक चांगले माध्यम होते' | Ref: 'एकोणीसशे नव्वदच्या दशकापर्यंत मनी ऑर्डर हे मनी एक्सचेंजचे एक चांगले माध्यम होते'
[2026-08-03 01:53:24,798] [INFO] [Sample 2] Pred: 'जे लोक शेतीचे मालक आहेत किंवा चालवतात त्यांना पशुपालक, पशुपालक किंवा साठवणूक करणारे म्हणतात' | Ref: 'जे लोक शेतीचे मालक आहेत किंवा चालवतात आणि साठवणूक करणारे त्यांना पशुपालक म्हणतात'
[2026-08-03 01:53:24,798] [INFO] [Sample 3] Pred: 'आमचे काका आज सकाळी स्वस्त बायसायकल विकत घेतात आहे.' | Ref: 'आमचे काका आज सकाळी स्वस्त बायसायकल विकत घेतात का?'
[2026-08-03 01:53:36,574] [INFO] Fold 2 Step-Averaged Training Loss: 2.0662
[2026-08-03 01:53:36,574] [INFO] Evaluating Fold 2 on CV Validation Split (1,726 samples)...
[2026-08-03 01:55:20,016] [INFO] Generation Length Check: Avg Pred Words = 8.9 | Avg Ref Words = 9.7
[2026-08-03 01:55:20,016] [INFO] [Sample 1] Pred: 'एकोणीसशे नव्वदच्या दशकापर्यंत मनी ऑर्डर हे मनी एक्सचेंजचे एक चांगले माध्यम होते' | Ref: 'एकोणीसशे नव्वदच्या दशकापर्यंत मनी ऑर्डर हे मनी एक्सचेंजचे एक चांगले माध्यम होते'
[2026-08-03 01:55:20,017] [INFO] [Sample 2] Pred: 'जे लोक शेतीचे मालक आहेत किंवा चालवतात त्यांना पशुपालक, पशुपालक किंवा साठवणूक करणारे म्हणतात' | Ref: 'जे लोक शेतीचे मालक आहेत किंवा चालवतात आणि साठवणूक करणारे त्यांना पशुपालक म्हणतात'
[2026-08-03 01:55:20,017] [INFO] [Sample 3] Pred: 'आमचे काका आज सकाळी स्वस्त बायसायकल विकत घेतात आहे.' | Ref: 'आमचे काका आज सकाळी स्वस्त बायसायकल विकत घेतात का?'
[2026-08-03 01:55:20,018] [INFO] Fold 2 Val Loss: 0.4613  Val BLEU: 72.11  Val chrF: 85.90
[2026-08-03 01:55:20,018] [INFO] Evaluating Fold 2 on Held-Out Test Set (1,524 samples)...
[2026-08-03 01:56:55,992] [INFO] Generation Length Check: Avg Pred Words = 8.9 | Avg Ref Words = 9.6
[2026-08-03 01:56:55,992] [INFO] [Sample 1] Pred: 'रेशीम किडे जेव्हा अळ्या ते प्रौढ मेटामॉर्फोसिसमधून जातात तेव्हा ते रेशीम तयार करतात' | Ref: 'रेशीम किडे जेव्हा अळ्या ते प्रौढ मेटामॉर्फोसिसमधून जातात तेव्हा ते रेशीम तयार करतात.'
[2026-08-03 01:56:55,992] [INFO] [Sample 2] Pred: 'युनिव्हर्सल बँक अनेक बँकिंगमध्ये भाग घेते आणि एक व्यावसायिक बँक आणि गुंतवणूक बँक दोन्ही आहे' | Ref: 'युनिव्हर्सल बँक विविध बँकिंगमध्ये भाग घेते आणि एक व्यावसायिक बँक आणि गुंतवणूक बँक दोन्ही आहे'
[2026-08-03 01:56:55,993] [INFO] [Sample 3] Pred: 'स्टॉक एक्सचेंज ट्रेडिंग तास क्लायंटच्या निर्दिष्ट वेळेनुसार सूचीबद्ध केले जातात' | Ref: 'स्टॉक एक्सचेंज ट्रेडिंगचे तास क्लायंटच्या निर्दिष्ट वेळेनुसार सूचीबद्ध केले जातात'
[2026-08-03 01:56:55,994] [INFO] Fold 2 Test Loss: 0.4662  Test BLEU: 73.14  Test chrF: 86.35
[2026-08-03 01:57:00,388] [INFO] Fold 2 complete. GPU memory freed.
[2026-08-03 01:57:00,389] [INFO] 
======================================================================
[2026-08-03 01:57:00,389] [INFO] RUNNING CROSS-VALIDATION: FOLD 3/5
[2026-08-03 01:57:00,389] [INFO] ======================================================================
[2026-08-03 01:57:00,389] [INFO] Fold 3 Training Samples   : 6,905
[2026-08-03 01:57:00,389] [INFO] Fold 3 Validation Samples : 1,726
[2026-08-03 02:08:01,520] [INFO] Generation Length Check: Avg Pred Words = 32.8 | Avg Ref Words = 9.7
[2026-08-03 02:08:01,520] [INFO] [Sample 1] Pred: 'फ़ोन पे ही एक भारतीय डिजिटल पेमेंट आणि फिनटेक कंपनी आहे फ़ोन पे ही एका भारतीय डिजिटल पेमेंट, फिनटेकची कंपनी आहे?' | Ref: 'हे एक भारतीय डिजिटल पेमेंट आणि फायनान्सल टेक्नॉलॉजी कंपनी आहे'
[2026-08-03 02:08:01,520] [INFO] [Sample 2] Pred: 'मला काय माझ्या भावांच्या घरी जाण्यासारखे नाही आहे, कशामुळे आहे? मला काय मला माझ्या भावाच्या घरी जाण्यासारखे आहे, कशाने आहे? मला कशामुळे हाय, कशामुळे हाय?चे काय माझ्या भावांचे घरी जाण्यासारखे असेल, कशामुळे हे मला काय?.? माझ्या भावांना काय?ेमुळे आहे, कशासाठी आहे?' | Ref: 'माझे काय माझ्या भावांच्या घरी जाण्यासारखे नाही आहे, कशामुळे आहे?'
[2026-08-03 02:08:01,520] [INFO] [Sample 3] Pred: 'तुमाले किती पिकांची कापणी झाली आहे पोरगा? तुम्हाला किती पिकाची कापणी झाली मुलगा?.स कापणी झाली माझी कापणी झाली पोरगी?चे कापणी झाली मुलगी?.?.अधिकाधिक पिकांची कापून कापणी झाली मुले?ेने किती पिकांची' | Ref: 'तुम्हाला किती पिकांची कापणी झाली आहे मुलगा?'
[2026-08-03 02:12:02,842] [INFO] Generation Length Check: Avg Pred Words = 9.7 | Avg Ref Words = 9.7
[2026-08-03 02:12:02,842] [INFO] [Sample 1] Pred: 'फ़ोन पे ही एक भारतीय डिजिटल पेमेंट आणि फिनटेक कंपनी आहे' | Ref: 'हे एक भारतीय डिजिटल पेमेंट आणि फायनान्सल टेक्नॉलॉजी कंपनी आहे'
[2026-08-03 02:12:02,842] [INFO] [Sample 2] Pred: 'मला काय माझ्या भावांच्या घरी जाण्यासारखे नाही आहे, कशामुळे आहे?' | Ref: 'माझे काय माझ्या भावांच्या घरी जाण्यासारखे नाही आहे, कशामुळे आहे?'
[2026-08-03 02:12:02,842] [INFO] [Sample 3] Pred: 'तुम्हाला किती पिकांची कापणी झाली मुलगा?' | Ref: 'तुम्हाला किती पिकांची कापणी झाली आहे मुलगा?'
[2026-08-03 02:16:01,790] [INFO] Generation Length Check: Avg Pred Words = 9.1 | Avg Ref Words = 9.7
[2026-08-03 02:16:01,790] [INFO] [Sample 1] Pred: 'फ़ोन पे ही एक भारतीय डिजिटल पेमेंट आणि फिनटेक कंपनी आहे' | Ref: 'हे एक भारतीय डिजिटल पेमेंट आणि फायनान्सल टेक्नॉलॉजी कंपनी आहे'
[2026-08-03 02:16:01,791] [INFO] [Sample 2] Pred: 'मला काय माझ्या भावांच्या घरी जाण्यासारखे नाही आहे, कशामुळे आहे?' | Ref: 'माझे काय माझ्या भावांच्या घरी जाण्यासारखे नाही आहे, कशामुळे आहे?'
[2026-08-03 02:16:01,791] [INFO] [Sample 3] Pred: 'तुम्हाला किती पिकांची कापणी झाली मुलगा?' | Ref: 'तुम्हाला किती पिकांची कापणी झाली आहे मुलगा?'
[2026-08-03 02:20:00,456] [INFO] Generation Length Check: Avg Pred Words = 9.1 | Avg Ref Words = 9.7
[2026-08-03 02:20:00,456] [INFO] [Sample 1] Pred: 'फ़ोन पे ही एक भारतीय डिजिटल पेमेंट आणि फिनटेक कंपनी आहे' | Ref: 'हे एक भारतीय डिजिटल पेमेंट आणि फायनान्सल टेक्नॉलॉजी कंपनी आहे'
[2026-08-03 02:20:00,457] [INFO] [Sample 2] Pred: 'मला काय माझ्या भावांच्या घरी जाण्यासारखे नाही आहे, कशामुळे आहे?' | Ref: 'माझे काय माझ्या भावांच्या घरी जाण्यासारखे नाही आहे, कशामुळे आहे?'
[2026-08-03 02:20:00,457] [INFO] [Sample 3] Pred: 'तुम्हाला किती पिकांची कापणी झाली मुलगा?' | Ref: 'तुम्हाला किती पिकांची कापणी झाली आहे मुलगा?'
[2026-08-03 02:23:56,971] [INFO] Generation Length Check: Avg Pred Words = 9.0 | Avg Ref Words = 9.7
[2026-08-03 02:23:56,972] [INFO] [Sample 1] Pred: 'फ़ोन पे ही एक भारतीय डिजिटल पेमेंट आणि फिनटेक कंपनी आहे' | Ref: 'हे एक भारतीय डिजिटल पेमेंट आणि फायनान्सल टेक्नॉलॉजी कंपनी आहे'
[2026-08-03 02:23:56,972] [INFO] [Sample 2] Pred: 'मला काय माझ्या भावांच्या घरी जाण्यासारखे नाही आहे, कशामुळे आहे?' | Ref: 'माझे काय माझ्या भावांच्या घरी जाण्यासारखे नाही आहे, कशामुळे आहे?'
[2026-08-03 02:23:56,972] [INFO] [Sample 3] Pred: 'तुम्हाला किती पिकांची कापणी झाली मुलगा?' | Ref: 'तुम्हाला किती पिकांची कापणी झाली आहे मुलगा?'
[2026-08-03 02:24:09,423] [INFO] Fold 3 Step-Averaged Training Loss: 2.0717
[2026-08-03 02:24:09,423] [INFO] Evaluating Fold 3 on CV Validation Split (1,726 samples)...
[2026-08-03 02:25:57,295] [INFO] Generation Length Check: Avg Pred Words = 9.0 | Avg Ref Words = 9.7
[2026-08-03 02:25:57,295] [INFO] [Sample 1] Pred: 'फ़ोन पे ही एक भारतीय डिजिटल पेमेंट आणि फिनटेक कंपनी आहे' | Ref: 'हे एक भारतीय डिजिटल पेमेंट आणि फायनान्सल टेक्नॉलॉजी कंपनी आहे'
[2026-08-03 02:25:57,296] [INFO] [Sample 2] Pred: 'मला काय माझ्या भावांच्या घरी जाण्यासारखे नाही आहे, कशामुळे आहे?' | Ref: 'माझे काय माझ्या भावांच्या घरी जाण्यासारखे नाही आहे, कशामुळे आहे?'
[2026-08-03 02:25:57,296] [INFO] [Sample 3] Pred: 'तुम्हाला किती पिकांची कापणी झाली मुलगा?' | Ref: 'तुम्हाला किती पिकांची कापणी झाली आहे मुलगा?'
[2026-08-03 02:25:57,297] [INFO] Fold 3 Val Loss: 0.4576  Val BLEU: 73.64  Val chrF: 86.98
[2026-08-03 02:25:57,297] [INFO] Evaluating Fold 3 on Held-Out Test Set (1,524 samples)...
[2026-08-03 02:27:31,637] [INFO] Generation Length Check: Avg Pred Words = 8.9 | Avg Ref Words = 9.6
[2026-08-03 02:27:31,638] [INFO] [Sample 1] Pred: 'रेशीम किडे जेव्हा अळ्या ते प्रौढ मेटामॉर्फोसिसमधून जातात तेव्हा ते रेशीम तयार करतात' | Ref: 'रेशीम किडे जेव्हा अळ्या ते प्रौढ मेटामॉर्फोसिसमधून जातात तेव्हा ते रेशीम तयार करतात.'
[2026-08-03 02:27:31,638] [INFO] [Sample 2] Pred: 'युनिव्हर्सल बँक अनेक बँकिंगमध्ये भाग घेते आणि एक व्यावसायिक बँक आणि गुंतवणूक बँक दोन्ही आहे' | Ref: 'युनिव्हर्सल बँक विविध बँकिंगमध्ये भाग घेते आणि एक व्यावसायिक बँक आणि गुंतवणूक बँक दोन्ही आहे'
[2026-08-03 02:27:31,638] [INFO] [Sample 3] Pred: 'स्टॉक एक्सचेंज ट्रेडिंग तास क्लायंटच्या निर्दिष्ट वेळेनुसार सूचीबद्ध केले जातात' | Ref: 'स्टॉक एक्सचेंज ट्रेडिंगचे तास क्लायंटच्या निर्दिष्ट वेळेनुसार सूचीबद्ध केले जातात'
[2026-08-03 02:27:31,640] [INFO] Fold 3 Test Loss: 0.4655  Test BLEU: 73.74  Test chrF: 86.84
[2026-08-03 02:27:34,644] [INFO] Fold 3 complete. GPU memory freed.
[2026-08-03 02:27:34,644] [INFO] 
======================================================================
[2026-08-03 02:27:34,644] [INFO] RUNNING CROSS-VALIDATION: FOLD 4/5
[2026-08-03 02:27:34,644] [INFO] ======================================================================
[2026-08-03 02:27:34,645] [INFO] Fold 4 Training Samples   : 6,905
[2026-08-03 02:27:34,645] [INFO] Fold 4 Validation Samples : 1,726
[2026-08-03 02:37:58,358] [INFO] Generation Length Check: Avg Pred Words = 35.4 | Avg Ref Words = 9.7
[2026-08-03 02:37:58,358] [INFO] [Sample 1] Pred: 'हवेतील आर्द्रतेमुळे आर्द्रतेचे प्रमाण वाढते हवेतील आर्द्रतामुळे आर्द्रतेच्या प्रमाण वाढतेचे प्रमाण वाढते.चे प्रमाण वाढण्यास मदत होईल.ही हवातील आर्द्रतेने आर्द्रतेमुळे तापमान वाढते.ेने हवातील आर्द्रतीमुळे आर्द्रतेचे,ेमुळे आर्द्रतेचा वापर करावा लागेल.' | Ref: 'हवेतील आर्द्रतेमुळे आर्द्रतेचे प्रमाण वाढते'
[2026-08-03 02:37:58,359] [INFO] [Sample 2] Pred: 'मला पूर्ण करण्यासाठी बँकेत नेण्याची वाट पाहत असतान कुठे अर्ज करावा लागेल? कुठे अर्ज करावा लागणार आहे कुठे अर्ज करावा लागतो? कुठे अर्ज करावे लागतील का? कुठे अर्ज करावा लागत असेल तर कुठे अर्ज करावा लागायचे?च कुठे अर्ज करावा लागतील?ा कुठे अर्ज करावे लागेल?ीही कुठे अर्ज करावे लागतील?' | Ref: 'मला पूर्ण करण्यासाठी बँकेत जावे लागतात, कुठे अर्ज करावा लागेल?'
[2026-08-03 02:37:58,359] [INFO] [Sample 3] Pred: 'पैसे गुंतवासाठी तुम्हाला ऑनलाईन फारम भरावे लागेल का? ऑनलाईन फॉर्म भरावे लागतील का? ऑनलाईन फारम भरावेत का? ऑनलाईन फारम भरण्यासाठी तुम्हाला ऑनलाईन फारम भरायचे असेल तर पैसे गुंतवण्यासाठी मले ऑनलाईन फारम भराव्यासाठी ऑनलाईन फारम भरावा लागेल का ?चे ऑनलाईन फारम भरता येईल का?' | Ref: 'पैसे गुंतवण्यासाठी मला ऑनलाईन फॉर्म भरायला लागते का?'
[2026-08-03 02:41:56,193] [INFO] Generation Length Check: Avg Pred Words = 9.7 | Avg Ref Words = 9.7
[2026-08-03 02:41:56,194] [INFO] [Sample 1] Pred: 'हवेतील आर्द्रतेमुळे आर्द्रतेचे प्रमाण वाढते' | Ref: 'हवेतील आर्द्रतेमुळे आर्द्रतेचे प्रमाण वाढते'
[2026-08-03 02:41:56,194] [INFO] [Sample 2] Pred: 'मला पूर्ण करण्यासाठी बँकेत नेण्याची वाट पाहत असतान कुठे अर्ज करावा लागेल?' | Ref: 'मला पूर्ण करण्यासाठी बँकेत जावे लागतात, कुठे अर्ज करावा लागेल?'
[2026-08-03 02:41:56,194] [INFO] [Sample 3] Pred: 'पैसे गुंतवण्यासाठी मला ऑनलाईन फॉर्म भरावा लागेल का?' | Ref: 'पैसे गुंतवण्यासाठी मला ऑनलाईन फॉर्म भरायला लागते का?'
[2026-08-03 02:45:52,549] [INFO] Generation Length Check: Avg Pred Words = 9.2 | Avg Ref Words = 9.7
[2026-08-03 02:45:52,549] [INFO] [Sample 1] Pred: 'हवेतील आर्द्रतेमुळे आर्द्रतेचे प्रमाण वाढते' | Ref: 'हवेतील आर्द्रतेमुळे आर्द्रतेचे प्रमाण वाढते'
[2026-08-03 02:45:52,549] [INFO] [Sample 2] Pred: 'मला पूर्ण करण्यासाठी बँकेत नेण्याची वाट पाहत असतान कुठे अर्ज करावा लागेल?' | Ref: 'मला पूर्ण करण्यासाठी बँकेत जावे लागतात, कुठे अर्ज करावा लागेल?'
[2026-08-03 02:45:52,549] [INFO] [Sample 3] Pred: 'पैसे गुंतवण्यासाठी मला ऑनलाईन फॉर्म भरावा लागेल का?' | Ref: 'पैसे गुंतवण्यासाठी मला ऑनलाईन फॉर्म भरायला लागते का?'
[2026-08-03 02:49:55,694] [INFO] Generation Length Check: Avg Pred Words = 9.1 | Avg Ref Words = 9.7
[2026-08-03 02:49:55,694] [INFO] [Sample 1] Pred: 'हवेतील आर्द्रतेमुळे आर्द्रतेचे प्रमाण वाढते' | Ref: 'हवेतील आर्द्रतेमुळे आर्द्रतेचे प्रमाण वाढते'
[2026-08-03 02:49:55,694] [INFO] [Sample 2] Pred: 'मला पूर्ण करण्यासाठी बँकेत नेण्याची वाट पाहत असतान कुठे अर्ज करावा लागेल?' | Ref: 'मला पूर्ण करण्यासाठी बँकेत जावे लागतात, कुठे अर्ज करावा लागेल?'
[2026-08-03 02:49:55,694] [INFO] [Sample 3] Pred: 'पैसे गुंतवण्यासाठी मला ऑनलाईन फॉर्म भरावा लागेल का?' | Ref: 'पैसे गुंतवण्यासाठी मला ऑनलाईन फॉर्म भरायला लागते का?'
[2026-08-03 02:53:57,381] [INFO] Generation Length Check: Avg Pred Words = 9.1 | Avg Ref Words = 9.7
[2026-08-03 02:53:57,381] [INFO] [Sample 1] Pred: 'हवेतील आर्द्रतेमुळे आर्द्रतेचे प्रमाण वाढते' | Ref: 'हवेतील आर्द्रतेमुळे आर्द्रतेचे प्रमाण वाढते'
[2026-08-03 02:53:57,381] [INFO] [Sample 2] Pred: 'मला पूर्ण करण्यासाठी बँकेत नेण्याची वाट पाहत असतान कुठे अर्ज करावा लागेल?' | Ref: 'मला पूर्ण करण्यासाठी बँकेत जावे लागतात, कुठे अर्ज करावा लागेल?'
[2026-08-03 02:53:57,381] [INFO] [Sample 3] Pred: 'पैसे गुंतवण्यासाठी मला ऑनलाईन फॉर्म भरावा लागेल का?' | Ref: 'पैसे गुंतवण्यासाठी मला ऑनलाईन फॉर्म भरायला लागते का?'
[2026-08-03 02:54:10,374] [INFO] Fold 4 Step-Averaged Training Loss: 2.0640
[2026-08-03 02:54:10,375] [INFO] Evaluating Fold 4 on CV Validation Split (1,726 samples)...
[2026-08-03 02:55:50,708] [INFO] Generation Length Check: Avg Pred Words = 9.1 | Avg Ref Words = 9.7
[2026-08-03 02:55:50,708] [INFO] [Sample 1] Pred: 'हवेतील आर्द्रतेमुळे आर्द्रतेचे प्रमाण वाढते' | Ref: 'हवेतील आर्द्रतेमुळे आर्द्रतेचे प्रमाण वाढते'
[2026-08-03 02:55:50,708] [INFO] [Sample 2] Pred: 'मला पूर्ण करण्यासाठी बँकेत नेण्याची वाट पाहत असतान कुठे अर्ज करावा लागेल?' | Ref: 'मला पूर्ण करण्यासाठी बँकेत जावे लागतात, कुठे अर्ज करावा लागेल?'
[2026-08-03 02:55:50,708] [INFO] [Sample 3] Pred: 'पैसे गुंतवण्यासाठी मला ऑनलाईन फॉर्म भरावा लागेल का?' | Ref: 'पैसे गुंतवण्यासाठी मला ऑनलाईन फॉर्म भरायला लागते का?'
[2026-08-03 02:55:50,710] [INFO] Fold 4 Val Loss: 0.4769  Val BLEU: 73.22  Val chrF: 87.10
[2026-08-03 02:55:50,710] [INFO] Evaluating Fold 4 on Held-Out Test Set (1,524 samples)...
[2026-08-03 02:57:19,471] [INFO] Generation Length Check: Avg Pred Words = 8.9 | Avg Ref Words = 9.6
[2026-08-03 02:57:19,471] [INFO] [Sample 1] Pred: 'रेशीम किडे जेव्हा अळ्या ते प्रौढ मेटामॉर्फोसिसमधून जातात तेव्हा ते रेशीम तयार करतात' | Ref: 'रेशीम किडे जेव्हा अळ्या ते प्रौढ मेटामॉर्फोसिसमधून जातात तेव्हा ते रेशीम तयार करतात.'
[2026-08-03 02:57:19,472] [INFO] [Sample 2] Pred: 'युनिव्हर्सल बँक अनेक बँकिंगमध्ये भाग घेते आणि एक व्यावसायिक बँक आणि गुंतवणूक बँक दोन्ही आहे' | Ref: 'युनिव्हर्सल बँक विविध बँकिंगमध्ये भाग घेते आणि एक व्यावसायिक बँक आणि गुंतवणूक बँक दोन्ही आहे'
[2026-08-03 02:57:19,472] [INFO] [Sample 3] Pred: 'स्टॉक एक्सचेंज ट्रेडिंग तास क्लायंटच्या निर्दिष्ट वेळेनुसार सूचीबद्ध केले जातात' | Ref: 'स्टॉक एक्सचेंज ट्रेडिंगचे तास क्लायंटच्या निर्दिष्ट वेळेनुसार सूचीबद्ध केले जातात'
[2026-08-03 02:57:19,473] [INFO] Fold 4 Test Loss: 0.4661  Test BLEU: 73.60  Test chrF: 86.68
[2026-08-03 02:57:23,879] [INFO] Fold 4 complete. GPU memory freed.
[2026-08-03 02:57:23,879] [INFO] 
======================================================================
[2026-08-03 02:57:23,880] [INFO] RUNNING CROSS-VALIDATION: FOLD 5/5
[2026-08-03 02:57:23,880] [INFO] ======================================================================
[2026-08-03 02:57:23,880] [INFO] Fold 5 Training Samples   : 6,904
[2026-08-03 02:57:23,880] [INFO] Fold 5 Validation Samples : 1,727
[2026-08-03 03:07:31,145] [INFO] Generation Length Check: Avg Pred Words = 40.7 | Avg Ref Words = 9.8
[2026-08-03 03:07:31,145] [INFO] [Sample 1] Pred: 'सोयाबीन पिकावर ओ.डी.टी चा वापर करता येईल का? सोयाबीन पिकांवर ओ-डी.टीचा वापर करता येईन का?. सोयाबीन पिकासाठी ओ.डी-टी चा वापर करावा लागेल का?ा सोयाबीन पिकावर वाणाचा वापर करता येणार का?ही ओ.डीपीटीचा वापर केला पाहिजे का?.?' | Ref: 'सोयाबीन पिकावर ओ.डी.टी चा वापर करता येईल का?'
[2026-08-03 03:07:31,145] [INFO] [Sample 2] Pred: 'आज हाय माझ्या घरात प्रातकाळी पाण्याचा पायजे आहे, पाणी भरवण्यात माझी मदत करावी आहे. मला पाणी भरवण्यात मला मदत करावी पाहिजे आहे.च मला मदत करावी लागेल, पाणी भरण्यात मला मदत करावी लागते आहे.?ही मदत करावी लागेल.?.च पाहिजे आहे, पाणी भरावे लागेल.ही मला मदत करावी आहे, मला मदत करावी हाय.?ा.?' | Ref: 'आज हाय माझ्या घरात प्रातकाळी पाण्याचा पायजे हाय, पाणी भरवण्यात म्हाजी मदत करावी हाय?'
[2026-08-03 03:07:31,145] [INFO] [Sample 3] Pred: 'स्थानिक विकास प्राधिकरणाला म्हाजे काय कामे आहेत? स्थानिक विकास प्राधिकरणास माझे काय कामे आहेत का?ही मला काय कामे आहे? स्थानिक विकास प्राधिकरणाचा विकास प्राधिकरणाला माझ्याकडे काय कामे आहेत.?.?ेने मला काय कामे करायची आहेत?ले आहे?च पाहिजेत?स?चे काय' | Ref: 'स्थानिक विकास प्राधिकरणाला माझे काय काम आहे?'
[2026-08-03 03:11:34,875] [INFO] Generation Length Check: Avg Pred Words = 9.7 | Avg Ref Words = 9.8
[2026-08-03 03:11:34,876] [INFO] [Sample 1] Pred: 'सोयाबीन पिकावर ओ.डी.टी चा वापर करता येईल का?' | Ref: 'सोयाबीन पिकावर ओ.डी.टी चा वापर करता येईल का?'
[2026-08-03 03:11:34,876] [INFO] [Sample 2] Pred: 'आज हाय माझ्या घरात प्रातकाळी पाण्याचा पाहिजे आहे, पाणी भरवण्यात माझी मदत करावी आहे.' | Ref: 'आज हाय माझ्या घरात प्रातकाळी पाण्याचा पायजे हाय, पाणी भरवण्यात म्हाजी मदत करावी हाय?'
[2026-08-03 03:11:34,876] [INFO] [Sample 3] Pred: 'स्थानिक विकास प्राधिकरणाला माझे काय कामे आहेत?' | Ref: 'स्थानिक विकास प्राधिकरणाला माझे काय काम आहे?'
[2026-08-03 03:15:38,198] [INFO] Generation Length Check: Avg Pred Words = 9.2 | Avg Ref Words = 9.8
[2026-08-03 03:15:38,198] [INFO] [Sample 1] Pred: 'सोयाबीन पिकावर ओ.डी.टी चा वापर करता येईल का?' | Ref: 'सोयाबीन पिकावर ओ.डी.टी चा वापर करता येईल का?'
[2026-08-03 03:15:38,198] [INFO] [Sample 2] Pred: 'आज हाय माझ्या घरात प्रातकाळी पाण्याचा पाहिजे आहे, पाणी भरवण्यात माझी मदत करावी आहे.' | Ref: 'आज हाय माझ्या घरात प्रातकाळी पाण्याचा पायजे हाय, पाणी भरवण्यात म्हाजी मदत करावी हाय?'
[2026-08-03 03:15:38,198] [INFO] [Sample 3] Pred: 'स्थानिक विकास प्राधिकरणाला माझे काय कामे आहेत?' | Ref: 'स्थानिक विकास प्राधिकरणाला माझे काय काम आहे?'
[2026-08-03 03:19:41,896] [INFO] Generation Length Check: Avg Pred Words = 9.1 | Avg Ref Words = 9.8
[2026-08-03 03:19:41,896] [INFO] [Sample 1] Pred: 'सोयाबीन पिकावर ओ.डी.टी चा वापर करता येईल का?' | Ref: 'सोयाबीन पिकावर ओ.डी.टी चा वापर करता येईल का?'
[2026-08-03 03:19:41,896] [INFO] [Sample 2] Pred: 'आज हाय माझ्या घरात प्रातकाळी पाण्याचा पाहिजे आहे, पाणी भरवण्यात माझी मदत करावी आहे.' | Ref: 'आज हाय माझ्या घरात प्रातकाळी पाण्याचा पायजे हाय, पाणी भरवण्यात म्हाजी मदत करावी हाय?'
[2026-08-03 03:19:41,897] [INFO] [Sample 3] Pred: 'स्थानिक विकास प्राधिकरणाला माझे काय कामे आहेत?' | Ref: 'स्थानिक विकास प्राधिकरणाला माझे काय काम आहे?'
[2026-08-03 03:23:37,412] [INFO] Generation Length Check: Avg Pred Words = 9.1 | Avg Ref Words = 9.8
[2026-08-03 03:23:37,413] [INFO] [Sample 1] Pred: 'सोयाबीन पिकावर ओ.डी.टी चा वापर करता येईल का?' | Ref: 'सोयाबीन पिकावर ओ.डी.टी चा वापर करता येईल का?'
[2026-08-03 03:23:37,413] [INFO] [Sample 2] Pred: 'आज हाय माझ्या घरात प्रातकाळी पाण्याचा पाहिजे आहे, पाणी भरवण्यात माझी मदत करावी आहे.' | Ref: 'आज हाय माझ्या घरात प्रातकाळी पाण्याचा पायजे हाय, पाणी भरवण्यात म्हाजी मदत करावी हाय?'
[2026-08-03 03:23:37,413] [INFO] [Sample 3] Pred: 'स्थानिक विकास प्राधिकरणाला माझे काय कामे आहेत?' | Ref: 'स्थानिक विकास प्राधिकरणाला माझे काय काम आहे?'
[2026-08-03 03:23:49,217] [INFO] Fold 5 Step-Averaged Training Loss: 2.0630
[2026-08-03 03:23:49,217] [INFO] Evaluating Fold 5 on CV Validation Split (1,727 samples)...
[2026-08-03 03:25:36,843] [INFO] Generation Length Check: Avg Pred Words = 9.1 | Avg Ref Words = 9.8
[2026-08-03 03:25:36,843] [INFO] [Sample 1] Pred: 'सोयाबीन पिकावर ओ.डी.टी चा वापर करता येईल का?' | Ref: 'सोयाबीन पिकावर ओ.डी.टी चा वापर करता येईल का?'
[2026-08-03 03:25:36,844] [INFO] [Sample 2] Pred: 'आज हाय माझ्या घरात प्रातकाळी पाण्याचा पाहिजे आहे, पाणी भरवण्यात माझी मदत करावी आहे.' | Ref: 'आज हाय माझ्या घरात प्रातकाळी पाण्याचा पायजे हाय, पाणी भरवण्यात म्हाजी मदत करावी हाय?'
[2026-08-03 03:25:36,844] [INFO] [Sample 3] Pred: 'स्थानिक विकास प्राधिकरणाला माझे काय कामे आहेत?' | Ref: 'स्थानिक विकास प्राधिकरणाला माझे काय काम आहे?'
[2026-08-03 03:25:36,845] [INFO] Fold 5 Val Loss: 0.4660  Val BLEU: 73.08  Val chrF: 86.77
[2026-08-03 03:25:36,845] [INFO] Evaluating Fold 5 on Held-Out Test Set (1,524 samples)...
[2026-08-03 03:27:08,987] [INFO] Generation Length Check: Avg Pred Words = 8.9 | Avg Ref Words = 9.6
[2026-08-03 03:27:08,987] [INFO] [Sample 1] Pred: 'रेशीम किडे जेव्हा अळ्या ते प्रौढ मेटामॉर्फोसिसमधून जातात तेव्हा ते रेशीम तयार करतात' | Ref: 'रेशीम किडे जेव्हा अळ्या ते प्रौढ मेटामॉर्फोसिसमधून जातात तेव्हा ते रेशीम तयार करतात.'
[2026-08-03 03:27:08,988] [INFO] [Sample 2] Pred: 'युनिव्हर्सल बँक अनेक बँकिंगमध्ये भाग घेते आणि एक व्यावसायिक बँक आणि गुंतवणूक बँक दोन्ही आहे' | Ref: 'युनिव्हर्सल बँक विविध बँकिंगमध्ये भाग घेते आणि एक व्यावसायिक बँक आणि गुंतवणूक बँक दोन्ही आहे'
[2026-08-03 03:27:08,988] [INFO] [Sample 3] Pred: 'स्टॉक एक्सचेंज ट्रेडिंग तास क्लायंटच्या निर्दिष्ट वेळेनुसार सूचीबद्ध केले जातात' | Ref: 'स्टॉक एक्सचेंज ट्रेडिंगचे तास क्लायंटच्या निर्दिष्ट वेळेनुसार सूचीबद्ध केले जातात'
[2026-08-03 03:27:08,989] [INFO] Fold 5 Test Loss: 0.4653  Test BLEU: 73.72  Test chrF: 86.77
[2026-08-03 03:27:11,947] [INFO] Fold 5 complete. GPU memory freed.
[2026-08-03 03:27:11,959] [INFO] 
======================================================================
[2026-08-03 03:27:11,959] [INFO] 3-FOLD CROSS VALIDATION & TEST EVALUATION COMPLETED!
[2026-08-03 03:27:11,959] [INFO] ======================================================================
[2026-08-03 03:27:11,959] [INFO] Avg Val  Loss: 0.4646  |  BLEU: 73.03  |  chrF: 86.77
[2026-08-03 03:27:11,959] [INFO] Avg Test Loss: 0.4657  |  BLEU: 73.62  |  chrF: 86.75
[2026-08-03 03:27:11,960] [INFO] CV Summary saved to: D:\dialect-norm\models\indicbart_d4_32k\cv_summary.json
[2026-08-03 03:27:11,960] [INFO] CV Summary saved to: D:\dialect-norm\models\indicbart_d4_32k\cv_summary.yaml
[2026-08-03 03:27:11,960] [INFO] ======================================================================
[2026-08-03 03:27:12,057] [INFO] SUCCESS: Completed variant D4 (Varhadi 32k - 10,155 pairs)
[2026-08-03 03:27:12,058] [INFO] 
################################################################################
[2026-08-03 03:27:12,058] [INFO] VARIANT 4/4: Running training for D124 All Dialects Combined 32k (32,335 pairs)
[2026-08-03 03:27:12,058] [INFO] ################################################################################

