[2026-08-05 06:26:03,400] [INFO] Training log file: D:\dialect-norm\logs\train_indicbart_combined.log
[2026-08-05 06:26:03,400] [INFO] ======================================================================
[2026-08-05 06:26:03,400] [INFO] INDICBART FINE-TUNING (OPTION B: 85/15 STRATIFIED SPLIT + 5-FOLD CV)
[2026-08-05 06:26:03,400] [INFO] ======================================================================
[2026-08-05 06:26:03,400] [INFO] Target Model            : ai4bharat/IndicBART
[2026-08-05 06:26:03,400] [INFO] Output Directory        : D:\dialect-norm\models\indicbart_combined
[2026-08-05 06:26:03,400] [INFO] Epochs per Fold         : 5
[2026-08-05 06:26:03,400] [INFO] Batch Size              : 16
[2026-08-05 06:26:03,401] [INFO] Gradient Accum Steps    : 2
[2026-08-05 06:26:03,401] [INFO] Effective Batch Size    : 32
[2026-08-05 06:26:03,401] [INFO] Learning Rate           : 5e-05
[2026-08-05 06:26:03,401] [INFO] Weight Decay            : 0.01
[2026-08-05 06:26:03,401] [INFO] Warmup Ratio            : 0.1
[2026-08-05 06:26:03,401] [INFO] Early Stopping Patience : 2
[2026-08-05 06:26:03,401] [INFO] Max Input / Target Len  : 128 / 128
[2026-08-05 06:26:03,401] [INFO] Random Seed             : 42
[2026-08-05 06:26:03,401] [INFO] ======================================================================
[2026-08-05 06:26:03,953] [INFO] Loaded 16,163 parallel samples from 3 CSV file(s).
[2026-08-05 06:26:03,974] [INFO] Total Dataset Size      : 16,163 pairs
[2026-08-05 06:26:03,975] [INFO] 85% Training Pool       : 13,737 pairs
[2026-08-05 06:26:03,975] [INFO] 15% Held-Out Test       : 2,426 pairs
[2026-08-05 06:26:03,981] [INFO]   Train Pool distribution: {'D1': 4739, 'D4': 4323, 'D2': 4675}
[2026-08-05 06:26:03,982] [INFO]   Test Set distribution: {'D2': 826, 'D1': 837, 'D4': 763}
[2026-08-05 06:26:03,983] [INFO] Downloading and caching base model 'ai4bharat/IndicBART' to D:\dialect-norm\models\indicbart_combined\base_model...
[2026-08-05 06:26:04,371] [INFO] HTTP Request: HEAD https://huggingface.co/ai4bharat/IndicBART/resolve/main/config.json "HTTP/1.1 307 Temporary Redirect"
[2026-08-05 06:26:04,389] [INFO] HTTP Request: HEAD https://huggingface.co/api/resolve-cache/models/ai4bharat/IndicBART/78466a0c0e29f9229f7005623ecd6bc4243c0ae0/config.json "HTTP/1.1 200 OK"
[2026-08-05 06:26:04,618] [INFO] HTTP Request: HEAD https://huggingface.co/ai4bharat/IndicBART/resolve/main/tokenizer_config.json "HTTP/1.1 307 Temporary Redirect"
[2026-08-05 06:26:04,635] [INFO] HTTP Request: HEAD https://huggingface.co/api/resolve-cache/models/ai4bharat/IndicBART/78466a0c0e29f9229f7005623ecd6bc4243c0ae0/tokenizer_config.json "HTTP/1.1 200 OK"
[2026-08-05 06:26:04,859] [INFO] HTTP Request: HEAD https://huggingface.co/ai4bharat/IndicBART/resolve/main/tokenizer_config.json "HTTP/1.1 307 Temporary Redirect"
[2026-08-05 06:26:04,877] [INFO] HTTP Request: HEAD https://huggingface.co/api/resolve-cache/models/ai4bharat/IndicBART/78466a0c0e29f9229f7005623ecd6bc4243c0ae0/tokenizer_config.json "HTTP/1.1 200 OK"
[2026-08-05 06:26:05,099] [INFO] HTTP Request: GET https://huggingface.co/api/models/ai4bharat/IndicBART/tree/main/additional_chat_templates?recursive=false&expand=false "HTTP/1.1 404 Not Found"
[2026-08-05 06:26:05,323] [INFO] HTTP Request: GET https://huggingface.co/api/models/ai4bharat/IndicBART/tree/main?recursive=true&expand=false "HTTP/1.1 200 OK"
[2026-08-05 06:26:05,816] [INFO] HTTP Request: HEAD https://huggingface.co/ai4bharat/IndicBART/resolve/main/config.json "HTTP/1.1 307 Temporary Redirect"
[2026-08-05 06:26:05,834] [INFO] HTTP Request: HEAD https://huggingface.co/api/resolve-cache/models/ai4bharat/IndicBART/78466a0c0e29f9229f7005623ecd6bc4243c0ae0/config.json "HTTP/1.1 200 OK"
[2026-08-05 06:26:06,066] [INFO] HTTP Request: HEAD https://huggingface.co/ai4bharat/IndicBART/resolve/main/model.safetensors "HTTP/1.1 404 Not Found"
[2026-08-05 06:26:06,288] [INFO] HTTP Request: GET https://huggingface.co/api/models/ai4bharat/IndicBART "HTTP/1.1 200 OK"
[2026-08-05 06:26:06,523] [INFO] HTTP Request: GET https://huggingface.co/api/models/ai4bharat/IndicBART/commits/main "HTTP/1.1 200 OK"
[2026-08-05 06:26:06,755] [INFO] HTTP Request: GET https://huggingface.co/api/models/ai4bharat/IndicBART/discussions?p=0 "HTTP/1.1 200 OK"
[2026-08-05 06:26:06,992] [INFO] HTTP Request: GET https://huggingface.co/api/models/ai4bharat/IndicBART/commits/refs%2Fpr%2F2 "HTTP/1.1 200 OK"
[2026-08-05 06:26:07,212] [INFO] HTTP Request: HEAD https://huggingface.co/ai4bharat/IndicBART/resolve/refs%2Fpr%2F2/model.safetensors.index.json "HTTP/1.1 404 Not Found"
[2026-08-05 06:26:07,324] [INFO] HTTP Request: HEAD https://huggingface.co/ai4bharat/IndicBART/resolve/main/generation_config.json "HTTP/1.1 404 Not Found"
[2026-08-05 06:26:07,435] [INFO] HTTP Request: HEAD https://huggingface.co/ai4bharat/IndicBART/resolve/refs%2Fpr%2F2/model.safetensors "HTTP/1.1 302 Found"
[2026-08-05 06:26:07,546] [INFO] HTTP Request: HEAD https://huggingface.co/ai4bharat/IndicBART/resolve/main/config.json "HTTP/1.1 307 Temporary Redirect"
[2026-08-05 06:26:07,565] [INFO] HTTP Request: HEAD https://huggingface.co/api/resolve-cache/models/ai4bharat/IndicBART/78466a0c0e29f9229f7005623ecd6bc4243c0ae0/config.json "HTTP/1.1 200 OK"
[2026-08-05 06:26:14,974] [INFO] 
======================================================================
[2026-08-05 06:26:14,974] [INFO] RUNNING CROSS-VALIDATION: FOLD 1/5
[2026-08-05 06:26:14,974] [INFO] ======================================================================
[2026-08-05 06:26:14,975] [INFO] Fold 1 Training Samples   : 10,990
[2026-08-05 06:26:14,975] [INFO] Fold 1 Validation Samples : 2,747
[2026-08-05 06:32:17,146] [INFO] Generation Length Check: Avg Pred Words = 9.0 | Avg Ref Words = 8.8
[2026-08-05 06:32:17,146] [INFO] [Sample 1] Pred: 'मेंढ्यांच्या लोकरेक तेंच्या चामड्यापासना एका बारीक थर काढण्याची प्रक्रिया आहे.' | Ref: 'मेंढ्यांच्या लोकरेक तेंच्या चामड्यापासनासाठी एका बारीक थराची प्रक्रिया अशी आहे.'
[2026-08-05 06:32:17,146] [INFO] [Sample 2] Pred: 'अठराव्या ते विसाव्या शतकापर्यंत कताई खेचराचा मोठ्या प्रमाणावर वापर केला जात होता' | Ref: 'अठराव्या ते विसाव्या शतकापर्यंत कताई खेचराचा मोठ्या प्रमाणावर वापर केला जात होता'
[2026-08-05 06:32:17,147] [INFO] [Sample 3] Pred: 'सागरी शेती ही मत्स्य पालनाची एक शाखा आहे व अन्न , इतर प्राणी उत्पादनांसाठी सागरी जीवांची लागवड समाविष्ट आहे.' | Ref: 'सागरी शेती ही मत्स्य पालनाची एक शाखा आहे आणि अन्न व इतर प्राणी उत्पादनांसाठी सागरी जीवांची लागवड समाविष्ट आहे'
[2026-08-05 06:38:19,898] [INFO] Generation Length Check: Avg Pred Words = 6.2 | Avg Ref Words = 8.8
[2026-08-05 06:38:19,898] [INFO] [Sample 1] Pred: 'मेंढ्यांच्या लोकरेक तेंच्या चामड्यापासना एका बारीक थर काढण्याची प्रक्रिया आहे.' | Ref: 'मेंढ्यांच्या लोकरेक तेंच्या चामड्यापासनासाठी एका बारीक थराची प्रक्रिया अशी आहे.'
[2026-08-05 06:38:19,898] [INFO] [Sample 2] Pred: 'अठराव्या ते विसाव्या शतकापर्यंत कताई खेचराचा मोठ्या प्रमाणावर वापर केला जात होता' | Ref: 'अठराव्या ते विसाव्या शतकापर्यंत कताई खेचराचा मोठ्या प्रमाणावर वापर केला जात होता'
[2026-08-05 06:38:19,898] [INFO] [Sample 3] Pred: 'सागरी शेती ही मत्स्य पालनाची एक शाखा आहे व अन्न, इतर प्राणी उत्पादनांसाठी सागरी जीवांची लागवड समाविष्ट आहे.' | Ref: 'सागरी शेती ही मत्स्य पालनाची एक शाखा आहे आणि अन्न व इतर प्राणी उत्पादनांसाठी सागरी जीवांची लागवड समाविष्ट आहे'
[2026-08-05 06:44:23,883] [INFO] Generation Length Check: Avg Pred Words = 6.2 | Avg Ref Words = 8.8
[2026-08-05 06:44:23,883] [INFO] [Sample 1] Pred: 'मेंढ्यांच्या लोकरेक तेंच्या चामड्यापासना एका बारीक थर काढण्याची प्रक्रिया आहे.' | Ref: 'मेंढ्यांच्या लोकरेक तेंच्या चामड्यापासनासाठी एका बारीक थराची प्रक्रिया अशी आहे.'
[2026-08-05 06:44:23,883] [INFO] [Sample 2] Pred: 'अठराव्या ते विसाव्या शतकापर्यंत कताई खेचराचा मोठ्या प्रमाणावर वापर केला जात होता' | Ref: 'अठराव्या ते विसाव्या शतकापर्यंत कताई खेचराचा मोठ्या प्रमाणावर वापर केला जात होता'
[2026-08-05 06:44:23,884] [INFO] [Sample 3] Pred: 'सागरी शेती ही मत्स्य पालनाची एक शाखा आहे व अन्न, इतर प्राणी उत्पादनांसाठी सागरी जीवांची लागवड समाविष्ट आहे.' | Ref: 'सागरी शेती ही मत्स्य पालनाची एक शाखा आहे आणि अन्न व इतर प्राणी उत्पादनांसाठी सागरी जीवांची लागवड समाविष्ट आहे'
[2026-08-05 06:50:25,314] [INFO] Generation Length Check: Avg Pred Words = 6.1 | Avg Ref Words = 8.8
[2026-08-05 06:50:25,314] [INFO] [Sample 1] Pred: 'मेंढ्यांच्या लोकरेक तेंच्या चामड्यापासना एका बारीक थर काढण्याची प्रक्रिया आहे.' | Ref: 'मेंढ्यांच्या लोकरेक तेंच्या चामड्यापासनासाठी एका बारीक थराची प्रक्रिया अशी आहे.'
[2026-08-05 06:50:25,314] [INFO] [Sample 2] Pred: 'अठराव्या ते विसाव्या शतकापर्यंत कताई खेचराचा मोठ्या प्रमाणावर वापर केला जात होता' | Ref: 'अठराव्या ते विसाव्या शतकापर्यंत कताई खेचराचा मोठ्या प्रमाणावर वापर केला जात होता'
[2026-08-05 06:50:25,314] [INFO] [Sample 3] Pred: 'सागरी शेती ही मत्स्य पालनाची एक शाखा आहे व अन्न, इतर प्राणी उत्पादनांसाठी सागरी जीवांची लागवड समाविष्ट आहे.' | Ref: 'सागरी शेती ही मत्स्य पालनाची एक शाखा आहे आणि अन्न व इतर प्राणी उत्पादनांसाठी सागरी जीवांची लागवड समाविष्ट आहे'
[2026-08-05 06:56:26,379] [INFO] Generation Length Check: Avg Pred Words = 6.2 | Avg Ref Words = 8.8
[2026-08-05 06:56:26,379] [INFO] [Sample 1] Pred: '' | Ref: 'मेंढ्यांच्या लोकरेक तेंच्या चामड्यापासनासाठी एका बारीक थराची प्रक्रिया अशी आहे.'
[2026-08-05 06:56:26,379] [INFO] [Sample 2] Pred: 'अठराव्या ते विसाव्या शतकापर्यंत कताई खेचराचा मोठ्या प्रमाणावर वापर केला जात होता' | Ref: 'अठराव्या ते विसाव्या शतकापर्यंत कताई खेचराचा मोठ्या प्रमाणावर वापर केला जात होता'
[2026-08-05 06:56:26,380] [INFO] [Sample 3] Pred: 'सागरी शेती ही मत्स्य पालनाची एक शाखा आहे व अन्न, इतर प्राणी उत्पादनांसाठी सागरी जीवांची लागवड समाविष्ट आहे.' | Ref: 'सागरी शेती ही मत्स्य पालनाची एक शाखा आहे आणि अन्न व इतर प्राणी उत्पादनांसाठी सागरी जीवांची लागवड समाविष्ट आहे'
[2026-08-05 06:56:40,768] [INFO] Fold 1 Step-Averaged Training Loss: 2.2524
[2026-08-05 06:56:40,768] [INFO] Evaluating Fold 1 on CV Validation Split (2,747 samples)...
[2026-08-05 06:59:20,687] [INFO] Generation Length Check: Avg Pred Words = 6.2 | Avg Ref Words = 8.8
[2026-08-05 06:59:20,687] [INFO] [Sample 1] Pred: '' | Ref: 'मेंढ्यांच्या लोकरेक तेंच्या चामड्यापासनासाठी एका बारीक थराची प्रक्रिया अशी आहे.'
[2026-08-05 06:59:20,687] [INFO] [Sample 2] Pred: 'अठराव्या ते विसाव्या शतकापर्यंत कताई खेचराचा मोठ्या प्रमाणावर वापर केला जात होता' | Ref: 'अठराव्या ते विसाव्या शतकापर्यंत कताई खेचराचा मोठ्या प्रमाणावर वापर केला जात होता'
[2026-08-05 06:59:20,687] [INFO] [Sample 3] Pred: 'सागरी शेती ही मत्स्य पालनाची एक शाखा आहे व अन्न, इतर प्राणी उत्पादनांसाठी सागरी जीवांची लागवड समाविष्ट आहे.' | Ref: 'सागरी शेती ही मत्स्य पालनाची एक शाखा आहे आणि अन्न व इतर प्राणी उत्पादनांसाठी सागरी जीवांची लागवड समाविष्ट आहे'
[2026-08-05 06:59:20,689] [INFO] Fold 1 Val Loss: 0.6923  Val BLEU: 48.92  Val chrF: 68.87
[2026-08-05 06:59:20,689] [INFO] Evaluating Fold 1 on Held-Out Test Set (2,426 samples)...
[2026-08-05 07:01:43,770] [INFO] Generation Length Check: Avg Pred Words = 6.2 | Avg Ref Words = 8.9
[2026-08-05 07:01:43,770] [INFO] [Sample 1] Pred: 'आय.आर.आरचा उपयोग खाजगी इक्विटीसाठी पण केला जातो' | Ref: 'आय.आर.आर चा उपयोग खाजगी इक्विटीसाठी पण केला जातो.'
[2026-08-05 07:01:43,771] [INFO] [Sample 2] Pred: 'भारतात तंबाखूला करापासून दूर ठेवले जाते' | Ref: 'भारतात तंबाखूला करापासून दूर ठेवले जाते'
[2026-08-05 07:01:43,771] [INFO] [Sample 3] Pred: '' | Ref: 'बँकेच्या खात्याचा बॅलन्स कसा तपासायचा?'
[2026-08-05 07:01:43,773] [INFO] Fold 1 Test Loss: 0.6879  Test BLEU: 48.33  Test chrF: 68.72
[2026-08-05 07:01:43,774] [INFO] Running per-dialect test evaluation breakdown...
[2026-08-05 07:02:33,923] [INFO] Generation Length Check: Avg Pred Words = 5.1 | Avg Ref Words = 8.9
[2026-08-05 07:02:33,923] [INFO] [Sample 1] Pred: '' | Ref: 'बँकेच्या खात्याचा बॅलन्स कसा तपासायचा?'
[2026-08-05 07:02:33,923] [INFO] [Sample 2] Pred: '' | Ref: 'जलसंकट आपल्यासाठी चिंतेचा विषय आहे'
[2026-08-05 07:02:33,923] [INFO] [Sample 3] Pred: 'डायोस्कोरिया अलाटा आशियाई उष्ण कटिबंधात आढळतो' | Ref: 'डायोस्कोरिया आशियाई उष्ण कटिबंधात आढळतो'
[2026-08-05 07:02:33,924] [INFO]   [D1] Test Samples: 837 | Loss: 0.8144 | BLEU: 26.08 | chrF: 52.98
[2026-08-05 07:03:21,759] [INFO] Generation Length Check: Avg Pred Words = 5.8 | Avg Ref Words = 8.6
[2026-08-05 07:03:21,760] [INFO] [Sample 1] Pred: 'आय.आर.आरचा उपयोग खाजगी इक्विटीसाठी पण केला जातो' | Ref: 'आय.आर.आर चा उपयोग खाजगी इक्विटीसाठी पण केला जातो.'
[2026-08-05 07:03:21,760] [INFO] [Sample 2] Pred: 'भारतात तंबाखूला करापासून दूर ठेवले जाते' | Ref: 'भारतात तंबाखूला करापासून दूर ठेवले जाते'
[2026-08-05 07:03:21,760] [INFO] [Sample 3] Pred: 'शेतीला पाणी देताना विहिरीच्या पाण्याचे मोजमाप कसे करावे?' | Ref: 'शेतीला पाणी देताना विहिरीच्या पाण्याचे मोजमाप कसे करावे?'
[2026-08-05 07:03:21,761] [INFO]   [D2] Test Samples: 826 | Loss: 0.8302 | BLEU: 47.92 | chrF: 67.36
[2026-08-05 07:04:06,454] [INFO] Generation Length Check: Avg Pred Words = 7.9 | Avg Ref Words = 9.0
[2026-08-05 07:04:06,454] [INFO] [Sample 1] Pred: 'खाते उघडताना व्यक्तीकडे आधार कार्ड, पॅन कार्ड आणि पासपोर्ट फोटो असणे आवश्यक आहे' | Ref: 'खाते उघडताना व्यक्तीकडे आधार कार्ड, पॅन कार्ड आणि पासपोर्ट फोटो असणे आवश्यक आहे'
[2026-08-05 07:04:06,454] [INFO] [Sample 2] Pred: 'चुनखडीच्या मातीमंदी संत्र्याचे पीक घेता येईल का?' | Ref: 'चुनखडीच्या मातीतून संत्र्याचे पीक घेता येईल का?'
[2026-08-05 07:04:06,454] [INFO] [Sample 3] Pred: 'भ्रष्टाचार, काळा पैसा, बनावटी नोट्स, महागाई आणि दहशतवाद रोखण्यासाठी नोटाबंदी केली गेली' | Ref: 'भ्रष्टाचार, काळा पैसा, बनावटी नोटा आणि महागाई व दहशतवाद रोखण्यासाठी नोटाबंदी केली गेली.'
[2026-08-05 07:04:06,455] [INFO]   [D4] Test Samples: 763 | Loss: 0.4021 | BLEU: 73.04 | chrF: 85.99
[2026-08-05 07:04:09,173] [INFO] Fold 1 complete. GPU memory freed.
[2026-08-05 07:04:09,173] [INFO] 
======================================================================
[2026-08-05 07:04:09,173] [INFO] RUNNING CROSS-VALIDATION: FOLD 2/5
[2026-08-05 07:04:09,173] [INFO] ======================================================================
[2026-08-05 07:04:09,174] [INFO] Fold 2 Training Samples   : 10,990
[2026-08-05 07:04:09,174] [INFO] Fold 2 Validation Samples : 2,747
[2026-08-05 07:10:12,280] [INFO] Generation Length Check: Avg Pred Words = 8.9 | Avg Ref Words = 8.8
[2026-08-05 07:10:12,281] [INFO] [Sample 1] Pred: 'द्विवार्षिक वनस्पती पहिल्या वर्षी वाढतात आणि दुसऱ्या वर्षी फुले , फळे आणि बिया देऊन मरतात' | Ref: 'द्विवार्षिक वनस्पती पहिल्या वर्षी वाढतात आणि दुसऱ्या वर्षी फुले, फळे आणि बिया देऊन मरतात.'
[2026-08-05 07:10:12,281] [INFO] [Sample 2] Pred: 'शेतजमिनीचे मोजमाप किल्ले आणि एकर यार्डमध्ये केले जाते' | Ref: 'शेतजमिनीचे मोजमाप किल्ले आणि एकर यार्डमध्ये केले जाते.'
[2026-08-05 07:10:12,281] [INFO] [Sample 3] Pred: 'मातीचे प्रकार किती आहे ते सांगा' | Ref: 'मातीचे प्रकार किती आहेत ते सांगा?'
[2026-08-05 07:16:18,566] [INFO] Generation Length Check: Avg Pred Words = 6.1 | Avg Ref Words = 8.8
[2026-08-05 07:16:18,566] [INFO] [Sample 1] Pred: 'द्विवार्षिक वनस्पती पहिल्या वर्षी वाढतात आणि दुसऱ्या वर्षी फुले, फळे आणि बिया देऊन मरतात' | Ref: 'द्विवार्षिक वनस्पती पहिल्या वर्षी वाढतात आणि दुसऱ्या वर्षी फुले, फळे आणि बिया देऊन मरतात.'
[2026-08-05 07:16:18,566] [INFO] [Sample 2] Pred: 'शेतजमिनीचे मोजमाप किल्ले आणि एकर यार्डमध्ये केले जाते' | Ref: 'शेतजमिनीचे मोजमाप किल्ले आणि एकर यार्डमध्ये केले जाते.'
[2026-08-05 07:16:18,567] [INFO] [Sample 3] Pred: 'मातीचे प्रकार किती आहेत ते सांगा' | Ref: 'मातीचे प्रकार किती आहेत ते सांगा?'
[2026-08-05 07:22:26,995] [INFO] Generation Length Check: Avg Pred Words = 6.0 | Avg Ref Words = 8.8
[2026-08-05 07:22:26,995] [INFO] [Sample 1] Pred: 'द्विवार्षिक वनस्पती पहिल्या वर्षी वाढतात आणि दुसऱ्या वर्षी फुले, फळे आणि बिया देऊन मरतात' | Ref: 'द्विवार्षिक वनस्पती पहिल्या वर्षी वाढतात आणि दुसऱ्या वर्षी फुले, फळे आणि बिया देऊन मरतात.'
[2026-08-05 07:22:26,995] [INFO] [Sample 2] Pred: 'शेतजमिनीचे मोजमाप किल्ले आणि एकर यार्डमध्ये केले जाते' | Ref: 'शेतजमिनीचे मोजमाप किल्ले आणि एकर यार्डमध्ये केले जाते.'
[2026-08-05 07:22:26,995] [INFO] [Sample 3] Pred: 'मातीचे प्रकार किती आहेत ते सांगा' | Ref: 'मातीचे प्रकार किती आहेत ते सांगा?'
[2026-08-05 07:28:31,015] [INFO] Generation Length Check: Avg Pred Words = 6.0 | Avg Ref Words = 8.8
[2026-08-05 07:28:31,015] [INFO] [Sample 1] Pred: 'द्विवार्षिक वनस्पती पहिल्या वर्षी वाढतात आणि दुसऱ्या वर्षी फुले, फळे आणि बिया देऊन मरतात' | Ref: 'द्विवार्षिक वनस्पती पहिल्या वर्षी वाढतात आणि दुसऱ्या वर्षी फुले, फळे आणि बिया देऊन मरतात.'
[2026-08-05 07:28:31,016] [INFO] [Sample 2] Pred: 'शेतजमिनीचे मोजमाप किल्ले आणि एकर यार्डमध्ये केले जाते' | Ref: 'शेतजमिनीचे मोजमाप किल्ले आणि एकर यार्डमध्ये केले जाते.'
[2026-08-05 07:28:31,016] [INFO] [Sample 3] Pred: 'मातीचे प्रकार किती आहेत ते सांगा' | Ref: 'मातीचे प्रकार किती आहेत ते सांगा?'
[2026-08-05 07:34:37,103] [INFO] Generation Length Check: Avg Pred Words = 6.0 | Avg Ref Words = 8.8
[2026-08-05 07:34:37,103] [INFO] [Sample 1] Pred: 'द्विवार्षिक वनस्पती पहिल्या वर्षी वाढतात आणि दुसऱ्या वर्षी फुले, फळे आणि बिया देऊन मरतात' | Ref: 'द्विवार्षिक वनस्पती पहिल्या वर्षी वाढतात आणि दुसऱ्या वर्षी फुले, फळे आणि बिया देऊन मरतात.'
[2026-08-05 07:34:37,103] [INFO] [Sample 2] Pred: 'शेतजमिनीचे मोजमाप किल्ले आणि एकर यार्डमध्ये केले जाते' | Ref: 'शेतजमिनीचे मोजमाप किल्ले आणि एकर यार्डमध्ये केले जाते.'
[2026-08-05 07:34:37,103] [INFO] [Sample 3] Pred: 'मातीचे प्रकार किती आहेत ते सांगा' | Ref: 'मातीचे प्रकार किती आहेत ते सांगा?'
[2026-08-05 07:34:50,491] [INFO] Fold 2 Step-Averaged Training Loss: 2.2419
[2026-08-05 07:34:50,491] [INFO] Evaluating Fold 2 on CV Validation Split (2,747 samples)...
[2026-08-05 07:37:32,771] [INFO] Generation Length Check: Avg Pred Words = 6.0 | Avg Ref Words = 8.8
[2026-08-05 07:37:32,771] [INFO] [Sample 1] Pred: 'द्विवार्षिक वनस्पती पहिल्या वर्षी वाढतात आणि दुसऱ्या वर्षी फुले, फळे आणि बिया देऊन मरतात' | Ref: 'द्विवार्षिक वनस्पती पहिल्या वर्षी वाढतात आणि दुसऱ्या वर्षी फुले, फळे आणि बिया देऊन मरतात.'
[2026-08-05 07:37:32,771] [INFO] [Sample 2] Pred: 'शेतजमिनीचे मोजमाप किल्ले आणि एकर यार्डमध्ये केले जाते' | Ref: 'शेतजमिनीचे मोजमाप किल्ले आणि एकर यार्डमध्ये केले जाते.'
[2026-08-05 07:37:32,771] [INFO] [Sample 3] Pred: 'मातीचे प्रकार किती आहेत ते सांगा' | Ref: 'मातीचे प्रकार किती आहेत ते सांगा?'
[2026-08-05 07:37:32,774] [INFO] Fold 2 Val Loss: 0.7103  Val BLEU: 46.37  Val chrF: 67.36
[2026-08-05 07:37:32,774] [INFO] Evaluating Fold 2 on Held-Out Test Set (2,426 samples)...
[2026-08-05 07:39:54,712] [INFO] Generation Length Check: Avg Pred Words = 6.2 | Avg Ref Words = 8.9
[2026-08-05 07:39:54,712] [INFO] [Sample 1] Pred: 'आय.आर.आरचा उपयोग खाजगी इक्विटीसाठी पण केला जातो' | Ref: 'आय.आर.आर चा उपयोग खाजगी इक्विटीसाठी पण केला जातो.'
[2026-08-05 07:39:54,712] [INFO] [Sample 2] Pred: 'भारतात तंबाखूला करापासून दूर ठेवले जाते' | Ref: 'भारतात तंबाखूला करापासून दूर ठेवले जाते'
[2026-08-05 07:39:54,712] [INFO] [Sample 3] Pred: '' | Ref: 'बँकेच्या खात्याचा बॅलन्स कसा तपासायचा?'
[2026-08-05 07:39:54,714] [INFO] Fold 2 Test Loss: 0.6891  Test BLEU: 48.19  Test chrF: 68.67
[2026-08-05 07:39:54,715] [INFO] Running per-dialect test evaluation breakdown...
[2026-08-05 07:40:44,621] [INFO] Generation Length Check: Avg Pred Words = 5.1 | Avg Ref Words = 8.9
[2026-08-05 07:40:44,621] [INFO] [Sample 1] Pred: '' | Ref: 'बँकेच्या खात्याचा बॅलन्स कसा तपासायचा?'
[2026-08-05 07:40:44,621] [INFO] [Sample 2] Pred: '' | Ref: 'जलसंकट आपल्यासाठी चिंतेचा विषय आहे'
[2026-08-05 07:40:44,621] [INFO] [Sample 3] Pred: 'डायोस्कोरिया अलाटा आशियाई उष्ण कटिबंधात आढळतो' | Ref: 'डायोस्कोरिया आशियाई उष्ण कटिबंधात आढळतो'
[2026-08-05 07:40:44,622] [INFO]   [D1] Test Samples: 837 | Loss: 0.8165 | BLEU: 26.65 | chrF: 53.60
[2026-08-05 07:41:32,252] [INFO] Generation Length Check: Avg Pred Words = 5.8 | Avg Ref Words = 8.6
[2026-08-05 07:41:32,252] [INFO] [Sample 1] Pred: 'आय.आर.आरचा उपयोग खाजगी इक्विटीसाठी पण केला जातो' | Ref: 'आय.आर.आर चा उपयोग खाजगी इक्विटीसाठी पण केला जातो.'
[2026-08-05 07:41:32,252] [INFO] [Sample 2] Pred: 'भारतात तंबाखूला करापासून दूर ठेवले जाते' | Ref: 'भारतात तंबाखूला करापासून दूर ठेवले जाते'
[2026-08-05 07:41:32,252] [INFO] [Sample 3] Pred: 'शेतीला पाणी देताना विहिरीच्या पाण्याचे मोजमाप कसे करावे?' | Ref: 'शेतीला पाणी देताना विहिरीच्या पाण्याचे मोजमाप कसे करावे?'
[2026-08-05 07:41:32,253] [INFO]   [D2] Test Samples: 826 | Loss: 0.8315 | BLEU: 47.48 | chrF: 67.20
[2026-08-05 07:42:16,819] [INFO] Generation Length Check: Avg Pred Words = 7.9 | Avg Ref Words = 9.0
[2026-08-05 07:42:16,819] [INFO] [Sample 1] Pred: 'खाते उघडताना व्यक्तीकडे आधार कार्ड, पॅन कार्ड आणि पासपोर्ट फोटो असणे आवश्यक आहे' | Ref: 'खाते उघडताना व्यक्तीकडे आधार कार्ड, पॅन कार्ड आणि पासपोर्ट फोटो असणे आवश्यक आहे'
[2026-08-05 07:42:16,819] [INFO] [Sample 2] Pred: 'चुनखडीच्या मातीमंदी संत्र्याचे पीक घेता येईल का?' | Ref: 'चुनखडीच्या मातीतून संत्र्याचे पीक घेता येईल का?'
[2026-08-05 07:42:16,819] [INFO] [Sample 3] Pred: 'भ्रष्टाचार, काळा पैसा, बनावटी नोट्स, महागाई आणि दहशतवाद रोखण्यासाठी नोटाबंदी केली गेली' | Ref: 'भ्रष्टाचार, काळा पैसा, बनावटी नोटा आणि महागाई व दहशतवाद रोखण्यासाठी नोटाबंदी केली गेली.'
[2026-08-05 07:42:16,820] [INFO]   [D4] Test Samples: 763 | Loss: 0.4025 | BLEU: 72.44 | chrF: 85.42
[2026-08-05 07:42:19,854] [INFO] Fold 2 complete. GPU memory freed.
[2026-08-05 07:42:19,854] [INFO] 
======================================================================
[2026-08-05 07:42:19,854] [INFO] RUNNING CROSS-VALIDATION: FOLD 3/5
[2026-08-05 07:42:19,854] [INFO] ======================================================================
[2026-08-05 07:42:19,855] [INFO] Fold 3 Training Samples   : 10,990
[2026-08-05 07:42:19,855] [INFO] Fold 3 Validation Samples : 2,747
[2026-08-05 07:48:25,332] [INFO] Generation Length Check: Avg Pred Words = 8.9 | Avg Ref Words = 8.8
[2026-08-05 07:48:25,332] [INFO] [Sample 1] Pred: 'डायरेक्ट डेबिट ही तुमच्या बँकेक नायतर बिल्डिंग सोसायटीक दिल्लली एक सूचना आहे' | Ref: 'डायरेक्ट डेबिट तुमच्या बँकेत नाही बिल्डिंग सोसायटीची माहिती एक सूचना आहे'
[2026-08-05 07:48:25,332] [INFO] [Sample 2] Pred: 'नव्या शेतीच्या परकारामंधी संकरित बियान्याचे जे उत्पादन रायते त्याले अधिक महत्त्व असते.' | Ref: 'नवीन शेतीसाठी संकरित बियाण्यांचे जे उत्पादन आहे, त्याचे अधिक महत्त्व आहे.'
[2026-08-05 07:48:25,332] [INFO] [Sample 3] Pred: 'कमी खर्चात चांगल्या शेतीसाठी लहान कृषी यंत्रांवर उपचार करा' | Ref: 'कमी खर्चात चांगल्या शेतीसाठी लहान कृषी यंत्रांवर उपचार करा'
[2026-08-05 07:54:34,512] [INFO] Generation Length Check: Avg Pred Words = 6.0 | Avg Ref Words = 8.8
[2026-08-05 07:54:34,512] [INFO] [Sample 1] Pred: '' | Ref: 'डायरेक्ट डेबिट तुमच्या बँकेत नाही बिल्डिंग सोसायटीची माहिती एक सूचना आहे'
[2026-08-05 07:54:34,512] [INFO] [Sample 2] Pred: '' | Ref: 'नवीन शेतीसाठी संकरित बियाण्यांचे जे उत्पादन आहे, त्याचे अधिक महत्त्व आहे.'
[2026-08-05 07:54:34,512] [INFO] [Sample 3] Pred: 'कमी खर्चात चांगल्या शेतीसाठी लहान कृषी यंत्रांवर उपचार करा' | Ref: 'कमी खर्चात चांगल्या शेतीसाठी लहान कृषी यंत्रांवर उपचार करा'
[2026-08-05 08:00:43,005] [INFO] Generation Length Check: Avg Pred Words = 5.9 | Avg Ref Words = 8.8
[2026-08-05 08:00:43,005] [INFO] [Sample 1] Pred: '' | Ref: 'डायरेक्ट डेबिट तुमच्या बँकेत नाही बिल्डिंग सोसायटीची माहिती एक सूचना आहे'
[2026-08-05 08:00:43,005] [INFO] [Sample 2] Pred: '' | Ref: 'नवीन शेतीसाठी संकरित बियाण्यांचे जे उत्पादन आहे, त्याचे अधिक महत्त्व आहे.'
[2026-08-05 08:00:43,005] [INFO] [Sample 3] Pred: 'कमी खर्चात चांगल्या शेतीसाठी लहान कृषी यंत्रांवर उपचार करा' | Ref: 'कमी खर्चात चांगल्या शेतीसाठी लहान कृषी यंत्रांवर उपचार करा'
[2026-08-05 08:06:51,822] [INFO] Generation Length Check: Avg Pred Words = 6.0 | Avg Ref Words = 8.8
[2026-08-05 08:06:51,823] [INFO] [Sample 1] Pred: '' | Ref: 'डायरेक्ट डेबिट तुमच्या बँकेत नाही बिल्डिंग सोसायटीची माहिती एक सूचना आहे'
[2026-08-05 08:06:51,823] [INFO] [Sample 2] Pred: '' | Ref: 'नवीन शेतीसाठी संकरित बियाण्यांचे जे उत्पादन आहे, त्याचे अधिक महत्त्व आहे.'
[2026-08-05 08:06:51,823] [INFO] [Sample 3] Pred: 'कमी खर्चात चांगल्या शेतीसाठी लहान कृषी यंत्रांवर उपचार करा' | Ref: 'कमी खर्चात चांगल्या शेतीसाठी लहान कृषी यंत्रांवर उपचार करा'
[2026-08-05 08:12:58,747] [INFO] Generation Length Check: Avg Pred Words = 6.1 | Avg Ref Words = 8.8
[2026-08-05 08:12:58,747] [INFO] [Sample 1] Pred: '' | Ref: 'डायरेक्ट डेबिट तुमच्या बँकेत नाही बिल्डिंग सोसायटीची माहिती एक सूचना आहे'
[2026-08-05 08:12:58,747] [INFO] [Sample 2] Pred: '' | Ref: 'नवीन शेतीसाठी संकरित बियाण्यांचे जे उत्पादन आहे, त्याचे अधिक महत्त्व आहे.'
[2026-08-05 08:12:58,747] [INFO] [Sample 3] Pred: 'कमी खर्चात चांगल्या शेतीसाठी लहान कृषी यंत्रांवर उपचार करा' | Ref: 'कमी खर्चात चांगल्या शेतीसाठी लहान कृषी यंत्रांवर उपचार करा'
[2026-08-05 08:13:14,953] [INFO] Fold 3 Step-Averaged Training Loss: 2.2514
[2026-08-05 08:13:14,953] [INFO] Evaluating Fold 3 on CV Validation Split (2,747 samples)...
[2026-08-05 08:16:01,924] [INFO] Generation Length Check: Avg Pred Words = 6.1 | Avg Ref Words = 8.8
[2026-08-05 08:16:01,924] [INFO] [Sample 1] Pred: '' | Ref: 'डायरेक्ट डेबिट तुमच्या बँकेत नाही बिल्डिंग सोसायटीची माहिती एक सूचना आहे'
[2026-08-05 08:16:01,924] [INFO] [Sample 2] Pred: '' | Ref: 'नवीन शेतीसाठी संकरित बियाण्यांचे जे उत्पादन आहे, त्याचे अधिक महत्त्व आहे.'
[2026-08-05 08:16:01,924] [INFO] [Sample 3] Pred: 'कमी खर्चात चांगल्या शेतीसाठी लहान कृषी यंत्रांवर उपचार करा' | Ref: 'कमी खर्चात चांगल्या शेतीसाठी लहान कृषी यंत्रांवर उपचार करा'
[2026-08-05 08:16:01,926] [INFO] Fold 3 Val Loss: 0.6858  Val BLEU: 47.61  Val chrF: 68.09
[2026-08-05 08:16:01,926] [INFO] Evaluating Fold 3 on Held-Out Test Set (2,426 samples)...
[2026-08-05 08:18:25,557] [INFO] Generation Length Check: Avg Pred Words = 6.2 | Avg Ref Words = 8.9
[2026-08-05 08:18:25,557] [INFO] [Sample 1] Pred: 'आय.आर.आरचा उपयोग खाजगी इक्विटीसाठी पण केला जातो' | Ref: 'आय.आर.आर चा उपयोग खाजगी इक्विटीसाठी पण केला जातो.'
[2026-08-05 08:18:25,557] [INFO] [Sample 2] Pred: 'भारतात तंबाखूला करापासून दूर ठेवले जाते' | Ref: 'भारतात तंबाखूला करापासून दूर ठेवले जाते'
[2026-08-05 08:18:25,557] [INFO] [Sample 3] Pred: '' | Ref: 'बँकेच्या खात्याचा बॅलन्स कसा तपासायचा?'
[2026-08-05 08:18:25,559] [INFO] Fold 3 Test Loss: 0.6874  Test BLEU: 48.23  Test chrF: 68.60
[2026-08-05 08:18:25,561] [INFO] Running per-dialect test evaluation breakdown...
[2026-08-05 08:19:16,086] [INFO] Generation Length Check: Avg Pred Words = 5.1 | Avg Ref Words = 8.9
[2026-08-05 08:19:16,086] [INFO] [Sample 1] Pred: '' | Ref: 'बँकेच्या खात्याचा बॅलन्स कसा तपासायचा?'
[2026-08-05 08:19:16,086] [INFO] [Sample 2] Pred: '' | Ref: 'जलसंकट आपल्यासाठी चिंतेचा विषय आहे'
[2026-08-05 08:19:16,086] [INFO] [Sample 3] Pred: 'डायोस्कोरिया अलाटा आशियाई उष्ण कटिबंधात आढळतो' | Ref: 'डायोस्कोरिया आशियाई उष्ण कटिबंधात आढळतो'
[2026-08-05 08:19:16,087] [INFO]   [D1] Test Samples: 837 | Loss: 0.8141 | BLEU: 26.42 | chrF: 53.32
[2026-08-05 08:20:04,230] [INFO] Generation Length Check: Avg Pred Words = 5.7 | Avg Ref Words = 8.6
[2026-08-05 08:20:04,230] [INFO] [Sample 1] Pred: 'आय.आर.आरचा उपयोग खाजगी इक्विटीसाठी पण केला जातो' | Ref: 'आय.आर.आर चा उपयोग खाजगी इक्विटीसाठी पण केला जातो.'
[2026-08-05 08:20:04,230] [INFO] [Sample 2] Pred: 'भारतात तंबाखूला करापासून दूर ठेवले जाते' | Ref: 'भारतात तंबाखूला करापासून दूर ठेवले जाते'
[2026-08-05 08:20:04,230] [INFO] [Sample 3] Pred: 'शेतीला पाणी देताना विहिरीच्या पाण्याचे मोजमाप कसे करावे?' | Ref: 'शेतीला पाणी देताना विहिरीच्या पाण्याचे मोजमाप कसे करावे?'
[2026-08-05 08:20:04,231] [INFO]   [D2] Test Samples: 826 | Loss: 0.8301 | BLEU: 47.56 | chrF: 67.06
[2026-08-05 08:20:49,982] [INFO] Generation Length Check: Avg Pred Words = 7.9 | Avg Ref Words = 9.0
[2026-08-05 08:20:49,982] [INFO] [Sample 1] Pred: 'खाते उघडताना व्यक्तीकडे आधार कार्ड, पॅन कार्ड आणि पासपोर्ट फोटो असणे आवश्यक आहे' | Ref: 'खाते उघडताना व्यक्तीकडे आधार कार्ड, पॅन कार्ड आणि पासपोर्ट फोटो असणे आवश्यक आहे'
[2026-08-05 08:20:49,982] [INFO] [Sample 2] Pred: 'चुनखडीच्या मातीमंदी संत्र्याचे पीक घेता येईल का?' | Ref: 'चुनखडीच्या मातीतून संत्र्याचे पीक घेता येईल का?'
[2026-08-05 08:20:49,982] [INFO] [Sample 3] Pred: 'भ्रष्टाचार, काळा पैसा, बनावटी नोट्स, महागाई आणि दहशतवाद रोखण्यासाठी नोटाबंदी केली गेली' | Ref: 'भ्रष्टाचार, काळा पैसा, बनावटी नोटा आणि महागाई व दहशतवाद रोखण्यासाठी नोटाबंदी केली गेली.'
[2026-08-05 08:20:49,983] [INFO]   [D4] Test Samples: 763 | Loss: 0.4009 | BLEU: 72.72 | chrF: 85.60
[2026-08-05 08:20:53,175] [INFO] Fold 3 complete. GPU memory freed.
[2026-08-05 08:20:53,175] [INFO] 
======================================================================
[2026-08-05 08:20:53,175] [INFO] RUNNING CROSS-VALIDATION: FOLD 4/5
[2026-08-05 08:20:53,175] [INFO] ======================================================================
[2026-08-05 08:20:53,176] [INFO] Fold 4 Training Samples   : 10,990
[2026-08-05 08:20:53,176] [INFO] Fold 4 Validation Samples : 2,747
[2026-08-05 08:26:57,301] [INFO] Generation Length Check: Avg Pred Words = 9.1 | Avg Ref Words = 8.9
[2026-08-05 08:26:57,301] [INFO] [Sample 1] Pred: 'बँक नोट म्हणजे कागदी पैशाचा तुकडा आहे' | Ref: 'बँक नोट म्हणजे कागदी पैशाचा तुकडा'
[2026-08-05 08:26:57,301] [INFO] [Sample 2] Pred: 'मासेमारीची काही व्यवसाय तंत्र, ट्रोलिंग, ड्रॅगिंग आणि जाळी देखील आहे' | Ref: 'मासेमारीचा काही व्यवसाय तंत्र, ट्रोलिंग, ड्रॅगिंग आणि जाळी देखील आहे.'
[2026-08-05 08:26:57,301] [INFO] [Sample 3] Pred: 'मी उपलब्ध असलेले विमा पर्याय कसे पाहू शकते?' | Ref: 'मी उपलब्ध असलेले विमा पर्याय कसे पाहू शकते?'
[2026-08-05 08:33:04,523] [INFO] Generation Length Check: Avg Pred Words = 6.2 | Avg Ref Words = 8.9
[2026-08-05 08:33:04,523] [INFO] [Sample 1] Pred: 'बँक नोट म्हणजे कागदी पैशाचा तुकडा' | Ref: 'बँक नोट म्हणजे कागदी पैशाचा तुकडा'
[2026-08-05 08:33:04,523] [INFO] [Sample 2] Pred: 'मासेमारीची काही व्यवसाय तंत्र, ट्रोलिंग, ड्रॅगिंग आणि जाळी देखील आहे' | Ref: 'मासेमारीचा काही व्यवसाय तंत्र, ट्रोलिंग, ड्रॅगिंग आणि जाळी देखील आहे.'
[2026-08-05 08:33:04,523] [INFO] [Sample 3] Pred: 'मी उपलब्ध असलेले विमा पर्याय कसे पाहू शकते?' | Ref: 'मी उपलब्ध असलेले विमा पर्याय कसे पाहू शकते?'
[2026-08-05 08:39:12,321] [INFO] Generation Length Check: Avg Pred Words = 6.1 | Avg Ref Words = 8.9
[2026-08-05 08:39:12,321] [INFO] [Sample 1] Pred: 'बँक नोट म्हणजे कागदी पैशाचा तुकडा' | Ref: 'बँक नोट म्हणजे कागदी पैशाचा तुकडा'
[2026-08-05 08:39:12,321] [INFO] [Sample 2] Pred: 'मासेमारीची काही व्यवसाय तंत्र, ट्रोलिंग, ड्रॅगिंग आणि जाळी देखील आहे' | Ref: 'मासेमारीचा काही व्यवसाय तंत्र, ट्रोलिंग, ड्रॅगिंग आणि जाळी देखील आहे.'
[2026-08-05 08:39:12,321] [INFO] [Sample 3] Pred: 'मी उपलब्ध असलेले विमा पर्याय कसे पाहू शकते?' | Ref: 'मी उपलब्ध असलेले विमा पर्याय कसे पाहू शकते?'
[2026-08-05 08:45:18,755] [INFO] Generation Length Check: Avg Pred Words = 6.2 | Avg Ref Words = 8.9
[2026-08-05 08:45:18,755] [INFO] [Sample 1] Pred: 'बँक नोट म्हणजे कागदी पैशाचा तुकडा' | Ref: 'बँक नोट म्हणजे कागदी पैशाचा तुकडा'
[2026-08-05 08:45:18,755] [INFO] [Sample 2] Pred: 'मासेमारीची काही व्यवसाय तंत्र, ट्रोलिंग, ड्रॅगिंग आणि जाळी देखील आहे' | Ref: 'मासेमारीचा काही व्यवसाय तंत्र, ट्रोलिंग, ड्रॅगिंग आणि जाळी देखील आहे.'
[2026-08-05 08:45:18,755] [INFO] [Sample 3] Pred: 'मी उपलब्ध असलेले विमा पर्याय कसे पाहू शकते?' | Ref: 'मी उपलब्ध असलेले विमा पर्याय कसे पाहू शकते?'
[2026-08-05 08:51:27,032] [INFO] Generation Length Check: Avg Pred Words = 6.3 | Avg Ref Words = 8.9
[2026-08-05 08:51:27,032] [INFO] [Sample 1] Pred: 'बँक नोट म्हणजे कागदी पैशाचा तुकडा' | Ref: 'बँक नोट म्हणजे कागदी पैशाचा तुकडा'
[2026-08-05 08:51:27,032] [INFO] [Sample 2] Pred: 'मासेमारीची काही व्यवसाय तंत्र, ट्रोलिंग, ड्रॅगिंग आणि जाळी देखील आहे' | Ref: 'मासेमारीचा काही व्यवसाय तंत्र, ट्रोलिंग, ड्रॅगिंग आणि जाळी देखील आहे.'
[2026-08-05 08:51:27,032] [INFO] [Sample 3] Pred: 'मी उपलब्ध असलेले विमा पर्याय कसे पाहू शकते?' | Ref: 'मी उपलब्ध असलेले विमा पर्याय कसे पाहू शकते?'
[2026-08-05 08:51:39,683] [INFO] Fold 4 Step-Averaged Training Loss: 2.2524
[2026-08-05 08:51:39,683] [INFO] Evaluating Fold 4 on CV Validation Split (2,747 samples)...
[2026-08-05 08:54:24,759] [INFO] Generation Length Check: Avg Pred Words = 6.3 | Avg Ref Words = 8.9
[2026-08-05 08:54:24,760] [INFO] [Sample 1] Pred: 'बँक नोट म्हणजे कागदी पैशाचा तुकडा' | Ref: 'बँक नोट म्हणजे कागदी पैशाचा तुकडा'
[2026-08-05 08:54:24,760] [INFO] [Sample 2] Pred: 'मासेमारीची काही व्यवसाय तंत्र, ट्रोलिंग, ड्रॅगिंग आणि जाळी देखील आहे' | Ref: 'मासेमारीचा काही व्यवसाय तंत्र, ट्रोलिंग, ड्रॅगिंग आणि जाळी देखील आहे.'
[2026-08-05 08:54:24,760] [INFO] [Sample 3] Pred: 'मी उपलब्ध असलेले विमा पर्याय कसे पाहू शकते?' | Ref: 'मी उपलब्ध असलेले विमा पर्याय कसे पाहू शकते?'
[2026-08-05 08:54:24,762] [INFO] Fold 4 Val Loss: 0.6953  Val BLEU: 48.57  Val chrF: 68.80
[2026-08-05 08:54:24,762] [INFO] Evaluating Fold 4 on Held-Out Test Set (2,426 samples)...
[2026-08-05 08:56:47,758] [INFO] Generation Length Check: Avg Pred Words = 6.2 | Avg Ref Words = 8.9
[2026-08-05 08:56:47,758] [INFO] [Sample 1] Pred: 'आय.आर.आरचा उपयोग खाजगी इक्विटीसाठी पण केला जातो' | Ref: 'आय.आर.आर चा उपयोग खाजगी इक्विटीसाठी पण केला जातो.'
[2026-08-05 08:56:47,759] [INFO] [Sample 2] Pred: 'भारतात तंबाखूला करापासून दूर ठेवले जाते' | Ref: 'भारतात तंबाखूला करापासून दूर ठेवले जाते'
[2026-08-05 08:56:47,759] [INFO] [Sample 3] Pred: '' | Ref: 'बँकेच्या खात्याचा बॅलन्स कसा तपासायचा?'
[2026-08-05 08:56:47,761] [INFO] Fold 4 Test Loss: 0.6886  Test BLEU: 48.06  Test chrF: 68.45
[2026-08-05 08:56:47,762] [INFO] Running per-dialect test evaluation breakdown...
[2026-08-05 08:57:37,902] [INFO] Generation Length Check: Avg Pred Words = 5.0 | Avg Ref Words = 8.9
[2026-08-05 08:57:37,902] [INFO] [Sample 1] Pred: '' | Ref: 'बँकेच्या खात्याचा बॅलन्स कसा तपासायचा?'
[2026-08-05 08:57:37,902] [INFO] [Sample 2] Pred: '' | Ref: 'जलसंकट आपल्यासाठी चिंतेचा विषय आहे'
[2026-08-05 08:57:37,902] [INFO] [Sample 3] Pred: 'डायोस्कोरिया अलाटा आशियाई उष्ण कटिबंधात आढळतो' | Ref: 'डायोस्कोरिया आशियाई उष्ण कटिबंधात आढळतो'
[2026-08-05 08:57:37,903] [INFO]   [D1] Test Samples: 837 | Loss: 0.8161 | BLEU: 25.95 | chrF: 52.82
[2026-08-05 08:58:26,347] [INFO] Generation Length Check: Avg Pred Words = 5.8 | Avg Ref Words = 8.6
[2026-08-05 08:58:26,347] [INFO] [Sample 1] Pred: 'आय.आर.आरचा उपयोग खाजगी इक्विटीसाठी पण केला जातो' | Ref: 'आय.आर.आर चा उपयोग खाजगी इक्विटीसाठी पण केला जातो.'
[2026-08-05 08:58:26,348] [INFO] [Sample 2] Pred: 'भारतात तंबाखूला करापासून दूर ठेवले जाते' | Ref: 'भारतात तंबाखूला करापासून दूर ठेवले जाते'
[2026-08-05 08:58:26,348] [INFO] [Sample 3] Pred: 'शेतीला पाणी देताना विहिरीच्या पाण्याचे मोजमाप कसे करावे?' | Ref: 'शेतीला पाणी देताना विहिरीच्या पाण्याचे मोजमाप कसे करावे?'
[2026-08-05 08:58:26,349] [INFO]   [D2] Test Samples: 826 | Loss: 0.8295 | BLEU: 47.70 | chrF: 67.35
[2026-08-05 08:59:11,438] [INFO] Generation Length Check: Avg Pred Words = 7.8 | Avg Ref Words = 9.0
[2026-08-05 08:59:11,438] [INFO] [Sample 1] Pred: 'खाते उघडताना व्यक्तीकडे आधार कार्ड, पॅन कार्ड आणि पासपोर्ट फोटो असणे आवश्यक आहे' | Ref: 'खाते उघडताना व्यक्तीकडे आधार कार्ड, पॅन कार्ड आणि पासपोर्ट फोटो असणे आवश्यक आहे'
[2026-08-05 08:59:11,439] [INFO] [Sample 2] Pred: 'चुनखडीच्या मातीमंदी संत्र्याचे पीक घेता येईल का?' | Ref: 'चुनखडीच्या मातीतून संत्र्याचे पीक घेता येईल का?'
[2026-08-05 08:59:11,439] [INFO] [Sample 3] Pred: 'भ्रष्टाचार, काळा पैसा, बनावटी नोट्स, महागाई आणि दहशतवाद रोखण्यासाठी नोटाबंदी केली गेली' | Ref: 'भ्रष्टाचार, काळा पैसा, बनावटी नोटा आणि महागाई व दहशतवाद रोखण्यासाठी नोटाबंदी केली गेली.'
[2026-08-05 08:59:11,440] [INFO]   [D4] Test Samples: 763 | Loss: 0.4031 | BLEU: 72.67 | chrF: 85.40
[2026-08-05 08:59:15,740] [INFO] Fold 4 complete. GPU memory freed.
[2026-08-05 08:59:15,740] [INFO] 
======================================================================
[2026-08-05 08:59:15,740] [INFO] RUNNING CROSS-VALIDATION: FOLD 5/5
[2026-08-05 08:59:15,740] [INFO] ======================================================================
[2026-08-05 08:59:15,741] [INFO] Fold 5 Training Samples   : 10,988
[2026-08-05 08:59:15,741] [INFO] Fold 5 Validation Samples : 2,749
[2026-08-05 09:05:17,520] [INFO] Generation Length Check: Avg Pred Words = 8.9 | Avg Ref Words = 8.8
[2026-08-05 09:05:17,521] [INFO] [Sample 1] Pred: 'शेळीच्या दुध डेअरीत अनेक उपयुक्त उत्पादनांसाठी वापरले जाऊ शकते' | Ref: 'शेळीच्या दुधाचा डेअरीत अनेक उपयुक्त उत्पादनांसाठी वापरले जाऊ शकते'
[2026-08-05 09:05:17,521] [INFO] [Sample 2] Pred: 'मोठमोठ्या बागायतींनी आणि कारखान्यांनी नैसर्गिक अधिवासाक धोक्यात घातल्यानी' | Ref: 'मोठमोठ्या बागायतींनी आणि कारखान्यांनी नैसर्गिक अधिवासाक धोक्यात घातल्यानी'
[2026-08-05 09:05:17,521] [INFO] [Sample 3] Pred: 'ए.टी.एम कार्डने दुसऱ्याला पैसे पाठवता येते का?' | Ref: 'ए.टी.एम कार्डने दुसऱ्यांचे पैसे पाठवता येतात का?'
[2026-08-05 09:11:20,669] [INFO] Generation Length Check: Avg Pred Words = 6.3 | Avg Ref Words = 8.8
[2026-08-05 09:11:20,669] [INFO] [Sample 1] Pred: 'शेळीच्या दुध डेअरीत अनेक उपयुक्त उत्पादनांसाठी वापरले जाऊ शकते' | Ref: 'शेळीच्या दुधाचा डेअरीत अनेक उपयुक्त उत्पादनांसाठी वापरले जाऊ शकते'
[2026-08-05 09:11:20,669] [INFO] [Sample 2] Pred: 'मोठमोठ्या बागायतींनी आणि कारखान्यांनी नैसर्गिक अधिवासाक धोक्यात घातल्यानी' | Ref: 'मोठमोठ्या बागायतींनी आणि कारखान्यांनी नैसर्गिक अधिवासाक धोक्यात घातल्यानी'
[2026-08-05 09:11:20,669] [INFO] [Sample 3] Pred: 'ए.टी.एम कार्डने दुसऱ्याला पैसे पाठवता येते का?' | Ref: 'ए.टी.एम कार्डने दुसऱ्यांचे पैसे पाठवता येतात का?'
[2026-08-05 09:17:27,209] [INFO] Generation Length Check: Avg Pred Words = 6.1 | Avg Ref Words = 8.8
[2026-08-05 09:17:27,209] [INFO] [Sample 1] Pred: 'शेळीच्या दुध डेअरीत अनेक उपयुक्त उत्पादनांसाठी वापरले जाऊ शकते' | Ref: 'शेळीच्या दुधाचा डेअरीत अनेक उपयुक्त उत्पादनांसाठी वापरले जाऊ शकते'
[2026-08-05 09:17:27,209] [INFO] [Sample 2] Pred: 'मोठमोठ्या बागायतींनी आणि कारखान्यांनी नैसर्गिक अधिवासाक धोक्यात घातल्यानी' | Ref: 'मोठमोठ्या बागायतींनी आणि कारखान्यांनी नैसर्गिक अधिवासाक धोक्यात घातल्यानी'
[2026-08-05 09:17:27,209] [INFO] [Sample 3] Pred: 'ए.टी.एम कार्डने दुसऱ्याला पैसे पाठवता येते का?' | Ref: 'ए.टी.एम कार्डने दुसऱ्यांचे पैसे पाठवता येतात का?'
[2026-08-05 09:23:44,132] [INFO] Generation Length Check: Avg Pred Words = 6.0 | Avg Ref Words = 8.8
[2026-08-05 09:23:44,132] [INFO] [Sample 1] Pred: 'शेळीच्या दुध डेअरीत अनेक उपयुक्त उत्पादनांसाठी वापरले जाऊ शकते' | Ref: 'शेळीच्या दुधाचा डेअरीत अनेक उपयुक्त उत्पादनांसाठी वापरले जाऊ शकते'
[2026-08-05 09:23:44,132] [INFO] [Sample 2] Pred: 'मोठमोठ्या बागायतींनी आणि कारखान्यांनी नैसर्गिक अधिवासाक धोक्यात घातला.' | Ref: 'मोठमोठ्या बागायतींनी आणि कारखान्यांनी नैसर्गिक अधिवासाक धोक्यात घातल्यानी'
[2026-08-05 09:23:44,132] [INFO] [Sample 3] Pred: 'ए.टी.एम कार्डने दुसऱ्याला पैसे पाठवता येते का?' | Ref: 'ए.टी.एम कार्डने दुसऱ्यांचे पैसे पाठवता येतात का?'
[2026-08-05 09:30:10,668] [INFO] Generation Length Check: Avg Pred Words = 6.1 | Avg Ref Words = 8.8
[2026-08-05 09:30:10,669] [INFO] [Sample 1] Pred: 'शेळीच्या दुध डेअरीत अनेक उपयुक्त उत्पादनांसाठी वापरले जाऊ शकते' | Ref: 'शेळीच्या दुधाचा डेअरीत अनेक उपयुक्त उत्पादनांसाठी वापरले जाऊ शकते'
[2026-08-05 09:30:10,669] [INFO] [Sample 2] Pred: 'मोठमोठ्या बागायतींनी आणि कारखान्यांनी नैसर्गिक अधिवासाक धोक्यात घातल्यानी' | Ref: 'मोठमोठ्या बागायतींनी आणि कारखान्यांनी नैसर्गिक अधिवासाक धोक्यात घातल्यानी'
[2026-08-05 09:30:10,669] [INFO] [Sample 3] Pred: 'ए.टी.एम कार्डने दुसऱ्याला पैसे पाठवता येते का?' | Ref: 'ए.टी.एम कार्डने दुसऱ्यांचे पैसे पाठवता येतात का?'
[2026-08-05 09:30:24,578] [INFO] Fold 5 Step-Averaged Training Loss: 2.2519
[2026-08-05 09:30:24,578] [INFO] Evaluating Fold 5 on CV Validation Split (2,749 samples)...
[2026-08-05 09:33:05,676] [INFO] Generation Length Check: Avg Pred Words = 6.1 | Avg Ref Words = 8.8
[2026-08-05 09:33:05,676] [INFO] [Sample 1] Pred: 'शेळीच्या दुध डेअरीत अनेक उपयुक्त उत्पादनांसाठी वापरले जाऊ शकते' | Ref: 'शेळीच्या दुधाचा डेअरीत अनेक उपयुक्त उत्पादनांसाठी वापरले जाऊ शकते'
[2026-08-05 09:33:05,676] [INFO] [Sample 2] Pred: 'मोठमोठ्या बागायतींनी आणि कारखान्यांनी नैसर्गिक अधिवासाक धोक्यात घातल्यानी' | Ref: 'मोठमोठ्या बागायतींनी आणि कारखान्यांनी नैसर्गिक अधिवासाक धोक्यात घातल्यानी'
[2026-08-05 09:33:05,677] [INFO] [Sample 3] Pred: 'ए.टी.एम कार्डने दुसऱ्याला पैसे पाठवता येते का?' | Ref: 'ए.टी.एम कार्डने दुसऱ्यांचे पैसे पाठवता येतात का?'
[2026-08-05 09:33:05,679] [INFO] Fold 5 Val Loss: 0.6735  Val BLEU: 48.17  Val chrF: 68.27
[2026-08-05 09:33:05,679] [INFO] Evaluating Fold 5 on Held-Out Test Set (2,426 samples)...
[2026-08-05 09:35:27,746] [INFO] Generation Length Check: Avg Pred Words = 6.2 | Avg Ref Words = 8.9
[2026-08-05 09:35:27,746] [INFO] [Sample 1] Pred: 'आय.आर.आरचा उपयोग खाजगी इक्विटीसाठी पण केला जातो' | Ref: 'आय.आर.आर चा उपयोग खाजगी इक्विटीसाठी पण केला जातो.'
[2026-08-05 09:35:27,746] [INFO] [Sample 2] Pred: 'भारतात तंबाखूला करापासून दूर ठेवले जाते' | Ref: 'भारतात तंबाखूला करापासून दूर ठेवले जाते'
[2026-08-05 09:35:27,746] [INFO] [Sample 3] Pred: '' | Ref: 'बँकेच्या खात्याचा बॅलन्स कसा तपासायचा?'
[2026-08-05 09:35:27,748] [INFO] Fold 5 Test Loss: 0.6877  Test BLEU: 48.04  Test chrF: 68.47
[2026-08-05 09:35:27,750] [INFO] Running per-dialect test evaluation breakdown...
[2026-08-05 09:36:17,457] [INFO] Generation Length Check: Avg Pred Words = 5.0 | Avg Ref Words = 8.9
[2026-08-05 09:36:17,458] [INFO] [Sample 1] Pred: '' | Ref: 'बँकेच्या खात्याचा बॅलन्स कसा तपासायचा?'
[2026-08-05 09:36:17,458] [INFO] [Sample 2] Pred: '' | Ref: 'जलसंकट आपल्यासाठी चिंतेचा विषय आहे'
[2026-08-05 09:36:17,458] [INFO] [Sample 3] Pred: 'डायोस्कोरिया अलाटा आशियाई उष्ण कटिबंधात आढळतो' | Ref: 'डायोस्कोरिया आशियाई उष्ण कटिबंधात आढळतो'
[2026-08-05 09:36:17,459] [INFO]   [D1] Test Samples: 837 | Loss: 0.8161 | BLEU: 25.95 | chrF: 53.02
[2026-08-05 09:37:05,209] [INFO] Generation Length Check: Avg Pred Words = 5.7 | Avg Ref Words = 8.6
[2026-08-05 09:37:05,209] [INFO] [Sample 1] Pred: 'आय.आर.आरचा उपयोग खाजगी इक्विटीसाठी पण केला जातो' | Ref: 'आय.आर.आर चा उपयोग खाजगी इक्विटीसाठी पण केला जातो.'
[2026-08-05 09:37:05,209] [INFO] [Sample 2] Pred: 'भारतात तंबाखूला करापासून दूर ठेवले जाते' | Ref: 'भारतात तंबाखूला करापासून दूर ठेवले जाते'
[2026-08-05 09:37:05,209] [INFO] [Sample 3] Pred: 'शेतीला पाणी देताना विहिरीच्या पाण्याचे मोजमाप कसे करावे?' | Ref: 'शेतीला पाणी देताना विहिरीच्या पाण्याचे मोजमाप कसे करावे?'
[2026-08-05 09:37:05,210] [INFO]   [D2] Test Samples: 826 | Loss: 0.8278 | BLEU: 47.29 | chrF: 66.84
[2026-08-05 09:37:50,217] [INFO] Generation Length Check: Avg Pred Words = 7.9 | Avg Ref Words = 9.0
[2026-08-05 09:37:50,217] [INFO] [Sample 1] Pred: 'खाते उघडताना व्यक्तीकडे आधार कार्ड, पॅन कार्ड आणि पासपोर्ट फोटो असणे आवश्यक आहे' | Ref: 'खाते उघडताना व्यक्तीकडे आधार कार्ड, पॅन कार्ड आणि पासपोर्ट फोटो असणे आवश्यक आहे'
[2026-08-05 09:37:50,217] [INFO] [Sample 2] Pred: 'चुनखडीच्या मातीमंदी संत्र्याचे पीक घेता येईल का?' | Ref: 'चुनखडीच्या मातीतून संत्र्याचे पीक घेता येईल का?'
[2026-08-05 09:37:50,217] [INFO] [Sample 3] Pred: 'भ्रष्टाचार, काळा पैसा, बनावटी नोट्स, महागाई आणि दहशतवाद रोखण्यासाठी नोटाबंदी केली गेली' | Ref: 'भ्रष्टाचार, काळा पैसा, बनावटी नोटा आणि महागाई व दहशतवाद रोखण्यासाठी नोटाबंदी केली गेली.'
[2026-08-05 09:37:50,218] [INFO]   [D4] Test Samples: 763 | Loss: 0.4022 | BLEU: 72.87 | chrF: 85.72
[2026-08-05 09:37:53,177] [INFO] Fold 5 complete. GPU memory freed.
[2026-08-05 09:37:53,187] [INFO] 
======================================================================
[2026-08-05 09:37:53,188] [INFO] 3-FOLD CROSS VALIDATION & TEST EVALUATION COMPLETED!
[2026-08-05 09:37:53,188] [INFO] ======================================================================
[2026-08-05 09:37:53,188] [INFO] Avg Val  Loss: 0.6914  |  BLEU: 47.93  |  chrF: 68.28
[2026-08-05 09:37:53,188] [INFO] Avg Test Loss: 0.6881  |  BLEU: 48.17  |  chrF: 68.58
[2026-08-05 09:37:53,188] [INFO] CV Summary saved to: D:\dialect-norm\models\indicbart_combined\cv_summary.json
[2026-08-05 09:37:53,189] [INFO] CV Summary saved to: D:\dialect-norm\models\indicbart_combined\cv_summary.yaml
[2026-08-05 09:37:53,189] [INFO] ======================================================================
[2026-08-05 09:37:53,286] [INFO] --- [SUCCESS] D124 Combined 16k completed in 191.83 minutes ---
[2026-08-05 09:37:53,286] [INFO] 
================================================================================
[2026-08-05 09:37:53,286] [INFO] IndicBART 16k SUITE FINISHED: 4/4 variants completed in 505.21 minutes
[2026-08-05 09:37:53,286] [INFO] ================================================================================
[2026-08-05 09:37:53,286] [INFO] 
================================================================================
[2026-08-05 09:37:53,286] [INFO] RUNNING FINAL HELDOUT EVALUATION SUITE FOR ALL VARIANTS (INDICBART & mT5)
[2026-08-05 09:37:53,286] [INFO] ================================================================================
[2026-08-05 09:37:54,952] [INFO] ================================================================================
[2026-08-05 09:37:54,953] [INFO] COMPREHENSIVE MARATHI TEST EVALUATION: INDICBART vs mT5-SMALL
[2026-08-05 09:37:54,953] [INFO] Metrics: BLEU, chrF++, WER (%), CER (%), and Baseline WER Reduction (%)
[2026-08-05 09:37:54,953] [INFO] ================================================================================
[2026-08-05 09:37:55,390] [INFO] 
================================================================================
[2026-08-05 09:37:55,390] [INFO] EVALUATING VARIANT: D1 Malvani (16k Original)
[2026-08-05 09:37:55,390] [INFO] ================================================================================
[2026-08-05 09:37:55,441] [INFO] Test Set Size: 836 pairs
[2026-08-05 09:37:55,944] [INFO] RAW DIALECT BASELINE (Unnormalized): WER = 51.14% | CER = 19.29%
[2026-08-05 09:37:55,944] [INFO] 
--- Running IndicBART (244M) Test Inference ---
[2026-08-05 09:37:55,944] [INFO] Loading checkpoint: models\indicbart_d1\fold_1\best_model
[2026-08-05 09:38:15,422] [INFO]   Processed 320/836 sentences...
[2026-08-05 09:38:24,886] [INFO]   Processed 640/836 sentences...
[2026-08-05 09:38:30,570] [INFO]   Processed 836/836 sentences...
[2026-08-05 09:38:34,289] [INFO] IndicBART Metrics: BLEU = 46.12 | chrF++ = 72.9 | WER = 40.29% | CER = 18.74% | WER Reduction = -21.23%
[2026-08-05 09:38:34,289] [INFO] 
--- Running mT5-Small (300M) Test Inference ---
[2026-08-05 09:38:34,289] [INFO] Loading checkpoint: models\mt5_d1_16k\best_model
[2026-08-05 09:38:57,201] [INFO]   Processed 320/836 sentences...
[2026-08-05 09:39:07,566] [INFO]   Processed 640/836 sentences...
[2026-08-05 09:39:14,391] [INFO]   Processed 836/836 sentences...
[2026-08-05 09:39:17,713] [INFO] mT5-Small Metrics: BLEU = 46.51 | chrF++ = 74.03 | WER = 36.9% | CER = 16.46% | WER Reduction = -27.85%
[2026-08-05 09:39:17,713] [INFO] 
--- Sample Qualtitative Prediction Inspection for D1 Malvani (16k Original) ---
[2026-08-05 09:39:17,713] [INFO] [Sample 1]
[2026-08-05 09:39:17,713] [INFO]   Dialect Input : 'कर्जाची हमी म्हणजे कर्जोदारानं चूक केल्यास कर्जोदाराचो कर्ज दायित्व गृहीत धरण्याचो एका पक्षाने दिलेला वचन असा'
[2026-08-05 09:39:17,714] [INFO]   Ground Truth  : 'कर्जाची हमी म्हणजे कर्जोदाराने चूक केल्यास कर्जोदाराचे कर्ज दायित्व गृहीत धरण्याचे एका पक्षाने दिलेले वचन आहे'
[2026-08-05 09:39:17,714] [INFO]   IndicBART Pred: 'कर्जाची हमी म्हणजे कर्जोदाराने चूक केल्यास कर्ज दायित्व गृहीत धरण्याची एका पक्षाने दिलेले वचन असा'
[2026-08-05 09:39:17,714] [INFO]   mT5-Small Pred: 'कर्जाची हमी म्हणजे कर्जोदाराने चूक केल्यास कर्जासाठी कर्ज दायित्व गृहीत धरण्याचा एका पक्षाने दिलेला वचन आहे.'
[2026-08-05 09:39:17,718] [INFO] [Sample 2]
[2026-08-05 09:39:17,718] [INFO]   Dialect Input : 'कमी कालावधीसाठी पैसे ठेऊचो काय विषय असा ?'
[2026-08-05 09:39:17,718] [INFO]   Ground Truth  : 'कमी कालावधीसाठी पैसे ठेवणे काय विषय आहे?'
[2026-08-05 09:39:17,718] [INFO]   IndicBART Pred: 'कमी कालावधीसाठी पैसे ठेऊचे काय विषय आहे?'
[2026-08-05 09:39:17,718] [INFO]   mT5-Small Pred: 'कमी कालावधीसाठी पैसे ठेवण्याचा काय विषय आहे?'
[2026-08-05 09:39:17,719] [INFO] [Sample 3]
[2026-08-05 09:39:17,719] [INFO]   Dialect Input : 'शेतजमीन म्हणजे जमिनीचो येक भाग आसा जो प्रामुख्यान अन्न आणि इतर पिकांच्या उत्पादनासाठी उपयोगाग येता'
[2026-08-05 09:39:17,719] [INFO]   Ground Truth  : 'शेतजमीन म्हणजे जमिनीचा एक भाग आहे जो प्रामुख्याने अन्न आणि इतर पिकांच्या उत्पादनासाठी उपयोगी पडते.'
[2026-08-05 09:39:17,719] [INFO]   IndicBART Pred: 'शेतजमीन म्हणजे जमिनीचा एक भाग आहे जो प्रामुख्यान अन्न आणि इतर पिकांच्या उत्पादनासाठी उपयोगाग येतो.'
[2026-08-05 09:39:17,723] [INFO]   mT5-Small Pred: 'शेतजमीन म्हणजे जमिनीचा एक भाग आहे जो प्रामुख्याने अन्न आणि इतर पिकांच्या उत्पादनासाठी उपयोगेला येतो.'
[2026-08-05 09:39:17,723] [INFO] 
================================================================================
[2026-08-05 09:39:17,723] [INFO] EVALUATING VARIANT: D2 Ahirani (16k Original)
[2026-08-05 09:39:17,723] [INFO] ================================================================================
[2026-08-05 09:39:17,770] [INFO] Test Set Size: 825 pairs
[2026-08-05 09:39:17,864] [INFO] RAW DIALECT BASELINE (Unnormalized): WER = 42.35% | CER = 17.39%
[2026-08-05 09:39:17,864] [INFO] 
--- Running IndicBART (244M) Test Inference ---
[2026-08-05 09:39:17,864] [INFO] Loading checkpoint: models\indicbart_d2\fold_1\best_model
[2026-08-05 09:39:35,837] [INFO]   Processed 320/825 sentences...
[2026-08-05 09:39:44,780] [INFO]   Processed 640/825 sentences...
[2026-08-05 09:39:50,898] [INFO]   Processed 825/825 sentences...
[2026-08-05 09:39:55,024] [INFO] IndicBART Metrics: BLEU = 58.77 | chrF++ = 76.19 | WER = 33.5% | CER = 17.28% | WER Reduction = -20.9%
[2026-08-05 09:39:55,024] [INFO] 
--- Running mT5-Small (300M) Test Inference ---
[2026-08-05 09:39:55,025] [INFO] Loading checkpoint: models\mt5_d2_16k\best_model
[2026-08-05 09:40:16,904] [INFO]   Processed 320/825 sentences...
[2026-08-05 09:40:26,951] [INFO]   Processed 640/825 sentences...
[2026-08-05 09:40:33,565] [INFO]   Processed 825/825 sentences...
[2026-08-05 09:40:36,889] [INFO] mT5-Small Metrics: BLEU = 59.73 | chrF++ = 77.06 | WER = 31.6% | CER = 16.01% | WER Reduction = -25.38%
[2026-08-05 09:40:36,889] [INFO] 
--- Sample Qualtitative Prediction Inspection for D2 Ahirani (16k Original) ---
[2026-08-05 09:40:36,889] [INFO] [Sample 1]
[2026-08-05 09:40:36,889] [INFO]   Dialect Input : 'लाकडांचा उपयोग हजारो वर्षांपासून इंधनाच्या रूपामध्ये केला जात आहे'
[2026-08-05 09:40:36,889] [INFO]   Ground Truth  : 'लाकडांचा उपयोग हजारो वर्षांपासून इंधनाच्या रूपामध्ये केला जात आहे'
[2026-08-05 09:40:36,890] [INFO]   IndicBART Pred: 'लाकडांचा उपयोग हजारो वर्षांपासून इंधनाच्या रूपामध्ये केला जात आहे'
[2026-08-05 09:40:36,890] [INFO]   mT5-Small Pred: 'लाकडांचा उपयोग हजारो वर्षांपासून इंधनाच्या रूपात केला जात आहे'
[2026-08-05 09:40:36,890] [INFO] [Sample 2]
[2026-08-05 09:40:36,890] [INFO]   Dialect Input : 'क्रेडिट कार्ड वापरावर कित्ला पैसा सरनात हाई समजस का'
[2026-08-05 09:40:36,890] [INFO]   Ground Truth  : 'क्रेडिट कार्ड वापरावर किती पैसा समजतो का?'
[2026-08-05 09:40:36,890] [INFO]   IndicBART Pred: 'क्रेडिट कार्ड वापरावर कित्ला पैसा सरनात हाई समजतो का'
[2026-08-05 09:40:36,894] [INFO]   mT5-Small Pred: 'क्रेडिट कार्ड वापरून किती पैसा सरनात आहे?'
[2026-08-05 09:40:36,894] [INFO] [Sample 3]
[2026-08-05 09:40:36,894] [INFO]   Dialect Input : 'बँकेत खाते नसेल तर यू.पी.आय द्वारे पैसे पाठवता येतात का ?'
[2026-08-05 09:40:36,894] [INFO]   Ground Truth  : 'बँकेत खाते नसेल तर यू.पी.आय द्वारे पैसे पाठवता येतात का?'
[2026-08-05 09:40:36,894] [INFO]   IndicBART Pred: 'बँकेत खाते नसेल तर यू.पी.आय द्वारे पैसे पाठवता येतात का?'
[2026-08-05 09:40:36,894] [INFO]   mT5-Small Pred: 'बँकेत खाते नसेल तर यूपीआय द्वारे पैसे पाठवता येतात का?'
[2026-08-05 09:40:36,894] [INFO] 
================================================================================
[2026-08-05 09:40:36,894] [INFO] EVALUATING VARIANT: D4 Varhadi (16k Original)
[2026-08-05 09:40:36,895] [INFO] ================================================================================
[2026-08-05 09:40:36,936] [INFO] Test Set Size: 762 pairs
[2026-08-05 09:40:37,020] [INFO] RAW DIALECT BASELINE (Unnormalized): WER = 23.93% | CER = 7.20%
[2026-08-05 09:40:37,021] [INFO] 
--- Running IndicBART (244M) Test Inference ---
[2026-08-05 09:40:37,021] [INFO] Loading checkpoint: models\indicbart_d4\fold_1\best_model
[2026-08-05 09:40:47,857] [INFO]   Processed 320/762 sentences...
[2026-08-05 09:40:56,519] [INFO]   Processed 640/762 sentences...
[2026-08-05 09:40:59,984] [INFO]   Processed 762/762 sentences...
[2026-08-05 09:41:03,137] [INFO] IndicBART Metrics: BLEU = 79.51 | chrF++ = 90.33 | WER = 14.67% | CER = 6.32% | WER Reduction = -38.72%
[2026-08-05 09:41:03,138] [INFO] 
--- Running mT5-Small (300M) Test Inference ---
[2026-08-05 09:41:03,138] [INFO] Loading checkpoint: models\mt5_d4_16k\best_model
[2026-08-05 09:41:25,476] [INFO]   Processed 320/762 sentences...
[2026-08-05 09:41:35,879] [INFO]   Processed 640/762 sentences...
[2026-08-05 09:41:39,909] [INFO]   Processed 762/762 sentences...
[2026-08-05 09:41:43,214] [INFO] mT5-Small Metrics: BLEU = 79.83 | chrF++ = 90.59 | WER = 13.71% | CER = 6.34% | WER Reduction = -42.72%
[2026-08-05 09:41:43,214] [INFO] 
--- Sample Qualtitative Prediction Inspection for D4 Varhadi (16k Original) ---
[2026-08-05 09:41:43,215] [INFO] [Sample 1]
[2026-08-05 09:41:43,215] [INFO]   Dialect Input : 'रासायनिक खतामंदी सर्वात चांगले रासायनिक खत कोनचे ?'
[2026-08-05 09:41:43,215] [INFO]   Ground Truth  : 'सर्वात चांगले रासायनिक खत कोणते?'
[2026-08-05 09:41:43,215] [INFO]   IndicBART Pred: 'रासायनिक खतामंदी सर्वात चांगले रासायनिक खत कोणते?'
[2026-08-05 09:41:43,215] [INFO]   mT5-Small Pred: 'रासायनिक खतामंदी सर्वात चांगले रासायनिक खत कोणते?'
[2026-08-05 09:41:43,215] [INFO] [Sample 2]
[2026-08-05 09:41:43,215] [INFO]   Dialect Input : 'तुम्ही मोबाईलवरून ऍपद्वारे बँक तपशील देखील तपासू शकता'
[2026-08-05 09:41:43,215] [INFO]   Ground Truth  : 'तुम्ही ॲपद्वारे बँक तपशील देखील तपासू शकता'
[2026-08-05 09:41:43,216] [INFO]   IndicBART Pred: 'तुम्ही मोबाईलवरून ऍपद्वारे बँक तपशील देखील तपासू शकता'
[2026-08-05 09:41:43,216] [INFO]   mT5-Small Pred: 'तुम्ही मोबाईलवरून ऍपद्वारे बँक तपशील देखील तपासू शकता'
[2026-08-05 09:41:43,219] [INFO] [Sample 3]
[2026-08-05 09:41:43,220] [INFO]   Dialect Input : 'मी महाराष्ट्रातील बागनी यामी स्वीट्समध्ये आलो आहे'
[2026-08-05 09:41:43,220] [INFO]   Ground Truth  : 'मी महाराष्ट्रात बागनी यामी स्वीट्समध्ये आलो आहे'
[2026-08-05 09:41:43,220] [INFO]   IndicBART Pred: 'मी महाराष्ट्रातील बागनी यामी स्वीट्समध्ये आलो आहे'
[2026-08-05 09:41:43,220] [INFO]   mT5-Small Pred: 'मी महाराष्ट्रातील बागनी यामी स्वीट्समध्ये आलो आहे'
[2026-08-05 09:41:43,220] [INFO] 
================================================================================
[2026-08-05 09:41:43,220] [INFO] EVALUATING VARIANT: D124 Combined (16k Original)
[2026-08-05 09:41:43,220] [INFO] ================================================================================
[2026-08-05 09:41:43,339] [INFO] Test Set Size: 2,424 pairs
[2026-08-05 09:41:43,640] [INFO] RAW DIALECT BASELINE (Unnormalized): WER = 40.00% | CER = 14.78%
[2026-08-05 09:41:43,641] [INFO] 
--- Running IndicBART (244M) Test Inference ---
[2026-08-05 09:41:43,641] [INFO] Loading checkpoint: models\indicbart_combined\fold_1\best_model
[2026-08-05 09:41:54,595] [INFO]   Processed 320/2,424 sentences...
[2026-08-05 09:42:03,911] [INFO]   Processed 640/2,424 sentences...
[2026-08-05 09:42:11,768] [INFO]   Processed 960/2,424 sentences...
[2026-08-05 09:42:19,904] [INFO]   Processed 1,280/2,424 sentences...
[2026-08-05 09:42:28,120] [INFO]   Processed 1,600/2,424 sentences...
[2026-08-05 09:42:36,254] [INFO]   Processed 1,920/2,424 sentences...
[2026-08-05 09:42:45,298] [INFO]   Processed 2,240/2,424 sentences...
[2026-08-05 09:42:50,174] [INFO]   Processed 2,424/2,424 sentences...
[2026-08-05 09:42:54,977] [INFO] IndicBART Metrics: BLEU = 47.1 | chrF++ = 65.77 | WER = 42.98% | CER = 34.32% | WER Reduction = --7.45%
[2026-08-05 09:42:54,977] [INFO] 
--- Running mT5-Small (300M) Test Inference ---
[2026-08-05 09:42:54,977] [INFO] Loading checkpoint: models\mt5_combined_16k\best_model
[2026-08-05 09:43:15,955] [INFO]   Processed 320/2,424 sentences...
[2026-08-05 09:43:26,504] [INFO]   Processed 640/2,424 sentences...
[2026-08-05 09:43:36,313] [INFO]   Processed 960/2,424 sentences...
[2026-08-05 09:43:45,786] [INFO]   Processed 1,280/2,424 sentences...
[2026-08-05 09:43:55,157] [INFO]   Processed 1,600/2,424 sentences...
[2026-08-05 09:44:05,015] [INFO]   Processed 1,920/2,424 sentences...
[2026-08-05 09:44:15,528] [INFO]   Processed 2,240/2,424 sentences...
[2026-08-05 09:44:21,417] [INFO]   Processed 2,424/2,424 sentences...
[2026-08-05 09:44:26,024] [INFO] mT5-Small Metrics: BLEU = 62.68 | chrF++ = 81.18 | WER = 26.28% | CER = 12.07% | WER Reduction = -34.31%
[2026-08-05 09:44:26,025] [INFO] 
--- Sample Qualtitative Prediction Inspection for D124 Combined (16k Original) ---
[2026-08-05 09:44:26,025] [INFO] [Sample 1]
[2026-08-05 09:44:26,025] [INFO]   Dialect Input : 'मेकॅनिकल ट्री शेकर झाडाक एका जागेपासना दुसऱ्या जागेवर घेऊन जातत'
[2026-08-05 09:44:26,025] [INFO]   Ground Truth  : 'मेकॅनिकल ट्री शेकर झाडांना एका जागेवरून दुसऱ्या जागेवर घेऊन जात आहे.'
[2026-08-05 09:44:26,025] [INFO]   IndicBART Pred: ''
[2026-08-05 09:44:26,025] [INFO]   mT5-Small Pred: 'मेकॅनिकल ट्री शेकर झाडाला एका जागेपासून दुसऱ्या जागेवर घेऊन जात आहे'
[2026-08-05 09:44:26,025] [INFO] [Sample 2]
[2026-08-05 09:44:26,025] [INFO]   Dialect Input : 'माझ्या गावात गवारीच्या शेंगाची लागवड केली जाता , गवारीचे शेंगो लय पौष्टिक असतत'
[2026-08-05 09:44:26,025] [INFO]   Ground Truth  : 'माझ्या गावात गवारीच्या शेंगाची लागवड केली गेली, गवारीचे शेंगो खूप पौष्टिक आहेत.'
[2026-08-05 09:44:26,026] [INFO]   IndicBART Pred: 'माझ्या गावात गवारीच्या शेंगाची लागवड केली जाते, गवारीचे शेंगो लय पौष्टिक असतत'
[2026-08-05 09:44:26,029] [INFO]   mT5-Small Pred: 'माझ्या गावात गवारीच्या शेंगाची लागवड केली जाते, गवारीचे शेंगो पौष्टिक असतात.'
[2026-08-05 09:44:26,030] [INFO] [Sample 3]
[2026-08-05 09:44:26,030] [INFO]   Dialect Input : 'भाजीपाला पाइन बनाडेल तेल खावाले काममा येस'
[2026-08-05 09:44:26,030] [INFO]   Ground Truth  : 'भाजीपाला खाणाऱ्यांना तेल लागते.'
[2026-08-05 09:44:26,030] [INFO]   IndicBART Pred: ''
[2026-08-05 09:44:26,030] [INFO]   mT5-Small Pred: 'भाजीपाला पाइन बनाडेल तेल खावाले कामात येते.'
[2026-08-05 09:44:26,030] [INFO] 
================================================================================
[2026-08-05 09:44:26,030] [INFO] EVALUATING VARIANT: D1 Malvani (32k Expanded)
[2026-08-05 09:44:26,030] [INFO] ================================================================================
[2026-08-05 09:44:26,265] [INFO] Test Set Size: 3,262 pairs
[2026-08-05 09:44:26,645] [INFO] RAW DIALECT BASELINE (Unnormalized): WER = 41.80% | CER = 19.32%
[2026-08-05 09:44:26,645] [INFO] 
--- Running IndicBART (244M) Test Inference ---
[2026-08-05 09:44:26,645] [INFO] Loading checkpoint: models\indicbart_d1_32k\fold_1\best_model
[2026-08-05 09:44:43,743] [INFO]   Processed 320/3,262 sentences...
[2026-08-05 09:44:51,730] [INFO]   Processed 640/3,262 sentences...
[2026-08-05 09:45:00,511] [INFO]   Processed 960/3,262 sentences...
[2026-08-05 09:45:09,080] [INFO]   Processed 1,280/3,262 sentences...
[2026-08-05 09:45:18,430] [INFO]   Processed 1,600/3,262 sentences...
[2026-08-05 09:45:26,937] [INFO]   Processed 1,920/3,262 sentences...
[2026-08-05 09:45:35,421] [INFO]   Processed 2,240/3,262 sentences...
[2026-08-05 09:45:44,728] [INFO]   Processed 2,560/3,262 sentences...
[2026-08-05 09:45:52,665] [INFO]   Processed 2,880/3,262 sentences...
[2026-08-05 09:46:00,965] [INFO]   Processed 3,200/3,262 sentences...
[2026-08-05 09:46:02,835] [INFO]   Processed 3,262/3,262 sentences...
[2026-08-05 09:46:10,346] [INFO] IndicBART Metrics: BLEU = 38.91 | chrF++ = 59.11 | WER = 49.15% | CER = 38.77% | WER Reduction = --17.59%
[2026-08-05 09:46:10,347] [INFO] 
--- Running mT5-Small (300M) Test Inference ---
[2026-08-05 09:46:10,347] [INFO] Loading checkpoint: models\mt5_d1_32k\best_model
[2026-08-05 09:46:32,540] [INFO]   Processed 320/3,262 sentences...
[2026-08-05 09:46:42,690] [INFO]   Processed 640/3,262 sentences...
[2026-08-05 09:46:53,494] [INFO]   Processed 960/3,262 sentences...
[2026-08-05 09:47:03,711] [INFO]   Processed 1,280/3,262 sentences...
[2026-08-05 09:47:14,301] [INFO]   Processed 1,600/3,262 sentences...
[2026-08-05 09:47:24,551] [INFO]   Processed 1,920/3,262 sentences...
[2026-08-05 09:47:34,182] [INFO]   Processed 2,240/3,262 sentences...
[2026-08-05 09:47:44,800] [INFO]   Processed 2,560/3,262 sentences...
[2026-08-05 09:47:54,338] [INFO]   Processed 2,880/3,262 sentences...
[2026-08-05 09:48:04,485] [INFO]   Processed 3,200/3,262 sentences...
[2026-08-05 09:48:06,651] [INFO]   Processed 3,262/3,262 sentences...
[2026-08-05 09:48:11,428] [INFO] mT5-Small Metrics: BLEU = 54.84 | chrF++ = 76.17 | WER = 30.37% | CER = 15.06% | WER Reduction = -27.33%
[2026-08-05 09:48:11,428] [INFO] 
--- Sample Qualtitative Prediction Inspection for D1 Malvani (32k Expanded) ---
[2026-08-05 09:48:11,428] [INFO] [Sample 1]
[2026-08-05 09:48:11,428] [INFO]   Dialect Input : 'शेतात फवारे पाणी पुरवण्याची काय वेळ पायजे?'
[2026-08-05 09:48:11,428] [INFO]   Ground Truth  : 'शेतात फवारे पाणी पुरवण्याची काय वेळ पाहिजे?'
[2026-08-05 09:48:11,429] [INFO]   IndicBART Pred: 'शेतात फवारे पाणी पुरवण्याची काय वेळ आहे?'
[2026-08-05 09:48:11,429] [INFO]   mT5-Small Pred: 'शेतात फवारे पाणी पुरवण्याची काय वेळ पायजे?'
[2026-08-05 09:48:11,429] [INFO] [Sample 2]
[2026-08-05 09:48:11,429] [INFO]   Dialect Input : 'वसाहतीतील गडबडी दूर करण्यासाठी सार्वजनिक सेवा मंत्रालयाने किती कोटी रुपये खास केले आहे?'
[2026-08-05 09:48:11,429] [INFO]   Ground Truth  : 'वसाहतीतील गडबडी दूर करण्यासाठी सार्वजनिक सेवा मंत्रालयाने किती कोटी रुपये खर्च केले आहेत?'
[2026-08-05 09:48:11,429] [INFO]   IndicBART Pred: 'वसाहतीतील गडबडी दूर करण्यासाठी सार्वजनिक सेवा मंत्रालयाने किती कोटी रुपये खास केले आहे?'
[2026-08-05 09:48:11,433] [INFO]   mT5-Small Pred: 'वसाहतीतील गडबडी दूर करण्यासाठी सार्वजनिक सेवा मंत्रालयाने किती कोटी रुपये खास केले आहे?'
[2026-08-05 09:48:11,433] [INFO] [Sample 3]
[2026-08-05 09:48:11,433] [INFO]   Dialect Input : 'माझ्या भावाला आज प्रतिष्ठानात जायच्या वरसून दिले आहे, घरी चेडवा आली का?'
[2026-08-05 09:48:11,433] [INFO]   Ground Truth  : 'माझ्या भावाला आज प्रतिष्ठानात जाण्यास दिले आहे, घरी मुली आली का?'
[2026-08-05 09:48:11,433] [INFO]   IndicBART Pred: 'माझ्या भावाला आज प्रतिष्ठानात जायच्या वरसून दिले आहे, घरी मुली आली का?'
[2026-08-05 09:48:11,433] [INFO]   mT5-Small Pred: 'माझ्या भावाला आज प्रतिष्ठानात जायच्या वरून दिले आहे, घरी मुली आली का?'
[2026-08-05 09:48:11,434] [INFO] 
================================================================================
[2026-08-05 09:48:11,438] [INFO] EVALUATING VARIANT: D2 Ahirani (32k Expanded)
[2026-08-05 09:48:11,438] [INFO] ================================================================================
[2026-08-05 09:48:11,581] [INFO] Test Set Size: 3,250 pairs
[2026-08-05 09:48:11,981] [INFO] RAW DIALECT BASELINE (Unnormalized): WER = 39.53% | CER = 18.53%
[2026-08-05 09:48:11,982] [INFO] 
--- Running IndicBART (244M) Test Inference ---
[2026-08-05 09:48:11,982] [INFO] Loading checkpoint: models\indicbart_d2_32k\fold_1\best_model
[2026-08-05 09:48:28,935] [INFO]   Processed 320/3,250 sentences...
[2026-08-05 09:48:37,439] [INFO]   Processed 640/3,250 sentences...
[2026-08-05 09:48:45,419] [INFO]   Processed 960/3,250 sentences...
[2026-08-05 09:48:53,495] [INFO]   Processed 1,280/3,250 sentences...
[2026-08-05 09:49:02,279] [INFO]   Processed 1,600/3,250 sentences...
[2026-08-05 09:49:10,308] [INFO]   Processed 1,920/3,250 sentences...
[2026-08-05 09:49:18,260] [INFO]   Processed 2,240/3,250 sentences...
[2026-08-05 09:49:26,683] [INFO]   Processed 2,560/3,250 sentences...
[2026-08-05 09:49:34,602] [INFO]   Processed 2,880/3,250 sentences...
[2026-08-05 09:49:42,590] [INFO]   Processed 3,200/3,250 sentences...
[2026-08-05 09:49:44,223] [INFO]   Processed 3,250/3,250 sentences...
[2026-08-05 09:49:51,651] [INFO] IndicBART Metrics: BLEU = 33.68 | chrF++ = 55.62 | WER = 52.54% | CER = 43.66% | WER Reduction = --32.91%
[2026-08-05 09:49:51,652] [INFO] 
--- Running mT5-Small (300M) Test Inference ---
[2026-08-05 09:49:51,652] [INFO] Loading checkpoint: models\mt5_d2_32k\best_model
[2026-08-05 09:50:13,472] [INFO]   Processed 320/3,250 sentences...
[2026-08-05 09:50:23,650] [INFO]   Processed 640/3,250 sentences...
[2026-08-05 09:50:33,765] [INFO]   Processed 960/3,250 sentences...
[2026-08-05 09:50:44,481] [INFO]   Processed 1,280/3,250 sentences...
[2026-08-05 09:50:55,265] [INFO]   Processed 1,600/3,250 sentences...
[2026-08-05 09:51:05,555] [INFO]   Processed 1,920/3,250 sentences...
[2026-08-05 09:51:16,383] [INFO]   Processed 2,240/3,250 sentences...
[2026-08-05 09:51:26,546] [INFO]   Processed 2,560/3,250 sentences...
[2026-08-05 09:51:37,118] [INFO]   Processed 2,880/3,250 sentences...
[2026-08-05 09:51:46,801] [INFO]   Processed 3,200/3,250 sentences...
[2026-08-05 09:51:48,994] [INFO]   Processed 3,250/3,250 sentences...
[2026-08-05 09:51:54,368] [INFO] mT5-Small Metrics: BLEU = 54.83 | chrF++ = 76.78 | WER = 29.45% | CER = 14.54% | WER Reduction = -25.5%
[2026-08-05 09:51:54,369] [INFO] 
--- Sample Qualtitative Prediction Inspection for D2 Ahirani (32k Expanded) ---
[2026-08-05 09:51:54,369] [INFO] [Sample 1]
[2026-08-05 09:51:54,369] [INFO]   Dialect Input : 'काय म्हणजे जीएसटी कर शेतस, मनाले मी ही भरतो?'
[2026-08-05 09:51:54,369] [INFO]   Ground Truth  : 'काय म्हणजे जीएसटी कर असतो, मला ही भरत असेल?'
[2026-08-05 09:51:54,369] [INFO]   IndicBART Pred: 'काय म्हणजे जीएसटी कर आहे, मला मी ही भरतो?'
[2026-08-05 09:51:54,369] [INFO]   mT5-Small Pred: 'काय म्हणजे जीएसटी कर असते, मला मी ही भरतो?'
[2026-08-05 09:51:54,369] [INFO] [Sample 2]
[2026-08-05 09:51:54,369] [INFO]   Dialect Input : 'मले बँक खाते खोलीन नोकरी सुरु करायचे हाय, काय कागदपत्रे द्या लागन?'
[2026-08-05 09:51:54,369] [INFO]   Ground Truth  : 'मला बँक खाते खोलण्यासाठी नोकरी सुरु करायचे आहे, काय कागदपत्रे द्यावी लागतील?'
[2026-08-05 09:51:54,370] [INFO]   IndicBART Pred: 'मले बँक खाते खोलीन नोकरी सुरु करायचे आहे, काय कागदपत्रे द्या लागतील?'
[2026-08-05 09:51:54,374] [INFO]   mT5-Small Pred: 'मले बँक खाते खोलीन नोकरी सुरू करायचे हाय, काय कागदपत्रे द्या लागतील?'
[2026-08-05 09:51:54,374] [INFO] [Sample 3]
[2026-08-05 09:51:54,374] [INFO]   Dialect Input : 'मी पारात बाहेर जात आसा, माझा मित्र मला बोलत आसा'
[2026-08-05 09:51:54,374] [INFO]   Ground Truth  : 'मी वाट पारात बाहेर जात आहे, माझा मित्र मला बोलत आहे'
[2026-08-05 09:51:54,374] [INFO]   IndicBART Pred: 'मी पारात बाहेर जात आहे, माझा मित्र मला बोलत आहे'
[2026-08-05 09:51:54,374] [INFO]   mT5-Small Pred: 'मी पारात बाहेर जात आसा, माझा मित्र मला बोलत आहे.'
[2026-08-05 09:51:54,374] [INFO] 
================================================================================
[2026-08-05 09:51:54,375] [INFO] EVALUATING VARIANT: D4 Varhadi (32k Expanded)
[2026-08-05 09:51:54,375] [INFO] ================================================================================
[2026-08-05 09:51:54,513] [INFO] Test Set Size: 3,188 pairs
[2026-08-05 09:51:54,869] [INFO] RAW DIALECT BASELINE (Unnormalized): WER = 35.94% | CER = 16.51%
[2026-08-05 09:51:54,870] [INFO] 
--- Running IndicBART (244M) Test Inference ---
[2026-08-05 09:51:54,870] [INFO] Loading checkpoint: models\indicbart_d4_32k\fold_1\best_model
[2026-08-05 09:52:12,116] [INFO]   Processed 320/3,188 sentences...
[2026-08-05 09:52:20,513] [INFO]   Processed 640/3,188 sentences...
[2026-08-05 09:52:29,301] [INFO]   Processed 960/3,188 sentences...
[2026-08-05 09:52:38,094] [INFO]   Processed 1,280/3,188 sentences...
[2026-08-05 09:52:46,673] [INFO]   Processed 1,600/3,188 sentences...
[2026-08-05 09:52:55,123] [INFO]   Processed 1,920/3,188 sentences...
[2026-08-05 09:53:04,060] [INFO]   Processed 2,240/3,188 sentences...
[2026-08-05 09:53:11,994] [INFO]   Processed 2,560/3,188 sentences...
[2026-08-05 09:53:20,615] [INFO]   Processed 2,880/3,188 sentences...
[2026-08-05 09:53:28,176] [INFO]   Processed 3,188/3,188 sentences...
[2026-08-05 09:53:33,525] [INFO] IndicBART Metrics: BLEU = 50.15 | chrF++ = 69.55 | WER = 37.74% | CER = 26.23% | WER Reduction = --4.99%
[2026-08-05 09:53:33,526] [INFO] 
--- Running mT5-Small (300M) Test Inference ---
[2026-08-05 09:53:33,526] [INFO] Loading checkpoint: models\mt5_d4_32k\best_model
[2026-08-05 09:53:55,939] [INFO]   Processed 320/3,188 sentences...
[2026-08-05 09:54:06,498] [INFO]   Processed 640/3,188 sentences...
[2026-08-05 09:54:17,311] [INFO]   Processed 960/3,188 sentences...
[2026-08-05 09:54:27,993] [INFO]   Processed 1,280/3,188 sentences...
[2026-08-05 09:54:39,120] [INFO]   Processed 1,600/3,188 sentences...
[2026-08-05 09:54:49,566] [INFO]   Processed 1,920/3,188 sentences...
[2026-08-05 09:54:59,962] [INFO]   Processed 2,240/3,188 sentences...
[2026-08-05 09:55:10,223] [INFO]   Processed 2,560/3,188 sentences...
[2026-08-05 09:55:20,777] [INFO]   Processed 2,880/3,188 sentences...
[2026-08-05 09:55:30,786] [INFO]   Processed 3,188/3,188 sentences...
[2026-08-05 09:55:35,932] [INFO] mT5-Small Metrics: BLEU = 58.7 | chrF++ = 78.84 | WER = 27.16% | CER = 13.06% | WER Reduction = -24.43%
[2026-08-05 09:55:35,933] [INFO] 
--- Sample Qualtitative Prediction Inspection for D4 Varhadi (32k Expanded) ---
[2026-08-05 09:55:35,933] [INFO] [Sample 1]
[2026-08-05 09:55:35,933] [INFO]   Dialect Input : 'म्हाजी बागेत कोणती माती पुरवली पोरगा?'
[2026-08-05 09:55:35,933] [INFO]   Ground Truth  : 'माझ्या बागेत कोणती माती पुरवली पाहिजे?'
[2026-08-05 09:55:35,933] [INFO]   IndicBART Pred: 'माझ्या बागेत कोणती माती पुरवली मुलगा?'
[2026-08-05 09:55:35,933] [INFO]   mT5-Small Pred: 'माझ्या बागेत कोणती माती पुरवली मुलगा?'
[2026-08-05 09:55:35,933] [INFO] [Sample 2]
[2026-08-05 09:55:35,933] [INFO]   Dialect Input : 'क्रेडिट कार्ड वरसून जास्तीत जास्त कितक्या कर्ज गावता, आणि डेबिट कार्ड वरसून जास्तीत जास्त कितके पैसे काढुक शकतू आम्ही?'
[2026-08-05 09:55:35,933] [INFO]   Ground Truth  : 'क्रेडिट कार्डवरून जास्तीत जास्त किती कर्ज मिळते, आणि डेबिट कार्डवरून जास्तीत जास्त किती पैसे काढू शकतो आम्ही?'
[2026-08-05 09:55:35,937] [INFO]   IndicBART Pred: ''
[2026-08-05 09:55:35,937] [INFO]   mT5-Small Pred: 'क्रेडिट कार्ड वरसून जास्तीत जास्त कितक्या कर्ज गावता आणि डेबिट कार्ड वरसून जास्तीत जास्त कितके पैसे काढुक शकतू आम्ही?'
[2026-08-05 09:55:35,937] [INFO] [Sample 3]
[2026-08-05 09:55:35,938] [INFO]   Dialect Input : 'मनी मार्केट फंड , बाँड्स किंवा फिक्स्ड इन्कम फंड ही त्याची तत्त्वे आहेत'
[2026-08-05 09:55:35,938] [INFO]   Ground Truth  : 'मनी मार्केट फंड, आय.डी.आय. किंवा फिक्स्ड इन्कम फंड ही त्याची तत्त्वे आहेत'
[2026-08-05 09:55:35,938] [INFO]   IndicBART Pred: 'मनी मार्केट फंड, बाँड्स किंवा फिक्स्ड इन्कम फंड ही त्याची तत्त्वे आहेत'
[2026-08-05 09:55:35,938] [INFO]   mT5-Small Pred: 'मनी मार्केट फंड, बाँड्स किंवा फिक्स्ड इन्कम फंड ही त्याची तत्त्वे आहेत'
[2026-08-05 09:55:35,938] [INFO] 
================================================================================
[2026-08-05 09:55:35,938] [INFO] EVALUATING VARIANT: D124 Combined (32k Expanded)
[2026-08-05 09:55:35,942] [INFO] ================================================================================
[2026-08-05 09:55:36,153] [INFO] Test Set Size: 4,850 pairs
[2026-08-05 09:55:36,695] [INFO] RAW DIALECT BASELINE (Unnormalized): WER = 39.41% | CER = 16.90%
[2026-08-05 09:55:36,696] [INFO] 
--- Running IndicBART (244M) Test Inference ---
[2026-08-05 09:55:36,696] [INFO] Loading checkpoint: models\indicbart_combined_32k\fold_1\best_model
[2026-08-05 09:55:53,914] [INFO]   Processed 320/4,850 sentences...
[2026-08-05 09:56:02,145] [INFO]   Processed 640/4,850 sentences...
[2026-08-05 09:56:10,491] [INFO]   Processed 960/4,850 sentences...
[2026-08-05 09:56:18,869] [INFO]   Processed 1,280/4,850 sentences...
[2026-08-05 09:56:26,642] [INFO]   Processed 1,600/4,850 sentences...
[2026-08-05 09:56:34,468] [INFO]   Processed 1,920/4,850 sentences...
[2026-08-05 09:56:42,654] [INFO]   Processed 2,240/4,850 sentences...
[2026-08-05 09:56:50,806] [INFO]   Processed 2,560/4,850 sentences...
[2026-08-05 09:56:59,207] [INFO]   Processed 2,880/4,850 sentences...
[2026-08-05 09:57:07,918] [INFO]   Processed 3,200/4,850 sentences...
[2026-08-05 09:57:16,179] [INFO]   Processed 3,520/4,850 sentences...
[2026-08-05 09:57:24,654] [INFO]   Processed 3,840/4,850 sentences...
[2026-08-05 09:57:32,372] [INFO]   Processed 4,160/4,850 sentences...
[2026-08-05 09:57:40,375] [INFO]   Processed 4,480/4,850 sentences...
[2026-08-05 09:57:48,140] [INFO]   Processed 4,800/4,850 sentences...
[2026-08-05 09:57:49,503] [INFO]   Processed 4,850/4,850 sentences...
[2026-08-05 09:57:55,844] [INFO] IndicBART Metrics: BLEU = 63.59 | chrF++ = 80.06 | WER = 27.16% | CER = 15.63% | WER Reduction = -31.07%
[2026-08-05 09:57:55,845] [INFO] 
--- Running mT5-Small (300M) Test Inference ---
[2026-08-05 09:57:55,845] [INFO] Loading checkpoint: models\mt5_combined_32k\best_model
[2026-08-05 09:58:17,169] [INFO]   Processed 320/4,850 sentences...
[2026-08-05 09:58:27,130] [INFO]   Processed 640/4,850 sentences...
[2026-08-05 09:58:36,763] [INFO]   Processed 960/4,850 sentences...
[2026-08-05 09:58:47,208] [INFO]   Processed 1,280/4,850 sentences...
[2026-08-05 09:58:57,605] [INFO]   Processed 1,600/4,850 sentences...
[2026-08-05 09:59:07,331] [INFO]   Processed 1,920/4,850 sentences...
[2026-08-05 09:59:17,821] [INFO]   Processed 2,240/4,850 sentences...
[2026-08-05 09:59:27,688] [INFO]   Processed 2,560/4,850 sentences...
[2026-08-05 09:59:37,796] [INFO]   Processed 2,880/4,850 sentences...
[2026-08-05 09:59:47,920] [INFO]   Processed 3,200/4,850 sentences...
[2026-08-05 09:59:58,274] [INFO]   Processed 3,520/4,850 sentences...
[2026-08-05 10:00:08,347] [INFO]   Processed 3,840/4,850 sentences...
[2026-08-05 10:00:18,152] [INFO]   Processed 4,160/4,850 sentences...
[2026-08-05 10:00:27,837] [INFO]   Processed 4,480/4,850 sentences...
[2026-08-05 10:00:37,773] [INFO]   Processed 4,800/4,850 sentences...
[2026-08-05 10:00:39,768] [INFO]   Processed 4,850/4,850 sentences...
[2026-08-05 10:00:46,073] [INFO] mT5-Small Metrics: BLEU = 69.05 | chrF++ = 84.36 | WER = 21.43% | CER = 10.31% | WER Reduction = -45.62%
[2026-08-05 10:00:46,073] [INFO] 
--- Sample Qualtitative Prediction Inspection for D124 Combined (32k Expanded) ---
[2026-08-05 10:00:46,073] [INFO] [Sample 1]
[2026-08-05 10:00:46,073] [INFO]   Dialect Input : 'मला आज माझ्या मित्राला माझ्या पोरग्या बरोबर खेळायला गेलो हाय, तुमाले ते पोरगे नेमका किती वर्षाचे आहे हाय?'
[2026-08-05 10:00:46,074] [INFO]   Ground Truth  : 'आज मला मित्राला मुला बरोबर खेळण्यासाठी गेलो आहे, तुम्हाले ते मुल किती वर्षाचे आहे?'
[2026-08-05 10:00:46,074] [INFO]   IndicBART Pred: 'मला आज माझ्या मित्राला माझ्या पोरग्या बरोबर खेळायला गेलो आहे, तुम्हाला ते पोरगे नेमका किती वर्षाचे आहे आहे?'
[2026-08-05 10:00:46,074] [INFO]   mT5-Small Pred: 'मला आज माझ्या मित्राला माझ्या मुलाला बरोबर खेळायला गेलो आहे, तुम्हाला ते मुलगे नेमका किती वर्षाचे आहे?'
[2026-08-05 10:00:46,074] [INFO] [Sample 2]
[2026-08-05 10:00:46,074] [INFO]   Dialect Input : 'मनाले बँकमा क्रेडिट कार्ड काढण्यासाठी शेतस, तुनाले काय कागदपत्रे लागन?'
[2026-08-05 10:00:46,078] [INFO]   Ground Truth  : 'मला बँकेत क्रेडिट कार्ड काढायचे आहे, तुला काय कागदपत्रे लागतील?'
[2026-08-05 10:00:46,078] [INFO]   IndicBART Pred: 'मला बँकेत क्रेडिट कार्ड काढण्यासाठी आहे, तुला काय कागदपत्रे लागतील?'
[2026-08-05 10:00:46,078] [INFO]   mT5-Small Pred: 'मला बँकेत क्रेडिट कार्ड काढण्यासाठी असते, तुला काय कागदपत्रे लागतील?'
[2026-08-05 10:00:46,079] [INFO] [Sample 3]
[2026-08-05 10:00:46,079] [INFO]   Dialect Input : 'काय भेटले लवकरी येणार असते की कठे?'
[2026-08-05 10:00:46,079] [INFO]   Ground Truth  : 'काय भेटले लवकरी येणार आहे की कुठे?'
[2026-08-05 10:00:46,079] [INFO]   IndicBART Pred: 'कुठे भेटले लवकरी येणार असते की कुठे?'
[2026-08-05 10:00:46,079] [INFO]   mT5-Small Pred: 'काय भेटले लवकरी येणार असते की कुठे?'
[2026-08-05 10:00:46,079] [INFO] 
====================================================================================================
[2026-08-05 10:00:46,082] [INFO] FINAL SUMMARY COMPARISON TABLE: MARATHI TEST WER / CER / BLEU / chrF++
[2026-08-05 10:00:46,082] [INFO] ====================================================================================================
[2026-08-05 10:00:46,082] [INFO] Variant                          | Raw WER  | IB BLEU  | IB WER   | IB Drop  | mT5 BLEU | mT5 WER  | mT5 Drop
[2026-08-05 10:00:46,083] [INFO] ----------------------------------------------------------------------------------------------------
[2026-08-05 10:00:46,083] [INFO] D1 Malvani (16k Original)        | 51.14    | 46.12    | 40.29    | -21.23%   | 46.51    | 36.9     | -27.85%
[2026-08-05 10:00:46,083] [INFO] D2 Ahirani (16k Original)        | 42.35    | 58.77    | 33.5     | -20.9%   | 59.73    | 31.6     | -25.38%
[2026-08-05 10:00:46,083] [INFO] D4 Varhadi (16k Original)        | 23.93    | 79.51    | 14.67    | -38.72%   | 79.83    | 13.71    | -42.72%
[2026-08-05 10:00:46,083] [INFO] D124 Combined (16k Original)     | 40.0     | 47.1     | 42.98    | --7.45%   | 62.68    | 26.28    | -34.31%
[2026-08-05 10:00:46,083] [INFO] D1 Malvani (32k Expanded)        | 41.8     | 38.91    | 49.15    | --17.59%   | 54.84    | 30.37    | -27.33%
[2026-08-05 10:00:46,083] [INFO] D2 Ahirani (32k Expanded)        | 39.53    | 33.68    | 52.54    | --32.91%   | 54.83    | 29.45    | -25.5%
[2026-08-05 10:00:46,083] [INFO] D4 Varhadi (32k Expanded)        | 35.94    | 50.15    | 37.74    | --4.99%   | 58.7     | 27.16    | -24.43%
[2026-08-05 10:00:46,084] [INFO] D124 Combined (32k Expanded)     | 39.41    | 63.59    | 27.16    | -31.07%   | 69.05    | 21.43    | -45.62%
[2026-08-05 10:00:46,084] [INFO] ====================================================================================================
[2026-08-05 10:00:46,089] [INFO] --- [SUCCESS] Final Heldout Evaluation Suite Finished! ---
